odin: True
samsung device found. building odin tar
found device /builds/omni-5.1/device/samsung/trlteduoszh
device: trlteduoszh
/builds/omni-5.1/bootable/recovery/variables.h
file version: 3.0.2-0
Branch: android-5.0
Last Commit: initial push

dir: omni
btype: recovery

		export TARGET_OUT=/builds/out; export CCACHE_DIR=/builds/jenkins/.ccache; export CCACHE=1; export USE_CCACHE=1; cd /builds/omni-5.1; . ./build/envsetup.sh; lunch omni_trlteduoszh-eng; rm -rf $TARGET_OUT/*; time make recoveryimage -j4;
		
including device/iuni/u3/vendorsetup.sh
including device/asus/grouper/vendorsetup.sh
including device/asus/tf300t/vendorsetup.sh
including device/asus/fhd/vendorsetup.sh
including device/asus/tilapia/vendorsetup.sh
including device/asus/Z008/vendorsetup.sh
including device/asus/Z00A/vendorsetup.sh
including device/asus/tf700t/vendorsetup.sh
including device/infinix/d5110/vendorsetup.sh
including device/sony/odin/vendorsetup.sh
including device/moto/shamu/vendorsetup.sh
including device/xiaomi/mocha/vendorsetup.sh
including device/xiaomi/kenzo/vendorsetup.sh
including device/xiaomi/hennessy/vendorsetup.sh
including device/xiaomi/dior/vendorsetup.sh
including device/xiaomi/ido/vendorsetup.sh
including device/xiaomi/aries/vendorsetup.sh
including device/huawei/kiwi/vendorsetup.sh
including device/huawei/rio/vendorsetup.sh
including device/bq/freezerfhd/vendorsetup.sh
including device/bq/kaito_wifi/vendorsetup.sh
including device/bq/vegetahd/vendorsetup.sh
including device/bq/bulma/vendorsetup.sh
including device/bq/vegetafhd/vendorsetup.sh
including device/bq/freezerhd/vendorsetup.sh
including device/bq/puar/vendorsetup.sh
including device/bq/dendeone/vendorsetup.sh
including device/bq/krillin/vendorsetup.sh
including device/bq/dende/vendorsetup.sh
including device/lge/pplus/vendorsetup.sh
including device/lge/mako/vendorsetup.sh
including device/lge/hammerhead/vendorsetup.sh
including device/lge/lenok/vendorsetup.sh
including device/lge/bass/vendorsetup.sh
including device/lge/h815/vendorsetup.sh
including device/zuk/Z1/vendorsetup.sh
including device/generic/mini-emulator-armv7-a-neon/vendorsetup.sh
including device/generic/mini-emulator-x86/vendorsetup.sh
including device/generic/mini-emulator-mips/vendorsetup.sh
including device/generic/mini-emulator-arm64/vendorsetup.sh
including device/generic/mini-emulator-x86_64/vendorsetup.sh
including device/motorola/quark/vendorsetup.sh
including device/motorola/condor/vendorsetup.sh
including device/micromax/pace/vendorsetup.sh
including device/htc/jewel/vendorsetup.sh
including device/htc/a11ul/vendorsetup.sh
including device/htc/shooter/vendorsetup.sh
including device/htc/b2ul/vendorsetup.sh
including device/htc/e8/vendorsetup.sh
including device/htc/m8/vendorsetup.sh
including device/htc/a31ul/vendorsetup.sh
including device/htc/supersonic/vendorsetup.sh
including device/samsung/t0ltetmo/vendorsetup.sh
including device/samsung/gprimeltexx/vendorsetup.sh
including device/samsung/s5neolte/vendorsetup.sh
including device/samsung/v1awifi/vendorsetup.sh
including device/samsung/a8hplte/vendorsetup.sh
including device/samsung/t0ltecan/vendorsetup.sh
including device/samsung/mondrianwifiue/vendorsetup.sh
including device/samsung/j2lte/vendorsetup.sh
including device/samsung/mondrianlte/vendorsetup.sh
including device/samsung/lt03wifiue/vendorsetup.sh
including device/samsung/n5110/vendorsetup.sh
including device/samsung/s3ve3g/vendorsetup.sh
including device/samsung/manta/vendorsetup.sh
including device/samsung/klimtlte/vendorsetup.sh
including device/samsung/t0lteatt/vendorsetup.sh
including device/samsung/p5110/vendorsetup.sh
including device/samsung/n5100/vendorsetup.sh
including device/samsung/j7elte/vendorsetup.sh
including device/samsung/chagalllte/vendorsetup.sh
including device/samsung/kylevess/vendorsetup.sh
including device/samsung/zerolteeu/vendorsetup.sh
including device/samsung/kyleve/vendorsetup.sh
including device/samsung/chagallwifi/vendorsetup.sh
including device/samsung/l900/vendorsetup.sh
including device/samsung/lt03lte/vendorsetup.sh
including device/samsung/klimtwifi/vendorsetup.sh
including device/oppo/r5/vendorsetup.sh
including device/oppo/find7/vendorsetup.sh
including device/oppo/n3/vendorsetup.sh
including sdk/bash_completion/adb.bash
WARNING: device/samsung/trlteduoszh/omni.dependencies file not found

============================================
PLATFORM_VERSION_CODENAME=REL
PLATFORM_VERSION=5.1.1
TARGET_PRODUCT=omni_trlteduoszh
TARGET_BUILD_VARIANT=eng
TARGET_BUILD_TYPE=release
TARGET_BUILD_APPS=
TARGET_ARCH=arm
TARGET_ARCH_VARIANT=armv7-a-neon
TARGET_CPU_VARIANT=krait
TARGET_2ND_ARCH=
TARGET_2ND_ARCH_VARIANT=
TARGET_2ND_CPU_VARIANT=
HOST_ARCH=x86_64
HOST_OS=linux
HOST_OS_EXTRA=Linux-2.6.32-43-pve-x86_64-with-Ubuntu-14.04-trusty
HOST_BUILD_TYPE=release
BUILD_ID=LYZ28J
OUT_DIR=/builds/omni-5.1/out
============================================

============================================
PLATFORM_VERSION_CODENAME=REL
PLATFORM_VERSION=5.1.1
TARGET_PRODUCT=omni_trlteduoszh
TARGET_BUILD_VARIANT=eng
TARGET_BUILD_TYPE=release
TARGET_BUILD_APPS=
TARGET_ARCH=arm
TARGET_ARCH_VARIANT=armv7-a-neon
TARGET_CPU_VARIANT=krait
TARGET_2ND_ARCH=
TARGET_2ND_ARCH_VARIANT=
TARGET_2ND_CPU_VARIANT=
HOST_ARCH=x86_64
HOST_OS=linux
HOST_OS_EXTRA=Linux-2.6.32-43-pve-x86_64-with-Ubuntu-14.04-trusty
HOST_BUILD_TYPE=release
BUILD_ID=LYZ28J
OUT_DIR=/builds/omni-5.1/out
============================================
including ./abi/cpp/Android.mk ...
including ./art/Android.mk ...
including ./bionic/Android.mk ...
including ./bootable/recovery/Android.mk ...
/bin/bash: line 0: test: -ge: unary operator expected
/bin/bash: line 0: test: -ge: unary operator expected
including ./build/libs/host/Android.mk ...
including ./build/target/board/Android.mk ...
including ./build/target/product/security/Android.mk ...
including ./build/tools/Android.mk ...
including ./cts/Android.mk ...
including ./dalvik/Android.mk ...
including ./development/apps/BluetoothDebug/Android.mk ...
including ./development/apps/BuildWidget/Android.mk ...
including ./development/apps/CustomLocale/Android.mk ...
including ./development/apps/Development/Android.mk ...
including ./development/apps/DevelopmentSettings/Android.mk ...
including ./development/apps/Fallback/Android.mk ...
including ./development/apps/GestureBuilder/Android.mk ...
including ./development/apps/NinePatchLab/Android.mk ...
including ./development/apps/OBJViewer/Android.mk ...
including ./development/apps/SdkSetup/Android.mk ...
including ./development/apps/SettingInjectorSample/Android.mk ...
including ./development/apps/WidgetPreview/Android.mk ...
including ./development/apps/launchperf/Android.mk ...
including ./development/build/Android.mk ...
including ./development/cmds/monkey/Android.mk ...
including ./development/host/Android.mk ...
including ./development/ndk/Android.mk ...
including ./development/perftests/panorama/Android.mk ...
including ./development/samples/AccelerometerPlay/Android.mk ...
including ./development/samples/ActionBarCompat/Android.mk ...
including ./development/samples/AliasActivity/Android.mk ...
including ./development/samples/AndroidBeamDemo/Android.mk ...
including ./development/samples/ApiDemos/Android.mk ...
including ./development/samples/AppNavigation/Android.mk ...
including ./development/samples/BackupRestore/Android.mk ...
including ./development/samples/BasicGLSurfaceView/Android.mk ...
including ./development/samples/BluetoothChat/Android.mk ...
including ./development/samples/BluetoothHDP/Android.mk ...
including ./development/samples/BusinessCard/Android.mk ...
including ./development/samples/Compass/Android.mk ...
including ./development/samples/ContactManager/Android.mk ...
including ./development/samples/CubeLiveWallpaper/Android.mk ...
including ./development/samples/FixedGridLayout/Android.mk ...
including ./development/samples/HeavyWeight/Android.mk ...
including ./development/samples/HelloActivity/Android.mk ...
including ./development/samples/HelloEffects/Android.mk ...
including ./development/samples/Home/Android.mk ...
including ./development/samples/HoneycombGallery/Android.mk ...
including ./development/samples/JetBoy/Android.mk ...
including ./development/samples/KeyChainDemo/Android.mk ...
including ./development/samples/LunarLander/Android.mk ...
including ./development/samples/MultiResolution/Android.mk ...
including ./development/samples/MySampleRss/Android.mk ...
including ./development/samples/NotePad/Android.mk ...
including ./development/samples/Obb/Android.mk ...
including ./development/samples/RSSReader/Android.mk ...
including ./development/samples/RandomMusicPlayer/Android.mk ...
including ./development/samples/RenderScript/Android.mk ...
including ./development/samples/SampleSyncAdapter/Android.mk ...
including ./development/samples/SearchableDictionary/Android.mk ...
including ./development/samples/SimpleJNI/Android.mk ...
including ./development/samples/SipDemo/Android.mk ...
including ./development/samples/SkeletonApp/Android.mk ...
including ./development/samples/Snake/Android.mk ...
including ./development/samples/SoftKeyboard/Android.mk ...
including ./development/samples/SpellChecker/Android.mk ...
including ./development/samples/StackWidget/Android.mk ...
including ./development/samples/Support13Demos/Android.mk ...
including ./development/samples/Support4Demos/Android.mk ...
including ./development/samples/Support7Demos/Android.mk ...
including ./development/samples/SupportAppNavigation/Android.mk ...
including ./development/samples/SupportLeanbackDemos/Android.mk ...
including ./development/samples/ToyVpn/Android.mk ...
including ./development/samples/TtsEngine/Android.mk ...
including ./development/samples/USB/Android.mk ...
including ./development/samples/UiAutomator/Android.mk ...
including ./development/samples/Vault/Android.mk ...
including ./development/samples/VoiceRecognitionService/Android.mk ...
including ./development/samples/VoicemailProviderDemo/Android.mk ...
including ./development/samples/WeatherListWidget/Android.mk ...
including ./development/samples/WiFiDirectDemo/Android.mk ...
including ./development/samples/WiFiDirectServiceDiscovery/Android.mk ...
including ./development/samples/Wiktionary/Android.mk ...
including ./development/samples/WiktionarySimple/Android.mk ...
including ./development/samples/XmlAdapters/Android.mk ...
including ./development/samples/training/NsdChat/Android.mk ...
including ./development/testrunner/Android.mk ...
including ./development/tools/apkcheck/Android.mk ...
including ./development/tools/elftree/Android.mk ...
including ./development/tools/emulator/test-apps/SmokeTests/Android.mk ...
including ./development/tools/etc1tool/Android.mk ...
including ./development/tools/hosttestlib/Android.mk ...
including ./development/tools/idegen/Android.mk ...
including ./development/tools/line_endings/Android.mk ...
including ./development/tools/mkstubs/Android.mk ...
including ./development/tools/recovery_l10n/Android.mk ...
including ./development/tools/rmtypedefs/Android.mk ...
including ./development/tools/yuv420sp2rgb/Android.mk ...
including ./development/tutorials/MoarRam/Android.mk ...
including ./development/tutorials/NotepadCodeLab/Notepadv1/Android.mk ...
including ./development/tutorials/NotepadCodeLab/Notepadv1Solution/Android.mk ...
including ./development/tutorials/NotepadCodeLab/Notepadv2/Android.mk ...
including ./development/tutorials/NotepadCodeLab/Notepadv2Solution/Android.mk ...
including ./development/tutorials/NotepadCodeLab/Notepadv3/Android.mk ...
including ./development/tutorials/NotepadCodeLab/Notepadv3Solution/Android.mk ...
including ./development/tutorials/ReverseDebug/Android.mk ...
including ./device/archos/ac50da/Android.mk ...
including ./device/archos/ac80cxe/Android.mk ...
including ./device/asus/Z008/Android.mk ...
including ./device/asus/Z00A/Android.mk ...
including ./device/asus/fhd/Android.mk ...
including ./device/asus/grouper/Android.mk ...
including ./device/asus/tf300t/Android.mk ...
including ./device/asus/tf700t/Android.mk ...
including ./device/asus/tilapia/recovery/Android.mk ...
including ./device/asus/tilapia/self-extractors/Android.mk ...
including ./device/generic/goldfish/audio/Android.mk ...
including ./device/generic/goldfish/camera/Android.mk ...
including ./device/generic/goldfish/gps/Android.mk ...
including ./device/generic/goldfish/lights/Android.mk ...
including ./device/generic/goldfish/opengl/Android.mk ...
including ./device/generic/goldfish/power/Android.mk ...
including ./device/generic/goldfish/qemu-props/Android.mk ...
including ./device/generic/goldfish/qemud/Android.mk ...
including ./device/generic/goldfish/sensors/Android.mk ...
including ./device/generic/goldfish/vibrator/Android.mk ...
including ./device/google/accessory/arduino/Android.mk ...
including ./device/google/accessory/demokit/Android.mk ...
including ./device/htc/a32e/Android.mk ...
including ./device/htc/b2ul/Android.mk ...
including ./device/htc/e8/Android.mk ...
including ./device/htc/jewel/Android.mk ...
including ./device/htc/m8/Android.mk ...
including ./device/htc/shooter/Android.mk ...
including ./device/htc/supersonic/Android.mk ...
including ./device/huawei/carrera/Android.mk ...
including ./device/huawei/kiwi/Android.mk ...
including ./device/huawei/mt2l03/Android.mk ...
including ./device/huawei/p8/Android.mk ...
including ./device/intel/androidia/Android.mk ...
including ./device/iuni/u3/Android.mk ...
including ./device/letv/x1/Android.mk ...
including ./device/lge/bass/Android.mk ...
including ./device/lge/c50/Android.mk ...
including ./device/lge/h811/Android.mk ...
including ./device/lge/h815/Android.mk ...
including ./device/lge/hammerhead/Android.mk ...
including ./device/lge/hammerheadcaf/Android.mk ...
including ./device/lge/lenok/Android.mk ...
including ./device/lge/mako/Android.mk ...
including ./device/lge/pplus/Android.mk ...
including ./device/micromax/a117/Android.mk ...
including ./device/micromax/pace/Android.mk ...
including ./device/minix/byt_t_crv2/Android.mk ...
including ./device/minix/p200_2G/Android.mk ...
including ./device/moto/shamu/Android.mk ...
including ./device/motorola/condor/Android.mk ...
including ./device/motorola/quark/Android.mk ...
including ./device/oneplus/onyx/Android.mk ...
including ./device/oppo/f1f/Android.mk ...
including ./device/oppo/find7/Android.mk ...
including ./device/oppo/msm8974-common/Android.mk ...
including ./device/oppo/n3/init/Android.mk ...
including ./device/oppo/r5/Android.mk ...
including ./device/oppo/r7f/Android.mk ...
including ./device/oppo/r7plusf/Android.mk ...
including ./device/oppo/r7sf/Android.mk ...
including ./device/qcom/common/Android.mk ...
including ./device/qcom/sepolicy/Android.mk ...
including ./device/sample/Android.mk ...
including ./device/samsung/a8hplte/Android.mk ...
including ./device/samsung/chagalllte/Android.mk ...
including ./device/samsung/chagallwifi/Android.mk ...
including ./device/samsung/coreprimelte/Android.mk ...
including ./device/samsung/degas/tools/Android.mk ...
including ./device/samsung/gprimeltexx/Android.mk ...
including ./device/samsung/grandprimevelte/tools/Android.mk ...
including ./device/samsung/j2lte/Android.mk ...
including ./device/samsung/j7elte/Android.mk ...
including ./device/samsung/j7ltespr/Android.mk ...
including ./device/samsung/klimtlte/Android.mk ...
including ./device/samsung/klimtwifi/Android.mk ...
including ./device/samsung/kona-common/Android.mk ...
including ./device/samsung/kyleve/Android.mk ...
including ./device/samsung/kylevess/Android.mk ...
including ./device/samsung/l900/Android.mk ...
including ./device/samsung/lt03lte/Android.mk ...
including ./device/samsung/lt03wifiue/Android.mk ...
including ./device/samsung/manta/Android.mk ...
including ./device/samsung/mondrianlte/Android.mk ...
including ./device/samsung/mondrianwifiue/Android.mk ...
including ./device/samsung/msm8974-common/Android.mk ...
including ./device/samsung/n5100/Android.mk ...
including ./device/samsung/n5110/Android.mk ...
including ./device/samsung/omap4-common/Android.mk ...
including ./device/samsung/p5110/Android.mk ...
including ./device/samsung/qcom-common/Android.mk ...
including ./device/samsung/s3ve3g/Android.mk ...
including ./device/samsung/s5neolte/Android.mk ...
including ./device/samsung/smdk4412-common/Android.mk ...
including ./device/samsung/t0lteatt/Android.mk ...
including ./device/samsung/t0ltecan/Android.mk ...
including ./device/samsung/t0ltetmo/Android.mk ...
including ./device/samsung/tre3gxx/Android.mk ...
including ./device/samsung/treltexx/Android.mk ...
including ./device/samsung/trltecan/Android.mk ...
including ./device/samsung/trltedt/Android.mk ...
including ./device/samsung/trlteduoszh/Android.mk ...
including ./device/samsung/trltespr/Android.mk ...
including ./device/samsung/trltetmo/Android.mk ...
including ./device/samsung/trlteusc/Android.mk ...
including ./device/samsung/trltevzw/Android.mk ...
including ./device/samsung/trltexx/Android.mk ...
including ./device/samsung/v1awifi/Android.mk ...
including ./device/samsung/zerolteeu/Android.mk ...
including ./device/silentcircle/bp2/Android.mk ...
including ./device/sony/common/Android.mk ...
including ./device/sony/fusion3-common/Android.mk ...
including ./device/sony/msm8960-common/Android.mk ...
including ./device/sony/odin/Android.mk ...
including ./device/sony/qcom-common/Android.mk ...
including ./device/xiaomi/dior/Android.mk ...
including ./device/xiaomi/ido/Android.mk ...
including ./device/xiaomi/kenzo/Android.mk ...
including ./docs/source.android.com/Android.mk ...
including ./external/aac/Android.mk ...
including ./external/android-clat/Android.mk ...
including ./external/ant-glob/Android.mk ...
including ./external/antlr/Android.mk ...
including ./external/apache-harmony/Android.mk ...
including ./external/apache-http/Android.mk ...
including ./external/apache-xml/Android.mk ...
including ./external/bison/Android.mk ...
including ./external/blktrace/Android.mk ...
including ./external/bluetooth/bluedroid/Android.mk ...
including ./external/bouncycastle/Android.mk ...
including ./external/bsdiff/Android.mk ...
including ./external/busybox/Android.mk ...
including ./external/bzip2/Android.mk ...
including ./external/ceres-solver/Android.mk ...
including ./external/checkpolicy/Android.mk ...
including ./external/chromium-libpac/Android.mk ...
including ./external/chromium_org/Android.mk ...
including ./external/clang/Android.mk ...
including ./external/compiler-rt/Android.mk ...
including ./external/conscrypt/Android.mk ...
including ./external/deqp/Android.mk ...
including ./external/dexmaker/Android.mk ...
including ./external/dhcpcd/Android.mk ...
including ./external/dnsmasq/Android.mk ...
including ./external/doclava/Android.mk ...
including ./external/droiddriver/Android.mk ...
including ./external/e2fsprogs/Android.mk ...
including ./external/easymock/Android.mk ...
including ./external/eclipse-windowbuilder/propertysheet/Android.mk ...
including ./external/eigen/Android.mk ...
including ./external/elfutils/Android.mk ...
including ./external/emma/Android.mk ...
including ./external/exfat/Android.mk ...
including ./external/expat/Android.mk ...
including ./external/eyes-free/Android.mk ...
including ./external/f2fs-tools/Android.mk ...
including ./external/fdlibm/Android.mk ...
including ./external/fio/Android.mk ...
including ./external/flac/Android.mk ...
including ./external/freetype/Android.mk ...
including ./external/fsck_msdos/Android.mk ...
including ./external/fuse/lib/Android.mk ...
including ./external/gcc-demangle/Android.mk ...
including ./external/genext2fs/Android.mk ...
including ./external/giflib/Android.mk ...
including ./external/glide/Android.mk ...
including ./external/google-diff-match-patch/Android.mk ...
including ./external/google-fonts/carrois-gothic-sc/Android.mk ...
including ./external/google-fonts/coming-soon/Android.mk ...
including ./external/google-fonts/cutive-mono/Android.mk ...
including ./external/google-fonts/dancing-script/Android.mk ...
including ./external/google-tv-pairing-protocol/Android.mk ...
including ./external/gtest/Android.mk ...
including ./external/guava/Android.mk ...
including ./external/hamcrest/Android.mk ...
including ./external/harfbuzz_ng/Android.mk ...
including ./external/icu/Android.mk ...
including ./external/iproute2/Android.mk ...
including ./external/ipsec-tools/Android.mk ...
including ./external/iptables/Android.mk ...
including ./external/iputils/Android.mk ...
including ./external/jarjar/Android.mk ...
including ./external/javasqlite/Android.mk ...
including ./external/javassist/Android.mk ...
including ./external/jdiff/Android.mk ...
including ./external/jemalloc/Android.mk ...
including ./external/jhead/Android.mk ...
including ./external/jmdns/Android.mk ...
including ./external/jpeg/Android.mk ...
including ./external/jsilver/Android.mk ...
including ./external/jsmn/Android.mk ...
including ./external/jsoncpp/Android.mk ...
including ./external/jsr305/Android.mk ...
including ./external/junit/Android.mk ...
including ./external/ksoap2/Android.mk ...
including ./external/libcap-ng/Android.mk ...
including ./external/libcxx/Android.mk ...
including ./external/libcxxabi/Android.mk ...
including ./external/libedit/Android.mk ...
including ./external/libenc/Android.mk ...
including ./external/libexif/Android.mk ...
including ./external/libgsm/Android.mk ...
including ./external/libhevc/Android.mk ...
including ./external/liblzf/Android.mk ...
including ./external/libnfc-nci/Android.mk ...
including ./external/libnfc-nxp/Android.mk ...
including ./external/libnl/Android.mk ...
including ./external/libogg/Android.mk ...
including ./external/libopus/Android.mk ...
including ./external/libpcap/Android.mk ...
including ./external/libpng/Android.mk ...
including ./external/libselinux/Android.mk ...
including ./external/libsepol/Android.mk ...
including ./external/libunwind/Android.mk ...
including ./external/libutf/Android.mk ...
including ./external/libvorbis/Android.mk ...
including ./external/libvpx/Android.mk ...
including ./external/libvterm/Android.mk ...
including ./external/libxml2/Android.mk ...
including ./external/libyuv/Android.mk ...
including ./external/linux-tools-perf/Android.mk ...
including ./external/littlemock/Android.mk ...
including ./external/lldb/Android.mk ...
including ./external/llvm/Android.mk ...
including ./external/lohit-fonts/Android.mk ...
including ./external/ltrace/Android.mk ...
including ./external/lzma/C/Util/Lzma/Android.mk ...
including ./external/lzma/xz-embedded/Android.mk ...
including ./external/markdown/Android.mk ...
including ./external/mdnsresponder/Android.mk ...
including ./external/mesa3d/Android.mk ...
including ./external/mksh/Android.mk ...
including ./external/mockito/Android.mk ...
including ./external/mockwebserver/Android.mk ...
including ./external/mp4parser/Android.mk ...
including ./external/mtpd/Android.mk ...
including ./external/nanohttpd/Android.mk ...
including ./external/nanopb-c/Android.mk ...
including ./external/naver-fonts/Android.mk ...
including ./external/netcat/Android.mk ...
including ./external/netperf/Android.mk ...
including ./external/neven/Android.mk ...
including ./external/nfacct/Android.mk ...
including ./external/nist-pkits/Android.mk ...
including ./external/noto-fonts/Android.mk ...
including ./external/ntfs-3g/Android.mk ...
including ./external/oauth/core/src/main/java/Android.mk ...
including ./external/objenesis/Android.mk ...
including ./external/okhttp/Android.mk ...
including ./external/opencv/Android.mk ...
including ./external/openfst/Android.mk ...
including ./external/openssl/Android.mk ...
including ./external/oprofile/Android.mk ...
including ./external/owasp/sanitizer/Android.mk ...
including ./external/pcre/Android.mk ...
including ./external/pdfium/core/Android.mk ...
including ./external/pdfium/fpdfsdk/Android.mk ...
including ./external/pixman/Android.mk ...
including ./external/ppp/pppd/Android.mk ...
including ./external/proguard/Android.mk ...
including ./external/protobuf/Android.mk ...
including ./external/qemu/Android.mk ...
including ./external/regex-re2/Android.mk ...
including ./external/replicaisland/Android.mk ...
including ./external/robolectric/Android.mk ...
including ./external/safe-iop/Android.mk ...
including ./external/scrypt/Android.mk ...
including ./external/sepolicy/Android.mk ...
including ./external/sfntly/Android.mk ...
including ./external/skia/Android.mk ...
including ./external/smack/Android.mk ...
including ./external/smali/baksmali/Android.mk ...
including ./external/smali/deodexerant/Android.mk ...
including ./external/smali/dexlib2/Android.mk ...
including ./external/smali/smali/Android.mk ...
including ./external/sonivox/Android.mk ...
including ./external/speex/Android.mk ...
including ./external/sqlite/android/Android.mk ...
including ./external/sqlite/dist/Android.mk ...
including ./external/srec/Android.mk ...
including ./external/srtp/Android.mk ...
including ./external/stlport/Android.mk ...
including ./external/strace/Android.mk ...
including ./external/stressapptest/Android.mk ...
including ./external/svox/Android.mk ...
including ./external/tagsoup/Android.mk ...
including ./external/tcpdump/Android.mk ...
including ./external/tinyalsa/Android.mk ...
including ./external/tinycompress/Android.mk ...
including ./external/tinyxml/Android.mk ...
including ./external/tinyxml2/Android.mk ...
including ./external/tremolo/Android.mk ...
including ./external/valgrind/Android.mk ...
including ./external/vixl/Android.mk ...
including ./external/webp/Android.mk ...
including ./external/webrtc/Android.mk ...
including ./external/wpa_supplicant_8/Android.mk ...
including ./external/xmp_toolkit/Android.mk ...
including ./external/yaffs2/Android.mk ...
including ./external/zlib/Android.mk ...
including ./external/zopfli/Android.mk ...
including ./external/zxing/Android.mk ...
including ./frameworks/av-caf/Android.mk ...
including ./frameworks/av/Android.mk ...
including ./frameworks/base/Android.mk ...
find: `phone/java': No such file or directory
find: `phone/java': No such file or directory
including ./frameworks/compile/libbcc/Android.mk ...
including ./frameworks/compile/mclinker/Android.mk ...
including ./frameworks/compile/slang/Android.mk ...
including ./frameworks/ex/camera2/Android.mk ...
including ./frameworks/ex/common/Android.mk ...
including ./frameworks/ex/framesequence/Android.mk ...
including ./frameworks/ex/variablespeed/Android.mk ...
including ./frameworks/minikin/libs/minikin/Android.mk ...
including ./frameworks/minikin/sample/Android.mk ...
including ./frameworks/ml/Android.mk ...
including ./frameworks/multidex/Android.mk ...
including ./frameworks/native/cmds/atrace/Android.mk ...
including ./frameworks/native/cmds/bugreport/Android.mk ...
including ./frameworks/native/cmds/dumpstate/Android.mk ...
including ./frameworks/native/cmds/dumpsys/Android.mk ...
including ./frameworks/native/cmds/flatland/Android.mk ...
including ./frameworks/native/cmds/installd/Android.mk ...
including ./frameworks/native/cmds/ip-up-vpn/Android.mk ...
including ./frameworks/native/cmds/rawbu/Android.mk ...
including ./frameworks/native/cmds/service/Android.mk ...
including ./frameworks/native/cmds/servicemanager/Android.mk ...
including ./frameworks/native/libs/binder/Android.mk ...
including ./frameworks/native/libs/diskusage/Android.mk ...
including ./frameworks/native/libs/gui/Android.mk ...
including ./frameworks/native/libs/input/Android.mk ...
including ./frameworks/native/libs/ui/Android.mk ...
including ./frameworks/native/opengl/libagl/Android.mk ...
including ./frameworks/native/opengl/libs/Android.mk ...
including ./frameworks/native/opengl/tests/Android.mk ...
including ./frameworks/native/services/batteryservice/Android.mk ...
including ./frameworks/native/services/inputflinger/Android.mk ...
including ./frameworks/native/services/powermanager/Android.mk ...
including ./frameworks/native/services/sensorservice/Android.mk ...
including ./frameworks/native/services/surfaceflinger/Android.mk ...
including ./frameworks/opt/bitmap/Android.mk ...
including ./frameworks/opt/bluetooth/Android.mk ...
including ./frameworks/opt/calendar/Android.mk ...
including ./frameworks/opt/chips/Android.mk ...
including ./frameworks/opt/colorpicker/Android.mk ...
including ./frameworks/opt/datetimepicker/Android.mk ...
including ./frameworks/opt/emoji/Android.mk ...
including ./frameworks/opt/inputmethodcommon/Android.mk ...
including ./frameworks/opt/mms/Android.mk ...
including ./frameworks/opt/net/ethernet/Android.mk ...
including ./frameworks/opt/net/ims/Android.mk ...
including ./frameworks/opt/net/voip/Android.mk ...
including ./frameworks/opt/net/wifi/service/Android.mk ...
including ./frameworks/opt/photoviewer/Android.mk ...
including ./frameworks/opt/setupwizard/navigationbar/Android.mk ...
including ./frameworks/opt/telephony/Android.mk ...
including ./frameworks/opt/timezonepicker/Android.mk ...
including ./frameworks/opt/vcard/Android.mk ...
including ./frameworks/rs/Android.mk ...
including ./frameworks/support/Android.mk ...
find: `dummy': No such file or directory
including ./frameworks/volley/Android.mk ...
including ./frameworks/webview/Android.mk ...
including ./frameworks/wilhelm/src/Android.mk ...
including ./frameworks/wilhelm/tests/Android.mk ...
including ./hardware/akm/AK8975_FS/akmdfs/Android.mk ...
including ./hardware/akm/AK8975_FS/libsensors/Android.mk ...
including ./hardware/broadcom/libbt/Android.mk ...
including ./hardware/broadcom/wlan/bcmdhd/Android.mk ...
including ./hardware/intel/audio_media/hdmi/Android.mk ...
including ./hardware/intel/bootstub/Android.mk ...
including ./hardware/intel/common/libmix/Android.mk ...
including ./hardware/intel/common/libstagefrighthw/Android.mk ...
including ./hardware/intel/common/libva/Android.mk ...
including ./hardware/intel/common/libwsbm/src/Android.mk ...
including ./hardware/intel/common/omx-components/Android.mk ...
including ./hardware/intel/common/utils/ISV/Android.mk ...
including ./hardware/intel/common/utils/ituxd/Android.mk ...
including ./hardware/intel/common/wrs_omxil_core/Android.mk ...
including ./hardware/intel/img/hwcomposer/merrifield/Android.mk ...
including ./hardware/intel/img/hwcomposer/moorefield_hdmi/Android.mk ...
including ./hardware/intel/img/libdrm/Android.mk ...
including ./hardware/intel/img/psb_headers/Android.mk ...
including ./hardware/intel/img/psb_video/Android.mk ...
including ./hardware/invensense/Android.mk ...
including ./hardware/libhardware/Android.mk ...
including ./hardware/libhardware_legacy/Android.mk ...
including ./hardware/qcom/audio-caf-bfam/Android.mk ...
including ./hardware/qcom/audio-caf/Android.mk ...
including ./hardware/qcom/audio/Android.mk ...
including ./hardware/qcom/bt/Android.mk ...
including ./hardware/qcom/display-caf-bfam/Android.mk ...
including ./hardware/qcom/display-caf/Android.mk ...
including ./hardware/qcom/display/Android.mk ...
including ./hardware/qcom/keymaster/Android.mk ...
including ./hardware/qcom/media-caf-bfam/Android.mk ...
including ./hardware/qcom/media-caf/Android.mk ...
including ./hardware/qcom/media/Android.mk ...
including ./hardware/qcom/power/Android.mk ...
including ./hardware/qcom/wlan/qcwcn/Android.mk ...
including ./hardware/qcom/wlan/wcnss-service/Android.mk ...
including ./hardware/ril/libril/Android.mk ...
including ./hardware/ril/librilutils/Android.mk ...
including ./hardware/ril/reference-ril/Android.mk ...
including ./hardware/ril/rild/Android.mk ...
including ./hardware/samsung/Android.mk ...
including ./hardware/sony/DASH/Android.mk ...
including ./hardware/ti/omap3/Android.mk ...
including ./hardware/ti/omap4-aah/Android.mk ...
including ./hardware/ti/omap4xxx/Android.mk ...
including ./hardware/ti/wlan/mac80211/Android.mk ...
including ./hardware/ti/wpan/Android.mk ...
including ./kernel/asus/flo/drivers/staging/prima/Android.mk ...
including ./kernel/moto/shamu/Android.mk ...
including ./kernel/oppo/msm8974/drivers/staging/prima/Android.mk ...
including ./kernel/sony/apq8064/drivers/staging/prima/Android.mk ...
including ./libcore/Android.mk ...
including ./libnativehelper/Android.mk ...
including ./ndk/Android.mk ...
including ./packages/apps/Apollo/Android.mk ...
including ./packages/apps/BasicSmsReceiver/Android.mk ...
including ./packages/apps/Bluetooth/Android.mk ...
including ./packages/apps/Browser/Android.mk ...
including ./packages/apps/Calculator/Android.mk ...
including ./packages/apps/Calendar/Android.mk ...
including ./packages/apps/Camera2/Android.mk ...
including ./packages/apps/CellBroadcastReceiver/Android.mk ...
including ./packages/apps/CertInstaller/Android.mk ...
including ./packages/apps/Contacts/Android.mk ...
including ./packages/apps/ContactsCommon/Android.mk ...
including ./packages/apps/DSPManager/Android.mk ...
including ./packages/apps/DeskClock/Android.mk ...
including ./packages/apps/Dialer/Android.mk ...
including ./packages/apps/Email/Android.mk ...
including ./packages/apps/Exchange/Android.mk ...
including ./packages/apps/FMRadio/Android.mk ...
including ./packages/apps/Gallery2/Android.mk ...
including ./packages/apps/HTMLViewer/Android.mk ...
including ./packages/apps/InCallUI/Android.mk ...
including ./packages/apps/KeyChain/Android.mk ...
including ./packages/apps/Launcher3/Android.mk ...
including ./packages/apps/LegacyCamera/Android.mk ...
including ./packages/apps/ManagedProvisioning/Android.mk ...
including ./packages/apps/Mms/Android.mk ...
including ./packages/apps/MonthCalendarWidget/Android.mk ...
including ./packages/apps/MusicFX/Android.mk ...
including ./packages/apps/Nfc/Android.mk ...
including ./packages/apps/OmniGears/Android.mk ...
including ./packages/apps/OmniSwitch/Android.mk ...
including ./packages/apps/OmniTorch/Android.mk ...
including ./packages/apps/OneTimeInitializer/Android.mk ...
including ./packages/apps/OpenDelta/Android.mk ...
including ./packages/apps/PackageInstaller/Android.mk ...
including ./packages/apps/PerformanceControl/Android.mk ...
including ./packages/apps/PhoneCommon/Android.mk ...
including ./packages/apps/Provision/Android.mk ...
including ./packages/apps/QuickSearchBox/Android.mk ...
including ./packages/apps/SamsungServiceMode/Android.mk ...
including ./packages/apps/Settings/Android.mk ...
including ./packages/apps/SoundRecorder/Android.mk ...
including ./packages/apps/SpareParts/Android.mk ...
including ./packages/apps/SpeechRecorder/Android.mk ...
including ./packages/apps/Stk/Android.mk ...
including ./packages/apps/Tag/Android.mk ...
including ./packages/apps/Terminal/Android.mk ...
including ./packages/apps/TvSettings/QuickSettings/Android.mk ...
including ./packages/apps/TvSettings/Settings/Android.mk ...
including ./packages/apps/UnifiedEmail/Android.mk ...
including ./packages/apps/VoiceDialer/Android.mk ...
including ./packages/experimental/Android.mk ...
including ./packages/inputmethods/LatinIME/Android.mk ...
including ./packages/inputmethods/OpenWnn/Android.mk ...
including ./packages/providers/CalendarProvider/Android.mk ...
including ./packages/providers/ContactsProvider/Android.mk ...
including ./packages/providers/DownloadProvider/Android.mk ...
including ./packages/providers/MediaProvider/Android.mk ...
including ./packages/providers/PartnerBookmarksProvider/Android.mk ...
including ./packages/providers/TelephonyProvider/Android.mk ...
including ./packages/providers/TvProvider/Android.mk ...
including ./packages/providers/UserDictionaryProvider/Android.mk ...
including ./packages/screensavers/Basic/Android.mk ...
including ./packages/screensavers/PhotoTable/Android.mk ...
including ./packages/screensavers/WebView/Android.mk ...
including ./packages/services/Mms/Android.mk ...
including ./packages/services/Telecomm/Android.mk ...
including ./packages/services/Telephony/Android.mk ...
including ./packages/wallpapers/Basic/Android.mk ...
including ./packages/wallpapers/Galaxy4/Android.mk ...
including ./packages/wallpapers/HoloSpiral/Android.mk ...
including ./packages/wallpapers/LivePicker/Android.mk ...
including ./packages/wallpapers/MagicSmoke/Android.mk ...
including ./packages/wallpapers/MusicVisualization/Android.mk ...
including ./packages/wallpapers/NoiseField/Android.mk ...
including ./packages/wallpapers/PhaseBeam/Android.mk ...
including ./pdk/apps/HelloPDK/Android.mk ...
including ./pdk/apps/TestingCamera/Android.mk ...
including ./pdk/apps/TestingCamera2/Android.mk ...
including ./prebuilts/gcc/darwin-x86/mips/mipsel-linux-android-4.8/Android.mk ...
including ./prebuilts/gcc/linux-x86/aarch64/aarch64-linux-android-4.8/Android.mk ...
including ./prebuilts/gcc/linux-x86/aarch64/aarch64-linux-android-4.9/Android.mk ...
including ./prebuilts/gcc/linux-x86/arm/arm-linux-androideabi-4.8/Android.mk ...
including ./prebuilts/gcc/linux-x86/mips/mipsel-linux-android-4.8/Android.mk ...
including ./prebuilts/misc/Android.mk ...
including ./prebuilts/ndk/Android.mk ...
including ./prebuilts/qemu-kernel/x86/pc-bios/Android.mk ...
including ./prebuilts/sdk/Android.mk ...
including ./prebuilts/tools/Android.mk ...
including ./sdk/adtproductbuild/Android.mk ...
including ./sdk/annotations/Android.mk ...
including ./sdk/avdlauncher/Android.mk ...
including ./sdk/dumpeventlog/Android.mk ...
including ./sdk/emulator/mksdcard/Android.mk ...
including ./sdk/emulator/opengl/Android.mk ...
including ./sdk/eventanalyzer/Android.mk ...
including ./sdk/find_java/Android.mk ...
including ./sdk/find_lock/Android.mk ...
including ./sdk/hierarchyviewer/etc/Android.mk ...
including ./sdk/hierarchyviewer/src/Android.mk ...
including ./sdk/monitor/Android.mk ...
including ./sdk/sdklauncher/Android.mk ...
including ./system/core/Android.mk ...
build/core/binary.mk:615: target `/builds/out/target/product/trlteduoszh/obj/SHARED_LIBRARIES/libpixelflinger_intermediates/fixed.o' given more than once in the same rule.
build/core/binary.mk:615: target `/builds/out/target/product/trlteduoszh/obj/SHARED_LIBRARIES/libpixelflinger_intermediates/picker.o' given more than once in the same rule.
build/core/binary.mk:615: target `/builds/out/target/product/trlteduoszh/obj/SHARED_LIBRARIES/libpixelflinger_intermediates/pixelflinger.o' given more than once in the same rule.
build/core/binary.mk:615: target `/builds/out/target/product/trlteduoszh/obj/SHARED_LIBRARIES/libpixelflinger_intermediates/trap.o' given more than once in the same rule.
build/core/binary.mk:615: target `/builds/out/target/product/trlteduoszh/obj/SHARED_LIBRARIES/libpixelflinger_intermediates/scanline.o' given more than once in the same rule.
build/core/binary.mk:615: target `/builds/out/target/product/trlteduoszh/obj/SHARED_LIBRARIES/libpixelflinger_intermediates/codeflinger/CodeCache.o' given more than once in the same rule.
build/core/binary.mk:615: target `/builds/out/target/product/trlteduoszh/obj/SHARED_LIBRARIES/libpixelflinger_intermediates/codeflinger/tinyutils/SharedBuffer.o' given more than once in the same rule.
build/core/binary.mk:615: target `/builds/out/target/product/trlteduoszh/obj/SHARED_LIBRARIES/libpixelflinger_intermediates/codeflinger/tinyutils/VectorImpl.o' given more than once in the same rule.
build/core/binary.mk:615: target `/builds/out/target/product/trlteduoszh/obj/SHARED_LIBRARIES/libpixelflinger_intermediates/format.o' given more than once in the same rule.
build/core/binary.mk:615: target `/builds/out/target/product/trlteduoszh/obj/SHARED_LIBRARIES/libpixelflinger_intermediates/clear.o' given more than once in the same rule.
build/core/binary.mk:615: target `/builds/out/target/product/trlteduoszh/obj/SHARED_LIBRARIES/libpixelflinger_intermediates/raster.o' given more than once in the same rule.
build/core/binary.mk:615: target `/builds/out/target/product/trlteduoszh/obj/SHARED_LIBRARIES/libpixelflinger_intermediates/buffer.o' given more than once in the same rule.
build/core/binary.mk:615: target `/builds/out/target/product/trlteduoszh/obj/SHARED_LIBRARIES/libpixelflinger_intermediates/codeflinger/ARMAssemblerInterface.o' given more than once in the same rule.
build/core/binary.mk:615: target `/builds/out/target/product/trlteduoszh/obj/SHARED_LIBRARIES/libpixelflinger_intermediates/codeflinger/ARMAssemblerProxy.o' given more than once in the same rule.
build/core/binary.mk:615: target `/builds/out/target/product/trlteduoszh/obj/SHARED_LIBRARIES/libpixelflinger_intermediates/codeflinger/GGLAssembler.o' given more than once in the same rule.
build/core/binary.mk:615: target `/builds/out/target/product/trlteduoszh/obj/SHARED_LIBRARIES/libpixelflinger_intermediates/codeflinger/load_store.o' given more than once in the same rule.
build/core/binary.mk:615: target `/builds/out/target/product/trlteduoszh/obj/SHARED_LIBRARIES/libpixelflinger_intermediates/codeflinger/blending.o' given more than once in the same rule.
build/core/binary.mk:615: target `/builds/out/target/product/trlteduoszh/obj/SHARED_LIBRARIES/libpixelflinger_intermediates/codeflinger/texturing.o' given more than once in the same rule.
build/core/binary.mk:615: target `/builds/out/target/product/trlteduoszh/obj/STATIC_LIBRARIES/libpixelflinger_static_intermediates/fixed.o' given more than once in the same rule.
build/core/binary.mk:615: target `/builds/out/target/product/trlteduoszh/obj/STATIC_LIBRARIES/libpixelflinger_static_intermediates/picker.o' given more than once in the same rule.
build/core/binary.mk:615: target `/builds/out/target/product/trlteduoszh/obj/STATIC_LIBRARIES/libpixelflinger_static_intermediates/pixelflinger.o' given more than once in the same rule.
build/core/binary.mk:615: target `/builds/out/target/product/trlteduoszh/obj/STATIC_LIBRARIES/libpixelflinger_static_intermediates/trap.o' given more than once in the same rule.
build/core/binary.mk:615: target `/builds/out/target/product/trlteduoszh/obj/STATIC_LIBRARIES/libpixelflinger_static_intermediates/scanline.o' given more than once in the same rule.
build/core/binary.mk:615: target `/builds/out/target/product/trlteduoszh/obj/STATIC_LIBRARIES/libpixelflinger_static_intermediates/codeflinger/CodeCache.o' given more than once in the same rule.
build/core/binary.mk:615: target `/builds/out/target/product/trlteduoszh/obj/STATIC_LIBRARIES/libpixelflinger_static_intermediates/codeflinger/tinyutils/SharedBuffer.o' given more than once in the same rule.
build/core/binary.mk:615: target `/builds/out/target/product/trlteduoszh/obj/STATIC_LIBRARIES/libpixelflinger_static_intermediates/codeflinger/tinyutils/VectorImpl.o' given more than once in the same rule.
build/core/binary.mk:615: target `/builds/out/target/product/trlteduoszh/obj/STATIC_LIBRARIES/libpixelflinger_static_intermediates/format.o' given more than once in the same rule.
build/core/binary.mk:615: target `/builds/out/target/product/trlteduoszh/obj/STATIC_LIBRARIES/libpixelflinger_static_intermediates/clear.o' given more than once in the same rule.
build/core/binary.mk:615: target `/builds/out/target/product/trlteduoszh/obj/STATIC_LIBRARIES/libpixelflinger_static_intermediates/raster.o' given more than once in the same rule.
build/core/binary.mk:615: target `/builds/out/target/product/trlteduoszh/obj/STATIC_LIBRARIES/libpixelflinger_static_intermediates/buffer.o' given more than once in the same rule.
build/core/binary.mk:615: target `/builds/out/target/product/trlteduoszh/obj/STATIC_LIBRARIES/libpixelflinger_static_intermediates/codeflinger/ARMAssemblerInterface.o' given more than once in the same rule.
build/core/binary.mk:615: target `/builds/out/target/product/trlteduoszh/obj/STATIC_LIBRARIES/libpixelflinger_static_intermediates/codeflinger/ARMAssemblerProxy.o' given more than once in the same rule.
build/core/binary.mk:615: target `/builds/out/target/product/trlteduoszh/obj/STATIC_LIBRARIES/libpixelflinger_static_intermediates/codeflinger/GGLAssembler.o' given more than once in the same rule.
build/core/binary.mk:615: target `/builds/out/target/product/trlteduoszh/obj/STATIC_LIBRARIES/libpixelflinger_static_intermediates/codeflinger/load_store.o' given more than once in the same rule.
build/core/binary.mk:615: target `/builds/out/target/product/trlteduoszh/obj/STATIC_LIBRARIES/libpixelflinger_static_intermediates/codeflinger/blending.o' given more than once in the same rule.
build/core/binary.mk:615: target `/builds/out/target/product/trlteduoszh/obj/STATIC_LIBRARIES/libpixelflinger_static_intermediates/codeflinger/texturing.o' given more than once in the same rule.
including ./system/extras/Android.mk ...
including ./system/keymaster/Android.mk ...
including ./system/media/audio_route/Android.mk ...
including ./system/media/audio_utils/Android.mk ...
including ./system/media/camera/src/Android.mk ...
including ./system/media/camera/tests/Android.mk ...
including ./system/netd/client/Android.mk ...
including ./system/netd/server/Android.mk ...
including ./system/security/keystore-engine/Android.mk ...
including ./system/security/keystore/Android.mk ...
including ./system/security/softkeymaster/Android.mk ...
including ./system/vold/Android.mk ...
including ./tools/external/fat32lib/Android.mk ...
including ./vendor/motorola/msm8226-common/proprietary/app/Android.mk ...
including ./vendor/motorola/msm8226-common/proprietary/framework/Android.mk ...
including ./vendor/motorola/msm8226-common/proprietary/vendor/lib/Android.mk ...
including ./vendor/motorola/shamu/proprietary/app/Android.mk ...
including ./vendor/motorola/shamu/proprietary/framework/Android.mk ...
including ./vendor/motorola/shamu/proprietary/priv-app/Android.mk ...
including ./vendor/motorola/shamu/proprietary/vendor/lib/Android.mk ...
including ./vendor/omni/Android.mk ...
including ./vendor/samsung/galaxys2-common/proprietary/Android.mk ...
including ./vendor/samsung/jflte/Android.mk ...
including ./vendor/samsung/manta/audience/manta/proprietary/Android.mk ...
including ./vendor/samsung/manta/broadcom/manta/proprietary/Android.mk ...
including ./vendor/samsung/manta/proprietary/Android.mk ...
including ./vendor/samsung/omap4-common/proprietary/Android.mk ...
including ./vendor/samsung/smdk4412-common/proprietary/Android.mk ...
including ./vendor/samsung/toro/proprietary/app/Android.mk ...
including ./vendor/samsung/toroplus/proprietary/app/Android.mk ...
including ./vendor/sony/aosp_modemfw/amami/proprietary/Android.mk ...
including ./vendor/sony/aosp_modemfw/aries/proprietary/Android.mk ...
including ./vendor/sony/aosp_modemfw/castor/proprietary/Android.mk ...
including ./vendor/sony/aosp_modemfw/eagle/proprietary/Android.mk ...
including ./vendor/sony/aosp_modemfw/flamingo/proprietary/Android.mk ...
including ./vendor/sony/aosp_modemfw/honami/proprietary/Android.mk ...
including ./vendor/sony/aosp_modemfw/leo/proprietary/Android.mk ...
including ./vendor/sony/aosp_modemfw/scorpion/proprietary/Android.mk ...
including ./vendor/sony/aosp_modemfw/seagull/proprietary/Android.mk ...
including ./vendor/sony/aosp_modemfw/sirius/proprietary/Android.mk ...
including ./vendor/sony/aosp_modemfw/tianchi/proprietary/Android.mk ...
including ./vendor/sony/aosp_modemfw/togari/proprietary/Android.mk ...
including ./vendor/sony/aosp_qcom/prebuilt/proprietary/Android.mk ...
including ./vendor/sony/fusion3-common/Android.mk ...
including ./vendor/sony/leo/proprietary/Android.mk ...
including ./vendor/sony/qcom-common/Android.mk ...
including ./vendor/sony/rhine-common/Android.mk ...
including ./vendor/sony/shinano/msm8974ab/Android.mk ...
including ./vendor/sony/shinano/msm8974ac/Android.mk ...
including ./vendor/sony/shinano/proprietary/Android.mk ...
including ./vendor/sony/sirius/proprietary/Android.mk ...
including ./vendor/xiaomi/dior/Android.mk ...
No private recovery resources for TARGET_DEVICE trlteduoszh
No recovery.fstab for TARGET_DEVICE trlteduoszh
device/samsung/trlteduoszh/custombootimg.mk:26: warning: overriding commands for target `/builds/out/target/product/trlteduoszh/boot.img'
build/core/Makefile:570: warning: ignoring old commands for target `/builds/out/target/product/trlteduoszh/boot.img'
Header: /builds/out/target/product/trlteduoszh/obj/include/libexpat/expat.h
Header: /builds/out/target/product/trlteduoszh/obj/include/libexpat/expat_external.h
Header: /builds/out/target/product/trlteduoszh/obj/include/libpng/png.h
Header: /builds/out/target/product/trlteduoszh/obj/include/libpng/pngconf.h
Header: /builds/out/target/product/trlteduoszh/obj/include/libpng/pngusr.h
Header: /builds/out/target/product/trlteduoszh/obj/include/selinux/selinux.h
Header: /builds/out/target/product/trlteduoszh/obj/include/selinux/label.h
Header: /builds/out/target/product/trlteduoszh/obj/include/selinux/context.h
Header: /builds/out/target/product/trlteduoszh/obj/include/selinux/avc.h
Header: /builds/out/target/product/trlteduoszh/obj/include/selinux/android.h
Header: /builds/out/target/product/trlteduoszh/obj/include/libsonivox/eas.h
Header: /builds/out/target/product/trlteduoszh/obj/include/libsonivox/eas_types.h
Header: /builds/out/target/product/trlteduoszh/obj/include/libsonivox/eas_reverb.h
Header: /builds/out/target/product/trlteduoszh/obj/include/libsonivox/jet.h
Header: /builds/out/target/product/trlteduoszh/obj/include/libsonivox/ARM_synth_constants_gnu.inc
[32mExport includes file:[0m bootable/recovery/bmlutils/Android.mk -- /builds/out/target/product/trlteduoszh/obj/SHARED_LIBRARIES/libbmlutils_intermediates/export_includes
[32mExport includes file:[0m bionic/libc/Android.mk -- /builds/out/target/product/trlteduoszh/obj/SHARED_LIBRARIES/libc_intermediates/export_includes
[32mExport includes file:[0m system/core/libcutils/Android.mk -- /builds/out/target/product/trlteduoszh/obj/SHARED_LIBRARIES/libcutils_intermediates/export_includes
[32mExport includes file:[0m bootable/recovery/flashutils/Android.mk -- /builds/out/target/product/trlteduoszh/obj/SHARED_LIBRARIES/libflashutils_intermediates/export_includes
[32mExport includes file:[0m bionic/libm/Android.mk -- /builds/out/target/product/trlteduoszh/obj/SHARED_LIBRARIES/libm_intermediates/export_includes
[32mExport includes file:[0m bootable/recovery/mmcutils/Android.mk -- /builds/out/target/product/trlteduoszh/obj/SHARED_LIBRARIES/libmmcutils_intermediates/export_includes
[32mExport includes file:[0m bootable/recovery/mtdutils/Android.mk -- /builds/out/target/product/trlteduoszh/obj/SHARED_LIBRARIES/libmtdutils_intermediates/export_includes
[32mExport includes file:[0m bionic/libc/Android.mk -- /builds/out/target/product/trlteduoszh/obj/SHARED_LIBRARIES/libstdc++_intermediates/export_includes
[32mExport includes file:[0m external/compiler-rt/Android.mk -- /builds/out/target/product/trlteduoszh/obj/STATIC_LIBRARIES/libcompiler_rt-extras_intermediates/export_includes
[32mExport includes file:[0m bootable/recovery/libcrecovery/Android.mk -- /builds/out/target/product/trlteduoszh/obj/SHARED_LIBRARIES/libcrecovery_intermediates/export_includes
[32mExport includes file:[0m bionic/libdl/Android.mk -- /builds/out/target/product/trlteduoszh/obj/SHARED_LIBRARIES/libdl_intermediates/export_includes
[32mExport includes file:[0m bionic/libc/Android.mk -- /builds/out/target/product/trlteduoszh/obj/STATIC_LIBRARIES/libc_common_intermediates/export_includes
[32mExport includes file:[0m bionic/libc/Android.mk -- /builds/out/target/product/trlteduoszh/obj/STATIC_LIBRARIES/libc_aeabi_intermediates/export_includes
[32mExport includes file:[0m bionic/libc/Android.mk -- /builds/out/target/product/trlteduoszh/obj/STATIC_LIBRARIES/libc_bionic_intermediates/export_includes
[32mExport includes file:[0m bionic/libc/Android.mk -- /builds/out/target/product/trlteduoszh/obj/STATIC_LIBRARIES/libc_cxa_intermediates/export_includes
[32mExport includes file:[0m bionic/libc/Android.mk -- /builds/out/target/product/trlteduoszh/obj/STATIC_LIBRARIES/libc_dns_intermediates/export_includes
[32mExport includes file:[0m bionic/libc/Android.mk -- /builds/out/target/product/trlteduoszh/obj/STATIC_LIBRARIES/libc_freebsd_intermediates/export_includes
[32mExport includes file:[0m bionic/libc/Android.mk -- /builds/out/target/product/trlteduoszh/obj/STATIC_LIBRARIES/libc_gdtoa_intermediates/export_includes
[32mExport includes file:[0m bionic/libc/Android.mk -- /builds/out/target/product/trlteduoszh/obj/STATIC_LIBRARIES/libc_malloc_intermediates/export_includes
[32mExport includes file:[0m bionic/libc/Android.mk -- /builds/out/target/product/trlteduoszh/obj/STATIC_LIBRARIES/libc_netbsd_intermediates/export_includes
[32mExport includes file:[0m bionic/libc/Android.mk -- /builds/out/target/product/trlteduoszh/obj/STATIC_LIBRARIES/libc_openbsd_intermediates/export_includes
[32mExport includes file:[0m bionic/libc/Android.mk -- /builds/out/target/product/trlteduoszh/obj/STATIC_LIBRARIES/libc_stack_protector_intermediates/export_includes
[32mExport includes file:[0m bionic/libc/Android.mk -- /builds/out/target/product/trlteduoszh/obj/STATIC_LIBRARIES/libc_syscalls_intermediates/export_includes
[32mExport includes file:[0m bionic/libc/Android.mk -- /builds/out/target/product/trlteduoszh/obj/STATIC_LIBRARIES/libc_tzcode_intermediates/export_includes
[32mExport includes file:[0m external/jemalloc/Android.mk -- /builds/out/target/product/trlteduoszh/obj/STATIC_LIBRARIES/libjemalloc_intermediates/export_includes
[32mImport includes file:[0m /builds/out/target/product/trlteduoszh/obj/STATIC_LIBRARIES/libc_aeabi_intermediates/import_includes
[32mImport includes file:[0m /builds/out/target/product/trlteduoszh/obj/STATIC_LIBRARIES/libc_bionic_intermediates/import_includes
[32mImport includes file:[0m /builds/out/target/product/trlteduoszh/obj/STATIC_LIBRARIES/libc_cxa_intermediates/import_includes
[32mImport includes file:[0m /builds/out/target/product/trlteduoszh/obj/STATIC_LIBRARIES/libc_dns_intermediates/import_includes
[32mImport includes file:[0m /builds/out/target/product/trlteduoszh/obj/STATIC_LIBRARIES/libc_freebsd_intermediates/import_includes
[32mImport includes file:[0m /builds/out/target/product/trlteduoszh/obj/STATIC_LIBRARIES/libc_gdtoa_intermediates/import_includes
[32mImport includes file:[0m /builds/out/target/product/trlteduoszh/obj/STATIC_LIBRARIES/libc_malloc_intermediates/import_includes
[32mImport includes file:[0m /builds/out/target/product/trlteduoszh/obj/STATIC_LIBRARIES/libc_netbsd_intermediates/import_includes
[32mImport includes file:[0m /builds/out/target/product/trlteduoszh/obj/STATIC_LIBRARIES/libc_openbsd_intermediates/import_includes
[32mImport includes file:[0m /builds/out/target/product/trlteduoszh/obj/STATIC_LIBRARIES/libc_stack_protector_intermediates/import_includes
[32mImport includes file:[0m /builds/out/target/product/trlteduoszh/obj/STATIC_LIBRARIES/libc_syscalls_intermediates/import_includes
[32mImport includes file:[0m /builds/out/target/product/trlteduoszh/obj/STATIC_LIBRARIES/libc_tzcode_intermediates/import_includes
[32mImport includes file:[0m /builds/out/target/product/trlteduoszh/obj/STATIC_LIBRARIES/libjemalloc_intermediates/import_includes
[32mImport includes file:[0m /builds/out/target/product/trlteduoszh/obj/SHARED_LIBRARIES/libcrecovery_intermediates/import_includes
[32mImport includes file:[0m /builds/out/target/product/trlteduoszh/obj/STATIC_LIBRARIES/libm_intermediates/import_includes
[32mExport includes file:[0m bionic/libm/Android.mk -- /builds/out/target/product/trlteduoszh/obj/STATIC_LIBRARIES/libm_intermediates/export_includes
[32mImport includes file:[0m /builds/out/target/product/trlteduoszh/obj/SHARED_LIBRARIES/libstdc++_intermediates/import_includes
[32mImport includes file:[0m /builds/out/target/product/trlteduoszh/obj/STATIC_LIBRARIES/liblog_intermediates/import_includes
[32mExport includes file:[0m system/core/liblog/Android.mk -- /builds/out/target/product/trlteduoszh/obj/STATIC_LIBRARIES/liblog_intermediates/export_includes
[32mExport includes file:[0m system/core/liblog/Android.mk -- /builds/out/target/product/trlteduoszh/obj/SHARED_LIBRARIES/liblog_intermediates/export_includes
[32mExport includes file:[0m system/core/libcutils/Android.mk -- /builds/out/target/product/trlteduoszh/obj/STATIC_LIBRARIES/libcutils_intermediates/export_includes
[32mImport includes file:[0m /builds/out/target/product/trlteduoszh/obj/SHARED_LIBRARIES/libflashutils_intermediates/import_includes
[32mImport includes file:[0m /builds/out/target/product/trlteduoszh/obj/SHARED_LIBRARIES/libmmcutils_intermediates/import_includes
[32mImport includes file:[0m /builds/out/target/product/trlteduoszh/obj/SHARED_LIBRARIES/libmtdutils_intermediates/import_includes
[32mExport includes file:[0m bootable/recovery/flashutils/Android.mk -- /builds/out/target/product/trlteduoszh/obj/RECOVERY_EXECUTABLES/dump_image_intermediates/export_includes
[32mNotice file:[0m bionic/libc/NOTICE -- /builds/out/target/product/trlteduoszh/obj/NOTICE_FILES/src//system/lib/libc.so.txt
[32mNotice file:[0m bionic/libc/NOTICE -- /builds/out/target/product/trlteduoszh/obj/NOTICE_FILES/src//system/lib/libc_common.a.txt
[32mNotice file:[0m bionic/libdl/NOTICE -- /builds/out/target/product/trlteduoszh/obj/NOTICE_FILES/src//system/lib/libdl.so.txt
[32mNotice file:[0m bionic/libm/NOTICE -- /builds/out/target/product/trlteduoszh/obj/NOTICE_FILES/src//system/lib/libm.so.txt
[32mNotice file:[0m bionic/libm/NOTICE -- /builds/out/target/product/trlteduoszh/obj/NOTICE_FILES/src//system/lib/libm.a.txt
[32mNotice file:[0m bionic/libc/NOTICE -- /builds/out/target/product/trlteduoszh/obj/NOTICE_FILES/src//system/lib/libstdc++.so.txt
[32mNotice file:[0m system/core/libcutils/NOTICE -- /builds/out/target/product/trlteduoszh/obj/NOTICE_FILES/src//system/lib/libcutils.so.txt
[32mNotice file:[0m system/core/libcutils/NOTICE -- /builds/out/target/product/trlteduoszh/obj/NOTICE_FILES/src//system/lib/libcutils.a.txt
[32mNotice file:[0m system/core/liblog/NOTICE -- /builds/out/target/product/trlteduoszh/obj/NOTICE_FILES/src//system/lib/liblog.so.txt
[32mNotice file:[0m system/core/liblog/NOTICE -- /builds/out/target/product/trlteduoszh/obj/NOTICE_FILES/src//system/lib/liblog.a.txt
[32mImport includes file:[0m /builds/out/target/product/trlteduoszh/obj/RECOVERY_EXECUTABLES/erase_image_intermediates/import_includes
[32mExport includes file:[0m bootable/recovery/flashutils/Android.mk -- /builds/out/target/product/trlteduoszh/obj/RECOVERY_EXECUTABLES/erase_image_intermediates/export_includes
[32mImport includes file:[0m /builds/out/target/product/trlteduoszh/obj/RECOVERY_EXECUTABLES/flash_image_intermediates/import_includes
[32mExport includes file:[0m bootable/recovery/flashutils/Android.mk -- /builds/out/target/product/trlteduoszh/obj/RECOVERY_EXECUTABLES/flash_image_intermediates/export_includes
[32mExport includes file:[0m external/zlib/Android.mk -- /builds/out/target/product/trlteduoszh/obj/SHARED_LIBRARIES/libz_intermediates/export_includes
[32mImport includes file:[0m /builds/out/target/product/trlteduoszh/obj/SHARED_LIBRARIES/libz_intermediates/import_includes
[32mExport includes file:[0m bootable/recovery/pigz/Android.mk -- /builds/out/target/product/trlteduoszh/obj/RECOVERY_EXECUTABLES/pigz_intermediates/export_includes
[32mNotice file:[0m external/zlib/NOTICE -- /builds/out/target/product/trlteduoszh/obj/NOTICE_FILES/src//system/lib/libz.so.txt
[32mExport includes file:[0m external/stlport/Android.mk -- /builds/out/target/product/trlteduoszh/obj/SHARED_LIBRARIES/libstlport_intermediates/export_includes
[32mImport includes file:[0m /builds/out/target/product/trlteduoszh/obj/SHARED_LIBRARIES/libstlport_intermediates/import_includes
[32mExport includes file:[0m bootable/recovery/adbbu/Android.mk -- /builds/out/target/product/trlteduoszh/obj/RECOVERY_EXECUTABLES/twrpbu_intermediates/export_includes
[32mNotice file:[0m external/stlport/NOTICE -- /builds/out/target/product/trlteduoszh/obj/NOTICE_FILES/src//system/lib/libstlport.so.txt
find: `/builds/out/target/product/trlteduoszh/obj/EXECUTABLES/busybox_intermediates': No such file or directory
[33mPrepare config for busybox binary[0m
[32mExport includes file:[0m external/busybox/Android.mk -- /builds/out/target/product/trlteduoszh/obj/STATIC_LIBRARIES/libclearsilverregex_intermediates/export_includes
[32mExport includes file:[0m external/busybox/Android.mk -- /builds/out/target/product/trlteduoszh/obj/STATIC_LIBRARIES/libuclibcrpc_intermediates/export_includes
[32mExport includes file:[0m external/libselinux/Android.mk -- /builds/out/target/product/trlteduoszh/obj/STATIC_LIBRARIES/libselinux_intermediates/export_includes
[32mImport includes file:[0m /builds/out/target/product/trlteduoszh/obj/STATIC_LIBRARIES/libclearsilverregex_intermediates/import_includes
[32mImport includes file:[0m /builds/out/target/product/trlteduoszh/obj/STATIC_LIBRARIES/libuclibcrpc_intermediates/import_includes
make -C external/busybox prepare O=/builds/out/target/product/trlteduoszh/obj/busybox/full 
[32mExport includes file:[0m system/core/libmincrypt/Android.mk -- /builds/out/target/product/trlteduoszh/obj/STATIC_LIBRARIES/libmincrypt_intermediates/export_includes
make[1]: Entering directory `/builds/omni-5.1/external/busybox'
[32mExport includes file:[0m external/pcre/Android.mk -- /builds/out/target/product/trlteduoszh/obj/STATIC_LIBRARIES/libpcre_intermediates/export_includes
[32mImport includes file:[0m /builds/out/target/product/trlteduoszh/obj/STATIC_LIBRARIES/libpcre_intermediates/import_includes
[32mExport includes file:[0m external/busybox/Android.mk -- /builds/out/target/product/trlteduoszh/obj/EXECUTABLES/busybox_intermediates/export_includes
[32mNotice file:[0m external/libselinux/NOTICE -- /builds/out/target/product/trlteduoszh/obj/NOTICE_FILES/src//system/lib/libselinux.a.txt
[32mImport includes file:[0m /builds/out/target/product/trlteduoszh/obj/RECOVERY_EXECUTABLES/fsck.fat_intermediates/import_includes
[32mExport includes file:[0m bootable/recovery/dosfstools/Android.mk -- /builds/out/target/product/trlteduoszh/obj/RECOVERY_EXECUTABLES/fsck.fat_intermediates/export_includes
[32mImport includes file:[0m /builds/out/target/product/trlteduoszh/obj/RECOVERY_EXECUTABLES/fatlabel_intermediates/import_includes
[32mExport includes file:[0m bootable/recovery/dosfstools/Android.mk -- /builds/out/target/product/trlteduoszh/obj/RECOVERY_EXECUTABLES/fatlabel_intermediates/export_includes
[32mImport includes file:[0m /builds/out/target/product/trlteduoszh/obj/RECOVERY_EXECUTABLES/mkfs.fat_intermediates/import_includes
[32mExport includes file:[0m bootable/recovery/dosfstools/Android.mk -- /builds/out/target/product/trlteduoszh/obj/RECOVERY_EXECUTABLES/mkfs.fat_intermediates/export_includes
[32mExport includes file:[0m external/e2fsprogs/lib/blkid/Android.mk -- /builds/out/target/product/trlteduoszh/obj/SHARED_LIBRARIES/libext2_blkid_intermediates/export_includes
[32mExport includes file:[0m external/e2fsprogs/lib/et/Android.mk -- /builds/out/target/product/trlteduoszh/obj/SHARED_LIBRARIES/libext2_com_err_intermediates/export_includes
[32mExport includes file:[0m external/e2fsprogs/lib/e2p/Android.mk -- /builds/out/target/product/trlteduoszh/obj/SHARED_LIBRARIES/libext2_e2p_intermediates/export_includes
[32mExport includes file:[0m external/e2fsprogs/e2fsck/Android.mk -- /builds/out/target/product/trlteduoszh/obj/SHARED_LIBRARIES/libext2_profile_intermediates/export_includes
[32mExport includes file:[0m external/e2fsprogs/lib/quota/Android.mk -- /builds/out/target/product/trlteduoszh/obj/SHARED_LIBRARIES/libext2_quota_intermediates/export_includes
[32mExport includes file:[0m external/e2fsprogs/lib/uuid/Android.mk -- /builds/out/target/product/trlteduoszh/obj/SHARED_LIBRARIES/libext2_uuid_intermediates/export_includes
[32mExport includes file:[0m external/e2fsprogs/lib/ext2fs/Android.mk -- /builds/out/target/product/trlteduoszh/obj/SHARED_LIBRARIES/libext2fs_intermediates/export_includes
[32mImport includes file:[0m /builds/out/target/product/trlteduoszh/obj/SHARED_LIBRARIES/libext2_uuid_intermediates/import_includes
[32mImport includes file:[0m /builds/out/target/product/trlteduoszh/obj/SHARED_LIBRARIES/libext2_com_err_intermediates/import_includes
[32mImport includes file:[0m /builds/out/target/product/trlteduoszh/obj/SHARED_LIBRARIES/libext2_e2p_intermediates/import_includes
[32mImport includes file:[0m /builds/out/target/product/trlteduoszh/obj/SHARED_LIBRARIES/libext2_profile_intermediates/import_includes
[32mImport includes file:[0m /builds/out/target/product/trlteduoszh/obj/SHARED_LIBRARIES/libext2_quota_intermediates/import_includes
[32mImport includes file:[0m /builds/out/target/product/trlteduoszh/obj/SHARED_LIBRARIES/libext2fs_intermediates/import_includes
[32mExport includes file:[0m external/e2fsprogs/e2fsck/Android.mk -- /builds/out/target/product/trlteduoszh/obj/EXECUTABLES/e2fsck_intermediates/export_includes
[32mImport includes file:[0m /builds/out/target/product/trlteduoszh/obj/EXECUTABLES/mke2fs_intermediates/import_includes
[32mExport includes file:[0m external/e2fsprogs/misc/Android.mk -- /builds/out/target/product/trlteduoszh/obj/EXECUTABLES/mke2fs_intermediates/export_includes
[32mImport includes file:[0m /builds/out/target/product/trlteduoszh/obj/EXECUTABLES/tune2fs_intermediates/import_includes
[32mExport includes file:[0m external/e2fsprogs/misc/Android.mk -- /builds/out/target/product/trlteduoszh/obj/EXECUTABLES/tune2fs_intermediates/export_includes
[32mImport includes file:[0m /builds/out/target/product/trlteduoszh/obj/EXECUTABLES/resize2fs_intermediates/import_includes
[32mExport includes file:[0m external/e2fsprogs/resize/Android.mk -- /builds/out/target/product/trlteduoszh/obj/EXECUTABLES/resize2fs_intermediates/export_includes
[32mExport includes file:[0m system/core/libsparse/Android.mk -- /builds/out/target/product/trlteduoszh/obj/SHARED_LIBRARIES/libsparse_intermediates/export_includes
[32mImport includes file:[0m /builds/out/target/product/trlteduoszh/obj/SHARED_LIBRARIES/libsparse_intermediates/import_includes
[32mExport includes file:[0m bootable/recovery/etc/Android.mk -- /builds/out/target/product/trlteduoszh/obj/EXECUTABLES/simg2img_twrp_intermediates/export_includes
[32mExport includes file:[0m bionic/libc/Android.mk -- /builds/out/target/product/trlteduoszh/obj/STATIC_LIBRARIES/libc_nomalloc_intermediates/export_includes
[32mImport includes file:[0m /builds/out/target/product/trlteduoszh/obj/STATIC_LIBRARIES/libc_nomalloc_intermediates/import_includes
[32mExport includes file:[0m bionic/linker/Android.mk -- /builds/out/target/product/trlteduoszh/obj/EXECUTABLES/linker_intermediates/export_includes
[32mNotice file:[0m bionic/linker/NOTICE -- /builds/out/target/product/trlteduoszh/obj/NOTICE_FILES/src//system/bin/linker.txt
[32mNotice file:[0m bionic/libc/NOTICE -- /builds/out/target/product/trlteduoszh/obj/NOTICE_FILES/src//system/lib/libc_nomalloc.a.txt
[32mImport includes file:[0m /builds/out/target/product/trlteduoszh/obj/SHARED_LIBRARIES/libusbhost_intermediates/import_includes
[32mExport includes file:[0m system/core/libusbhost/Android.mk -- /builds/out/target/product/trlteduoszh/obj/SHARED_LIBRARIES/libusbhost_intermediates/export_includes
[32mExport includes file:[0m external/gcc-demangle/Android.mk -- /builds/out/target/product/trlteduoszh/obj/SHARED_LIBRARIES/libgccdemangle_intermediates/export_includes
[32mExport includes file:[0m external/libunwind/Android.mk -- /builds/out/target/product/trlteduoszh/obj/SHARED_LIBRARIES/libunwind-ptrace_intermediates/export_includes
[32mExport includes file:[0m external/libunwind/Android.mk -- /builds/out/target/product/trlteduoszh/obj/SHARED_LIBRARIES/libunwind_intermediates/export_includes
[32mImport includes file:[0m /builds/out/target/product/trlteduoszh/obj/SHARED_LIBRARIES/libgccdemangle_intermediates/import_includes
[32mImport includes file:[0m /builds/out/target/product/trlteduoszh/obj/SHARED_LIBRARIES/libunwind_intermediates/import_includes
[32mImport includes file:[0m /builds/out/target/product/trlteduoszh/obj/SHARED_LIBRARIES/libunwind-ptrace_intermediates/import_includes
[32mExport includes file:[0m system/core/libbacktrace/Android.mk -- /builds/out/target/product/trlteduoszh/obj/SHARED_LIBRARIES/libbacktrace_intermediates/export_includes
[32mExport includes file:[0m system/core/libutils/Android.mk -- /builds/out/target/product/trlteduoszh/obj/STATIC_LIBRARIES/libutils_intermediates/export_includes
[32mExport includes file:[0m system/core/libutils/Android.mk -- /builds/out/target/product/trlteduoszh/obj/SHARED_LIBRARIES/libutils_intermediates/export_includes
[32mNotice file:[0m system/core/libutils/NOTICE -- /builds/out/target/product/trlteduoszh/obj/NOTICE_FILES/src//system/lib/libutils.so.txt
[32mNotice file:[0m system/core/libutils/NOTICE -- /builds/out/target/product/trlteduoszh/obj/NOTICE_FILES/src//system/lib/libutils.a.txt
[32mNotice file:[0m external/gcc-demangle/NOTICE -- /builds/out/target/product/trlteduoszh/obj/NOTICE_FILES/src//system/lib/libgccdemangle.so.txt
[32mExport includes file:[0m external/libpng/Android.mk -- /builds/out/target/product/trlteduoszh/obj/SHARED_LIBRARIES/libpng_intermediates/export_includes
[32mImport includes file:[0m /builds/out/target/product/trlteduoszh/obj/SHARED_LIBRARIES/libpng_intermediates/import_includes
[32mNotice file:[0m external/libpng/NOTICE -- /builds/out/target/product/trlteduoszh/obj/NOTICE_FILES/src//system/lib/libpng.so.txt
[32mExport includes file:[0m external/freetype/Android.mk -- /builds/out/target/product/trlteduoszh/obj/SHARED_LIBRARIES/libft2_intermediates/export_includes
[32mExport includes file:[0m bootable/recovery/adbbu/Android.mk -- /builds/out/target/product/trlteduoszh/obj/STATIC_LIBRARIES/libpixelflinger_twrp_intermediates/export_includes
[32mExport includes file:[0m system/core/adf/libadf/Android.mk -- /builds/out/target/product/trlteduoszh/obj/STATIC_LIBRARIES/libadf_intermediates/export_includes
[32mImport includes file:[0m /builds/out/target/product/trlteduoszh/obj/SHARED_LIBRARIES/libft2_intermediates/import_includes
[32mImport includes file:[0m /builds/out/target/product/trlteduoszh/obj/STATIC_LIBRARIES/libpixelflinger_twrp_intermediates/import_includes
[32mImport includes file:[0m /builds/out/target/product/trlteduoszh/obj/STATIC_LIBRARIES/libadf_intermediates/import_includes
[32mExport includes file:[0m bootable/recovery/minuitwrp/Android.mk -- /builds/out/target/product/trlteduoszh/obj/SHARED_LIBRARIES/libminuitwrp_intermediates/export_includes
[32mNotice file:[0m system/core/libpixelflinger/NOTICE -- /builds/out/target/product/trlteduoszh/obj/NOTICE_FILES/src//system/lib/libpixelflinger_twrp.a.txt
[32mNotice file:[0m external/freetype/NOTICE -- /builds/out/target/product/trlteduoszh/obj/NOTICE_FILES/src//system/lib/libft2.so.txt
[32mExport includes file:[0m bootable/recovery/Android.mk -- /builds/out/target/product/trlteduoszh/obj/SHARED_LIBRARIES/libfusesideload_intermediates/export_includes
[32mExport includes file:[0m bootable/recovery/libmincrypt/Android.mk -- /builds/out/target/product/trlteduoszh/obj/SHARED_LIBRARIES/libmincrypttwrp_intermediates/export_includes
[32mImport includes file:[0m /builds/out/target/product/trlteduoszh/obj/SHARED_LIBRARIES/libmincrypttwrp_intermediates/import_includes
[32mExport includes file:[0m bootable/recovery/minadbd.old/Android.mk -- /builds/out/target/product/trlteduoszh/obj/SHARED_LIBRARIES/libminadbd_intermediates/export_includes
[32mNotice file:[0m bootable/recovery/NOTICE -- /builds/out/target/product/trlteduoszh/obj/NOTICE_FILES/src//system/lib/libfusesideload.so.txt
[32mNotice file:[0m bootable/recovery/libmincrypt/NOTICE -- /builds/out/target/product/trlteduoszh/obj/NOTICE_FILES/src//system/lib/libmincrypttwrp.so.txt
[32mExport includes file:[0m external/libselinux/Android.mk -- /builds/out/target/product/trlteduoszh/obj/SHARED_LIBRARIES/libselinux_intermediates/export_includes
[32mExport includes file:[0m external/pcre/Android.mk -- /builds/out/target/product/trlteduoszh/obj/SHARED_LIBRARIES/libpcre_intermediates/export_includes
[32mImport includes file:[0m /builds/out/target/product/trlteduoszh/obj/SHARED_LIBRARIES/libpcre_intermediates/import_includes
[32mExport includes file:[0m bootable/recovery/minzip/Android.mk -- /builds/out/target/product/trlteduoszh/obj/SHARED_LIBRARIES/libminzip_intermediates/export_includes
[32mImport includes file:[0m /builds/out/target/product/trlteduoszh/obj/STATIC_LIBRARIES/libmincrypt_intermediates/import_includes
[32mNotice file:[0m system/core/libmincrypt/NOTICE -- /builds/out/target/product/trlteduoszh/obj/NOTICE_FILES/src//system/lib/libmincrypt.a.txt
[32mNotice file:[0m external/libselinux/NOTICE -- /builds/out/target/product/trlteduoszh/obj/NOTICE_FILES/src//system/lib/libselinux.so.txt
[32mImport includes file:[0m /builds/out/target/product/trlteduoszh/obj/SHARED_LIBRARIES/libtar_intermediates/import_includes
[32mExport includes file:[0m bootable/recovery/libtar/Android.mk -- /builds/out/target/product/trlteduoszh/obj/SHARED_LIBRARIES/libtar_intermediates/export_includes
[32mImport includes file:[0m /builds/out/target/product/trlteduoszh/obj/SHARED_LIBRARIES/libtwadbbu_intermediates/import_includes
[32mExport includes file:[0m bootable/recovery/adbbu/Android.mk -- /builds/out/target/product/trlteduoszh/obj/SHARED_LIBRARIES/libtwadbbu_intermediates/export_includes
  GEN     /builds/out/target/product/trlteduoszh/obj/busybox/full/Makefile
[32mImport includes file:[0m /builds/out/target/product/trlteduoszh/obj/SHARED_LIBRARIES/libutil-linux_intermediates/import_includes
[32mExport includes file:[0m bootable/recovery/libblkid/Android.mk -- /builds/out/target/product/trlteduoszh/obj/SHARED_LIBRARIES/libutil-linux_intermediates/export_includes
[32mExport includes file:[0m bootable/recovery/libblkid/Android.mk -- /builds/out/target/product/trlteduoszh/obj/SHARED_LIBRARIES/libblkid_intermediates/export_includes
[32mImport includes file:[0m /builds/out/target/product/trlteduoszh/obj/SHARED_LIBRARIES/libnetd_client_intermediates/import_includes
[32mExport includes file:[0m system/netd/client/Android.mk -- /builds/out/target/product/trlteduoszh/obj/SHARED_LIBRARIES/libnetd_client_intermediates/export_includes
[36mtarget Generated:[0m toolbox_recovery <= system/core/toolbox/Android.mk
[36mtarget Generated:[0m toolbox_recovery <= system/core/toolbox/Android.mk
[32mExport includes file:[0m system/core/libusbhost/Android.mk -- /builds/out/target/product/trlteduoszh/obj/STATIC_LIBRARIES/libusbhost_intermediates/export_includes
[32mImport includes file:[0m /builds/out/target/product/trlteduoszh/obj/STATIC_LIBRARIES/libusbhost_intermediates/import_includes
[32mExport includes file:[0m bootable/recovery/toolbox/Android.mk -- /builds/out/target/product/trlteduoszh/obj/EXECUTABLES/toolbox_recovery_intermediates/export_includes
[32mNotice file:[0m system/core/toolbox/NOTICE -- /builds/out/target/product/trlteduoszh/obj/NOTICE_FILES/src//recovery/root/sbin/toolbox.txt
[32mImport includes file:[0m /builds/out/target/product/trlteduoszh/obj/RECOVERY_EXECUTABLES/orscmd_intermediates/import_includes
[32mExport includes file:[0m bootable/recovery/orscmd/Android.mk -- /builds/out/target/product/trlteduoszh/obj/RECOVERY_EXECUTABLES/orscmd_intermediates/export_includes
[32mExport includes file:[0m bootable/recovery/Android.mk -- /builds/out/target/product/trlteduoszh/obj/SHARED_LIBRARIES/libaosprecovery_intermediates/export_includes
[32mImport includes file:[0m /builds/out/target/product/trlteduoszh/obj/SHARED_LIBRARIES/libaosprecovery_intermediates/import_includes
[32mExport includes file:[0m bootable/recovery/mtp/Android.mk -- /builds/out/target/product/trlteduoszh/obj/SHARED_LIBRARIES/libtwrpmtp_intermediates/export_includes
[32mImport includes file:[0m /builds/out/target/product/trlteduoszh/obj/SHARED_LIBRARIES/libext4_utils_intermediates/import_includes
[32mNotice file:[0m bootable/recovery/NOTICE -- /builds/out/target/product/trlteduoszh/obj/NOTICE_FILES/src//system/lib/libaosprecovery.so.txt
[32mExport includes file:[0m system/extras/ext4_utils/Android.mk -- /builds/out/target/product/trlteduoszh/obj/SHARED_LIBRARIES/libext4_utils_intermediates/export_includes
[32mNotice file:[0m system/extras/ext4_utils/NOTICE -- /builds/out/target/product/trlteduoszh/obj/NOTICE_FILES/src//system/lib/libext4_utils.so.txt
[32mExport includes file:[0m system/extras/ext4_utils/Android.mk -- /builds/out/target/product/trlteduoszh/obj/EXECUTABLES/make_ext4fs_intermediates/export_includes
[32mNotice file:[0m system/extras/ext4_utils/NOTICE -- /builds/out/target/product/trlteduoszh/obj/NOTICE_FILES/src//system/bin/make_ext4fs.txt
[32mExport includes file:[0m bootable/recovery/openaes/Android.mk -- /builds/out/target/product/trlteduoszh/obj/SHARED_LIBRARIES/libopenaes_intermediates/export_includes
  GEN     include/applets.h
[32mImport includes file:[0m /builds/out/target/product/trlteduoszh/obj/SHARED_LIBRARIES/libopenaes_intermediates/import_includes
[32mExport includes file:[0m bootable/recovery/openaes/Android.mk -- /builds/out/target/product/trlteduoszh/obj/RECOVERY_EXECUTABLES/openaes_intermediates/export_includes
[32mExport includes file:[0m bionic/libc/Android.mk -- /builds/out/target/product/trlteduoszh/obj/STATIC_LIBRARIES/libc_intermediates/export_includes
[32mExport includes file:[0m external/f2fs-tools/Android.mk -- /builds/out/target/product/trlteduoszh/obj/STATIC_LIBRARIES/libf2fs_fmt_intermediates/export_includes
[32mExport includes file:[0m external/e2fsprogs/lib/uuid/Android.mk -- /builds/out/target/product/trlteduoszh/obj/STATIC_LIBRARIES/libext2_uuid_static_intermediates/export_includes
[32mImport includes file:[0m /builds/out/target/product/trlteduoszh/obj/STATIC_LIBRARIES/libf2fs_fmt_intermediates/import_includes
[32mImport includes file:[0m /builds/out/target/product/trlteduoszh/obj/STATIC_LIBRARIES/libc_intermediates/import_includes
[32mImport includes file:[0m /builds/out/target/product/trlteduoszh/obj/STATIC_LIBRARIES/libext2_uuid_static_intermediates/import_includes
[32mExport includes file:[0m external/f2fs-tools/Android.mk -- /builds/out/target/product/trlteduoszh/obj/EXECUTABLES/mkfs.f2fs_intermediates/export_includes
[32mNotice file:[0m external/f2fs-tools/NOTICE -- /builds/out/target/product/trlteduoszh/obj/NOTICE_FILES/src//root/sbin/mkfs.f2fs.txt
[32mNotice file:[0m bionic/libc/NOTICE -- /builds/out/target/product/trlteduoszh/obj/NOTICE_FILES/src//system/lib/libc.a.txt
[32mNotice file:[0m external/f2fs-tools/NOTICE -- /builds/out/target/product/trlteduoszh/obj/NOTICE_FILES/src//system/lib/libf2fs_fmt.a.txt
[32mImport includes file:[0m /builds/out/target/product/trlteduoszh/obj/EXECUTABLES/fsck.f2fs_intermediates/import_includes
[32mExport includes file:[0m external/f2fs-tools/Android.mk -- /builds/out/target/product/trlteduoszh/obj/EXECUTABLES/fsck.f2fs_intermediates/export_includes
[32mNotice file:[0m external/f2fs-tools/NOTICE -- /builds/out/target/product/trlteduoszh/obj/NOTICE_FILES/src//system/bin/fsck.f2fs.txt
[32mImport includes file:[0m /builds/out/target/product/trlteduoszh/obj/EXECUTABLES/reboot_intermediates/import_includes
make: Circular /builds/out/target/product/trlteduoszh/obj/SHARED_LIBRARIES/libbmlutils_intermediates/teamwin <- /builds/out/target/product/trlteduoszh/obj/EXECUTABLES/recovery_intermediates/recovery dependency dropped.
[32mExport includes file:[0m system/core/reboot/Android.mk -- /builds/out/target/product/trlteduoszh/obj/EXECUTABLES/reboot_intermediates/export_includes
[32mNotice file:[0m system/core/toolbox/NOTICE -- /builds/out/target/product/trlteduoszh/obj/NOTICE_FILES/src//fake_packages/toolbox_symlinks-timestamp.txt
mkdir -p /builds/out/target/product/trlteduoszh/recovery/root/twres/
cp -fr bootable/recovery/gui/theme/common/fonts bootable/recovery/gui/theme/common/languages bootable/recovery/gui/theme/common/portrait.xml  /builds/out/target/product/trlteduoszh/recovery/root/twres/
cp -fr bootable/recovery/gui/theme/portrait_hdpi/* /builds/out/target/product/trlteduoszh/recovery/root/twres/
Symlink: /builds/out/target/product/trlteduoszh/recovery/root/sbin/[ -> busybox
Symlink: /builds/out/target/product/trlteduoszh/recovery/root/sbin/[[ -> busybox
mkdir -p /builds/out/target/product/trlteduoszh/recovery/root/sbin/
ln -sf /sbin/busybox /builds/out/target/product/trlteduoszh/recovery/root/sbin/sh
ln -sf /sbin/pigz /builds/out/target/product/trlteduoszh/recovery/root/sbin/gzip
Symlink: /builds/out/target/product/trlteduoszh/recovery/root/sbin/adjtimex -> busybox
Symlink: /builds/out/target/product/trlteduoszh/recovery/root/sbin/arp -> busybox
ln -sf /sbin/unpigz /builds/out/target/product/trlteduoszh/recovery/root/sbin/gunzip
Symlink: /builds/out/target/product/trlteduoszh/recovery/root/sbin/ash -> busybox
Symlink: /builds/out/target/product/trlteduoszh/recovery/root/sbin/awk -> busybox
Symlink: /builds/out/target/product/trlteduoszh/recovery/root/sbin/base64 -> busybox
Symlink: /builds/out/target/product/trlteduoszh/recovery/root/sbin/basename -> busybox
Symlink: /builds/out/target/product/trlteduoszh/recovery/root/sbin/bbconfig -> busybox
Symlink: /builds/out/target/product/trlteduoszh/recovery/root/sbin/blkid -> busybox
Symlink: /builds/out/target/product/trlteduoszh/recovery/root/sbin/blockdev -> busybox
Symlink: /builds/out/target/product/trlteduoszh/recovery/root/sbin/brctl -> busybox
Symlink: /builds/out/target/product/trlteduoszh/recovery/root/sbin/bunzip2 -> busybox
Symlink: /builds/out/target/product/trlteduoszh/recovery/root/sbin/bzcat -> busybox
Symlink: /builds/out/target/product/trlteduoszh/recovery/root/sbin/bzip2 -> busybox
Symlink: /builds/out/target/product/trlteduoszh/recovery/root/sbin/cal -> busybox
Symlink: /builds/out/target/product/trlteduoszh/recovery/root/sbin/cat -> busybox
Symlink: /builds/out/target/product/trlteduoszh/recovery/root/sbin/catv -> busybox
Symlink: /builds/out/target/product/trlteduoszh/recovery/root/sbin/chattr -> busybox
Symlink: /builds/out/target/product/trlteduoszh/recovery/root/sbin/chcon -> busybox
Symlink: /builds/out/target/product/trlteduoszh/recovery/root/sbin/chgrp -> busybox
Symlink: /builds/out/target/product/trlteduoszh/recovery/root/sbin/chmod -> busybox
Symlink: /builds/out/target/product/trlteduoszh/recovery/root/sbin/chown -> busybox
Symlink: /builds/out/target/product/trlteduoszh/recovery/root/sbin/chroot -> busybox
Symlink: /builds/out/target/product/trlteduoszh/recovery/root/sbin/chvt -> busybox
Symlink: /builds/out/target/product/trlteduoszh/recovery/root/sbin/clear -> busybox
Symlink: /builds/out/target/product/trlteduoszh/recovery/root/sbin/cmp -> busybox
Symlink: /builds/out/target/product/trlteduoszh/recovery/root/sbin/comm -> busybox
  GEN     include/usage.h
Symlink: /builds/out/target/product/trlteduoszh/recovery/root/sbin/cp -> busybox
Symlink: /builds/out/target/product/trlteduoszh/recovery/root/sbin/cpio -> busybox
Symlink: /builds/out/target/product/trlteduoszh/recovery/root/sbin/crond -> busybox
  GEN     debianutils/Kbuild
Symlink: /builds/out/target/product/trlteduoszh/recovery/root/sbin/crontab -> busybox
Symlink: /builds/out/target/product/trlteduoszh/recovery/root/sbin/cut -> busybox
  GEN     debianutils/Config.in
Symlink: /builds/out/target/product/trlteduoszh/recovery/root/sbin/date -> busybox
  GEN     loginutils/Kbuild
Symlink: /builds/out/target/product/trlteduoszh/recovery/root/sbin/dc -> busybox
Symlink: /builds/out/target/product/trlteduoszh/recovery/root/sbin/dd -> busybox
Symlink: /builds/out/target/product/trlteduoszh/recovery/root/sbin/deallocvt -> busybox
  GEN     loginutils/Config.in
Symlink: /builds/out/target/product/trlteduoszh/recovery/root/sbin/depmod -> busybox
  GEN     selinux/Kbuild
Symlink: /builds/out/target/product/trlteduoszh/recovery/root/sbin/devmem -> busybox
Symlink: /builds/out/target/product/trlteduoszh/recovery/root/sbin/df -> busybox
  GEN     selinux/Config.in
Symlink: /builds/out/target/product/trlteduoszh/recovery/root/sbin/diff -> busybox
Symlink: /builds/out/target/product/trlteduoszh/recovery/root/sbin/dirname -> busybox
  GEN     mailutils/Kbuild
Symlink: /builds/out/target/product/trlteduoszh/recovery/root/sbin/dmesg -> busybox
  GEN     mailutils/Config.in
Symlink: /builds/out/target/product/trlteduoszh/recovery/root/sbin/dnsd -> busybox
Symlink: /builds/out/target/product/trlteduoszh/recovery/root/sbin/dos2unix -> busybox
Symlink: /builds/out/target/product/trlteduoszh/recovery/root/sbin/du -> busybox
Symlink: /builds/out/target/product/trlteduoszh/recovery/root/sbin/echo -> busybox
  GEN     util-linux/Kbuild
Symlink: /builds/out/target/product/trlteduoszh/recovery/root/sbin/ed -> busybox
Symlink: /builds/out/target/product/trlteduoszh/recovery/root/sbin/egrep -> busybox
  GEN     util-linux/Config.in
Symlink: /builds/out/target/product/trlteduoszh/recovery/root/sbin/env -> busybox
Symlink: /builds/out/target/product/trlteduoszh/recovery/root/sbin/expand -> busybox
  GEN     util-linux/volume_id/Kbuild
Symlink: /builds/out/target/product/trlteduoszh/recovery/root/sbin/expr -> busybox
Symlink: /builds/out/target/product/trlteduoszh/recovery/root/sbin/false -> busybox
  GEN     util-linux/volume_id/Config.in
Symlink: /builds/out/target/product/trlteduoszh/recovery/root/sbin/fbsplash -> busybox
Symlink: /builds/out/target/product/trlteduoszh/recovery/root/sbin/fdisk -> busybox
  GEN     applets/Kbuild
Symlink: /builds/out/target/product/trlteduoszh/recovery/root/sbin/fgconsole -> busybox
Symlink: /builds/out/target/product/trlteduoszh/recovery/root/sbin/fgrep -> busybox
  GEN     miscutils/Kbuild
Symlink: /builds/out/target/product/trlteduoszh/recovery/root/sbin/find -> busybox
Symlink: /builds/out/target/product/trlteduoszh/recovery/root/sbin/findfs -> busybox
  GEN     miscutils/Config.in
Symlink: /builds/out/target/product/trlteduoszh/recovery/root/sbin/flash_lock -> busybox
Symlink: /builds/out/target/product/trlteduoszh/recovery/root/sbin/flash_unlock -> busybox
  GEN     sysklogd/Kbuild
Symlink: /builds/out/target/product/trlteduoszh/recovery/root/sbin/flashcp -> busybox
  GEN     sysklogd/Config.in
Symlink: /builds/out/target/product/trlteduoszh/recovery/root/sbin/flock -> busybox
Symlink: /builds/out/target/product/trlteduoszh/recovery/root/sbin/fold -> busybox
Symlink: /builds/out/target/product/trlteduoszh/recovery/root/sbin/free -> busybox
Symlink: /builds/out/target/product/trlteduoszh/recovery/root/sbin/freeramdisk -> busybox
Symlink: /builds/out/target/product/trlteduoszh/recovery/root/sbin/fstrim -> busybox
  GEN     libbb/Kbuild
Symlink: /builds/out/target/product/trlteduoszh/recovery/root/sbin/fsync -> busybox
Symlink: /builds/out/target/product/trlteduoszh/recovery/root/sbin/ftpget -> busybox
Symlink: /builds/out/target/product/trlteduoszh/recovery/root/sbin/ftpput -> busybox
Symlink: /builds/out/target/product/trlteduoszh/recovery/root/sbin/fuser -> busybox
  GEN     libbb/Config.in
Symlink: /builds/out/target/product/trlteduoszh/recovery/root/sbin/getopt -> busybox
  GEN     libpwdgrp/Kbuild
Symlink: /builds/out/target/product/trlteduoszh/recovery/root/sbin/getenforce -> busybox
Symlink: /builds/out/target/product/trlteduoszh/recovery/root/sbin/getsebool -> busybox
Symlink: /builds/out/target/product/trlteduoszh/recovery/root/sbin/grep -> busybox
Symlink: /builds/out/target/product/trlteduoszh/recovery/root/sbin/groups -> busybox
  GEN     networking/Kbuild
Symlink: /builds/out/target/product/trlteduoszh/recovery/root/sbin/halt -> busybox
Symlink: /builds/out/target/product/trlteduoszh/recovery/root/sbin/head -> busybox
Symlink: /builds/out/target/product/trlteduoszh/recovery/root/sbin/hexdump -> busybox
  GEN     networking/Config.in
Symlink: /builds/out/target/product/trlteduoszh/recovery/root/sbin/hwclock -> busybox
Symlink: /builds/out/target/product/trlteduoszh/recovery/root/sbin/id -> busybox
  GEN     networking/udhcp/Kbuild
Symlink: /builds/out/target/product/trlteduoszh/recovery/root/sbin/ifconfig -> busybox
  GEN     networking/udhcp/Config.in
Symlink: /builds/out/target/product/trlteduoszh/recovery/root/sbin/inetd -> busybox
Symlink: /builds/out/target/product/trlteduoszh/recovery/root/sbin/insmod -> busybox
Symlink: /builds/out/target/product/trlteduoszh/recovery/root/sbin/install -> busybox
  GEN     networking/libiproute/Kbuild
Symlink: /builds/out/target/product/trlteduoszh/recovery/root/sbin/ionice -> busybox
Symlink: /builds/out/target/product/trlteduoszh/recovery/root/sbin/iostat -> busybox
  GEN     console-tools/Kbuild
Symlink: /builds/out/target/product/trlteduoszh/recovery/root/sbin/ip -> busybox
  GEN     console-tools/Config.in
Symlink: /builds/out/target/product/trlteduoszh/recovery/root/sbin/kill -> busybox
Symlink: /builds/out/target/product/trlteduoszh/recovery/root/sbin/killall -> busybox
  GEN     scripts/Kbuild
Symlink: /builds/out/target/product/trlteduoszh/recovery/root/sbin/killall5 -> busybox
Symlink: /builds/out/target/product/trlteduoszh/recovery/root/sbin/less -> busybox
Symlink: /builds/out/target/product/trlteduoszh/recovery/root/sbin/ln -> busybox
Symlink: /builds/out/target/product/trlteduoszh/recovery/root/sbin/losetup -> busybox
  GEN     coreutils/Kbuild
Symlink: /builds/out/target/product/trlteduoszh/recovery/root/sbin/ls -> busybox
Symlink: /builds/out/target/product/trlteduoszh/recovery/root/sbin/lsattr -> busybox
Symlink: /builds/out/target/product/trlteduoszh/recovery/root/sbin/lsmod -> busybox
  GEN     coreutils/Config.in
Symlink: /builds/out/target/product/trlteduoszh/recovery/root/sbin/lspci -> busybox
Symlink: /builds/out/target/product/trlteduoszh/recovery/root/sbin/lsusb -> busybox
  GEN     coreutils/libcoreutils/Kbuild
Symlink: /builds/out/target/product/trlteduoszh/recovery/root/sbin/lzcat -> busybox
Symlink: /builds/out/target/product/trlteduoszh/recovery/root/sbin/lzma -> busybox
  GEN     printutils/Kbuild
Symlink: /builds/out/target/product/trlteduoszh/recovery/root/sbin/lzop -> busybox
  GEN     printutils/Config.in
Symlink: /builds/out/target/product/trlteduoszh/recovery/root/sbin/lzopcat -> busybox
Symlink: /builds/out/target/product/trlteduoszh/recovery/root/sbin/man -> busybox
Symlink: /builds/out/target/product/trlteduoszh/recovery/root/sbin/matchpathcon -> busybox
  GEN     shell/Kbuild
Symlink: /builds/out/target/product/trlteduoszh/recovery/root/sbin/md5sum -> busybox
Symlink: /builds/out/target/product/trlteduoszh/recovery/root/sbin/mesg -> busybox
Symlink: /builds/out/target/product/trlteduoszh/recovery/root/sbin/mkdir -> busybox
Symlink: /builds/out/target/product/trlteduoszh/recovery/root/sbin/mkfifo -> busybox
  GEN     shell/Config.in
Symlink: /builds/out/target/product/trlteduoszh/recovery/root/sbin/mkfs.ext2 -> busybox
Symlink: /builds/out/target/product/trlteduoszh/recovery/root/sbin/mknod -> busybox
  GEN     procps/Kbuild
Symlink: /builds/out/target/product/trlteduoszh/recovery/root/sbin/mkswap -> busybox
Symlink: /builds/out/target/product/trlteduoszh/recovery/root/sbin/mktemp -> busybox
  GEN     procps/Config.in
Symlink: /builds/out/target/product/trlteduoszh/recovery/root/sbin/modinfo -> busybox
Symlink: /builds/out/target/product/trlteduoszh/recovery/root/sbin/modprobe -> busybox
  GEN     archival/Kbuild
Symlink: /builds/out/target/product/trlteduoszh/recovery/root/sbin/more -> busybox
Symlink: /builds/out/target/product/trlteduoszh/recovery/root/sbin/mount -> busybox
  GEN     archival/Config.in
Symlink: /builds/out/target/product/trlteduoszh/recovery/root/sbin/mountpoint -> busybox
Symlink: /builds/out/target/product/trlteduoszh/recovery/root/sbin/mpstat -> busybox
Symlink: /builds/out/target/product/trlteduoszh/recovery/root/sbin/mv -> busybox
  GEN     archival/libarchive/Kbuild
Symlink: /builds/out/target/product/trlteduoszh/recovery/root/sbin/nanddump -> busybox
Symlink: /builds/out/target/product/trlteduoszh/recovery/root/sbin/nandwrite -> busybox
Symlink: /builds/out/target/product/trlteduoszh/recovery/root/sbin/nbd-client -> busybox
  GEN     editors/Kbuild
Symlink: /builds/out/target/product/trlteduoszh/recovery/root/sbin/nc -> busybox
  GEN     editors/Config.in
Symlink: /builds/out/target/product/trlteduoszh/recovery/root/sbin/netstat -> busybox
Symlink: /builds/out/target/product/trlteduoszh/recovery/root/sbin/nice -> busybox
  GEN     init/Kbuild
Symlink: /builds/out/target/product/trlteduoszh/recovery/root/sbin/nmeter -> busybox
Symlink: /builds/out/target/product/trlteduoszh/recovery/root/sbin/nohup -> busybox
Symlink: /builds/out/target/product/trlteduoszh/recovery/root/sbin/nslookup -> busybox
  GEN     init/Config.in
  GEN     runit/Kbuild
Symlink: /builds/out/target/product/trlteduoszh/recovery/root/sbin/ntpd -> busybox
Symlink: /builds/out/target/product/trlteduoszh/recovery/root/sbin/od -> busybox
Symlink: /builds/out/target/product/trlteduoszh/recovery/root/sbin/openvt -> busybox
  GEN     runit/Config.in
Symlink: /builds/out/target/product/trlteduoszh/recovery/root/sbin/patch -> busybox
  GEN     modutils/Kbuild
Symlink: /builds/out/target/product/trlteduoszh/recovery/root/sbin/pgrep -> busybox
Symlink: /builds/out/target/product/trlteduoszh/recovery/root/sbin/pidof -> busybox
  GEN     modutils/Config.in
Symlink: /builds/out/target/product/trlteduoszh/recovery/root/sbin/pipe_progress -> busybox
Symlink: /builds/out/target/product/trlteduoszh/recovery/root/sbin/ping -> busybox
Symlink: /builds/out/target/product/trlteduoszh/recovery/root/sbin/pkill -> busybox
  GEN     findutils/Kbuild
Symlink: /builds/out/target/product/trlteduoszh/recovery/root/sbin/poweroff -> busybox
  GEN     findutils/Config.in
Symlink: /builds/out/target/product/trlteduoszh/recovery/root/sbin/pmap -> busybox
Symlink: /builds/out/target/product/trlteduoszh/recovery/root/sbin/printenv -> busybox
Symlink: /builds/out/target/product/trlteduoszh/recovery/root/sbin/printf -> busybox
  GEN     e2fsprogs/Kbuild
Symlink: /builds/out/target/product/trlteduoszh/recovery/root/sbin/pstree -> busybox
Symlink: /builds/out/target/product/trlteduoszh/recovery/root/sbin/ps -> busybox
  GEN     e2fsprogs/Config.in
Symlink: /builds/out/target/product/trlteduoszh/recovery/root/sbin/pwd -> busybox
Symlink: /builds/out/target/product/trlteduoszh/recovery/root/sbin/pwdx -> busybox
Symlink: /builds/out/target/product/trlteduoszh/recovery/root/sbin/rdate -> busybox
  GEN     e2fsprogs/old_e2fsprogs/Kbuild
Symlink: /builds/out/target/product/trlteduoszh/recovery/root/sbin/rdev -> busybox
  GEN     e2fsprogs/old_e2fsprogs/Config.in
Symlink: /builds/out/target/product/trlteduoszh/recovery/root/sbin/readlink -> busybox
Symlink: /builds/out/target/product/trlteduoszh/recovery/root/sbin/realpath -> busybox
Symlink: /builds/out/target/product/trlteduoszh/recovery/root/sbin/renice -> busybox
  GEN     e2fsprogs/old_e2fsprogs/e2p/Kbuild
Symlink: /builds/out/target/product/trlteduoszh/recovery/root/sbin/reset -> busybox
Symlink: /builds/out/target/product/trlteduoszh/recovery/root/sbin/resize -> busybox
Symlink: /builds/out/target/product/trlteduoszh/recovery/root/sbin/restorecon -> busybox
  GEN     e2fsprogs/old_e2fsprogs/ext2fs/Kbuild
Symlink: /builds/out/target/product/trlteduoszh/recovery/root/sbin/rev -> busybox
Symlink: /builds/out/target/product/trlteduoszh/recovery/root/sbin/rm -> busybox
  GEN     e2fsprogs/old_e2fsprogs/blkid/Kbuild
Symlink: /builds/out/target/product/trlteduoszh/recovery/root/sbin/rmdir -> busybox
  GEN     e2fsprogs/old_e2fsprogs/uuid/Kbuild
Symlink: /builds/out/target/product/trlteduoszh/recovery/root/sbin/rmmod -> busybox
  Using /builds/omni-5.1/external/busybox as source for busybox
Symlink: /builds/out/target/product/trlteduoszh/recovery/root/sbin/route -> busybox
Symlink: /builds/out/target/product/trlteduoszh/recovery/root/sbin/runcon -> busybox
Symlink: /builds/out/target/product/trlteduoszh/recovery/root/sbin/run-parts -> busybox
Symlink: /builds/out/target/product/trlteduoszh/recovery/root/sbin/rx -> busybox
Symlink: /builds/out/target/product/trlteduoszh/recovery/root/sbin/sed -> busybox
Symlink: /builds/out/target/product/trlteduoszh/recovery/root/sbin/selinuxenabled -> busybox
Symlink: /builds/out/target/product/trlteduoszh/recovery/root/sbin/seq -> busybox
Symlink: /builds/out/target/product/trlteduoszh/recovery/root/sbin/sestatus -> busybox
Symlink: /builds/out/target/product/trlteduoszh/recovery/root/sbin/setconsole -> busybox
Symlink: /builds/out/target/product/trlteduoszh/recovery/root/sbin/setenforce -> busybox
  HOSTCC  scripts/basic/fixdep
Symlink: /builds/out/target/product/trlteduoszh/recovery/root/sbin/setfiles -> busybox
  GEN     /builds/out/target/product/trlteduoszh/obj/busybox/full/Makefile
Symlink: /builds/out/target/product/trlteduoszh/recovery/root/sbin/setkeycodes -> busybox
Symlink: /builds/out/target/product/trlteduoszh/recovery/root/sbin/setsebool -> busybox
Symlink: /builds/out/target/product/trlteduoszh/recovery/root/sbin/setserial -> busybox
Symlink: /builds/out/target/product/trlteduoszh/recovery/root/sbin/setsid -> busybox
Symlink: /builds/out/target/product/trlteduoszh/recovery/root/sbin/sh -> busybox
Symlink: /builds/out/target/product/trlteduoszh/recovery/root/sbin/sha1sum -> busybox
Symlink: /builds/out/target/product/trlteduoszh/recovery/root/sbin/sha256sum -> busybox
Symlink: /builds/out/target/product/trlteduoszh/recovery/root/sbin/sha3sum -> busybox
Symlink: /builds/out/target/product/trlteduoszh/recovery/root/sbin/sha512sum -> busybox
Symlink: /builds/out/target/product/trlteduoszh/recovery/root/sbin/sleep -> busybox
Symlink: /builds/out/target/product/trlteduoszh/recovery/root/sbin/smemcap -> busybox
Symlink: /builds/out/target/product/trlteduoszh/recovery/root/sbin/sort -> busybox
Symlink: /builds/out/target/product/trlteduoszh/recovery/root/sbin/split -> busybox
Symlink: /builds/out/target/product/trlteduoszh/recovery/root/sbin/stat -> busybox
Symlink: /builds/out/target/product/trlteduoszh/recovery/root/sbin/strings -> busybox
Symlink: /builds/out/target/product/trlteduoszh/recovery/root/sbin/stty -> busybox
Symlink: /builds/out/target/product/trlteduoszh/recovery/root/sbin/sum -> busybox
Symlink: /builds/out/target/product/trlteduoszh/recovery/root/sbin/swapoff -> busybox
Symlink: /builds/out/target/product/trlteduoszh/recovery/root/sbin/swapon -> busybox
Symlink: /builds/out/target/product/trlteduoszh/recovery/root/sbin/sync -> busybox
Symlink: /builds/out/target/product/trlteduoszh/recovery/root/sbin/sysctl -> busybox
Symlink: /builds/out/target/product/trlteduoszh/recovery/root/sbin/tac -> busybox
Symlink: /builds/out/target/product/trlteduoszh/recovery/root/sbin/tail -> busybox
Symlink: /builds/out/target/product/trlteduoszh/recovery/root/sbin/tar -> busybox
Symlink: /builds/out/target/product/trlteduoszh/recovery/root/sbin/taskset -> busybox
Symlink: /builds/out/target/product/trlteduoszh/recovery/root/sbin/tee -> busybox
Symlink: /builds/out/target/product/trlteduoszh/recovery/root/sbin/telnet -> busybox
Symlink: /builds/out/target/product/trlteduoszh/recovery/root/sbin/telnetd -> busybox
Symlink: /builds/out/target/product/trlteduoszh/recovery/root/sbin/test -> busybox
Symlink: /builds/out/target/product/trlteduoszh/recovery/root/sbin/tftp -> busybox
Symlink: /builds/out/target/product/trlteduoszh/recovery/root/sbin/tftpd -> busybox
Symlink: /builds/out/target/product/trlteduoszh/recovery/root/sbin/time -> busybox
Symlink: /builds/out/target/product/trlteduoszh/recovery/root/sbin/timeout -> busybox
Symlink: /builds/out/target/product/trlteduoszh/recovery/root/sbin/top -> busybox
  HOSTCC  scripts/basic/split-include
  HOSTCC  scripts/basic/docproc
Symlink: /builds/out/target/product/trlteduoszh/recovery/root/sbin/touch -> busybox
Symlink: /builds/out/target/product/trlteduoszh/recovery/root/sbin/tr -> busybox
Symlink: /builds/out/target/product/trlteduoszh/recovery/root/sbin/traceroute -> busybox
Symlink: /builds/out/target/product/trlteduoszh/recovery/root/sbin/true -> busybox
Symlink: /builds/out/target/product/trlteduoszh/recovery/root/sbin/ttysize -> busybox
Symlink: /builds/out/target/product/trlteduoszh/recovery/root/sbin/umount -> busybox
/builds/omni-5.1/external/busybox/scripts/basic/split-include.c: In function 'main':
/builds/omni-5.1/external/busybox/scripts/basic/split-include.c:134:11: warning: ignoring return value of 'fgets', declared with attribute warn_unused_result [-Wunused-result]
      fgets(old_line, buffer_size, fp_target);
           ^
Symlink: /builds/out/target/product/trlteduoszh/recovery/root/sbin/uname -> busybox
Symlink: /builds/out/target/product/trlteduoszh/recovery/root/sbin/uncompress -> busybox
Symlink: /builds/out/target/product/trlteduoszh/recovery/root/sbin/unexpand -> busybox
Symlink: /builds/out/target/product/trlteduoszh/recovery/root/sbin/uniq -> busybox
Symlink: /builds/out/target/product/trlteduoszh/recovery/root/sbin/unix2dos -> busybox
Symlink: /builds/out/target/product/trlteduoszh/recovery/root/sbin/unlzma -> busybox
Symlink: /builds/out/target/product/trlteduoszh/recovery/root/sbin/unlzop -> busybox
Symlink: /builds/out/target/product/trlteduoszh/recovery/root/sbin/unxz -> busybox
Symlink: /builds/out/target/product/trlteduoszh/recovery/root/sbin/unzip -> busybox
Symlink: /builds/out/target/product/trlteduoszh/recovery/root/sbin/uptime -> busybox
Symlink: /builds/out/target/product/trlteduoszh/recovery/root/sbin/usleep -> busybox
Symlink: /builds/out/target/product/trlteduoszh/recovery/root/sbin/uudecode -> busybox
Symlink: /builds/out/target/product/trlteduoszh/recovery/root/sbin/uuencode -> busybox
Symlink: /builds/out/target/product/trlteduoszh/recovery/root/sbin/vi -> busybox
Symlink: /builds/out/target/product/trlteduoszh/recovery/root/sbin/watch -> busybox
Symlink: /builds/out/target/product/trlteduoszh/recovery/root/sbin/wc -> busybox
Symlink: /builds/out/target/product/trlteduoszh/recovery/root/sbin/wget -> busybox
Symlink: /builds/out/target/product/trlteduoszh/recovery/root/sbin/which -> busybox
Symlink: /builds/out/target/product/trlteduoszh/recovery/root/sbin/whoami -> busybox
Symlink: /builds/out/target/product/trlteduoszh/recovery/root/sbin/xargs -> busybox
Symlink: /builds/out/target/product/trlteduoszh/recovery/root/sbin/xz -> busybox
Symlink: /builds/out/target/product/trlteduoszh/recovery/root/sbin/xzcat -> busybox
Symlink: /builds/out/target/product/trlteduoszh/recovery/root/sbin/zcat -> busybox
Symlink: /builds/out/target/product/trlteduoszh/recovery/root/sbin/yes -> busybox
[32mNotice file:[0m bootable/recovery/NOTICE -- /builds/out/target/product/trlteduoszh/obj/NOTICE_FILES/src//fake_packages/busybox_symlinks-timestamp.txt
[32mExport includes file:[0m bootable/recovery/gui/Android.mk -- /builds/out/target/product/trlteduoszh/obj/STATIC_LIBRARIES/libguitwrp_intermediates/export_includes
[32mImport includes file:[0m /builds/out/target/product/trlteduoszh/obj/STATIC_LIBRARIES/libguitwrp_intermediates/import_includes
[32mExport includes file:[0m bootable/recovery/Android.mk -- /builds/out/target/product/trlteduoszh/obj/EXECUTABLES/recovery_intermediates/export_includes
[32mNotice file:[0m bootable/recovery/NOTICE -- /builds/out/target/product/trlteduoszh/obj/NOTICE_FILES/src//recovery/root/sbin/recovery.txt
[32mExport includes file:[0m external/zlib/Android.mk -- /builds/out/target/product/trlteduoszh/obj/STATIC_LIBRARIES/libz_intermediates/export_includes
[32mExport includes file:[0m external/exfat/fuse/Android.mk -- /builds/out/target/product/trlteduoszh/obj/STATIC_LIBRARIES/libexfat_mount_intermediates/export_includes
[32mExport includes file:[0m external/exfat/fsck/Android.mk -- /builds/out/target/product/trlteduoszh/obj/STATIC_LIBRARIES/libexfat_fsck_intermediates/export_includes
[32mExport includes file:[0m external/exfat/mkfs/Android.mk -- /builds/out/target/product/trlteduoszh/obj/STATIC_LIBRARIES/libexfat_mkfs_intermediates/export_includes
[32mExport includes file:[0m external/exfat/libexfat/Android.mk -- /builds/out/target/product/trlteduoszh/obj/STATIC_LIBRARIES/libexfat_intermediates/export_includes
[32mExport includes file:[0m external/fuse/lib/Android.mk -- /builds/out/target/product/trlteduoszh/obj/STATIC_LIBRARIES/libfuse_intermediates/export_includes
[32mImport includes file:[0m /builds/out/target/product/trlteduoszh/obj/STATIC_LIBRARIES/libz_intermediates/import_includes
[32mImport includes file:[0m /builds/out/target/product/trlteduoszh/obj/STATIC_LIBRARIES/libexfat_mount_intermediates/import_includes
[32mImport includes file:[0m /builds/out/target/product/trlteduoszh/obj/STATIC_LIBRARIES/libexfat_fsck_intermediates/import_includes
[32mImport includes file:[0m /builds/out/target/product/trlteduoszh/obj/STATIC_LIBRARIES/libexfat_mkfs_intermediates/import_includes
[32mImport includes file:[0m /builds/out/target/product/trlteduoszh/obj/STATIC_LIBRARIES/libexfat_intermediates/import_includes
[32mImport includes file:[0m /builds/out/target/product/trlteduoszh/obj/STATIC_LIBRARIES/libfuse_intermediates/import_includes
[32mExport includes file:[0m external/exfat/Android.mk -- /builds/out/target/product/trlteduoszh/obj/RECOVERY_EXECUTABLES/mount.exfat_static_intermediates/export_includes
[32mNotice file:[0m external/zlib/NOTICE -- /builds/out/target/product/trlteduoszh/obj/NOTICE_FILES/src//system/lib/libz.a.txt
[32mExport includes file:[0m system/core/fs_mgr/Android.mk -- /builds/out/target/product/trlteduoszh/obj/STATIC_LIBRARIES/libfs_mgr_intermediates/export_includes
[32mNotice file:[0m external/sepolicy/NOTICE -- /builds/out/target/product/trlteduoszh/obj/NOTICE_FILES/src//root/file_contexts.txt
[32mExport includes file:[0m system/core/logwrapper/Android.mk -- /builds/out/target/product/trlteduoszh/obj/STATIC_LIBRARIES/liblogwrap_intermediates/export_includes
[32mExport includes file:[0m system/extras/ext4_utils/Android.mk -- /builds/out/target/product/trlteduoszh/obj/STATIC_LIBRARIES/libext4_utils_static_intermediates/export_includes
[32mExport includes file:[0m system/core/libsparse/Android.mk -- /builds/out/target/product/trlteduoszh/obj/STATIC_LIBRARIES/libsparse_static_intermediates/export_includes
[32mImport includes file:[0m /builds/out/target/product/trlteduoszh/obj/STATIC_LIBRARIES/liblogwrap_intermediates/import_includes
[32mImport includes file:[0m /builds/out/target/product/trlteduoszh/obj/STATIC_LIBRARIES/libsparse_static_intermediates/import_includes
[32mExport includes file:[0m system/core/init/Android.mk -- /builds/out/target/product/trlteduoszh/obj/EXECUTABLES/init_intermediates/export_includes
[32mNotice file:[0m system/core/init/NOTICE -- /builds/out/target/product/trlteduoszh/obj/NOTICE_FILES/src//root/init.txt
[32mNotice file:[0m system/core/logwrapper/NOTICE -- /builds/out/target/product/trlteduoszh/obj/NOTICE_FILES/src//system/lib/liblogwrap.a.txt
[32mNotice file:[0m system/extras/ext4_utils/NOTICE -- /builds/out/target/product/trlteduoszh/obj/NOTICE_FILES/src//system/lib/libext4_utils_static.a.txt
[32mNotice file:[0m external/sepolicy/NOTICE -- /builds/out/target/product/trlteduoszh/obj/NOTICE_FILES/src//root/property_contexts.txt
[32mImport includes file:[0m /builds/out/target/product/trlteduoszh/obj/EXECUTABLES/adbd_intermediates/import_includes
[32mExport includes file:[0m system/core/adb/Android.mk -- /builds/out/target/product/trlteduoszh/obj/EXECUTABLES/adbd_intermediates/export_includes
[32mNotice file:[0m system/core/adb/NOTICE -- /builds/out/target/product/trlteduoszh/obj/NOTICE_FILES/src//root/sbin/adbd.txt
[32mExport includes file:[0m frameworks/native/services/batteryservice/Android.mk -- /builds/out/target/product/trlteduoszh/obj/STATIC_LIBRARIES/libbatteryservice_intermediates/export_includes
[32mExport includes file:[0m frameworks/native/libs/binder/Android.mk -- /builds/out/target/product/trlteduoszh/obj/STATIC_LIBRARIES/libbinder_intermediates/export_includes
[32mExport includes file:[0m bootable/recovery/minui.old/Android.mk -- /builds/out/target/product/trlteduoszh/obj/STATIC_LIBRARIES/libminui_intermediates/export_includes
[32mExport includes file:[0m external/libpng/Android.mk -- /builds/out/target/product/trlteduoszh/obj/STATIC_LIBRARIES/libpng_intermediates/export_includes
[32mExport includes file:[0m bionic/libc/Android.mk -- /builds/out/target/product/trlteduoszh/obj/STATIC_LIBRARIES/libstdc++_intermediates/export_includes
[32mExport includes file:[0m system/core/healthd/Android.mk -- /builds/out/target/product/trlteduoszh/obj/STATIC_LIBRARIES/libhealthd.default_intermediates/export_includes
[32mImport includes file:[0m /builds/out/target/product/trlteduoszh/obj/STATIC_LIBRARIES/libbatteryservice_intermediates/import_includes
[32mImport includes file:[0m /builds/out/target/product/trlteduoszh/obj/STATIC_LIBRARIES/libbinder_intermediates/import_includes
[32mExport includes file:[0m system/core/libpixelflinger/Android.mk -- /builds/out/target/product/trlteduoszh/obj/STATIC_LIBRARIES/libpixelflinger_static_intermediates/export_includes
[32mImport includes file:[0m /builds/out/target/product/trlteduoszh/obj/STATIC_LIBRARIES/libpixelflinger_static_intermediates/import_includes
[32mImport includes file:[0m /builds/out/target/product/trlteduoszh/obj/STATIC_LIBRARIES/libpng_intermediates/import_includes
[32mImport includes file:[0m /builds/out/target/product/trlteduoszh/obj/STATIC_LIBRARIES/libstdc++_intermediates/import_includes
[32mImport includes file:[0m /builds/out/target/product/trlteduoszh/obj/STATIC_LIBRARIES/libhealthd.default_intermediates/import_includes
[32mExport includes file:[0m system/core/healthd/Android.mk -- /builds/out/target/product/trlteduoszh/obj/EXECUTABLES/healthd_intermediates/export_includes
[32mNotice file:[0m external/libpng/NOTICE -- /builds/out/target/product/trlteduoszh/obj/NOTICE_FILES/src//system/lib/libpng.a.txt
[32mNotice file:[0m bionic/libc/NOTICE -- /builds/out/target/product/trlteduoszh/obj/NOTICE_FILES/src//system/lib/libstdc++.a.txt
[32mNotice file:[0m external/sepolicy/NOTICE -- /builds/out/target/product/trlteduoszh/obj/NOTICE_FILES/src//root/seapp_contexts.txt
[32mNotice file:[0m external/sepolicy/NOTICE -- /builds/out/target/product/trlteduoszh/obj/NOTICE_FILES/src//root/selinux_version.txt
[32mNotice file:[0m external/sepolicy/NOTICE -- /builds/out/target/product/trlteduoszh/obj/NOTICE_FILES/src//root/sepolicy.txt
[32mNotice file:[0m external/sepolicy/NOTICE -- /builds/out/target/product/trlteduoszh/obj/NOTICE_FILES/src//root/service_contexts.txt
Target buildinfo: /builds/out/target/product/trlteduoszh/root/default.prop
mkdir -p /builds/out/target/product/trlteduoszh/obj/KERNEL_OBJ
mkdir -p /builds/out/target/product/trlteduoszh/system/lib/modules
build/tools/post_process_props.py /builds/out/target/product/trlteduoszh/root/default.prop
Target buildinfo: /builds/out/target/product/trlteduoszh/system/build.prop
Target buildinfo from: device/samsung/trlteduoszh/system.prop
[32mImport includes file:[0m /builds/out/target/product/trlteduoszh/obj/RECOVERY_EXECUTABLES/dump_image_intermediates/import_includes
[32mImport includes file:[0m /builds/out/target/product/trlteduoszh/obj/SHARED_LIBRARIES/libbmlutils_intermediates/import_includes
[32mImport includes file:[0m /builds/out/target/product/trlteduoszh/obj/SHARED_LIBRARIES/libc_intermediates/import_includes
[32mImport includes file:[0m /builds/out/target/product/trlteduoszh/obj/SHARED_LIBRARIES/libdl_intermediates/import_includes
[32mImport includes file:[0m /builds/out/target/product/trlteduoszh/obj/STATIC_LIBRARIES/libcompiler_rt-extras_intermediates/import_includes
[32mImport includes file:[0m /builds/out/target/product/trlteduoszh/obj/STATIC_LIBRARIES/libc_common_intermediates/import_includes
[36mtarget thumb C:[0m libc_aeabi <= bionic/libc/arch-arm/bionic/__aeabi.c
[36mtarget asm:[0m libc_bionic <= bionic/libc/arch-arm/bionic/abort_arm.S
[36mtarget asm:[0m libc_bionic <= bionic/libc/arch-arm/bionic/__bionic_clone.S
[36mtarget asm:[0m libc_bionic <= bionic/libc/arch-arm/bionic/_exit_with_stack_teardown.S
[36mtarget asm:[0m libc_bionic <= bionic/libc/arch-arm/bionic/memcmp.S
[36mtarget asm:[0m libc_bionic <= bionic/libc/arch-arm/bionic/__restore.S
[36mtarget asm:[0m libc_bionic <= bionic/libc/arch-arm/bionic/_setjmp.S
[36mtarget asm:[0m libc_bionic <= bionic/libc/arch-arm/bionic/setjmp.S
[36mtarget asm:[0m libc_bionic <= bionic/libc/arch-arm/bionic/sigsetjmp.S
[36mtarget asm:[0m libc_bionic <= bionic/libc/arch-arm/bionic/syscall.S
[36mtarget asm:[0m libc_bionic <= bionic/libc/arch-arm/krait/bionic/memcpy.S
[36mtarget asm:[0m libc_bionic <= bionic/libc/arch-arm/krait/bionic/memset.S
[36mtarget asm:[0m libc_bionic <= bionic/libc/arch-arm/krait/bionic/strcmp.S
[36mtarget asm:[0m libc_bionic <= bionic/libc/arch-arm/krait/bionic/__strcat_chk.S
[36mtarget asm:[0m libc_bionic <= bionic/libc/arch-arm/krait/bionic/__strcpy_chk.S
[36mtarget asm:[0m libc_bionic <= bionic/libc/arch-arm/cortex-a15/bionic/stpcpy.S
[36mtarget asm:[0m libc_bionic <= bionic/libc/arch-arm/cortex-a15/bionic/strcat.S
[36mtarget asm:[0m libc_bionic <= bionic/libc/arch-arm/cortex-a15/bionic/strcpy.S
[36mtarget asm:[0m libc_bionic <= bionic/libc/arch-arm/cortex-a15/bionic/strlen.S
[36mtarget thumb C++:[0m libc_bionic <= bionic/libc/bionic/abort.cpp
  HOSTCC  scripts/kconfig/conf.o
[36mtarget thumb C++:[0m libc_bionic <= bionic/libc/bionic/accept.cpp
[36mtarget thumb C++:[0m libc_bionic <= bionic/libc/bionic/accept4.cpp
[36mtarget thumb C++:[0m libc_bionic <= bionic/libc/bionic/access.cpp
[36mtarget thumb C++:[0m libc_bionic <= bionic/libc/bionic/assert.cpp
[36mtarget thumb C++:[0m libc_bionic <= bionic/libc/bionic/atof.cpp
/builds/omni-5.1/external/busybox/scripts/kconfig/conf.c: In function 'conf_askvalue':
/builds/omni-5.1/external/busybox/scripts/kconfig/conf.c:106:8: warning: ignoring return value of 'fgets', declared with attribute warn_unused_result [-Wunused-result]
   fgets(line, 128, stdin);
        ^
[36mtarget thumb C++:[0m libc_bionic <= bionic/libc/bionic/bionic_time_conversions.cpp
/builds/omni-5.1/external/busybox/scripts/kconfig/conf.c: In function 'conf_choice':
/builds/omni-5.1/external/busybox/scripts/kconfig/conf.c:354:9: warning: ignoring return value of 'fgets', declared with attribute warn_unused_result [-Wunused-result]
    fgets(line, 128, stdin);
         ^
[36mtarget thumb C++:[0m libc_bionic <= bionic/libc/bionic/brk.cpp
[36mtarget thumb C++:[0m libc_bionic <= bionic/libc/bionic/c16rtomb.cpp
[36mtarget thumb C++:[0m libc_bionic <= bionic/libc/bionic/c32rtomb.cpp
[36mtarget thumb C++:[0m libc_bionic <= bionic/libc/bionic/chmod.cpp
[36mtarget thumb C++:[0m libc_bionic <= bionic/libc/bionic/chown.cpp
[36mtarget thumb C++:[0m libc_bionic <= bionic/libc/bionic/clearenv.cpp
[36mtarget thumb C++:[0m libc_bionic <= bionic/libc/bionic/clock.cpp
[36mtarget thumb C++:[0m libc_bionic <= bionic/libc/bionic/clone.cpp
[36mtarget thumb C++:[0m libc_bionic <= bionic/libc/bionic/__cmsg_nxthdr.cpp
[36mtarget thumb C++:[0m libc_bionic <= bionic/libc/bionic/connect.cpp
  HOSTCC  scripts/kconfig/kxgettext.o
[36mtarget thumb C++:[0m libc_bionic <= bionic/libc/bionic/ctype.cpp
[36mtarget thumb C++:[0m libc_bionic <= bionic/libc/bionic/dirent.cpp
[36mtarget thumb C++:[0m libc_bionic <= bionic/libc/bionic/dup2.cpp
[36mtarget thumb C++:[0m libc_bionic <= bionic/libc/bionic/epoll_create.cpp
[36mtarget thumb C++:[0m libc_bionic <= bionic/libc/bionic/epoll_pwait.cpp
[36mtarget thumb C++:[0m libc_bionic <= bionic/libc/bionic/epoll_wait.cpp
[36mtarget thumb C++:[0m libc_bionic <= bionic/libc/bionic/__errno.cpp
[36mtarget thumb C++:[0m libc_bionic <= bionic/libc/bionic/eventfd_read.cpp
[36mtarget thumb C++:[0m libc_bionic <= bionic/libc/bionic/eventfd_write.cpp
[36mtarget thumb C++:[0m libc_bionic <= bionic/libc/bionic/ffs.cpp
[36mtarget thumb C++:[0m libc_bionic <= bionic/libc/bionic/flockfile.cpp
[36mtarget thumb C++:[0m libc_bionic <= bionic/libc/bionic/fork.cpp
[36mtarget thumb C++:[0m libc_bionic <= bionic/libc/bionic/fpclassify.cpp
[36mtarget thumb C++:[0m libc_bionic <= bionic/libc/bionic/futimens.cpp
  HOSTCC  scripts/kconfig/mconf.o
[36mtarget thumb C++:[0m libc_bionic <= bionic/libc/bionic/getauxval.cpp
  SHIPPED scripts/kconfig/zconf.tab.c
  SHIPPED scripts/kconfig/lex.zconf.c
  SHIPPED scripts/kconfig/zconf.hash.c
[36mtarget thumb C++:[0m libc_bionic <= bionic/libc/bionic/getcwd.cpp
[36mtarget thumb C++:[0m libc_bionic <= bionic/libc/bionic/getpgrp.cpp
[36mtarget thumb C++:[0m libc_bionic <= bionic/libc/bionic/getpid.cpp
[36mtarget thumb C++:[0m libc_bionic <= bionic/libc/bionic/gettid.cpp
[36mtarget thumb C++:[0m libc_bionic <= bionic/libc/bionic/inotify_init.cpp
[36mtarget thumb C++:[0m libc_bionic <= bionic/libc/bionic/lchown.cpp
/builds/omni-5.1/external/busybox/scripts/kconfig/mconf.c: In function 'show_textbox':
/builds/omni-5.1/external/busybox/scripts/kconfig/mconf.c:847:7: warning: ignoring return value of 'write', declared with attribute warn_unused_result [-Wunused-result]
  write(fd, text, strlen(text));
       ^
/builds/omni-5.1/external/busybox/scripts/kconfig/mconf.c: In function 'exec_conf':
/builds/omni-5.1/external/busybox/scripts/kconfig/mconf.c:481:6: warning: ignoring return value of 'pipe', declared with attribute warn_unused_result [-Wunused-result]
  pipe(pipefd);
      ^
[36mtarget thumb C++:[0m libc_bionic <= bionic/libc/bionic/lfs64_support.cpp
[36mtarget thumb C++:[0m libc_bionic <= bionic/libc/bionic/__libc_current_sigrtmax.cpp
[36mtarget thumb C++:[0m libc_bionic <= bionic/libc/bionic/__libc_current_sigrtmin.cpp
[36mtarget thumb C++:[0m libc_bionic <= bionic/libc/bionic/libc_init_common.cpp
[36mtarget thumb C++:[0m libc_bionic <= bionic/libc/bionic/libc_logging.cpp
[36mtarget thumb C++:[0m libc_bionic <= bionic/libc/bionic/libgen.cpp
[36mtarget thumb C++:[0m libc_bionic <= bionic/libc/bionic/link.cpp
[36mtarget thumb C++:[0m libc_bionic <= bionic/libc/bionic/locale.cpp
[36mtarget thumb C++:[0m libc_bionic <= bionic/libc/bionic/lstat.cpp
[36mtarget thumb C++:[0m libc_bionic <= bionic/libc/bionic/mbrtoc16.cpp
  HOSTCC  scripts/kconfig/zconf.tab.o
[36mtarget thumb C++:[0m libc_bionic <= bionic/libc/bionic/mbrtoc32.cpp
[36mtarget thumb C++:[0m libc_bionic <= bionic/libc/bionic/mbstate.cpp
[36mtarget thumb C++:[0m libc_bionic <= bionic/libc/bionic/mkdir.cpp
[36mtarget thumb C++:[0m libc_bionic <= bionic/libc/bionic/mkfifo.cpp
[36mtarget thumb C++:[0m libc_bionic <= bionic/libc/bionic/mknod.cpp
[36mtarget thumb C++:[0m libc_bionic <= bionic/libc/bionic/mntent.cpp
[36mtarget thumb C++:[0m libc_bionic <= bionic/libc/bionic/NetdClientDispatch.cpp
[36mtarget thumb C++:[0m libc_bionic <= bionic/libc/bionic/open.cpp
[36mtarget thumb C++:[0m libc_bionic <= bionic/libc/bionic/pause.cpp
[36mtarget thumb C++:[0m libc_bionic <= bionic/libc/bionic/pipe.cpp
[36mtarget thumb C++:[0m libc_bionic <= bionic/libc/bionic/poll.cpp
[36mtarget thumb C++:[0m libc_bionic <= bionic/libc/bionic/posix_fadvise.cpp
[36mtarget thumb C++:[0m libc_bionic <= bionic/libc/bionic/posix_fallocate.cpp
[36mtarget thumb C++:[0m libc_bionic <= bionic/libc/bionic/posix_timers.cpp
[36mtarget thumb C++:[0m libc_bionic <= bionic/libc/bionic/pthread_atfork.cpp
[36mtarget thumb C++:[0m libc_bionic <= bionic/libc/bionic/pthread_attr.cpp
[36mtarget thumb C++:[0m libc_bionic <= bionic/libc/bionic/pthread_cond.cpp
[36mtarget thumb C++:[0m libc_bionic <= bionic/libc/bionic/pthread_create.cpp
[36mtarget thumb C++:[0m libc_bionic <= bionic/libc/bionic/pthread_detach.cpp
[36mtarget thumb C++:[0m libc_bionic <= bionic/libc/bionic/pthread_equal.cpp
[36mtarget thumb C++:[0m libc_bionic <= bionic/libc/bionic/pthread_exit.cpp
[36mtarget thumb C++:[0m libc_bionic <= bionic/libc/bionic/pthread_getcpuclockid.cpp
[36mtarget thumb C++:[0m libc_bionic <= bionic/libc/bionic/pthread_getschedparam.cpp
[36mtarget thumb C++:[0m libc_bionic <= bionic/libc/bionic/pthread_gettid_np.cpp
[36mtarget thumb C++:[0m libc_bionic <= bionic/libc/bionic/pthread_internals.cpp
[36mtarget thumb C++:[0m libc_bionic <= bionic/libc/bionic/pthread_join.cpp
[36mtarget thumb C++:[0m libc_bionic <= bionic/libc/bionic/pthread_key.cpp
[36mtarget thumb C++:[0m libc_bionic <= bionic/libc/bionic/pthread_kill.cpp
[36mtarget thumb C++:[0m libc_bionic <= bionic/libc/bionic/pthread_mutex.cpp
[36mtarget thumb C++:[0m libc_bionic <= bionic/libc/bionic/pthread_once.cpp
[36mtarget thumb C++:[0m libc_bionic <= bionic/libc/bionic/pthread_rwlock.cpp
[36mtarget thumb C++:[0m libc_bionic <= bionic/libc/bionic/pthread_self.cpp
[36mtarget thumb C++:[0m libc_bionic <= bionic/libc/bionic/pthread_setname_np.cpp
[36mtarget thumb C++:[0m libc_bionic <= bionic/libc/bionic/pthread_setschedparam.cpp
[36mtarget thumb C++:[0m libc_bionic <= bionic/libc/bionic/pthread_sigmask.cpp
[36mtarget thumb C++:[0m libc_bionic <= bionic/libc/bionic/ptrace.cpp
[36mtarget thumb C++:[0m libc_bionic <= bionic/libc/bionic/pty.cpp
[36mtarget thumb C++:[0m libc_bionic <= bionic/libc/bionic/raise.cpp
[36mtarget thumb C++:[0m libc_bionic <= bionic/libc/bionic/rand.cpp
[36mtarget thumb C++:[0m libc_bionic <= bionic/libc/bionic/readlink.cpp
[36mtarget thumb C++:[0m libc_bionic <= bionic/libc/bionic/reboot.cpp
[36mtarget thumb C++:[0m libc_bionic <= bionic/libc/bionic/recv.cpp
[36mtarget thumb C++:[0m libc_bionic <= bionic/libc/bionic/rename.cpp
[36mtarget thumb C++:[0m libc_bionic <= bionic/libc/bionic/rmdir.cpp
[36mtarget thumb C++:[0m libc_bionic <= bionic/libc/bionic/scandir.cpp
[36mtarget thumb C++:[0m libc_bionic <= bionic/libc/bionic/sched_getaffinity.cpp
[36mtarget thumb C++:[0m libc_bionic <= bionic/libc/bionic/sched_getcpu.cpp
[36mtarget thumb C++:[0m libc_bionic <= bionic/libc/bionic/send.cpp
[36mtarget thumb C++:[0m libc_bionic <= bionic/libc/bionic/setegid.cpp
[36mtarget thumb C++:[0m libc_bionic <= bionic/libc/bionic/__set_errno.cpp
[36mtarget thumb C++:[0m libc_bionic <= bionic/libc/bionic/seteuid.cpp
[36mtarget thumb C++:[0m libc_bionic <= bionic/libc/bionic/setpgrp.cpp
[36mtarget thumb C++:[0m libc_bionic <= bionic/libc/bionic/sigaction.cpp
[36mtarget thumb C++:[0m libc_bionic <= bionic/libc/bionic/sigaddset.cpp
[36mtarget thumb C++:[0m libc_bionic <= bionic/libc/bionic/sigdelset.cpp
[36mtarget thumb C++:[0m libc_bionic <= bionic/libc/bionic/sigemptyset.cpp
[36mtarget thumb C++:[0m libc_bionic <= bionic/libc/bionic/sigfillset.cpp
[36mtarget thumb C++:[0m libc_bionic <= bionic/libc/bionic/sigismember.cpp
[36mtarget thumb C++:[0m libc_bionic <= bionic/libc/bionic/signal.cpp
[36mtarget thumb C++:[0m libc_bionic <= bionic/libc/bionic/signalfd.cpp
[36mtarget thumb C++:[0m libc_bionic <= bionic/libc/bionic/sigpending.cpp
[36mtarget thumb C++:[0m libc_bionic <= bionic/libc/bionic/sigprocmask.cpp
[36mtarget thumb C++:[0m libc_bionic <= bionic/libc/bionic/sigsuspend.cpp
[36mtarget thumb C++:[0m libc_bionic <= bionic/libc/bionic/sigwait.cpp
[36mtarget thumb C++:[0m libc_bionic <= bionic/libc/bionic/socket.cpp
[36mtarget thumb C++:[0m libc_bionic <= bionic/libc/bionic/stat.cpp
[36mtarget thumb C++:[0m libc_bionic <= bionic/libc/bionic/statvfs.cpp
[36mtarget thumb C++:[0m libc_bionic <= bionic/libc/bionic/strcoll_l.cpp
[36mtarget thumb C++:[0m libc_bionic <= bionic/libc/bionic/strerror.cpp
[36mtarget thumb C++:[0m libc_bionic <= bionic/libc/bionic/strerror_r.cpp
[36mtarget thumb C++:[0m libc_bionic <= bionic/libc/bionic/strftime_l.cpp
[36mtarget thumb C++:[0m libc_bionic <= bionic/libc/bionic/strsignal.cpp
[36mtarget thumb C++:[0m libc_bionic <= bionic/libc/bionic/strtold.cpp
[36mtarget thumb C++:[0m libc_bionic <= bionic/libc/bionic/strtold_l.cpp
[36mtarget thumb C++:[0m libc_bionic <= bionic/libc/bionic/strtoll_l.cpp
[36mtarget thumb C++:[0m libc_bionic <= bionic/libc/bionic/strtoull_l.cpp
[36mtarget thumb C++:[0m libc_bionic <= bionic/libc/bionic/strxfrm_l.cpp
[36mtarget thumb C++:[0m libc_bionic <= bionic/libc/bionic/stubs.cpp
[36mtarget thumb C++:[0m libc_bionic <= bionic/libc/bionic/symlink.cpp
[36mtarget thumb C++:[0m libc_bionic <= bionic/libc/bionic/sysconf.cpp
[36mtarget thumb C++:[0m libc_bionic <= bionic/libc/bionic/syslog.cpp
[36mtarget thumb C++:[0m libc_bionic <= bionic/libc/bionic/system_properties.cpp
[36mtarget thumb C++:[0m libc_bionic <= bionic/libc/bionic/tdestroy.cpp
[36mtarget thumb C++:[0m libc_bionic <= bionic/libc/bionic/termios.cpp
[36mtarget thumb C++:[0m libc_bionic <= bionic/libc/bionic/thread_private.cpp
[36mtarget thumb C++:[0m libc_bionic <= bionic/libc/bionic/tmpfile.cpp
[36mtarget thumb C++:[0m libc_bionic <= bionic/libc/bionic/umount.cpp
[36mtarget thumb C++:[0m libc_bionic <= bionic/libc/bionic/unlink.cpp
[36mtarget thumb C++:[0m libc_bionic <= bionic/libc/bionic/utimes.cpp
[36mtarget thumb C++:[0m libc_bionic <= bionic/libc/bionic/vdso.cpp
[36mtarget thumb C++:[0m libc_bionic <= bionic/libc/bionic/wait.cpp
[36mtarget thumb C++:[0m libc_bionic <= bionic/libc/bionic/wchar.cpp
[36mtarget thumb C++:[0m libc_bionic <= bionic/libc/bionic/wctype.cpp
[36mtarget thumb C++:[0m libc_bionic <= bionic/libc/bionic/mmap.cpp
[36mtarget thumb C++:[0m libc_bionic <= bionic/libc/bionic/strchr.cpp
[36mtarget thumb C++:[0m libc_bionic <= bionic/libc/bionic/strrchr.cpp
[36mtarget thumb C:[0m libc_bionic <= bionic/libc/bionic/getentropy_linux.c
[36mtarget thumb C:[0m libc_bionic <= bionic/libc/bionic/sys_siglist.c
[36mtarget thumb C:[0m libc_bionic <= bionic/libc/bionic/sys_signame.c
[36mtarget thumb C:[0m libc_bionic <= bionic/libc/bionic/memchr.c
[36mtarget thumb C:[0m libc_bionic <= bionic/libc/bionic/memrchr.c
[36mtarget thumb C:[0m libc_bionic <= bionic/libc/bionic/strnlen.c
[36mtarget thumb C:[0m libc_bionic <= bionic/libc/arch-arm/bionic/atomics_arm.c
[36mtarget thumb C:[0m libc_bionic <= bionic/libc/arch-arm/bionic/libgcc_compat.c
[36mtarget thumb C:[0m libc_bionic <= bionic/libc/bionic/memmove.c
[36mtarget thumb C++:[0m libc_cxa <= bionic/libc/bionic/__cxa_guard.cpp
[36mtarget thumb C++:[0m libc_cxa <= bionic/libc/bionic/__cxa_pure_virtual.cpp
[36mtarget thumb C++:[0m libc_cxa <= bionic/libc/bionic/new.cpp
[36mtarget thumb C:[0m libc_dns <= bionic/libc/dns/resolv/res_cache.c
[36mtarget thumb C:[0m libc_dns <= bionic/libc/dns/resolv/res_comp.c
[36mtarget thumb C:[0m libc_dns <= bionic/libc/dns/resolv/res_debug.c
[36mtarget thumb C:[0m libc_dns <= bionic/libc/dns/resolv/res_mkquery.c
[36mtarget thumb C:[0m libc_dns <= bionic/libc/dns/resolv/res_query.c
[36mtarget thumb C:[0m libc_dns <= bionic/libc/dns/resolv/res_data.c
[36mtarget thumb C:[0m libc_dns <= bionic/libc/dns/resolv/herror.c
[36mtarget thumb C:[0m libc_dns <= bionic/libc/dns/resolv/res_state.c
[36mtarget thumb C:[0m libc_dns <= bionic/libc/dns/resolv/res_init.c
[36mtarget thumb C:[0m libc_dns <= bionic/libc/dns/resolv/res_send.c
[36mtarget thumb C:[0m libc_dns <= bionic/libc/dns/net/getaddrinfo.c
[36mtarget thumb C:[0m libc_dns <= bionic/libc/dns/net/getservbyname.c
[36mtarget thumb C:[0m libc_dns <= bionic/libc/dns/net/getservbyport.c
[36mtarget thumb C:[0m libc_dns <= bionic/libc/dns/net/getnameinfo.c
[36mtarget thumb C:[0m libc_dns <= bionic/libc/dns/net/getservent.c
[36mtarget thumb C:[0m libc_dns <= bionic/libc/dns/net/nsdispatch.c
[36mtarget thumb C:[0m libc_dns <= bionic/libc/dns/net/base64.c
[36mtarget thumb C:[0m libc_dns <= bionic/libc/dns/nameser/ns_name.c
[36mtarget thumb C:[0m libc_dns <= bionic/libc/dns/nameser/ns_samedomain.c
[36mtarget thumb C:[0m libc_dns <= bionic/libc/dns/nameser/ns_parse.c
[36mtarget thumb C:[0m libc_dns <= bionic/libc/dns/nameser/ns_ttl.c
[36mtarget thumb C:[0m libc_dns <= bionic/libc/dns/nameser/ns_netint.c
[36mtarget thumb C:[0m libc_dns <= bionic/libc/dns/nameser/ns_print.c
[36mtarget thumb C:[0m libc_dns <= bionic/libc/dns/gethnamaddr.c
[36mtarget thumb C:[0m libc_dns <= bionic/libc/upstream-netbsd/lib/libc/isc/ev_streams.c
[36mtarget thumb C:[0m libc_dns <= bionic/libc/upstream-netbsd/lib/libc/isc/ev_timers.c
[36mtarget thumb C:[0m libc_dns <= bionic/libc/upstream-netbsd/lib/libc/resolv/mtctxres.c
[36mtarget thumb C:[0m libc_freebsd <= bionic/libc/upstream-freebsd/lib/libc/gen/ldexp.c
[36mtarget thumb C:[0m libc_freebsd <= bionic/libc/upstream-freebsd/lib/libc/gen/sleep.c
[36mtarget thumb C:[0m libc_freebsd <= bionic/libc/upstream-freebsd/lib/libc/gen/usleep.c
[36mtarget thumb C:[0m libc_freebsd <= bionic/libc/upstream-freebsd/lib/libc/stdio/fclose.c
[36mtarget thumb C:[0m libc_freebsd <= bionic/libc/upstream-freebsd/lib/libc/stdio/flags.c
[36mtarget thumb C:[0m libc_freebsd <= bionic/libc/upstream-freebsd/lib/libc/stdio/fopen.c
[36mtarget thumb C:[0m libc_freebsd <= bionic/libc/upstream-freebsd/lib/libc/stdlib/abs.c
[36mtarget thumb C:[0m libc_freebsd <= bionic/libc/upstream-freebsd/lib/libc/stdlib/getopt_long.c
[36mtarget thumb C:[0m libc_freebsd <= bionic/libc/upstream-freebsd/lib/libc/stdlib/imaxabs.c
[36mtarget thumb C:[0m libc_freebsd <= bionic/libc/upstream-freebsd/lib/libc/stdlib/imaxdiv.c
[36mtarget thumb C:[0m libc_freebsd <= bionic/libc/upstream-freebsd/lib/libc/stdlib/labs.c
[36mtarget thumb C:[0m libc_freebsd <= bionic/libc/upstream-freebsd/lib/libc/stdlib/llabs.c
[36mtarget thumb C:[0m libc_freebsd <= bionic/libc/upstream-freebsd/lib/libc/stdlib/qsort.c
[36mtarget thumb C:[0m libc_freebsd <= bionic/libc/upstream-freebsd/lib/libc/stdlib/quick_exit.c
[36mtarget thumb C:[0m libc_freebsd <= bionic/libc/upstream-freebsd/lib/libc/stdlib/realpath.c
[36mtarget thumb C:[0m libc_freebsd <= bionic/libc/upstream-freebsd/lib/libc/string/wcpcpy.c
[36mtarget thumb C:[0m libc_freebsd <= bionic/libc/upstream-freebsd/lib/libc/string/wcpncpy.c
[36mtarget thumb C:[0m libc_freebsd <= bionic/libc/upstream-freebsd/lib/libc/string/wcscasecmp.c
[36mtarget thumb C:[0m libc_freebsd <= bionic/libc/upstream-freebsd/lib/libc/string/wcscspn.c
[36mtarget thumb C:[0m libc_freebsd <= bionic/libc/upstream-freebsd/lib/libc/string/wcsdup.c
[36mtarget thumb C:[0m libc_freebsd <= bionic/libc/upstream-freebsd/lib/libc/string/wcslcat.c
[36mtarget thumb C:[0m libc_freebsd <= bionic/libc/upstream-freebsd/lib/libc/string/wcsncasecmp.c
[36mtarget thumb C:[0m libc_freebsd <= bionic/libc/upstream-freebsd/lib/libc/string/wcsncat.c
[36mtarget thumb C:[0m libc_freebsd <= bionic/libc/upstream-freebsd/lib/libc/string/wcsncmp.c
[36mtarget thumb C:[0m libc_freebsd <= bionic/libc/upstream-freebsd/lib/libc/string/wcsncpy.c
[36mtarget thumb C:[0m libc_freebsd <= bionic/libc/upstream-freebsd/lib/libc/string/wcsnlen.c
[36mtarget thumb C:[0m libc_freebsd <= bionic/libc/upstream-freebsd/lib/libc/string/wcspbrk.c
[36mtarget thumb C:[0m libc_freebsd <= bionic/libc/upstream-freebsd/lib/libc/string/wcsspn.c
[36mtarget thumb C:[0m libc_freebsd <= bionic/libc/upstream-freebsd/lib/libc/string/wcstok.c
[36mtarget thumb C:[0m libc_freebsd <= bionic/libc/upstream-freebsd/lib/libc/string/wmemchr.c
[36mtarget thumb C:[0m libc_freebsd <= bionic/libc/upstream-freebsd/lib/libc/string/wmemcpy.c
[36mtarget thumb C:[0m libc_freebsd <= bionic/libc/upstream-freebsd/lib/libc/string/wmemset.c
[36mtarget thumb C:[0m libc_freebsd <= bionic/libc/upstream-freebsd/lib/libc/string/wcscat.c
[36mtarget thumb C:[0m libc_freebsd <= bionic/libc/upstream-freebsd/lib/libc/string/wcschr.c
[36mtarget thumb C:[0m libc_freebsd <= bionic/libc/upstream-freebsd/lib/libc/string/wcscmp.c
[36mtarget thumb C:[0m libc_freebsd <= bionic/libc/upstream-freebsd/lib/libc/string/wcscpy.c
[36mtarget thumb C:[0m libc_freebsd <= bionic/libc/upstream-freebsd/lib/libc/string/wcslen.c
[36mtarget thumb C:[0m libc_freebsd <= bionic/libc/upstream-freebsd/lib/libc/string/wcsrchr.c
[36mtarget thumb C:[0m libc_freebsd <= bionic/libc/upstream-freebsd/lib/libc/string/wmemcmp.c
[36mtarget thumb C:[0m libc_freebsd <= bionic/libc/upstream-freebsd/lib/libc/string/wmemmove.c
[36mtarget thumb C++:[0m libc_gdtoa <= bionic/libc/upstream-openbsd/android/gdtoa_support.cpp
[36mtarget thumb C:[0m libc_gdtoa <= bionic/libc/upstream-openbsd/lib/libc/gdtoa/dmisc.c
[36mtarget thumb C:[0m libc_gdtoa <= bionic/libc/upstream-openbsd/lib/libc/gdtoa/dtoa.c
[36mtarget thumb C:[0m libc_gdtoa <= bionic/libc/upstream-openbsd/lib/libc/gdtoa/gdtoa.c
[36mtarget thumb C:[0m libc_gdtoa <= bionic/libc/upstream-openbsd/lib/libc/gdtoa/gethex.c
[36mtarget thumb C:[0m libc_gdtoa <= bionic/libc/upstream-openbsd/lib/libc/gdtoa/gmisc.c
[36mtarget thumb C:[0m libc_gdtoa <= bionic/libc/upstream-openbsd/lib/libc/gdtoa/hd_init.c
[36mtarget thumb C:[0m libc_gdtoa <= bionic/libc/upstream-openbsd/lib/libc/gdtoa/hdtoa.c
[36mtarget thumb C:[0m libc_gdtoa <= bionic/libc/upstream-openbsd/lib/libc/gdtoa/hexnan.c
[36mtarget thumb C:[0m libc_gdtoa <= bionic/libc/upstream-openbsd/lib/libc/gdtoa/ldtoa.c
[36mtarget thumb C:[0m libc_gdtoa <= bionic/libc/upstream-openbsd/lib/libc/gdtoa/misc.c
[36mtarget thumb C:[0m libc_gdtoa <= bionic/libc/upstream-openbsd/lib/libc/gdtoa/smisc.c
[36mtarget thumb C:[0m libc_gdtoa <= bionic/libc/upstream-openbsd/lib/libc/gdtoa/strtod.c
[36mtarget thumb C:[0m libc_gdtoa <= bionic/libc/upstream-openbsd/lib/libc/gdtoa/strtodg.c
[36mtarget thumb C:[0m libc_gdtoa <= bionic/libc/upstream-openbsd/lib/libc/gdtoa/strtof.c
[36mtarget thumb C:[0m libc_gdtoa <= bionic/libc/upstream-openbsd/lib/libc/gdtoa/strtord.c
[36mtarget thumb C:[0m libc_gdtoa <= bionic/libc/upstream-openbsd/lib/libc/gdtoa/sum.c
[36mtarget thumb C:[0m libc_gdtoa <= bionic/libc/upstream-openbsd/lib/libc/gdtoa/ulp.c
[36mtarget thumb C++:[0m libc_malloc <= bionic/libc/bionic/jemalloc_wrapper.cpp
[36mtarget thumb C:[0m libc_netbsd <= bionic/libc/upstream-netbsd/common/lib/libc/stdlib/random.c
[36mtarget thumb C:[0m libc_netbsd <= bionic/libc/upstream-netbsd/lib/libc/gen/ftw.c
[36mtarget thumb C:[0m libc_netbsd <= bionic/libc/upstream-netbsd/lib/libc/gen/nftw.c
[36mtarget thumb C:[0m libc_netbsd <= bionic/libc/upstream-netbsd/lib/libc/gen/nice.c
[36mtarget thumb C:[0m libc_netbsd <= bionic/libc/upstream-netbsd/lib/libc/gen/popen.c
[36mtarget thumb C:[0m libc_netbsd <= bionic/libc/upstream-netbsd/lib/libc/gen/psignal.c
  HOSTLD  scripts/kconfig/conf
[36mtarget thumb C:[0m libc_netbsd <= bionic/libc/upstream-netbsd/lib/libc/gen/utime.c
[36mtarget thumb C:[0m libc_netbsd <= bionic/libc/upstream-netbsd/lib/libc/gen/utmp.c
[36mtarget thumb C:[0m libc_netbsd <= bionic/libc/upstream-netbsd/lib/libc/inet/nsap_addr.c
scripts/kconfig/conf -s Config.in
#
# using defaults found in .config
#
[36mtarget thumb C:[0m libc_netbsd <= bionic/libc/upstream-netbsd/lib/libc/regex/regcomp.c
[36mtarget thumb C:[0m libc_netbsd <= bionic/libc/upstream-netbsd/lib/libc/regex/regerror.c
[36mtarget thumb C:[0m libc_netbsd <= bionic/libc/upstream-netbsd/lib/libc/regex/regexec.c
[36mtarget thumb C:[0m libc_netbsd <= bionic/libc/upstream-netbsd/lib/libc/regex/regfree.c
[36mtarget thumb C:[0m libc_netbsd <= bionic/libc/upstream-netbsd/lib/libc/stdlib/bsearch.c
[36mtarget thumb C:[0m libc_netbsd <= bionic/libc/upstream-netbsd/lib/libc/stdlib/div.c
[36mtarget thumb C:[0m libc_netbsd <= bionic/libc/upstream-netbsd/lib/libc/stdlib/drand48.c
[36mtarget thumb C:[0m libc_netbsd <= bionic/libc/upstream-netbsd/lib/libc/stdlib/erand48.c
[36mtarget thumb C:[0m libc_netbsd <= bionic/libc/upstream-netbsd/lib/libc/stdlib/insque.c
[36mtarget thumb C:[0m libc_netbsd <= bionic/libc/upstream-netbsd/lib/libc/stdlib/jrand48.c
[36mtarget thumb C:[0m libc_netbsd <= bionic/libc/upstream-netbsd/lib/libc/stdlib/ldiv.c
[36mtarget thumb C:[0m libc_netbsd <= bionic/libc/upstream-netbsd/lib/libc/stdlib/lldiv.c
[36mtarget thumb C:[0m libc_netbsd <= bionic/libc/upstream-netbsd/lib/libc/stdlib/lrand48.c
[36mtarget thumb C:[0m libc_netbsd <= bionic/libc/upstream-netbsd/lib/libc/stdlib/mrand48.c
[36mtarget thumb C:[0m libc_netbsd <= bionic/libc/upstream-netbsd/lib/libc/stdlib/nrand48.c
[36mtarget thumb C:[0m libc_netbsd <= bionic/libc/upstream-netbsd/lib/libc/stdlib/_rand48.c
[36mtarget thumb C:[0m libc_netbsd <= bionic/libc/upstream-netbsd/lib/libc/stdlib/rand_r.c
[36mtarget thumb C:[0m libc_netbsd <= bionic/libc/upstream-netbsd/lib/libc/stdlib/remque.c
[36mtarget thumb C:[0m libc_netbsd <= bionic/libc/upstream-netbsd/lib/libc/stdlib/seed48.c
[36mtarget thumb C:[0m libc_netbsd <= bionic/libc/upstream-netbsd/lib/libc/stdlib/srand48.c
[36mtarget thumb C:[0m libc_netbsd <= bionic/libc/upstream-netbsd/lib/libc/string/memccpy.c
[36mtarget thumb C:[0m libc_netbsd <= bionic/libc/upstream-netbsd/lib/libc/string/strcasestr.c
[36mtarget thumb C:[0m libc_netbsd <= bionic/libc/upstream-netbsd/lib/libc/string/strcoll.c
[36mtarget thumb C:[0m libc_netbsd <= bionic/libc/upstream-netbsd/lib/libc/string/strxfrm.c
[36mtarget thumb C:[0m libc_netbsd <= bionic/libc/upstream-netbsd/lib/libc/unistd/killpg.c
[36mtarget thumb C:[0m libc_netbsd <= bionic/libc/upstream-netbsd/common/lib/libc/hash/sha1/sha1.c
[36mtarget thumb C:[0m libc_openbsd <= bionic/libc/upstream-openbsd/lib/libc/crypt/arc4random.c
[36mtarget thumb C:[0m libc_openbsd <= bionic/libc/upstream-openbsd/lib/libc/crypt/arc4random_uniform.c
[36mtarget thumb C:[0m libc_openbsd <= bionic/libc/upstream-openbsd/lib/libc/gen/alarm.c
[36mtarget thumb C:[0m libc_openbsd <= bionic/libc/upstream-openbsd/lib/libc/gen/ctype_.c
[36mtarget thumb C:[0m libc_openbsd <= bionic/libc/upstream-openbsd/lib/libc/gen/exec.c
[36mtarget thumb C:[0m libc_openbsd <= bionic/libc/upstream-openbsd/lib/libc/gen/fnmatch.c
[36mtarget thumb C:[0m libc_openbsd <= bionic/libc/upstream-openbsd/lib/libc/gen/ftok.c
[36mtarget thumb C:[0m libc_openbsd <= bionic/libc/upstream-openbsd/lib/libc/gen/getprogname.c
[36mtarget thumb C:[0m libc_openbsd <= bionic/libc/upstream-openbsd/lib/libc/gen/isctype.c
[36mtarget thumb C:[0m libc_openbsd <= bionic/libc/upstream-openbsd/lib/libc/gen/setprogname.c
[36mtarget thumb C:[0m libc_openbsd <= bionic/libc/upstream-openbsd/lib/libc/gen/time.c
[36mtarget thumb C:[0m libc_openbsd <= bionic/libc/upstream-openbsd/lib/libc/gen/tolower_.c
[36mtarget thumb C:[0m libc_openbsd <= bionic/libc/upstream-openbsd/lib/libc/gen/toupper_.c
[36mtarget thumb C:[0m libc_openbsd <= bionic/libc/upstream-openbsd/lib/libc/locale/btowc.c
[36mtarget thumb C:[0m libc_openbsd <= bionic/libc/upstream-openbsd/lib/libc/locale/mbrlen.c
[36mtarget thumb C:[0m libc_openbsd <= bionic/libc/upstream-openbsd/lib/libc/locale/mbstowcs.c
[36mtarget thumb C:[0m libc_openbsd <= bionic/libc/upstream-openbsd/lib/libc/locale/mbtowc.c
[36mtarget thumb C:[0m libc_openbsd <= bionic/libc/upstream-openbsd/lib/libc/locale/wcscoll.c
[36mtarget thumb C:[0m libc_openbsd <= bionic/libc/upstream-openbsd/lib/libc/locale/wcstod.c
[36mtarget thumb C:[0m libc_openbsd <= bionic/libc/upstream-openbsd/lib/libc/locale/wcstof.c
[36mtarget thumb C:[0m libc_openbsd <= bionic/libc/upstream-openbsd/lib/libc/locale/wcstoimax.c
[36mtarget thumb C:[0m libc_openbsd <= bionic/libc/upstream-openbsd/lib/libc/locale/wcstol.c
[36mtarget thumb C:[0m libc_openbsd <= bionic/libc/upstream-openbsd/lib/libc/locale/wcstold.c
[36mtarget thumb C:[0m libc_openbsd <= bionic/libc/upstream-openbsd/lib/libc/locale/wcstoll.c
[36mtarget thumb C:[0m libc_openbsd <= bionic/libc/upstream-openbsd/lib/libc/locale/wcstombs.c
[36mtarget thumb C:[0m libc_openbsd <= bionic/libc/upstream-openbsd/lib/libc/locale/wcstoul.c
[36mtarget thumb C:[0m libc_openbsd <= bionic/libc/upstream-openbsd/lib/libc/locale/wcstoull.c
[36mtarget thumb C:[0m libc_openbsd <= bionic/libc/upstream-openbsd/lib/libc/locale/wcstoumax.c
[36mtarget thumb C:[0m libc_openbsd <= bionic/libc/upstream-openbsd/lib/libc/locale/wcsxfrm.c
[36mtarget thumb C:[0m libc_openbsd <= bionic/libc/upstream-openbsd/lib/libc/locale/wctob.c
[36mtarget thumb C:[0m libc_openbsd <= bionic/libc/upstream-openbsd/lib/libc/locale/wctomb.c
[36mtarget thumb C:[0m libc_openbsd <= bionic/libc/upstream-openbsd/lib/libc/net/htonl.c
[36mtarget thumb C:[0m libc_openbsd <= bionic/libc/upstream-openbsd/lib/libc/net/htons.c
[36mtarget thumb C:[0m libc_openbsd <= bionic/libc/upstream-openbsd/lib/libc/net/inet_addr.c
[36mtarget thumb C:[0m libc_openbsd <= bionic/libc/upstream-openbsd/lib/libc/net/inet_lnaof.c
[36mtarget thumb C:[0m libc_openbsd <= bionic/libc/upstream-openbsd/lib/libc/net/inet_makeaddr.c
[36mtarget thumb C:[0m libc_openbsd <= bionic/libc/upstream-openbsd/lib/libc/net/inet_netof.c
[36mtarget thumb C:[0m libc_openbsd <= bionic/libc/upstream-openbsd/lib/libc/net/inet_network.c
[36mtarget thumb C:[0m libc_openbsd <= bionic/libc/upstream-openbsd/lib/libc/net/inet_ntoa.c
[36mtarget thumb C:[0m libc_openbsd <= bionic/libc/upstream-openbsd/lib/libc/net/inet_ntop.c
[36mtarget thumb C:[0m libc_openbsd <= bionic/libc/upstream-openbsd/lib/libc/net/inet_pton.c
[36mtarget thumb C:[0m libc_openbsd <= bionic/libc/upstream-openbsd/lib/libc/net/ntohl.c
[36mtarget thumb C:[0m libc_openbsd <= bionic/libc/upstream-openbsd/lib/libc/net/ntohs.c
[36mtarget thumb C:[0m libc_openbsd <= bionic/libc/upstream-openbsd/lib/libc/stdio/asprintf.c
[36mtarget thumb C:[0m libc_openbsd <= bionic/libc/upstream-openbsd/lib/libc/stdio/clrerr.c
[36mtarget thumb C:[0m libc_openbsd <= bionic/libc/upstream-openbsd/lib/libc/stdio/dprintf.c
[36mtarget thumb C:[0m libc_openbsd <= bionic/libc/upstream-openbsd/lib/libc/stdio/fdopen.c
[36mtarget thumb C:[0m libc_openbsd <= bionic/libc/upstream-openbsd/lib/libc/stdio/feof.c
[36mtarget thumb C:[0m libc_openbsd <= bionic/libc/upstream-openbsd/lib/libc/stdio/ferror.c
[36mtarget thumb C:[0m libc_openbsd <= bionic/libc/upstream-openbsd/lib/libc/stdio/fflush.c
[36mtarget thumb C:[0m libc_openbsd <= bionic/libc/upstream-openbsd/lib/libc/stdio/fgetc.c
[36mtarget thumb C:[0m libc_openbsd <= bionic/libc/upstream-openbsd/lib/libc/stdio/fgetln.c
[36mtarget thumb C:[0m libc_openbsd <= bionic/libc/upstream-openbsd/lib/libc/stdio/fgetpos.c
[36mtarget thumb C:[0m libc_openbsd <= bionic/libc/upstream-openbsd/lib/libc/stdio/fgets.c
[36mtarget thumb C:[0m libc_openbsd <= bionic/libc/upstream-openbsd/lib/libc/stdio/fgetwc.c
[36mtarget thumb C:[0m libc_openbsd <= bionic/libc/upstream-openbsd/lib/libc/stdio/fgetws.c
[36mtarget thumb C:[0m libc_openbsd <= bionic/libc/upstream-openbsd/lib/libc/stdio/fileno.c
[36mtarget thumb C:[0m libc_openbsd <= bionic/libc/upstream-openbsd/lib/libc/stdio/fprintf.c
[36mtarget thumb C:[0m libc_openbsd <= bionic/libc/upstream-openbsd/lib/libc/stdio/fpurge.c
[36mtarget thumb C:[0m libc_openbsd <= bionic/libc/upstream-openbsd/lib/libc/stdio/fputc.c
[36mtarget thumb C:[0m libc_openbsd <= bionic/libc/upstream-openbsd/lib/libc/stdio/fputs.c
[36mtarget thumb C:[0m libc_openbsd <= bionic/libc/upstream-openbsd/lib/libc/stdio/fputwc.c
[36mtarget thumb C:[0m libc_openbsd <= bionic/libc/upstream-openbsd/lib/libc/stdio/fputws.c
[36mtarget thumb C:[0m libc_openbsd <= bionic/libc/upstream-openbsd/lib/libc/stdio/freopen.c
[36mtarget thumb C:[0m libc_openbsd <= bionic/libc/upstream-openbsd/lib/libc/stdio/fscanf.c
[36mtarget thumb C:[0m libc_openbsd <= bionic/libc/upstream-openbsd/lib/libc/stdio/fseek.c
[36mtarget thumb C:[0m libc_openbsd <= bionic/libc/upstream-openbsd/lib/libc/stdio/fsetpos.c
[36mtarget thumb C:[0m libc_openbsd <= bionic/libc/upstream-openbsd/lib/libc/stdio/ftell.c
[36mtarget thumb C:[0m libc_openbsd <= bionic/libc/upstream-openbsd/lib/libc/stdio/funopen.c
[36mtarget thumb C:[0m libc_openbsd <= bionic/libc/upstream-openbsd/lib/libc/stdio/fvwrite.c
[36mtarget thumb C:[0m libc_openbsd <= bionic/libc/upstream-openbsd/lib/libc/stdio/fwalk.c
[36mtarget thumb C:[0m libc_openbsd <= bionic/libc/upstream-openbsd/lib/libc/stdio/fwide.c
[36mtarget thumb C:[0m libc_openbsd <= bionic/libc/upstream-openbsd/lib/libc/stdio/fwprintf.c
[36mtarget thumb C:[0m libc_openbsd <= bionic/libc/upstream-openbsd/lib/libc/stdio/fwrite.c
[36mtarget thumb C:[0m libc_openbsd <= bionic/libc/upstream-openbsd/lib/libc/stdio/fwscanf.c
[36mtarget thumb C:[0m libc_openbsd <= bionic/libc/upstream-openbsd/lib/libc/stdio/getc.c
[36mtarget thumb C:[0m libc_openbsd <= bionic/libc/upstream-openbsd/lib/libc/stdio/getchar.c
[36mtarget thumb C:[0m libc_openbsd <= bionic/libc/upstream-openbsd/lib/libc/stdio/getdelim.c
[36mtarget thumb C:[0m libc_openbsd <= bionic/libc/upstream-openbsd/lib/libc/stdio/getline.c
[36mtarget thumb C:[0m libc_openbsd <= bionic/libc/upstream-openbsd/lib/libc/stdio/gets.c
[36mtarget thumb C:[0m libc_openbsd <= bionic/libc/upstream-openbsd/lib/libc/stdio/getwc.c
[36mtarget thumb C:[0m libc_openbsd <= bionic/libc/upstream-openbsd/lib/libc/stdio/getwchar.c
[36mtarget thumb C:[0m libc_openbsd <= bionic/libc/upstream-openbsd/lib/libc/stdio/makebuf.c
[36mtarget thumb C:[0m libc_openbsd <= bionic/libc/upstream-openbsd/lib/libc/stdio/mktemp.c
[36mtarget thumb C:[0m libc_openbsd <= bionic/libc/upstream-openbsd/lib/libc/stdio/perror.c
[36mtarget thumb C:[0m libc_openbsd <= bionic/libc/upstream-openbsd/lib/libc/stdio/printf.c
[36mtarget thumb C:[0m libc_openbsd <= bionic/libc/upstream-openbsd/lib/libc/stdio/putc.c
[36mtarget thumb C:[0m libc_openbsd <= bionic/libc/upstream-openbsd/lib/libc/stdio/putchar.c
[36mtarget thumb C:[0m libc_openbsd <= bionic/libc/upstream-openbsd/lib/libc/stdio/puts.c
[36mtarget thumb C:[0m libc_openbsd <= bionic/libc/upstream-openbsd/lib/libc/stdio/putwc.c
[36mtarget thumb C:[0m libc_openbsd <= bionic/libc/upstream-openbsd/lib/libc/stdio/putwchar.c
[36mtarget thumb C:[0m libc_openbsd <= bionic/libc/upstream-openbsd/lib/libc/stdio/refill.c
[36mtarget thumb C:[0m libc_openbsd <= bionic/libc/upstream-openbsd/lib/libc/stdio/remove.c
[36mtarget thumb C:[0m libc_openbsd <= bionic/libc/upstream-openbsd/lib/libc/stdio/rewind.c
[36mtarget thumb C:[0m libc_openbsd <= bionic/libc/upstream-openbsd/lib/libc/stdio/rget.c
[36mtarget thumb C:[0m libc_openbsd <= bionic/libc/upstream-openbsd/lib/libc/stdio/scanf.c
[36mtarget thumb C:[0m libc_openbsd <= bionic/libc/upstream-openbsd/lib/libc/stdio/setbuf.c
[36mtarget thumb C:[0m libc_openbsd <= bionic/libc/upstream-openbsd/lib/libc/stdio/setbuffer.c
[36mtarget thumb C:[0m libc_openbsd <= bionic/libc/upstream-openbsd/lib/libc/stdio/setvbuf.c
[36mtarget thumb C:[0m libc_openbsd <= bionic/libc/upstream-openbsd/lib/libc/stdio/sscanf.c
[36mtarget thumb C:[0m libc_openbsd <= bionic/libc/upstream-openbsd/lib/libc/stdio/stdio.c
[36mtarget thumb C:[0m libc_openbsd <= bionic/libc/upstream-openbsd/lib/libc/stdio/swprintf.c
[36mtarget thumb C:[0m libc_openbsd <= bionic/libc/upstream-openbsd/lib/libc/stdio/swscanf.c
[36mtarget thumb C:[0m libc_openbsd <= bionic/libc/upstream-openbsd/lib/libc/stdio/tempnam.c
[36mtarget thumb C:[0m libc_openbsd <= bionic/libc/upstream-openbsd/lib/libc/stdio/tmpnam.c
[36mtarget thumb C:[0m libc_openbsd <= bionic/libc/upstream-openbsd/lib/libc/stdio/ungetc.c
[36mtarget thumb C:[0m libc_openbsd <= bionic/libc/upstream-openbsd/lib/libc/stdio/ungetwc.c
[36mtarget thumb C:[0m libc_openbsd <= bionic/libc/upstream-openbsd/lib/libc/stdio/vasprintf.c
[36mtarget thumb C:[0m libc_openbsd <= bionic/libc/upstream-openbsd/lib/libc/stdio/vdprintf.c
[36mtarget thumb C:[0m libc_openbsd <= bionic/libc/upstream-openbsd/lib/libc/stdio/vfprintf.c
[36mtarget thumb C:[0m libc_openbsd <= bionic/libc/upstream-openbsd/lib/libc/stdio/vfscanf.c
[36mtarget thumb C:[0m libc_openbsd <= bionic/libc/upstream-openbsd/lib/libc/stdio/vfwprintf.c
[36mtarget thumb C:[0m libc_openbsd <= bionic/libc/upstream-openbsd/lib/libc/stdio/vfwscanf.c
[36mtarget thumb C:[0m libc_openbsd <= bionic/libc/upstream-openbsd/lib/libc/stdio/vprintf.c
[36mtarget thumb C:[0m libc_openbsd <= bionic/libc/upstream-openbsd/lib/libc/stdio/vscanf.c
[36mtarget thumb C:[0m libc_openbsd <= bionic/libc/upstream-openbsd/lib/libc/stdio/vsnprintf.c
[36mtarget thumb C:[0m libc_openbsd <= bionic/libc/upstream-openbsd/lib/libc/stdio/vsprintf.c
[36mtarget thumb C:[0m libc_openbsd <= bionic/libc/upstream-openbsd/lib/libc/stdio/vsscanf.c
[36mtarget thumb C:[0m libc_openbsd <= bionic/libc/upstream-openbsd/lib/libc/stdio/vswprintf.c
[36mtarget thumb C:[0m libc_openbsd <= bionic/libc/upstream-openbsd/lib/libc/stdio/vswscanf.c
[36mtarget thumb C:[0m libc_openbsd <= bionic/libc/upstream-openbsd/lib/libc/stdio/vwprintf.c
[36mtarget thumb C:[0m libc_openbsd <= bionic/libc/upstream-openbsd/lib/libc/stdio/vwscanf.c
[36mtarget thumb C:[0m libc_openbsd <= bionic/libc/upstream-openbsd/lib/libc/stdio/wbuf.c
[36mtarget thumb C:[0m libc_openbsd <= bionic/libc/upstream-openbsd/lib/libc/stdio/wprintf.c
[36mtarget thumb C:[0m libc_openbsd <= bionic/libc/upstream-openbsd/lib/libc/stdio/wscanf.c
[36mtarget thumb C:[0m libc_openbsd <= bionic/libc/upstream-openbsd/lib/libc/stdio/wsetup.c
[36mtarget thumb C:[0m libc_openbsd <= bionic/libc/upstream-openbsd/lib/libc/stdlib/atexit.c
[36mtarget thumb C:[0m libc_openbsd <= bionic/libc/upstream-openbsd/lib/libc/stdlib/atoi.c
[36mtarget thumb C:[0m libc_openbsd <= bionic/libc/upstream-openbsd/lib/libc/stdlib/atol.c
[36mtarget thumb C:[0m libc_openbsd <= bionic/libc/upstream-openbsd/lib/libc/stdlib/atoll.c
[36mtarget thumb C:[0m libc_openbsd <= bionic/libc/upstream-openbsd/lib/libc/stdlib/exit.c
[36mtarget thumb C:[0m libc_openbsd <= bionic/libc/upstream-openbsd/lib/libc/stdlib/getenv.c
[36mtarget thumb C:[0m libc_openbsd <= bionic/libc/upstream-openbsd/lib/libc/stdlib/lsearch.c
[36mtarget thumb C:[0m libc_openbsd <= bionic/libc/upstream-openbsd/lib/libc/stdlib/setenv.c
[36mtarget thumb C:[0m libc_openbsd <= bionic/libc/upstream-openbsd/lib/libc/stdlib/strtoimax.c
[36mtarget thumb C:[0m libc_openbsd <= bionic/libc/upstream-openbsd/lib/libc/stdlib/strtol.c
[36mtarget thumb C:[0m libc_openbsd <= bionic/libc/upstream-openbsd/lib/libc/stdlib/strtoll.c
[36mtarget thumb C:[0m libc_openbsd <= bionic/libc/upstream-openbsd/lib/libc/stdlib/strtoul.c
[36mtarget thumb C:[0m libc_openbsd <= bionic/libc/upstream-openbsd/lib/libc/stdlib/strtoull.c
[36mtarget thumb C:[0m libc_openbsd <= bionic/libc/upstream-openbsd/lib/libc/stdlib/strtoumax.c
[36mtarget thumb C:[0m libc_openbsd <= bionic/libc/upstream-openbsd/lib/libc/stdlib/system.c
[36mtarget thumb C:[0m libc_openbsd <= bionic/libc/upstream-openbsd/lib/libc/stdlib/tfind.c
[36mtarget thumb C:[0m libc_openbsd <= bionic/libc/upstream-openbsd/lib/libc/stdlib/tsearch.c
[36mtarget thumb C:[0m libc_openbsd <= bionic/libc/upstream-openbsd/lib/libc/string/strcasecmp.c
[36mtarget thumb C:[0m libc_openbsd <= bionic/libc/upstream-openbsd/lib/libc/string/strcspn.c
[36mtarget thumb C:[0m libc_openbsd <= bionic/libc/upstream-openbsd/lib/libc/string/strdup.c
[36mtarget thumb C:[0m libc_openbsd <= bionic/libc/upstream-openbsd/lib/libc/string/strndup.c
[36mtarget thumb C:[0m libc_openbsd <= bionic/libc/upstream-openbsd/lib/libc/string/strpbrk.c
[36mtarget thumb C:[0m libc_openbsd <= bionic/libc/upstream-openbsd/lib/libc/string/strsep.c
[36mtarget thumb C:[0m libc_openbsd <= bionic/libc/upstream-openbsd/lib/libc/string/strspn.c
[36mtarget thumb C:[0m libc_openbsd <= bionic/libc/upstream-openbsd/lib/libc/string/strstr.c
[36mtarget thumb C:[0m libc_openbsd <= bionic/libc/upstream-openbsd/lib/libc/string/strtok.c
[36mtarget thumb C:[0m libc_openbsd <= bionic/libc/upstream-openbsd/lib/libc/string/wcslcpy.c
[36mtarget thumb C:[0m libc_openbsd <= bionic/libc/upstream-openbsd/lib/libc/string/wcsstr.c
[36mtarget thumb C:[0m libc_openbsd <= bionic/libc/upstream-openbsd/lib/libc/string/wcswidth.c
[36mtarget thumb C:[0m libc_openbsd <= bionic/libc/upstream-openbsd/lib/libc/stdio/putw.c
[36mtarget thumb C:[0m libc_openbsd <= bionic/libc/upstream-openbsd/lib/libc/string/bcopy.c
[36mtarget thumb C:[0m libc_openbsd <= bionic/libc/upstream-openbsd/lib/libc/string/stpncpy.c
[36mtarget thumb C:[0m libc_openbsd <= bionic/libc/upstream-openbsd/lib/libc/string/strlcat.c
[36mtarget thumb C:[0m libc_openbsd <= bionic/libc/upstream-openbsd/lib/libc/string/strlcpy.c
[36mtarget thumb C:[0m libc_openbsd <= bionic/libc/upstream-openbsd/lib/libc/string/strncat.c
[36mtarget thumb C:[0m libc_openbsd <= bionic/libc/upstream-openbsd/lib/libc/string/strncmp.c
[36mtarget thumb C:[0m libc_openbsd <= bionic/libc/upstream-openbsd/lib/libc/string/strncpy.c
[36mtarget thumb C++:[0m libc_stack_protector <= bionic/libc/bionic/__stack_chk_fail.cpp
[36mtarget asm:[0m libc_syscalls <= bionic/libc/arch-arm/syscalls/umount2.S
[36mtarget asm:[0m libc_syscalls <= bionic/libc/arch-arm/syscalls/ioprio_set.S
[36mtarget asm:[0m libc_syscalls <= bionic/libc/arch-arm/syscalls/epoll_create1.S
[36mtarget asm:[0m libc_syscalls <= bionic/libc/arch-arm/syscalls/__getpriority.S
[36mtarget asm:[0m libc_syscalls <= bionic/libc/arch-arm/syscalls/__timer_delete.S
[36mtarget asm:[0m libc_syscalls <= bionic/libc/arch-arm/syscalls/timerfd_create.S
[36mtarget asm:[0m libc_syscalls <= bionic/libc/arch-arm/syscalls/faccessat.S
[36mtarget asm:[0m libc_syscalls <= bionic/libc/arch-arm/syscalls/tee.S
[36mtarget asm:[0m libc_syscalls <= bionic/libc/arch-arm/syscalls/setrlimit.S
[36mtarget asm:[0m libc_syscalls <= bionic/libc/arch-arm/syscalls/__epoll_pwait.S
[36mtarget asm:[0m libc_syscalls <= bionic/libc/arch-arm/syscalls/timerfd_gettime.S
[36mtarget asm:[0m libc_syscalls <= bionic/libc/arch-arm/syscalls/fstatat64.S
[36mtarget asm:[0m libc_syscalls <= bionic/libc/arch-arm/syscalls/unshare.S
[36mtarget asm:[0m libc_syscalls <= bionic/libc/arch-arm/syscalls/sched_get_priority_min.S
[36mtarget asm:[0m libc_syscalls <= bionic/libc/arch-arm/syscalls/setxattr.S
[36mtarget asm:[0m libc_syscalls <= bionic/libc/arch-arm/syscalls/sendmmsg.S
[36mtarget asm:[0m libc_syscalls <= bionic/libc/arch-arm/syscalls/inotify_init1.S
[36mtarget asm:[0m libc_syscalls <= bionic/libc/arch-arm/syscalls/close.S
[36mtarget asm:[0m libc_syscalls <= bionic/libc/arch-arm/syscalls/execve.S
[36mtarget asm:[0m libc_syscalls <= bionic/libc/arch-arm/syscalls/getpeername.S
[36mtarget asm:[0m libc_syscalls <= bionic/libc/arch-arm/syscalls/dup3.S
[36mtarget asm:[0m libc_syscalls <= bionic/libc/arch-arm/syscalls/getrlimit.S
[36mtarget asm:[0m libc_syscalls <= bionic/libc/arch-arm/syscalls/pwrite64.S
[36mtarget asm:[0m libc_syscalls <= bionic/libc/arch-arm/syscalls/__mmap2.S
[36mtarget asm:[0m libc_syscalls <= bionic/libc/arch-arm/syscalls/mknodat.S
[36mtarget asm:[0m libc_syscalls <= bionic/libc/arch-arm/syscalls/uname.S
[36mtarget asm:[0m libc_syscalls <= bionic/libc/arch-arm/syscalls/nanosleep.S
[36mtarget asm:[0m libc_syscalls <= bionic/libc/arch-arm/syscalls/chdir.S
[36mtarget asm:[0m libc_syscalls <= bionic/libc/arch-arm/syscalls/__connect.S
[36mtarget asm:[0m libc_syscalls <= bionic/libc/arch-arm/syscalls/readlinkat.S
[36mtarget asm:[0m libc_syscalls <= bionic/libc/arch-arm/syscalls/clock_getres.S
[36mtarget asm:[0m libc_syscalls <= bionic/libc/arch-arm/syscalls/__getcwd.S
[36mtarget asm:[0m libc_syscalls <= bionic/libc/arch-arm/syscalls/lseek.S
[36mtarget asm:[0m libc_syscalls <= bionic/libc/arch-arm/syscalls/setreuid.S
[36mtarget asm:[0m libc_syscalls <= bionic/libc/arch-arm/syscalls/read.S
[36mtarget asm:[0m libc_syscalls <= bionic/libc/arch-arm/syscalls/__fcntl64.S
[36mtarget asm:[0m libc_syscalls <= bionic/libc/arch-arm/syscalls/fsync.S
[36mtarget asm:[0m libc_syscalls <= bionic/libc/arch-arm/syscalls/fstat64.S
[36mtarget asm:[0m libc_syscalls <= bionic/libc/arch-arm/syscalls/unlinkat.S
[36mtarget asm:[0m libc_syscalls <= bionic/libc/arch-arm/syscalls/recvfrom.S
[36mtarget asm:[0m libc_syscalls <= bionic/libc/arch-arm/syscalls/__sched_getaffinity.S
[36mtarget asm:[0m libc_syscalls <= bionic/libc/arch-arm/syscalls/__timer_gettime.S
[36mtarget asm:[0m libc_syscalls <= bionic/libc/arch-arm/syscalls/write.S
[36mtarget asm:[0m libc_syscalls <= bionic/libc/arch-arm/syscalls/prctl.S
[36mtarget asm:[0m libc_syscalls <= bionic/libc/arch-arm/syscalls/setitimer.S
[36mtarget asm:[0m libc_syscalls <= bionic/libc/arch-arm/syscalls/splice.S
[36mtarget asm:[0m libc_syscalls <= bionic/libc/arch-arm/syscalls/writev.S
  SPLIT   include/autoconf.h -> include/config/*
  HOSTCC  applets/usage
[36mtarget asm:[0m libc_syscalls <= bionic/libc/arch-arm/syscalls/setresuid.S
  HOSTCC  applets/applet_tables
  GEN     include/bbconfigopts.h
[36mtarget asm:[0m libc_syscalls <= bionic/libc/arch-arm/syscalls/sendfile.S
/builds/omni-5.1/external/busybox/applets/usage.c: In function 'main':
/builds/omni-5.1/external/busybox/applets/usage.c:52:8: warning: ignoring return value of 'write', declared with attribute warn_unused_result [-Wunused-result]
   write(STDOUT_FILENO, usage_array[i].usage, strlen(usage_array[i].usage) + 1);
        ^
[36mtarget asm:[0m libc_syscalls <= bionic/libc/arch-arm/syscalls/tgkill.S
[36mtarget asm:[0m libc_syscalls <= bionic/libc/arch-arm/syscalls/sync.S
/builds/omni-5.1/external/busybox/applets/applet_tables.c: In function 'main':
/builds/omni-5.1/external/busybox/applets/applet_tables.c:144:9: warning: ignoring return value of 'fgets', declared with attribute warn_unused_result [-Wunused-result]
    fgets(line_old, sizeof(line_old), fp);
         ^
[36mtarget asm:[0m libc_syscalls <= bionic/libc/arch-arm/syscalls/__signalfd4.S
[36mtarget asm:[0m libc_syscalls <= bionic/libc/arch-arm/syscalls/utimensat.S
  GEN     include/usage_compressed.h
[36mtarget asm:[0m libc_syscalls <= bionic/libc/arch-arm/syscalls/kill.S
[36mtarget asm:[0m libc_syscalls <= bionic/libc/arch-arm/syscalls/__timer_settime.S
[36mtarget asm:[0m libc_syscalls <= bionic/libc/arch-arm/syscalls/__socket.S
  GEN     include/applet_tables.h
[36mtarget asm:[0m libc_syscalls <= bionic/libc/arch-arm/syscalls/fremovexattr.S
  HOSTCC  applets/usage_pod
[36mtarget asm:[0m libc_syscalls <= bionic/libc/arch-arm/syscalls/personality.S
[36mtarget asm:[0m libc_syscalls <= bionic/libc/arch-arm/syscalls/__getdents64.S
[36mtarget asm:[0m libc_syscalls <= bionic/libc/arch-arm/syscalls/sendfile64.S
  CC      applets/applets.o
[36mtarget asm:[0m libc_syscalls <= bionic/libc/arch-arm/syscalls/__waitid.S
  LD      applets/built-in.o
[36mtarget asm:[0m libc_syscalls <= bionic/libc/arch-arm/syscalls/munmap.S
[36mtarget asm:[0m libc_syscalls <= bionic/libc/arch-arm/syscalls/flock.S
[36mtarget asm:[0m libc_syscalls <= bionic/libc/arch-arm/syscalls/getxattr.S
[36mtarget asm:[0m libc_syscalls <= bionic/libc/arch-arm/syscalls/__rt_sigtimedwait.S
[36mtarget asm:[0m libc_syscalls <= bionic/libc/arch-arm/syscalls/getresgid.S
[36mtarget asm:[0m libc_syscalls <= bionic/libc/arch-arm/syscalls/getppid.S
[36mtarget asm:[0m libc_syscalls <= bionic/libc/arch-arm/syscalls/llistxattr.S
[36mtarget asm:[0m libc_syscalls <= bionic/libc/arch-arm/syscalls/madvise.S
[36mtarget asm:[0m libc_syscalls <= bionic/libc/arch-arm/syscalls/sched_getparam.S
[36mtarget asm:[0m libc_syscalls <= bionic/libc/arch-arm/syscalls/setgroups.S
[36mtarget asm:[0m libc_syscalls <= bionic/libc/arch-arm/syscalls/vmsplice.S
[36mtarget asm:[0m libc_syscalls <= bionic/libc/arch-arm/syscalls/getpgid.S
[36mtarget asm:[0m libc_syscalls <= bionic/libc/arch-arm/syscalls/setsockopt.S
[36mtarget asm:[0m libc_syscalls <= bionic/libc/arch-arm/syscalls/fchmod.S
[36mtarget asm:[0m libc_syscalls <= bionic/libc/arch-arm/syscalls/__rt_sigaction.S
[36mtarget asm:[0m libc_syscalls <= bionic/libc/arch-arm/syscalls/sched_setparam.S
[36mtarget asm:[0m libc_syscalls <= bionic/libc/arch-arm/syscalls/readv.S
[36mtarget asm:[0m libc_syscalls <= bionic/libc/arch-arm/syscalls/sendmsg.S
[36mtarget asm:[0m libc_syscalls <= bionic/libc/arch-arm/syscalls/sched_yield.S
[36mtarget asm:[0m libc_syscalls <= bionic/libc/arch-arm/syscalls/setregid.S
[36mtarget asm:[0m libc_syscalls <= bionic/libc/arch-arm/syscalls/getresuid.S
[36mtarget asm:[0m libc_syscalls <= bionic/libc/arch-arm/syscalls/timerfd_settime.S
[36mtarget asm:[0m libc_syscalls <= bionic/libc/arch-arm/syscalls/truncate.S
[36mtarget asm:[0m libc_syscalls <= bionic/libc/arch-arm/syscalls/sysinfo.S
[36mtarget asm:[0m libc_syscalls <= bionic/libc/arch-arm/syscalls/klogctl.S
[36mtarget asm:[0m libc_syscalls <= bionic/libc/arch-arm/syscalls/inotify_rm_watch.S
[36mtarget asm:[0m libc_syscalls <= bionic/libc/arch-arm/syscalls/lremovexattr.S
[36mtarget asm:[0m libc_syscalls <= bionic/libc/arch-arm/syscalls/__accept4.S
[36mtarget asm:[0m libc_syscalls <= bionic/libc/arch-arm/syscalls/lsetxattr.S
[36mtarget asm:[0m libc_syscalls <= bionic/libc/arch-arm/syscalls/__getpid.S
[36mtarget asm:[0m libc_syscalls <= bionic/libc/arch-arm/syscalls/setsid.S
[36mtarget asm:[0m libc_syscalls <= bionic/libc/arch-arm/syscalls/socketpair.S
[36mtarget asm:[0m libc_syscalls <= bionic/libc/arch-arm/syscalls/__arm_fadvise64_64.S
[36mtarget asm:[0m libc_syscalls <= bionic/libc/arch-arm/syscalls/linkat.S
[36mtarget asm:[0m libc_syscalls <= bionic/libc/arch-arm/syscalls/setuid.S
[36mtarget asm:[0m libc_syscalls <= bionic/libc/arch-arm/syscalls/prlimit64.S
[36mtarget asm:[0m libc_syscalls <= bionic/libc/arch-arm/syscalls/sched_setscheduler.S
[36mtarget asm:[0m libc_syscalls <= bionic/libc/arch-arm/syscalls/getsockname.S
make[1]: Leaving directory `/builds/omni-5.1/external/busybox'
[36mtarget asm:[0m libc_syscalls <= bionic/libc/arch-arm/syscalls/getrusage.S
[36mtarget asm:[0m libc_syscalls <= bionic/libc/arch-arm/syscalls/__statfs64.S
[36mtarget asm:[0m libc_syscalls <= bionic/libc/arch-arm/syscalls/vfork.S
[36mtarget asm:[0m libc_syscalls <= bionic/libc/arch-arm/syscalls/umask.S
[36mtarget asm:[0m libc_syscalls <= bionic/libc/arch-arm/syscalls/fallocate64.S
[36mtarget asm:[0m libc_syscalls <= bionic/libc/arch-arm/syscalls/acct.S
[36mtarget asm:[0m libc_syscalls <= bionic/libc/arch-arm/syscalls/cacheflush.S
[36mtarget asm:[0m libc_syscalls <= bionic/libc/arch-arm/syscalls/_exit.S
[36mtarget asm:[0m libc_syscalls <= bionic/libc/arch-arm/syscalls/dup.S
[36mtarget asm:[0m libc_syscalls <= bionic/libc/arch-arm/syscalls/__rt_sigprocmask.S
[36mtarget asm:[0m libc_syscalls <= bionic/libc/arch-arm/syscalls/removexattr.S
[36mtarget asm:[0m libc_syscalls <= bionic/libc/arch-arm/syscalls/sched_getscheduler.S
[36mtarget asm:[0m libc_syscalls <= bionic/libc/arch-arm/syscalls/setfsuid.S
[36mtarget asm:[0m libc_syscalls <= bionic/libc/arch-arm/syscalls/__llseek.S
[36mtarget asm:[0m libc_syscalls <= bionic/libc/arch-arm/syscalls/__pselect6.S
[36mtarget asm:[0m libc_syscalls <= bionic/libc/arch-arm/syscalls/ftruncate.S
[36mtarget asm:[0m libc_syscalls <= bionic/libc/arch-arm/syscalls/bind.S
[36mtarget asm:[0m libc_syscalls <= bionic/libc/arch-arm/syscalls/capset.S
[36mtarget asm:[0m libc_syscalls <= bionic/libc/arch-arm/syscalls/pread64.S
[36mtarget asm:[0m libc_syscalls <= bionic/libc/arch-arm/syscalls/init_module.S
[36mtarget asm:[0m libc_syscalls <= bionic/libc/arch-arm/syscalls/__rt_sigpending.S
[36mtarget asm:[0m libc_syscalls <= bionic/libc/arch-arm/syscalls/setns.S
[36mtarget asm:[0m libc_syscalls <= bionic/libc/arch-arm/syscalls/__reboot.S
[36mtarget asm:[0m libc_syscalls <= bionic/libc/arch-arm/syscalls/setfsgid.S
[36mtarget asm:[0m libc_syscalls <= bionic/libc/arch-arm/syscalls/mlock.S
[36mtarget asm:[0m libc_syscalls <= bionic/libc/arch-arm/syscalls/__brk.S
[36mtarget asm:[0m libc_syscalls <= bionic/libc/arch-arm/syscalls/ftruncate64.S
[36mtarget asm:[0m libc_syscalls <= bionic/libc/arch-arm/syscalls/fchdir.S
[36mtarget asm:[0m libc_syscalls <= bionic/libc/arch-arm/syscalls/mincore.S
[36mtarget asm:[0m libc_syscalls <= bionic/libc/arch-arm/syscalls/lgetxattr.S
[36mtarget asm:[0m libc_syscalls <= bionic/libc/arch-arm/syscalls/fdatasync.S
[36mtarget asm:[0m libc_syscalls <= bionic/libc/arch-arm/syscalls/__sigaction.S
[36mtarget asm:[0m libc_syscalls <= bionic/libc/arch-arm/syscalls/sched_setaffinity.S
[36mtarget asm:[0m libc_syscalls <= bionic/libc/arch-arm/syscalls/recvmmsg.S
[36mtarget asm:[0m libc_syscalls <= bionic/libc/arch-arm/syscalls/chroot.S
[36mtarget asm:[0m libc_syscalls <= bionic/libc/arch-arm/syscalls/sendto.S
[36mtarget asm:[0m libc_syscalls <= bionic/libc/arch-arm/syscalls/truncate64.S
[36mtarget asm:[0m libc_syscalls <= bionic/libc/arch-arm/syscalls/__getcpu.S
[36mtarget asm:[0m libc_syscalls <= bionic/libc/arch-arm/syscalls/renameat.S
[36mtarget asm:[0m libc_syscalls <= bionic/libc/arch-arm/syscalls/fgetxattr.S
[36mtarget asm:[0m libc_syscalls <= bionic/libc/arch-arm/syscalls/inotify_add_watch.S
[36mtarget asm:[0m libc_syscalls <= bionic/libc/arch-arm/syscalls/ioprio_get.S
[36mtarget asm:[0m libc_syscalls <= bionic/libc/arch-arm/syscalls/__exit.S
[36mtarget asm:[0m libc_syscalls <= bionic/libc/arch-arm/syscalls/gettimeofday.S
[36mtarget asm:[0m libc_syscalls <= bionic/libc/arch-arm/syscalls/recvmsg.S
[36mtarget asm:[0m libc_syscalls <= bionic/libc/arch-arm/syscalls/getuid.S
[36mtarget asm:[0m libc_syscalls <= bionic/libc/arch-arm/syscalls/__openat.S
[36mtarget asm:[0m libc_syscalls <= bionic/libc/arch-arm/syscalls/__ioctl.S
[36mtarget asm:[0m libc_syscalls <= bionic/libc/arch-arm/syscalls/getitimer.S
[36mtarget asm:[0m libc_syscalls <= bionic/libc/arch-arm/syscalls/getegid.S
[36mtarget asm:[0m libc_syscalls <= bionic/libc/arch-arm/syscalls/fchmodat.S
[36mtarget asm:[0m libc_syscalls <= bionic/libc/arch-arm/syscalls/mlockall.S
[36mtarget asm:[0m libc_syscalls <= bionic/libc/arch-arm/syscalls/clock_gettime.S
[36mtarget asm:[0m libc_syscalls <= bionic/libc/arch-arm/syscalls/__ptrace.S
[36mtarget asm:[0m libc_syscalls <= bionic/libc/arch-arm/syscalls/eventfd.S
[36mtarget asm:[0m libc_syscalls <= bionic/libc/arch-arm/syscalls/munlockall.S
[36mtarget asm:[0m libc_syscalls <= bionic/libc/arch-arm/syscalls/listen.S
[36mtarget asm:[0m libc_syscalls <= bionic/libc/arch-arm/syscalls/__set_tls.S
[36mtarget asm:[0m libc_syscalls <= bionic/libc/arch-arm/syscalls/setresgid.S
[36mtarget asm:[0m libc_syscalls <= bionic/libc/arch-arm/syscalls/__fstatfs64.S
[36mtarget asm:[0m libc_syscalls <= bionic/libc/arch-arm/syscalls/fsetxattr.S
[36mtarget asm:[0m libc_syscalls <= bionic/libc/arch-arm/syscalls/getsid.S
[36mtarget asm:[0m libc_syscalls <= bionic/libc/arch-arm/syscalls/setpgid.S
[36mtarget asm:[0m libc_syscalls <= bionic/libc/arch-arm/syscalls/settimeofday.S
[36mtarget asm:[0m libc_syscalls <= bionic/libc/arch-arm/syscalls/getgroups.S
[36mtarget asm:[0m libc_syscalls <= bionic/libc/arch-arm/syscalls/flistxattr.S
[36mtarget asm:[0m libc_syscalls <= bionic/libc/arch-arm/syscalls/readahead.S
[36mtarget asm:[0m libc_syscalls <= bionic/libc/arch-arm/syscalls/getgid.S
[36mtarget asm:[0m libc_syscalls <= bionic/libc/arch-arm/syscalls/pipe2.S
[36mtarget asm:[0m libc_syscalls <= bionic/libc/arch-arm/syscalls/swapon.S
[36mtarget asm:[0m libc_syscalls <= bionic/libc/arch-arm/syscalls/mount.S
[36mtarget asm:[0m libc_syscalls <= bionic/libc/arch-arm/syscalls/mremap.S
[36mtarget asm:[0m libc_syscalls <= bionic/libc/arch-arm/syscalls/epoll_ctl.S
[36mtarget asm:[0m libc_syscalls <= bionic/libc/arch-arm/syscalls/listxattr.S
[36mtarget asm:[0m libc_syscalls <= bionic/libc/arch-arm/syscalls/swapoff.S
[36mtarget asm:[0m libc_syscalls <= bionic/libc/arch-arm/syscalls/fchown.S
[36mtarget asm:[0m libc_syscalls <= bionic/libc/arch-arm/syscalls/__rt_sigsuspend.S
[36mtarget asm:[0m libc_syscalls <= bionic/libc/arch-arm/syscalls/setpriority.S
[36mtarget asm:[0m libc_syscalls <= bionic/libc/arch-arm/syscalls/getsockopt.S
[36mtarget asm:[0m libc_syscalls <= bionic/libc/arch-arm/syscalls/__ppoll.S
[36mtarget asm:[0m libc_syscalls <= bionic/libc/arch-arm/syscalls/clock_nanosleep.S
[36mtarget asm:[0m libc_syscalls <= bionic/libc/arch-arm/syscalls/mprotect.S
[36mtarget asm:[0m libc_syscalls <= bionic/libc/arch-arm/syscalls/fchownat.S
[36mtarget asm:[0m libc_syscalls <= bionic/libc/arch-arm/syscalls/sched_rr_get_interval.S
[36mtarget asm:[0m libc_syscalls <= bionic/libc/arch-arm/syscalls/delete_module.S
[36mtarget asm:[0m libc_syscalls <= bionic/libc/arch-arm/syscalls/sched_get_priority_max.S
[36mtarget asm:[0m libc_syscalls <= bionic/libc/arch-arm/syscalls/munlock.S
[36mtarget asm:[0m libc_syscalls <= bionic/libc/arch-arm/syscalls/mkdirat.S
[36mtarget asm:[0m libc_syscalls <= bionic/libc/arch-arm/syscalls/times.S
[36mtarget asm:[0m libc_syscalls <= bionic/libc/arch-arm/syscalls/sigaltstack.S
[36mtarget asm:[0m libc_syscalls <= bionic/libc/arch-arm/syscalls/shutdown.S
[36mtarget asm:[0m libc_syscalls <= bionic/libc/arch-arm/syscalls/msync.S
[36mtarget asm:[0m libc_syscalls <= bionic/libc/arch-arm/syscalls/wait4.S
[36mtarget asm:[0m libc_syscalls <= bionic/libc/arch-arm/syscalls/__timer_create.S
[36mtarget asm:[0m libc_syscalls <= bionic/libc/arch-arm/syscalls/setgid.S
[36mtarget asm:[0m libc_syscalls <= bionic/libc/arch-arm/syscalls/symlinkat.S
[36mtarget asm:[0m libc_syscalls <= bionic/libc/arch-arm/syscalls/clock_settime.S
[36mtarget asm:[0m libc_syscalls <= bionic/libc/arch-arm/syscalls/capget.S
[36mtarget asm:[0m libc_syscalls <= bionic/libc/arch-arm/syscalls/geteuid.S
[36mtarget asm:[0m libc_syscalls <= bionic/libc/arch-arm/syscalls/__set_tid_address.S
[36mtarget asm:[0m libc_syscalls <= bionic/libc/arch-arm/syscalls/__timer_getoverrun.S
[36mtarget thumb C:[0m libc_tzcode <= bionic/libc/tzcode/strftime.c
[36mtarget thumb C:[0m libc_tzcode <= bionic/libc/tzcode/strptime.c
[36mtarget thumb C:[0m libc_tzcode <= bionic/libc/tzcode/localtime.c
[36mtarget thumb C:[0m libc_tzcode <= bionic/libc/tzcode/asctime.c
[36mtarget thumb C:[0m libc_tzcode <= bionic/libc/tzcode/difftime.c
[36mtarget thumb C:[0m libc_tzcode <= bionic/libc/upstream-openbsd/lib/libc/time/wcsftime.c
[36mtarget thumb C:[0m libjemalloc <= external/jemalloc/src/arena.c
[36mtarget thumb C:[0m libjemalloc <= external/jemalloc/src/atomic.c
[36mtarget thumb C:[0m libjemalloc <= external/jemalloc/src/base.c
[36mtarget thumb C:[0m libjemalloc <= external/jemalloc/src/bitmap.c
[36mtarget thumb C:[0m libjemalloc <= external/jemalloc/src/chunk.c
[36mtarget thumb C:[0m libjemalloc <= external/jemalloc/src/chunk_dss.c
[36mtarget thumb C:[0m libjemalloc <= external/jemalloc/src/chunk_mmap.c
[36mtarget thumb C:[0m libjemalloc <= external/jemalloc/src/ckh.c
[36mtarget thumb C:[0m libjemalloc <= external/jemalloc/src/ctl.c
[36mtarget thumb C:[0m libjemalloc <= external/jemalloc/src/extent.c
[36mtarget thumb C:[0m libjemalloc <= external/jemalloc/src/hash.c
[36mtarget thumb C:[0m libjemalloc <= external/jemalloc/src/huge.c
[36mtarget thumb C:[0m libjemalloc <= external/jemalloc/src/jemalloc.c
[36mtarget thumb C:[0m libjemalloc <= external/jemalloc/src/mb.c
[36mtarget thumb C:[0m libjemalloc <= external/jemalloc/src/mutex.c
[36mtarget thumb C:[0m libjemalloc <= external/jemalloc/src/prof.c
[36mtarget thumb C:[0m libjemalloc <= external/jemalloc/src/quarantine.c
[36mtarget thumb C:[0m libjemalloc <= external/jemalloc/src/rtree.c
[36mtarget thumb C:[0m libjemalloc <= external/jemalloc/src/stats.c
[36mtarget thumb C:[0m libjemalloc <= external/jemalloc/src/tcache.c
[36mtarget thumb C:[0m libjemalloc <= external/jemalloc/src/tsd.c
[36mtarget thumb C:[0m libjemalloc <= external/jemalloc/src/util.c
[36mtarget thumb C:[0m libjemalloc <= external/jemalloc/android/src/je_mallinfo.c
[36mtarget thumb C:[0m libcrecovery <= bootable/recovery/libcrecovery/system.c
[36mtarget thumb C:[0m libcrecovery <= bootable/recovery/libcrecovery/popen.c
[36mtarget arm C:[0m libm <= bionic/libm/digittoint.c
[36mtarget arm C:[0m libm <= bionic/libm/significandl.c
[36mtarget arm C:[0m libm <= bionic/libm/sincos.c
[36mtarget arm C:[0m libm <= bionic/libm/upstream-freebsd/lib/msun/bsdsrc/b_exp.c
[36mtarget arm C:[0m libm <= bionic/libm/upstream-freebsd/lib/msun/bsdsrc/b_log.c
[36mtarget arm C:[0m libm <= bionic/libm/upstream-freebsd/lib/msun/bsdsrc/b_tgamma.c
[36mtarget arm C:[0m libm <= bionic/libm/upstream-freebsd/lib/msun/src/e_acos.c
[36mtarget arm C:[0m libm <= bionic/libm/upstream-freebsd/lib/msun/src/e_acosf.c
[36mtarget arm C:[0m libm <= bionic/libm/upstream-freebsd/lib/msun/src/e_acosh.c
[36mtarget arm C:[0m libm <= bionic/libm/upstream-freebsd/lib/msun/src/e_acoshf.c
[36mtarget arm C:[0m libm <= bionic/libm/upstream-freebsd/lib/msun/src/e_asin.c
[36mtarget arm C:[0m libm <= bionic/libm/upstream-freebsd/lib/msun/src/e_asinf.c
[36mtarget arm C:[0m libm <= bionic/libm/upstream-freebsd/lib/msun/src/e_atan2.c
[36mtarget arm C:[0m libm <= bionic/libm/upstream-freebsd/lib/msun/src/e_atan2f.c
[36mtarget arm C:[0m libm <= bionic/libm/upstream-freebsd/lib/msun/src/e_atanh.c
[36mtarget arm C:[0m libm <= bionic/libm/upstream-freebsd/lib/msun/src/e_atanhf.c
[36mtarget arm C:[0m libm <= bionic/libm/upstream-freebsd/lib/msun/src/e_cosh.c
[36mtarget arm C:[0m libm <= bionic/libm/upstream-freebsd/lib/msun/src/e_coshf.c
[36mtarget arm C:[0m libm <= bionic/libm/upstream-freebsd/lib/msun/src/e_exp.c
[36mtarget arm C:[0m libm <= bionic/libm/upstream-freebsd/lib/msun/src/e_expf.c
[36mtarget arm C:[0m libm <= bionic/libm/upstream-freebsd/lib/msun/src/e_fmod.c
[36mtarget arm C:[0m libm <= bionic/libm/upstream-freebsd/lib/msun/src/e_fmodf.c
[36mtarget arm C:[0m libm <= bionic/libm/upstream-freebsd/lib/msun/src/e_gamma.c
[36mtarget arm C:[0m libm <= bionic/libm/upstream-freebsd/lib/msun/src/e_gammaf.c
[36mtarget arm C:[0m libm <= bionic/libm/upstream-freebsd/lib/msun/src/e_gammaf_r.c
[36mtarget arm C:[0m libm <= bionic/libm/upstream-freebsd/lib/msun/src/e_gamma_r.c
[36mtarget arm C:[0m libm <= bionic/libm/upstream-freebsd/lib/msun/src/e_hypot.c
[36mtarget arm C:[0m libm <= bionic/libm/upstream-freebsd/lib/msun/src/e_hypotf.c
[36mtarget arm C:[0m libm <= bionic/libm/upstream-freebsd/lib/msun/src/e_j0.c
[36mtarget arm C:[0m libm <= bionic/libm/upstream-freebsd/lib/msun/src/e_j0f.c
[36mtarget arm C:[0m libm <= bionic/libm/upstream-freebsd/lib/msun/src/e_j1.c
[36mtarget arm C:[0m libm <= bionic/libm/upstream-freebsd/lib/msun/src/e_j1f.c
[36mtarget arm C:[0m libm <= bionic/libm/upstream-freebsd/lib/msun/src/e_jn.c
[36mtarget arm C:[0m libm <= bionic/libm/upstream-freebsd/lib/msun/src/e_jnf.c
[36mtarget arm C:[0m libm <= bionic/libm/upstream-freebsd/lib/msun/src/e_lgamma.c
[36mtarget arm C:[0m libm <= bionic/libm/upstream-freebsd/lib/msun/src/e_lgammaf.c
[36mtarget arm C:[0m libm <= bionic/libm/upstream-freebsd/lib/msun/src/e_lgammaf_r.c
[36mtarget arm C:[0m libm <= bionic/libm/upstream-freebsd/lib/msun/src/e_lgamma_r.c
[36mtarget arm C:[0m libm <= bionic/libm/upstream-freebsd/lib/msun/src/e_log10.c
[36mtarget arm C:[0m libm <= bionic/libm/upstream-freebsd/lib/msun/src/e_log10f.c
[36mtarget arm C:[0m libm <= bionic/libm/upstream-freebsd/lib/msun/src/e_log2.c
[36mtarget arm C:[0m libm <= bionic/libm/upstream-freebsd/lib/msun/src/e_log2f.c
[36mtarget arm C:[0m libm <= bionic/libm/upstream-freebsd/lib/msun/src/e_log.c
[36mtarget arm C:[0m libm <= bionic/libm/upstream-freebsd/lib/msun/src/e_logf.c
[36mtarget arm C:[0m libm <= bionic/libm/upstream-freebsd/lib/msun/src/e_pow.c
[36mtarget arm C:[0m libm <= bionic/libm/upstream-freebsd/lib/msun/src/e_powf.c
[36mtarget arm C:[0m libm <= bionic/libm/upstream-freebsd/lib/msun/src/e_remainder.c
[36mtarget arm C:[0m libm <= bionic/libm/upstream-freebsd/lib/msun/src/e_remainderf.c
[36mtarget arm C:[0m libm <= bionic/libm/upstream-freebsd/lib/msun/src/e_rem_pio2.c
[36mtarget arm C:[0m libm <= bionic/libm/upstream-freebsd/lib/msun/src/e_rem_pio2f.c
[36mtarget arm C:[0m libm <= bionic/libm/upstream-freebsd/lib/msun/src/e_scalb.c
[36mtarget arm C:[0m libm <= bionic/libm/upstream-freebsd/lib/msun/src/e_scalbf.c
[36mtarget arm C:[0m libm <= bionic/libm/upstream-freebsd/lib/msun/src/e_sinh.c
[36mtarget arm C:[0m libm <= bionic/libm/upstream-freebsd/lib/msun/src/e_sinhf.c
[36mtarget arm C:[0m libm <= bionic/libm/upstream-freebsd/lib/msun/src/e_sqrt.c
[36mtarget arm C:[0m libm <= bionic/libm/upstream-freebsd/lib/msun/src/e_sqrtf.c
[36mtarget arm C:[0m libm <= bionic/libm/upstream-freebsd/lib/msun/src/imprecise.c
[36mtarget arm C:[0m libm <= bionic/libm/upstream-freebsd/lib/msun/src/k_cos.c
[36mtarget arm C:[0m libm <= bionic/libm/upstream-freebsd/lib/msun/src/k_cosf.c
[36mtarget arm C:[0m libm <= bionic/libm/upstream-freebsd/lib/msun/src/k_exp.c
[36mtarget arm C:[0m libm <= bionic/libm/upstream-freebsd/lib/msun/src/k_expf.c
[36mtarget arm C:[0m libm <= bionic/libm/upstream-freebsd/lib/msun/src/k_rem_pio2.c
[36mtarget arm C:[0m libm <= bionic/libm/upstream-freebsd/lib/msun/src/k_sin.c
[36mtarget arm C:[0m libm <= bionic/libm/upstream-freebsd/lib/msun/src/k_sinf.c
[36mtarget arm C:[0m libm <= bionic/libm/upstream-freebsd/lib/msun/src/k_tan.c
[36mtarget arm C:[0m libm <= bionic/libm/upstream-freebsd/lib/msun/src/k_tanf.c
[36mtarget arm C:[0m libm <= bionic/libm/upstream-freebsd/lib/msun/src/s_asinh.c
[36mtarget arm C:[0m libm <= bionic/libm/upstream-freebsd/lib/msun/src/s_asinhf.c
[36mtarget arm C:[0m libm <= bionic/libm/upstream-freebsd/lib/msun/src/s_atan.c
[36mtarget arm C:[0m libm <= bionic/libm/upstream-freebsd/lib/msun/src/s_atanf.c
[36mtarget arm C:[0m libm <= bionic/libm/upstream-freebsd/lib/msun/src/s_carg.c
[36mtarget arm C:[0m libm <= bionic/libm/upstream-freebsd/lib/msun/src/s_cargf.c
[36mtarget arm C:[0m libm <= bionic/libm/upstream-freebsd/lib/msun/src/s_cbrt.c
[36mtarget arm C:[0m libm <= bionic/libm/upstream-freebsd/lib/msun/src/s_cbrtf.c
[36mtarget arm C:[0m libm <= bionic/libm/upstream-freebsd/lib/msun/src/s_ccosh.c
[36mtarget arm C:[0m libm <= bionic/libm/upstream-freebsd/lib/msun/src/s_ccoshf.c
[36mtarget arm C:[0m libm <= bionic/libm/upstream-freebsd/lib/msun/src/s_ceil.c
[36mtarget arm C:[0m libm <= bionic/libm/upstream-freebsd/lib/msun/src/s_ceilf.c
[36mtarget arm C:[0m libm <= bionic/libm/upstream-freebsd/lib/msun/src/s_cexp.c
[36mtarget arm C:[0m libm <= bionic/libm/upstream-freebsd/lib/msun/src/s_cexpf.c
[36mtarget arm C:[0m libm <= bionic/libm/upstream-freebsd/lib/msun/src/s_cimag.c
[36mtarget arm C:[0m libm <= bionic/libm/upstream-freebsd/lib/msun/src/s_cimagf.c
[36mtarget arm C:[0m libm <= bionic/libm/upstream-freebsd/lib/msun/src/s_conj.c
[36mtarget arm C:[0m libm <= bionic/libm/upstream-freebsd/lib/msun/src/s_conjf.c
[36mtarget arm C:[0m libm <= bionic/libm/upstream-freebsd/lib/msun/src/s_copysign.c
[36mtarget arm C:[0m libm <= bionic/libm/upstream-freebsd/lib/msun/src/s_copysignf.c
[36mtarget arm C:[0m libm <= bionic/libm/upstream-freebsd/lib/msun/src/s_cos.c
[36mtarget arm C:[0m libm <= bionic/libm/upstream-freebsd/lib/msun/src/s_cosf.c
[36mtarget arm C:[0m libm <= bionic/libm/upstream-freebsd/lib/msun/src/s_cproj.c
[36mtarget arm C:[0m libm <= bionic/libm/upstream-freebsd/lib/msun/src/s_cprojf.c
[36mtarget arm C:[0m libm <= bionic/libm/upstream-freebsd/lib/msun/src/s_creal.c
[36mtarget arm C:[0m libm <= bionic/libm/upstream-freebsd/lib/msun/src/s_crealf.c
[36mtarget arm C:[0m libm <= bionic/libm/upstream-freebsd/lib/msun/src/s_csinh.c
[36mtarget arm C:[0m libm <= bionic/libm/upstream-freebsd/lib/msun/src/s_csinhf.c
[36mtarget arm C:[0m libm <= bionic/libm/upstream-freebsd/lib/msun/src/s_csqrt.c
[36mtarget arm C:[0m libm <= bionic/libm/upstream-freebsd/lib/msun/src/s_csqrtf.c
[36mtarget arm C:[0m libm <= bionic/libm/upstream-freebsd/lib/msun/src/s_ctanh.c
[36mtarget arm C:[0m libm <= bionic/libm/upstream-freebsd/lib/msun/src/s_ctanhf.c
[36mtarget arm C:[0m libm <= bionic/libm/upstream-freebsd/lib/msun/src/s_erf.c
[36mtarget arm C:[0m libm <= bionic/libm/upstream-freebsd/lib/msun/src/s_erff.c
[36mtarget arm C:[0m libm <= bionic/libm/upstream-freebsd/lib/msun/src/s_exp2.c
[36mtarget arm C:[0m libm <= bionic/libm/upstream-freebsd/lib/msun/src/s_exp2f.c
[36mtarget arm C:[0m libm <= bionic/libm/upstream-freebsd/lib/msun/src/s_expm1.c
[36mtarget arm C:[0m libm <= bionic/libm/upstream-freebsd/lib/msun/src/s_expm1f.c
[36mtarget arm C:[0m libm <= bionic/libm/upstream-freebsd/lib/msun/src/s_fabs.c
[36mtarget arm C:[0m libm <= bionic/libm/upstream-freebsd/lib/msun/src/s_fabsf.c
[36mtarget arm C:[0m libm <= bionic/libm/upstream-freebsd/lib/msun/src/s_fdim.c
[36mtarget arm C:[0m libm <= bionic/libm/upstream-freebsd/lib/msun/src/s_finite.c
[36mtarget arm C:[0m libm <= bionic/libm/upstream-freebsd/lib/msun/src/s_finitef.c
[36mtarget arm C:[0m libm <= bionic/libm/upstream-freebsd/lib/msun/src/s_floor.c
[36mtarget arm C:[0m libm <= bionic/libm/upstream-freebsd/lib/msun/src/s_floorf.c
[36mtarget arm C:[0m libm <= bionic/libm/upstream-freebsd/lib/msun/src/s_fma.c
[36mtarget arm C:[0m libm <= bionic/libm/upstream-freebsd/lib/msun/src/s_fmaf.c
[36mtarget arm C:[0m libm <= bionic/libm/upstream-freebsd/lib/msun/src/s_fmax.c
[36mtarget arm C:[0m libm <= bionic/libm/upstream-freebsd/lib/msun/src/s_fmaxf.c
[36mtarget arm C:[0m libm <= bionic/libm/upstream-freebsd/lib/msun/src/s_fmin.c
[36mtarget arm C:[0m libm <= bionic/libm/upstream-freebsd/lib/msun/src/s_fminf.c
[36mtarget arm C:[0m libm <= bionic/libm/upstream-freebsd/lib/msun/src/s_frexp.c
[36mtarget arm C:[0m libm <= bionic/libm/upstream-freebsd/lib/msun/src/s_frexpf.c
[36mtarget arm C:[0m libm <= bionic/libm/upstream-freebsd/lib/msun/src/s_ilogb.c
[36mtarget arm C:[0m libm <= bionic/libm/upstream-freebsd/lib/msun/src/s_ilogbf.c
[36mtarget arm C:[0m libm <= bionic/libm/upstream-freebsd/lib/msun/src/s_llrint.c
[36mtarget arm C:[0m libm <= bionic/libm/upstream-freebsd/lib/msun/src/s_llrintf.c
[36mtarget arm C:[0m libm <= bionic/libm/upstream-freebsd/lib/msun/src/s_llround.c
[36mtarget arm C:[0m libm <= bionic/libm/upstream-freebsd/lib/msun/src/s_llroundf.c
[36mtarget arm C:[0m libm <= bionic/libm/upstream-freebsd/lib/msun/src/s_log1p.c
[36mtarget arm C:[0m libm <= bionic/libm/upstream-freebsd/lib/msun/src/s_log1pf.c
[36mtarget arm C:[0m libm <= bionic/libm/upstream-freebsd/lib/msun/src/s_logb.c
[36mtarget arm C:[0m libm <= bionic/libm/upstream-freebsd/lib/msun/src/s_logbf.c
[36mtarget arm C:[0m libm <= bionic/libm/upstream-freebsd/lib/msun/src/s_lrint.c
[36mtarget arm C:[0m libm <= bionic/libm/upstream-freebsd/lib/msun/src/s_lrintf.c
[36mtarget arm C:[0m libm <= bionic/libm/upstream-freebsd/lib/msun/src/s_lround.c
[36mtarget arm C:[0m libm <= bionic/libm/upstream-freebsd/lib/msun/src/s_lroundf.c
[36mtarget arm C:[0m libm <= bionic/libm/upstream-freebsd/lib/msun/src/s_modf.c
[36mtarget arm C:[0m libm <= bionic/libm/upstream-freebsd/lib/msun/src/s_modff.c
[36mtarget arm C:[0m libm <= bionic/libm/upstream-freebsd/lib/msun/src/s_nan.c
[36mtarget arm C:[0m libm <= bionic/libm/upstream-freebsd/lib/msun/src/s_nearbyint.c
[36mtarget arm C:[0m libm <= bionic/libm/upstream-freebsd/lib/msun/src/s_nextafter.c
[36mtarget arm C:[0m libm <= bionic/libm/upstream-freebsd/lib/msun/src/s_nextafterf.c
[36mtarget arm C:[0m libm <= bionic/libm/upstream-freebsd/lib/msun/src/s_remquo.c
[36mtarget arm C:[0m libm <= bionic/libm/upstream-freebsd/lib/msun/src/s_remquof.c
[36mtarget arm C:[0m libm <= bionic/libm/upstream-freebsd/lib/msun/src/s_rint.c
[36mtarget arm C:[0m libm <= bionic/libm/upstream-freebsd/lib/msun/src/s_rintf.c
[36mtarget arm C:[0m libm <= bionic/libm/upstream-freebsd/lib/msun/src/s_round.c
[36mtarget arm C:[0m libm <= bionic/libm/upstream-freebsd/lib/msun/src/s_roundf.c
[36mtarget arm C:[0m libm <= bionic/libm/upstream-freebsd/lib/msun/src/s_scalbln.c
[36mtarget arm C:[0m libm <= bionic/libm/upstream-freebsd/lib/msun/src/s_scalbn.c
[36mtarget arm C:[0m libm <= bionic/libm/upstream-freebsd/lib/msun/src/s_scalbnf.c
[36mtarget arm C:[0m libm <= bionic/libm/upstream-freebsd/lib/msun/src/s_signgam.c
[36mtarget arm C:[0m libm <= bionic/libm/upstream-freebsd/lib/msun/src/s_significand.c
[36mtarget arm C:[0m libm <= bionic/libm/upstream-freebsd/lib/msun/src/s_significandf.c
[36mtarget arm C:[0m libm <= bionic/libm/upstream-freebsd/lib/msun/src/s_sin.c
[36mtarget arm C:[0m libm <= bionic/libm/upstream-freebsd/lib/msun/src/s_sinf.c
[36mtarget arm C:[0m libm <= bionic/libm/upstream-freebsd/lib/msun/src/s_tan.c
[36mtarget arm C:[0m libm <= bionic/libm/upstream-freebsd/lib/msun/src/s_tanf.c
[36mtarget arm C:[0m libm <= bionic/libm/upstream-freebsd/lib/msun/src/s_tanh.c
[36mtarget arm C:[0m libm <= bionic/libm/upstream-freebsd/lib/msun/src/s_tanhf.c
[36mtarget arm C:[0m libm <= bionic/libm/upstream-freebsd/lib/msun/src/s_tgammaf.c
[36mtarget arm C:[0m libm <= bionic/libm/upstream-freebsd/lib/msun/src/s_trunc.c
[36mtarget arm C:[0m libm <= bionic/libm/upstream-freebsd/lib/msun/src/s_truncf.c
[36mtarget arm C:[0m libm <= bionic/libm/upstream-freebsd/lib/msun/src/w_cabs.c
[36mtarget arm C:[0m libm <= bionic/libm/upstream-freebsd/lib/msun/src/w_cabsf.c
[36mtarget arm C:[0m libm <= bionic/libm/upstream-freebsd/lib/msun/src/w_drem.c
[36mtarget arm C:[0m libm <= bionic/libm/upstream-freebsd/lib/msun/src/w_dremf.c
[36mtarget arm C:[0m libm <= bionic/libm/fake_long_double.c
[36mtarget arm C:[0m libm <= bionic/libm/signbit.c
[36mtarget arm C:[0m libm <= bionic/libm/arm/fenv.c
[36mtarget thumb C++:[0m libstdc++ <= bionic/libc/bionic/__cxa_guard.cpp
[36mtarget thumb C++:[0m libstdc++ <= bionic/libc/bionic/__cxa_pure_virtual.cpp
[36mtarget thumb C++:[0m libstdc++ <= bionic/libc/bionic/new.cpp
[36mtarget thumb C++:[0m libstdc++ <= bionic/libc/bionic/libc_logging.cpp
[36mtarget thumb C:[0m liblog <= system/core/liblog/logd_write.c
[36mtarget thumb C++:[0m liblog <= system/core/liblog/log_time.cpp
[36mtarget thumb C:[0m liblog <= system/core/liblog/logprint.c
[36mtarget thumb C:[0m liblog <= system/core/liblog/event_tag_map.c
[36mtarget thumb C:[0m liblog <= system/core/liblog/log_read.c
[32mImport includes file:[0m /builds/out/target/product/trlteduoszh/obj/STATIC_LIBRARIES/libcutils_intermediates/import_includes
[36mtarget thumb C:[0m libflashutils <= bootable/recovery/flashutils/flashutils.c
[36mtarget thumb C:[0m libmmcutils <= bootable/recovery/mmcutils/mmcutils.c
[36mtarget thumb C:[0m libmtdutils <= bootable/recovery/mtdutils/mtdutils.c
In file included from bootable/recovery/mmcutils/mmcutils.c:42:0:
bootable/recovery/mmcutils/mmcutils.h:34:0: warning: "BLOCK_SIZE" redefined [enabled by default]
 #define BLOCK_SIZE                0x200
 ^
In file included from bionic/libc/include/sys/mount.h:33:0,
                 from bootable/recovery/mmcutils/mmcutils.c:40:
bionic/libc/kernel/uapi/linux/fs.h:30:0: note: this is the location of the previous definition
 #define BLOCK_SIZE (1<<BLOCK_SIZE_BITS)
 ^
bootable/recovery/mmcutils/mmcutils.c: In function 'format_ext3_device':
bootable/recovery/mmcutils/mmcutils.c:343:5: warning: initialization discards 'const' qualifier from pointer target type [enabled by default]
     char *const mke2fs[] = {MKE2FS_BIN, "-j", "-q", device, NULL};
     ^
bootable/recovery/mmcutils/mmcutils.c:344:5: warning: initialization discards 'const' qualifier from pointer target type [enabled by default]
     char *const tune2fs[] = {TUNE2FS_BIN, "-C", "1", device, NULL};
     ^
bootable/recovery/mmcutils/mmcutils.c:346:5: warning: passing argument 1 of 'run_exec_process' discards 'const' qualifier from pointer target type [enabled by default]
     if(run_exec_process(mke2fs)) {
     ^
bootable/recovery/mmcutils/mmcutils.c:324:1: note: expected 'char **' but argument is of type 'char * const*'
 run_exec_process ( char **argv) {
 ^
bootable/recovery/mmcutils/mmcutils.c:352:5: warning: passing argument 1 of 'run_exec_process' discards 'const' qualifier from pointer target type [enabled by default]
     if(run_exec_process(tune2fs)) {
     ^
bootable/recovery/mmcutils/mmcutils.c:324:1: note: expected 'char **' but argument is of type 'char * const*'
 run_exec_process ( char **argv) {
 ^
bootable/recovery/mmcutils/mmcutils.c:358:5: warning: initialization discards 'const' qualifier from pointer target type [enabled by default]
     char *const e2fsck[] = {E2FSCK_BIN, "-fy", device, NULL};
     ^
bootable/recovery/mmcutils/mmcutils.c:359:5: warning: passing argument 1 of 'run_exec_process' discards 'const' qualifier from pointer target type [enabled by default]
     if(run_exec_process(e2fsck)) {
     ^
bootable/recovery/mmcutils/mmcutils.c:324:1: note: expected 'char **' but argument is of type 'char * const*'
 run_exec_process ( char **argv) {
 ^
bootable/recovery/mmcutils/mmcutils.c: In function 'format_ext2_device':
bootable/recovery/mmcutils/mmcutils.c:370:5: warning: initialization discards 'const' qualifier from pointer target type [enabled by default]
     char *const mke2fs[] = {MKE2FS_BIN, device, NULL};
     ^
bootable/recovery/mmcutils/mmcutils.c:371:5: warning: passing argument 1 of 'run_exec_process' discards 'const' qualifier from pointer target type [enabled by default]
     if(run_exec_process(mke2fs))
     ^
bootable/recovery/mmcutils/mmcutils.c:324:1: note: expected 'char **' but argument is of type 'char * const*'
 run_exec_process ( char **argv) {
 ^
bootable/recovery/mmcutils/mmcutils.c:375:5: warning: initialization discards 'const' qualifier from pointer target type [enabled by default]
     char *const tune2fs[] = {TUNE2FS_BIN, "-C", "1", device, NULL};
     ^
bootable/recovery/mmcutils/mmcutils.c:376:5: warning: passing argument 1 of 'run_exec_process' discards 'const' qualifier from pointer target type [enabled by default]
     if(run_exec_process(tune2fs))
     ^
bootable/recovery/mmcutils/mmcutils.c:324:1: note: expected 'char **' but argument is of type 'char * const*'
 run_exec_process ( char **argv) {
 ^
bootable/recovery/mmcutils/mmcutils.c:380:5: warning: initialization discards 'const' qualifier from pointer target type [enabled by default]
     char *const e2fsck[] = {E2FSCK_BIN, "-fy", device, NULL};
     ^
bootable/recovery/mmcutils/mmcutils.c:381:5: warning: passing argument 1 of 'run_exec_process' discards 'const' qualifier from pointer target type [enabled by default]
     if(run_exec_process(e2fsck))
     ^
bootable/recovery/mmcutils/mmcutils.c:324:1: note: expected 'char **' but argument is of type 'char * const*'
 run_exec_process ( char **argv) {
 ^
bootable/recovery/mmcutils/mmcutils.c: In function 'cmd_mmc_restore_raw_partition':
bootable/recovery/mmcutils/mmcutils.c:594:9: warning: passing argument 2 of 'mmc_raw_copy' discards 'const' qualifier from pointer target type [enabled by default]
         return mmc_raw_copy(p, filename);
         ^
bootable/recovery/mmcutils/mmcutils.c:422:1: note: expected 'char *' but argument is of type 'const char *'
 mmc_raw_copy (const MmcPartition *partition, char *in_file) {
 ^
bootable/recovery/mmcutils/mmcutils.c: In function 'cmd_mmc_backup_raw_partition':
bootable/recovery/mmcutils/mmcutils.c:609:9: warning: passing argument 2 of 'mmc_raw_dump' discards 'const' qualifier from pointer target type [enabled by default]
         return mmc_raw_dump(p, filename);
         ^
bootable/recovery/mmcutils/mmcutils.c:525:1: note: expected 'char *' but argument is of type 'const char *'
 mmc_raw_dump (const MmcPartition *partition, char *out_file) {
 ^
bootable/recovery/mmcutils/mmcutils.c: In function 'cmd_mmc_erase_raw_partition':
bootable/recovery/mmcutils/mmcutils.c:616:45: warning: unused parameter 'partition' [-Wunused-parameter]
 int cmd_mmc_erase_raw_partition(const char *partition)
                                             ^
bootable/recovery/mmcutils/mmcutils.c: In function 'cmd_mmc_erase_partition':
bootable/recovery/mmcutils/mmcutils.c:628:5: warning: passing argument 1 of 'mmc_format_ext3' discards 'const' qualifier from pointer target type [enabled by default]
     return mmc_format_ext3 (p);
     ^
bootable/recovery/mmcutils/mmcutils.c:388:1: note: expected 'struct MmcPartition *' but argument is of type 'const struct MmcPartition *'
 mmc_format_ext3 (MmcPartition *partition) {
 ^
bootable/recovery/mmcutils/mmcutils.c:621:64: warning: unused parameter 'filesystem' [-Wunused-parameter]
 int cmd_mmc_erase_partition(const char *partition, const char *filesystem)
                                                                ^
bootable/recovery/mmcutils/mmcutils.c: In function 'cmd_mmc_mount_partition':
bootable/recovery/mmcutils/mmcutils.c:631:89: warning: unused parameter 'filesystem' [-Wunused-parameter]
 int cmd_mmc_mount_partition(const char *partition, const char *mount_point, const char *filesystem, int read_only)
                                                                                         ^
[36mtarget thumb C:[0m libmtdutils <= bootable/recovery/mtdutils/mounts.c
target [32mPrebuilt:[0m tzdata (/builds/out/target/product/trlteduoszh/obj/ETC/tzdata_intermediates/tzdata)
bootable/recovery/mtdutils/mtdutils.c:594:0: warning: "BLOCK_SIZE" redefined [enabled by default]
 #define BLOCK_SIZE    2048
 ^
In file included from bionic/libc/include/sys/mount.h:33:0,
                 from bootable/recovery/mtdutils/mtdutils.c:23:
bionic/libc/kernel/uapi/linux/fs.h:30:0: note: this is the location of the previous definition
 #define BLOCK_SIZE (1<<BLOCK_SIZE_BITS)
 ^
bootable/recovery/mtdutils/mtdutils.c: In function 'cmd_mtd_erase_partition':
bootable/recovery/mtdutils/mtdutils.c:773:64: warning: unused parameter 'filesystem' [-Wunused-parameter]
 int cmd_mtd_erase_partition(const char *partition, const char *filesystem)
                                                                ^
bootable/recovery/mtdutils/mtdutils.c: In function 'cmd_mtd_get_partition_device':
bootable/recovery/mtdutils/mtdutils.c:793:23: warning: initialization discards 'const' qualifier from pointer target type [enabled by default]
     MtdPartition *p = mtd_find_partition_by_name(partition);
                       ^
[36mtarget thumb C:[0m erase_image <= bootable/recovery/flashutils/erase_image.c
[36mtarget thumb C:[0m flash_image <= bootable/recovery/flashutils/flash_image.c
target [32mPrebuilt:[0m mke2fs.conf (/builds/out/target/product/trlteduoszh/obj/RECOVERY_EXECUTABLES/mke2fs.conf_intermediates/mke2fs.conf)
[32mImport includes file:[0m /builds/out/target/product/trlteduoszh/obj/RECOVERY_EXECUTABLES/pigz_intermediates/import_includes
[36mtarget arm C:[0m libz <= external/zlib/src/adler32.c
[36mtarget arm C:[0m libz <= external/zlib/src/compress.c
[36mtarget arm C:[0m libz <= external/zlib/src/crc32.c
[36mtarget arm C:[0m libz <= external/zlib/src/deflate.c
[36mtarget arm C:[0m libz <= external/zlib/src/gzclose.c
[36mtarget arm C:[0m libz <= external/zlib/src/gzlib.c
[36mtarget arm C:[0m libz <= external/zlib/src/gzread.c
[36mtarget arm C:[0m libz <= external/zlib/src/gzwrite.c
[36mtarget arm C:[0m libz <= external/zlib/src/infback.c
[36mtarget arm C:[0m libz <= external/zlib/src/inflate.c
[36mtarget arm C:[0m libz <= external/zlib/src/inftrees.c
[36mtarget arm C:[0m libz <= external/zlib/src/inffast.c
[36mtarget arm C:[0m libz <= external/zlib/src/trees.c
[36mtarget arm C:[0m libz <= external/zlib/src/uncompr.c
[36mtarget arm C:[0m libz <= external/zlib/src/zutil.c
[32mImport includes file:[0m /builds/out/target/product/trlteduoszh/obj/RECOVERY_EXECUTABLES/twrpbu_intermediates/import_includes
[36mtarget thumb C++:[0m libstlport <= external/stlport/src/dll_main.cpp
[36mtarget thumb C++:[0m libstlport <= external/stlport/src/fstream.cpp
[36mtarget thumb C++:[0m libstlport <= external/stlport/src/strstream.cpp
[36mtarget thumb C++:[0m libstlport <= external/stlport/src/sstream.cpp
[36mtarget thumb C++:[0m libstlport <= external/stlport/src/ios.cpp
[36mtarget thumb C++:[0m libstlport <= external/stlport/src/stdio_streambuf.cpp
[36mtarget thumb C++:[0m libstlport <= external/stlport/src/istream.cpp
[36mtarget thumb C++:[0m libstlport <= external/stlport/src/ostream.cpp
[36mtarget thumb C++:[0m libstlport <= external/stlport/src/iostream.cpp
[36mtarget thumb C++:[0m libstlport <= external/stlport/src/codecvt.cpp
[36mtarget thumb C++:[0m libstlport <= external/stlport/src/collate.cpp
[36mtarget thumb C++:[0m libstlport <= external/stlport/src/ctype.cpp
[36mtarget thumb C++:[0m libstlport <= external/stlport/src/monetary.cpp
[36mtarget thumb C++:[0m libstlport <= external/stlport/src/num_get.cpp
external/stlport/src/ctype.cpp: In static member function 'static bool std::_WCharIndexT<true>::in_range(wchar_t, size_t)':
external/stlport/src/ctype.cpp:284:17: warning: comparison of unsigned expression >= 0 is always true [-Wtype-limits]
     return c >= 0 && size_t(c) < upperBound;
                 ^
[36mtarget thumb C++:[0m libstlport <= external/stlport/src/num_put.cpp
[36mtarget thumb C++:[0m libstlport <= external/stlport/src/num_get_float.cpp
[36mtarget thumb C++:[0m libstlport <= external/stlport/src/num_put_float.cpp
[36mtarget thumb C++:[0m libstlport <= external/stlport/src/numpunct.cpp
[36mtarget thumb C++:[0m libstlport <= external/stlport/src/time_facets.cpp
[36mtarget thumb C++:[0m libstlport <= external/stlport/src/messages.cpp
[36mtarget thumb C++:[0m libstlport <= external/stlport/src/locale.cpp
[36mtarget thumb C++:[0m libstlport <= external/stlport/src/locale_impl.cpp
[36mtarget thumb C++:[0m libstlport <= external/stlport/src/locale_catalog.cpp
[36mtarget thumb C++:[0m libstlport <= external/stlport/src/facets_byname.cpp
[36mtarget thumb C++:[0m libstlport <= external/stlport/src/complex.cpp
[36mtarget thumb C++:[0m libstlport <= external/stlport/src/complex_io.cpp
[36mtarget thumb C++:[0m libstlport <= external/stlport/src/complex_trig.cpp
[36mtarget thumb C++:[0m libstlport <= external/stlport/src/string.cpp
[36mtarget thumb C++:[0m libstlport <= external/stlport/src/bitset.cpp
[36mtarget thumb C++:[0m libstlport <= external/stlport/src/allocators.cpp
[36mtarget thumb C:[0m libstlport <= external/stlport/src/c_locale.c
[36mtarget thumb C:[0m libstlport <= external/stlport/src/cxa.c
[32mImport includes file:[0m /builds/out/target/product/trlteduoszh/obj/EXECUTABLES/busybox_intermediates/import_includes
[36mtarget thumb C:[0m libclearsilverregex <= external/busybox/android/regex/bb_regex.c
[36mtarget thumb C:[0m libuclibcrpc <= external/busybox/android/librpc/auth_none.c
[36mtarget thumb C:[0m libuclibcrpc <= external/busybox/android/librpc/auth_unix.c
external/busybox/android/regex/bb_regex.c: In function 'bb_regerror':
external/busybox/android/regex/bb_regex.c:5476:20: warning: unused parameter 'preg' [-Wunused-parameter]
     const regex_t *preg;
                    ^
[36mtarget thumb C:[0m libuclibcrpc <= external/busybox/android/librpc/authunix_prot.c
[36mtarget thumb C:[0m libuclibcrpc <= external/busybox/android/librpc/bindresvport.c
[36mtarget thumb C:[0m libuclibcrpc <= external/busybox/android/librpc/clnt_generic.c
[36mtarget thumb C:[0m libuclibcrpc <= external/busybox/android/librpc/clnt_perror.c
[36mtarget thumb C:[0m libuclibcrpc <= external/busybox/android/librpc/clnt_raw.c
[36mtarget thumb C:[0m libuclibcrpc <= external/busybox/android/librpc/clnt_simple.c
[36mtarget thumb C:[0m libuclibcrpc <= external/busybox/android/librpc/clnt_tcp.c
[36mtarget thumb C:[0m libuclibcrpc <= external/busybox/android/librpc/clnt_udp.c
[36mtarget thumb C:[0m libuclibcrpc <= external/busybox/android/librpc/clnt_unix.c
[36mtarget thumb C:[0m libuclibcrpc <= external/busybox/android/librpc/create_xid.c
[36mtarget thumb C:[0m libuclibcrpc <= external/busybox/android/librpc/get_myaddress.c
[36mtarget thumb C:[0m libuclibcrpc <= external/busybox/android/librpc/getrpcent.c
[36mtarget thumb C:[0m libuclibcrpc <= external/busybox/android/librpc/getrpcport.c
[36mtarget thumb C:[0m libuclibcrpc <= external/busybox/android/librpc/pmap_clnt.c
[36mtarget thumb C:[0m libuclibcrpc <= external/busybox/android/librpc/pmap_prot2.c
[36mtarget thumb C:[0m libuclibcrpc <= external/busybox/android/librpc/pmap_prot.c
[36mtarget thumb C:[0m libuclibcrpc <= external/busybox/android/librpc/pmap_rmt.c
[36mtarget thumb C:[0m libuclibcrpc <= external/busybox/android/librpc/pm_getmaps.c
[36mtarget thumb C:[0m libuclibcrpc <= external/busybox/android/librpc/pm_getport.c
[36mtarget thumb C:[0m libuclibcrpc <= external/busybox/android/librpc/rpc_cmsg.c
[36mtarget thumb C:[0m libuclibcrpc <= external/busybox/android/librpc/rpc_commondata.c
[36mtarget thumb C:[0m libuclibcrpc <= external/busybox/android/librpc/rpc_dtablesize.c
[36mtarget thumb C:[0m libuclibcrpc <= external/busybox/android/librpc/rpc_prot.c
[36mtarget thumb C:[0m libuclibcrpc <= external/busybox/android/librpc/rpc_thread.c
[36mtarget thumb C:[0m libuclibcrpc <= external/busybox/android/librpc/svc_auth.c
[36mtarget thumb C:[0m libuclibcrpc <= external/busybox/android/librpc/svc_authux.c
[36mtarget thumb C:[0m libuclibcrpc <= external/busybox/android/librpc/svc.c
[36mtarget thumb C:[0m libuclibcrpc <= external/busybox/android/librpc/svc_raw.c
[36mtarget thumb C:[0m libuclibcrpc <= external/busybox/android/librpc/svc_run.c
[36mtarget thumb C:[0m libuclibcrpc <= external/busybox/android/librpc/svc_simple.c
[36mtarget thumb C:[0m libuclibcrpc <= external/busybox/android/librpc/svc_tcp.c
[36mtarget thumb C:[0m libuclibcrpc <= external/busybox/android/librpc/svc_udp.c
[36mtarget thumb C:[0m libuclibcrpc <= external/busybox/android/librpc/svc_unix.c
[36mtarget thumb C:[0m libuclibcrpc <= external/busybox/android/librpc/xdr_array.c
[36mtarget thumb C:[0m libuclibcrpc <= external/busybox/android/librpc/xdr.c
[36mtarget thumb C:[0m libuclibcrpc <= external/busybox/android/librpc/xdr_float.c
[36mtarget thumb C:[0m libuclibcrpc <= external/busybox/android/librpc/xdr_intXX_t.c
[36mtarget thumb C:[0m libuclibcrpc <= external/busybox/android/librpc/xdr_mem.c
[36mtarget thumb C:[0m libuclibcrpc <= external/busybox/android/librpc/xdr_rec.c
[36mtarget thumb C:[0m libuclibcrpc <= external/busybox/android/librpc/xdr_reference.c
[36mtarget thumb C:[0m libuclibcrpc <= external/busybox/android/librpc/xdr_stdio.c
[32mImport includes file:[0m /builds/out/target/product/trlteduoszh/obj/STATIC_LIBRARIES/libselinux_intermediates/import_includes
[36mtarget thumb C:[0m libpcre <= external/pcre/pcre_chartables.c
[36mtarget thumb C:[0m libpcre <= external/pcre/dist/pcre_byte_order.c
[36mtarget thumb C:[0m libpcre <= external/pcre/dist/pcre_compile.c
[36mtarget thumb C:[0m libpcre <= external/pcre/dist/pcre_config.c
[36mtarget thumb C:[0m libpcre <= external/pcre/dist/pcre_dfa_exec.c
external/pcre/dist/pcre_compile.c: In function 'add_to_class':
external/pcre/dist/pcre_compile.c:4135:50: warning: unused parameter 'uchardptr' [-Wunused-parameter]
 add_to_class(pcre_uint8 *classbits, pcre_uchar **uchardptr, int options,
                                                  ^
[36mtarget thumb C:[0m libpcre <= external/pcre/dist/pcre_exec.c
[36mtarget thumb C:[0m libpcre <= external/pcre/dist/pcre_fullinfo.c
[36mtarget thumb C:[0m libpcre <= external/pcre/dist/pcre_get.c
[36mtarget thumb C:[0m libpcre <= external/pcre/dist/pcre_globals.c
[36mtarget thumb C:[0m libpcre <= external/pcre/dist/pcre_jit_compile.c
[36mtarget thumb C:[0m libpcre <= external/pcre/dist/pcre_maketables.c
[36mtarget thumb C:[0m libpcre <= external/pcre/dist/pcre_newline.c
[36mtarget thumb C:[0m libpcre <= external/pcre/dist/pcre_ord2utf8.c
[36mtarget thumb C:[0m libpcre <= external/pcre/dist/pcre_refcount.c
[36mtarget thumb C:[0m libpcre <= external/pcre/dist/pcre_string_utils.c
[36mtarget thumb C:[0m libpcre <= external/pcre/dist/pcre_study.c
[36mtarget thumb C:[0m libpcre <= external/pcre/dist/pcre_tables.c
[36mtarget thumb C:[0m libpcre <= external/pcre/dist/pcre_ucd.c
[36mtarget thumb C:[0m libpcre <= external/pcre/dist/pcre_valid_utf8.c
[36mtarget thumb C:[0m libpcre <= external/pcre/dist/pcre_version.c
[36mtarget thumb C:[0m libpcre <= external/pcre/dist/pcre_xclass.c
[36mtarget thumb C:[0m fsck.fat <= bootable/recovery/dosfstools/src/boot.c
[36mtarget thumb C:[0m fsck.fat <= bootable/recovery/dosfstools/src/check.c
[36mtarget thumb C:[0m fsck.fat <= bootable/recovery/dosfstools/src/common.c
bootable/recovery/dosfstools/src/boot.c: In function 'get_media_descr':
bootable/recovery/dosfstools/src/boot.c:71:19: warning: comparison between signed and unsigned integer expressions [-Wsign-compare]
     for (i = 0; i < sizeof(mediabytes) / sizeof(*mediabytes); ++i) {
                   ^
bootable/recovery/dosfstools/src/boot.c: In function 'dump_boot':
bootable/recovery/dosfstools/src/boot.c:125:45: warning: signed and unsigned type in conditional expression [-Wsign-compare]
      ((unsigned char *)&b->hidden)[1] << 8) : le32toh(b->hidden));
                                             ^
bootable/recovery/dosfstools/src/boot.c: In function 'check_backup_boot':
bootable/recovery/dosfstools/src/boot.c:176:57: warning: comparison between signed and unsigned integer expressions [-Wsign-compare]
  for (p = (uint8_t *) b, q = (uint8_t *) & b2, i = 0; i < sizeof(b2);
                                                         ^
bootable/recovery/dosfstools/src/boot.c: In function 'find_volume_de':
bootable/recovery/dosfstools/src/boot.c:502:31: warning: comparison between signed and unsigned integer expressions [-Wsign-compare]
       cluster != 0 && cluster != -1;
                               ^
bootable/recovery/dosfstools/src/boot.c:513:16: warning: comparison between signed and unsigned integer expressions [-Wsign-compare]
  for (i = 0; i < fs->root_entries; i++) {
                ^
[36mtarget thumb C:[0m fsck.fat <= bootable/recovery/dosfstools/src/fat.c
bootable/recovery/dosfstools/src/check.c: In function 'alloc_rootdir_entry':
bootable/recovery/dosfstools/src/check.c:91:32: warning: comparison between signed and unsigned integer expressions [-Wsign-compare]
  while (clu_num > 0 && clu_num != -1) {
                                ^
bootable/recovery/dosfstools/src/check.c:101:61: warning: comparison between signed and unsigned integer expressions [-Wsign-compare]
   if ((clu_num = next_cluster(fs, clu_num)) == 0 || clu_num == -1)
                                                             ^
bootable/recovery/dosfstools/src/check.c:128:20: warning: comparison between signed and unsigned integer expressions [-Wsign-compare]
      for (i = 0; i < fs->cluster_size; i += sizeof(DIR_ENT))
                    ^
bootable/recovery/dosfstools/src/check.c:140:36: warning: comparison between signed and unsigned integer expressions [-Wsign-compare]
      while (clu_num > 0 && clu_num != -1) {
                                    ^
bootable/recovery/dosfstools/src/check.c:150:12: warning: comparison between signed and unsigned integer expressions [-Wsign-compare]
    clu_num == -1)
            ^
bootable/recovery/dosfstools/src/check.c:155:34: warning: comparison between signed and unsigned integer expressions [-Wsign-compare]
      if (clu_num == 0 || clu_num == -1)
                                  ^
bootable/recovery/dosfstools/src/check.c:167:19: warning: comparison between signed and unsigned integer expressions [-Wsign-compare]
  while (next_free < fs->root_entries)
                   ^
bootable/recovery/dosfstools/src/check.c:173:16: warning: comparison between signed and unsigned integer expressions [-Wsign-compare]
  if (next_free == fs->root_entries)
                ^
bootable/recovery/dosfstools/src/check.c:182:26: warning: comparison between signed and unsigned integer expressions [-Wsign-compare]
      for (scan = 0; scan < fs->root_entries; scan++)
                          ^
bootable/recovery/dosfstools/src/check.c:187:15: warning: comparison between signed and unsigned integer expressions [-Wsign-compare]
      if (scan == fs->root_entries)
               ^
bootable/recovery/dosfstools/src/check.c: In function 'truncate_file':
bootable/recovery/dosfstools/src/check.c:376:29: warning: comparison between signed and unsigned integer expressions [-Wsign-compare]
     while (walk > 0 && walk != -1) {
                             ^
bootable/recovery/dosfstools/src/check.c: In function 'check_file':
bootable/recovery/dosfstools/src/check.c:569:53: warning: signed and unsigned type in conditional expression [-Wsign-compare]
     for (curr = FSTART(file, fs) ? FSTART(file, fs) :
                                                     ^
bootable/recovery/dosfstools/src/check.c:570:12: warning: comparison between signed and unsigned integer expressions [-Wsign-compare]
   -1; curr != -1; curr = next_cluster(fs, curr)) {
            ^
bootable/recovery/dosfstools/src/check.c:592:4: warning: format '%lu' expects argument of type 'long unsigned int', but argument 4 has type 'long long unsigned int' [-Wformat=]
    le32toh(file->dir_ent.size));
    ^
bootable/recovery/dosfstools/src/check.c:601:54: warning: comparison between signed and unsigned integer expressions [-Wsign-compare]
      for (walk = FSTART(owner, fs); walk > 0 && walk != -1; walk =
                                                      ^
bootable/recovery/dosfstools/src/check.c:632:51: warning: comparison between signed and unsigned integer expressions [-Wsign-compare]
   for (this = FSTART(owner, fs); this > 0 && this != -1; this =
                                                   ^
bootable/recovery/dosfstools/src/check.c:644:28: warning: comparison between signed and unsigned integer expressions [-Wsign-compare]
    while (this > 0 && this != -1) {
                            ^
bootable/recovery/dosfstools/src/check.c: In function 'scan_dir':
bootable/recovery/dosfstools/src/check.c:1021:35: warning: comparison between signed and unsigned integer expressions [-Wsign-compare]
     while (clu_num > 0 && clu_num != -1) {
                                   ^
bootable/recovery/dosfstools/src/check.c:1026:64: warning: comparison between signed and unsigned integer expressions [-Wsign-compare]
      if ((clu_num = next_cluster(fs, clu_num)) == 0 || clu_num == -1)
                                                                ^
bootable/recovery/dosfstools/src/check.c: In function 'scan_root':
bootable/recovery/dosfstools/src/check.c:1080:16: warning: comparison between signed and unsigned integer expressions [-Wsign-compare]
  for (i = 0; i < fs->root_entries; i++)
                ^
[36mtarget thumb C:[0m fsck.fat <= bootable/recovery/dosfstools/src/file.c
bootable/recovery/dosfstools/src/fat.c: In function 'read_fat':
bootable/recovery/dosfstools/src/fat.c:117:48: warning: comparison between signed and unsigned integer expressions [-Wsign-compare]
  first_ok = (first_media.value & FAT_EXTD(fs)) == FAT_EXTD(fs);
                                                ^
bootable/recovery/dosfstools/src/fat.c:118:50: warning: comparison between signed and unsigned integer expressions [-Wsign-compare]
  second_ok = (second_media.value & FAT_EXTD(fs)) == FAT_EXTD(fs);
                                                  ^
bootable/recovery/dosfstools/src/fat.c:166:22: warning: comparison between signed and unsigned integer expressions [-Wsign-compare]
      (curEntry.value < FAT_MIN_BAD(fs))) {
                      ^
In file included from bootable/recovery/dosfstools/src/fat.c:33:0:
bootable/recovery/dosfstools/src/fat.c: In function 'bad_cluster':
bootable/recovery/dosfstools/src/fsck.fat.h:183:31: warning: comparison between signed and unsigned integer expressions [-Wsign-compare]
 #define FAT_IS_BAD(fs,v) ((v) >= FAT_MIN_BAD(fs) && (v) <= FAT_MAX_BAD(fs))
                               ^
bootable/recovery/dosfstools/src/fat.c:249:12: note: in expansion of macro 'FAT_IS_BAD'
     return FAT_IS_BAD(fs, curEntry.value);
            ^
bootable/recovery/dosfstools/src/fsck.fat.h:183:57: warning: comparison between signed and unsigned integer expressions [-Wsign-compare]
 #define FAT_IS_BAD(fs,v) ((v) >= FAT_MIN_BAD(fs) && (v) <= FAT_MAX_BAD(fs))
                                                         ^
bootable/recovery/dosfstools/src/fat.c:249:12: note: in expansion of macro 'FAT_IS_BAD'
     return FAT_IS_BAD(fs, curEntry.value);
            ^
bootable/recovery/dosfstools/src/fat.c: In function 'next_cluster':
bootable/recovery/dosfstools/src/fsck.fat.h:183:31: warning: comparison between signed and unsigned integer expressions [-Wsign-compare]
 #define FAT_IS_BAD(fs,v) ((v) >= FAT_MIN_BAD(fs) && (v) <= FAT_MAX_BAD(fs))
                               ^
bootable/recovery/dosfstools/src/fat.c:270:9: note: in expansion of macro 'FAT_IS_BAD'
     if (FAT_IS_BAD(fs, value))
         ^
bootable/recovery/dosfstools/src/fsck.fat.h:183:57: warning: comparison between signed and unsigned integer expressions [-Wsign-compare]
 #define FAT_IS_BAD(fs,v) ((v) >= FAT_MIN_BAD(fs) && (v) <= FAT_MAX_BAD(fs))
                                                         ^
bootable/recovery/dosfstools/src/fat.c:270:9: note: in expansion of macro 'FAT_IS_BAD'
     if (FAT_IS_BAD(fs, value))
         ^
bootable/recovery/dosfstools/src/fsck.fat.h:177:41: warning: comparison between signed and unsigned integer expressions [-Wsign-compare]
 #define FAT_IS_EOF(fs,v) ((uint32_t)(v) >= (0xff8|FAT_EXTD(fs)))
                                         ^
bootable/recovery/dosfstools/src/fat.c:272:12: note: in expansion of macro 'FAT_IS_EOF'
     return FAT_IS_EOF(fs, value) ? -1 : value;
            ^
bootable/recovery/dosfstools/src/fat.c:272:39: warning: signed and unsigned type in conditional expression [-Wsign-compare]
     return FAT_IS_EOF(fs, value) ? -1 : value;
                                       ^
In file included from bootable/recovery/dosfstools/src/fat.c:33:0:
bootable/recovery/dosfstools/src/fat.c: In function 'fix_bad':
bootable/recovery/dosfstools/src/fsck.fat.h:183:31: warning: comparison between signed and unsigned integer expressions [-Wsign-compare]
 #define FAT_IS_BAD(fs,v) ((v) >= FAT_MIN_BAD(fs) && (v) <= FAT_MAX_BAD(fs))
                               ^
bootable/recovery/dosfstools/src/fat.c:319:28: note: in expansion of macro 'FAT_IS_BAD'
  if (!get_owner(fs, i) && !FAT_IS_BAD(fs, curEntry.value))
                            ^
bootable/recovery/dosfstools/src/fsck.fat.h:183:57: warning: comparison between signed and unsigned integer expressions [-Wsign-compare]
 #define FAT_IS_BAD(fs,v) ((v) >= FAT_MIN_BAD(fs) && (v) <= FAT_MAX_BAD(fs))
                                                         ^
bootable/recovery/dosfstools/src/fat.c:319:28: note: in expansion of macro 'FAT_IS_BAD'
  if (!get_owner(fs, i) && !FAT_IS_BAD(fs, curEntry.value))
                            ^
bootable/recovery/dosfstools/src/fat.c: In function 'reclaim_free':
bootable/recovery/dosfstools/src/fsck.fat.h:183:31: warning: comparison between signed and unsigned integer expressions [-Wsign-compare]
 #define FAT_IS_BAD(fs,v) ((v) >= FAT_MIN_BAD(fs) && (v) <= FAT_MAX_BAD(fs))
                               ^
bootable/recovery/dosfstools/src/fat.c:340:7: note: in expansion of macro 'FAT_IS_BAD'
      !FAT_IS_BAD(fs, curEntry.value)) {
       ^
bootable/recovery/dosfstools/src/fsck.fat.h:183:57: warning: comparison between signed and unsigned integer expressions [-Wsign-compare]
 #define FAT_IS_BAD(fs,v) ((v) >= FAT_MIN_BAD(fs) && (v) <= FAT_MAX_BAD(fs))
                                                         ^
bootable/recovery/dosfstools/src/fat.c:340:7: note: in expansion of macro 'FAT_IS_BAD'
      !FAT_IS_BAD(fs, curEntry.value)) {
       ^
bootable/recovery/dosfstools/src/fat.c: In function 'tag_free':
bootable/recovery/dosfstools/src/fsck.fat.h:183:31: warning: comparison between signed and unsigned integer expressions [-Wsign-compare]
 #define FAT_IS_BAD(fs,v) ((v) >= FAT_MIN_BAD(fs) && (v) <= FAT_MAX_BAD(fs))
                               ^
bootable/recovery/dosfstools/src/fat.c:375:25: note: in expansion of macro 'FAT_IS_BAD'
  if (curEntry.value && !FAT_IS_BAD(fs, curEntry.value) &&
                         ^
bootable/recovery/dosfstools/src/fsck.fat.h:183:57: warning: comparison between signed and unsigned integer expressions [-Wsign-compare]
 #define FAT_IS_BAD(fs,v) ((v) >= FAT_MIN_BAD(fs) && (v) <= FAT_MAX_BAD(fs))
                                                         ^
bootable/recovery/dosfstools/src/fat.c:375:25: note: in expansion of macro 'FAT_IS_BAD'
  if (curEntry.value && !FAT_IS_BAD(fs, curEntry.value) &&
                         ^
bootable/recovery/dosfstools/src/fat.c:379:26: warning: comparison between signed and unsigned integer expressions [-Wsign-compare]
      for (walk = i; walk != -1; walk = next_cluster(fs, walk)) {
                          ^
In file included from bootable/recovery/dosfstools/src/fat.c:33:0:
bootable/recovery/dosfstools/src/fat.c: In function 'reclaim_file':
bootable/recovery/dosfstools/src/fsck.fat.h:183:31: warning: comparison between signed and unsigned integer expressions [-Wsign-compare]
 #define FAT_IS_BAD(fs,v) ((v) >= FAT_MIN_BAD(fs) && (v) <= FAT_MAX_BAD(fs))
                               ^
bootable/recovery/dosfstools/src/fat.c:443:3: note: in expansion of macro 'FAT_IS_BAD'
   FAT_IS_BAD(fs, nextEntry.value))
   ^
bootable/recovery/dosfstools/src/fsck.fat.h:183:57: warning: comparison between signed and unsigned integer expressions [-Wsign-compare]
 #define FAT_IS_BAD(fs,v) ((v) >= FAT_MIN_BAD(fs) && (v) <= FAT_MAX_BAD(fs))
                                                         ^
bootable/recovery/dosfstools/src/fat.c:443:3: note: in expansion of macro 'FAT_IS_BAD'
   FAT_IS_BAD(fs, nextEntry.value))
   ^
bootable/recovery/dosfstools/src/fsck.fat.h:183:31: warning: comparison between signed and unsigned integer expressions [-Wsign-compare]
 #define FAT_IS_BAD(fs,v) ((v) >= FAT_MIN_BAD(fs) && (v) <= FAT_MAX_BAD(fs))
                               ^
bootable/recovery/dosfstools/src/fat.c:462:29: note: in expansion of macro 'FAT_IS_BAD'
      if (curEntry.value && !FAT_IS_BAD(fs, curEntry.value) &&
                             ^
bootable/recovery/dosfstools/src/fsck.fat.h:183:57: warning: comparison between signed and unsigned integer expressions [-Wsign-compare]
 #define FAT_IS_BAD(fs,v) ((v) >= FAT_MIN_BAD(fs) && (v) <= FAT_MAX_BAD(fs))
                                                         ^
bootable/recovery/dosfstools/src/fat.c:462:29: note: in expansion of macro 'FAT_IS_BAD'
      if (curEntry.value && !FAT_IS_BAD(fs, curEntry.value) &&
                             ^
bootable/recovery/dosfstools/src/fat.c:492:38: warning: comparison between signed and unsigned integer expressions [-Wsign-compare]
      for (walk = i; walk > 0 && walk != -1;
                                      ^
In file included from bootable/recovery/dosfstools/src/fat.c:33:0:
bootable/recovery/dosfstools/src/fat.c: In function 'update_free':
bootable/recovery/dosfstools/src/fsck.fat.h:183:31: warning: comparison between signed and unsigned integer expressions [-Wsign-compare]
 #define FAT_IS_BAD(fs,v) ((v) >= FAT_MIN_BAD(fs) && (v) <= FAT_MAX_BAD(fs))
                               ^
bootable/recovery/dosfstools/src/fat.c:518:28: note: in expansion of macro 'FAT_IS_BAD'
  if (!get_owner(fs, i) && !FAT_IS_BAD(fs, curEntry.value))
                            ^
bootable/recovery/dosfstools/src/fsck.fat.h:183:57: warning: comparison between signed and unsigned integer expressions [-Wsign-compare]
 #define FAT_IS_BAD(fs,v) ((v) >= FAT_MIN_BAD(fs) && (v) <= FAT_MAX_BAD(fs))
                                                         ^
bootable/recovery/dosfstools/src/fat.c:518:28: note: in expansion of macro 'FAT_IS_BAD'
  if (!get_owner(fs, i) && !FAT_IS_BAD(fs, curEntry.value))
                            ^
bootable/recovery/dosfstools/src/fat.c:527:27: warning: comparison between signed and unsigned integer expressions [-Wsign-compare]
     if (fs->free_clusters != 0xFFFFFFFF) {
                           ^
bootable/recovery/dosfstools/src/fat.c:528:11: warning: comparison between signed and unsigned integer expressions [-Wsign-compare]
  if (free != fs->free_clusters) {
           ^
[36mtarget thumb C:[0m fsck.fat <= bootable/recovery/dosfstools/src/io.c
[36mtarget thumb C:[0m fsck.fat <= bootable/recovery/dosfstools/src/lfn.c
[36mtarget thumb C:[0m fsck.fat <= bootable/recovery/dosfstools/src/fsck.fat.c
[36mtarget thumb C:[0m fatlabel <= bootable/recovery/dosfstools/src/boot.c
[36mtarget thumb C:[0m fatlabel <= bootable/recovery/dosfstools/src/check.c
[36mtarget thumb C:[0m fatlabel <= bootable/recovery/dosfstools/src/common.c
bootable/recovery/dosfstools/src/boot.c: In function 'get_media_descr':
bootable/recovery/dosfstools/src/boot.c:71:19: warning: comparison between signed and unsigned integer expressions [-Wsign-compare]
     for (i = 0; i < sizeof(mediabytes) / sizeof(*mediabytes); ++i) {
                   ^
bootable/recovery/dosfstools/src/boot.c: In function 'dump_boot':
bootable/recovery/dosfstools/src/boot.c:125:45: warning: signed and unsigned type in conditional expression [-Wsign-compare]
      ((unsigned char *)&b->hidden)[1] << 8) : le32toh(b->hidden));
                                             ^
bootable/recovery/dosfstools/src/boot.c: In function 'check_backup_boot':
bootable/recovery/dosfstools/src/boot.c:176:57: warning: comparison between signed and unsigned integer expressions [-Wsign-compare]
  for (p = (uint8_t *) b, q = (uint8_t *) & b2, i = 0; i < sizeof(b2);
                                                         ^
bootable/recovery/dosfstools/src/boot.c: In function 'find_volume_de':
bootable/recovery/dosfstools/src/boot.c:502:31: warning: comparison between signed and unsigned integer expressions [-Wsign-compare]
       cluster != 0 && cluster != -1;
                               ^
bootable/recovery/dosfstools/src/boot.c:513:16: warning: comparison between signed and unsigned integer expressions [-Wsign-compare]
  for (i = 0; i < fs->root_entries; i++) {
                ^
bootable/recovery/dosfstools/src/check.c: In function 'alloc_rootdir_entry':
bootable/recovery/dosfstools/src/check.c:91:32: warning: comparison between signed and unsigned integer expressions [-Wsign-compare]
  while (clu_num > 0 && clu_num != -1) {
                                ^
bootable/recovery/dosfstools/src/check.c:101:61: warning: comparison between signed and unsigned integer expressions [-Wsign-compare]
   if ((clu_num = next_cluster(fs, clu_num)) == 0 || clu_num == -1)
                                                             ^
bootable/recovery/dosfstools/src/check.c:128:20: warning: comparison between signed and unsigned integer expressions [-Wsign-compare]
      for (i = 0; i < fs->cluster_size; i += sizeof(DIR_ENT))
                    ^
bootable/recovery/dosfstools/src/check.c:140:36: warning: comparison between signed and unsigned integer expressions [-Wsign-compare]
      while (clu_num > 0 && clu_num != -1) {
                                    ^
bootable/recovery/dosfstools/src/check.c:150:12: warning: comparison between signed and unsigned integer expressions [-Wsign-compare]
    clu_num == -1)
            ^
bootable/recovery/dosfstools/src/check.c:155:34: warning: comparison between signed and unsigned integer expressions [-Wsign-compare]
      if (clu_num == 0 || clu_num == -1)
                                  ^
bootable/recovery/dosfstools/src/check.c:167:19: warning: comparison between signed and unsigned integer expressions [-Wsign-compare]
  while (next_free < fs->root_entries)
                   ^
bootable/recovery/dosfstools/src/check.c:173:16: warning: comparison between signed and unsigned integer expressions [-Wsign-compare]
  if (next_free == fs->root_entries)
                ^
bootable/recovery/dosfstools/src/check.c:182:26: warning: comparison between signed and unsigned integer expressions [-Wsign-compare]
      for (scan = 0; scan < fs->root_entries; scan++)
                          ^
bootable/recovery/dosfstools/src/check.c:187:15: warning: comparison between signed and unsigned integer expressions [-Wsign-compare]
      if (scan == fs->root_entries)
               ^
bootable/recovery/dosfstools/src/check.c: In function 'truncate_file':
bootable/recovery/dosfstools/src/check.c:376:29: warning: comparison between signed and unsigned integer expressions [-Wsign-compare]
     while (walk > 0 && walk != -1) {
                             ^
bootable/recovery/dosfstools/src/check.c: In function 'check_file':
bootable/recovery/dosfstools/src/check.c:569:53: warning: signed and unsigned type in conditional expression [-Wsign-compare]
     for (curr = FSTART(file, fs) ? FSTART(file, fs) :
                                                     ^
bootable/recovery/dosfstools/src/check.c:570:12: warning: comparison between signed and unsigned integer expressions [-Wsign-compare]
   -1; curr != -1; curr = next_cluster(fs, curr)) {
            ^
bootable/recovery/dosfstools/src/check.c:592:4: warning: format '%lu' expects argument of type 'long unsigned int', but argument 4 has type 'long long unsigned int' [-Wformat=]
    le32toh(file->dir_ent.size));
    ^
bootable/recovery/dosfstools/src/check.c:601:54: warning: comparison between signed and unsigned integer expressions [-Wsign-compare]
      for (walk = FSTART(owner, fs); walk > 0 && walk != -1; walk =
                                                      ^
bootable/recovery/dosfstools/src/check.c:632:51: warning: comparison between signed and unsigned integer expressions [-Wsign-compare]
   for (this = FSTART(owner, fs); this > 0 && this != -1; this =
                                                   ^
bootable/recovery/dosfstools/src/check.c:644:28: warning: comparison between signed and unsigned integer expressions [-Wsign-compare]
    while (this > 0 && this != -1) {
                            ^
bootable/recovery/dosfstools/src/check.c: In function 'scan_dir':
bootable/recovery/dosfstools/src/check.c:1021:35: warning: comparison between signed and unsigned integer expressions [-Wsign-compare]
     while (clu_num > 0 && clu_num != -1) {
                                   ^
bootable/recovery/dosfstools/src/check.c:1026:64: warning: comparison between signed and unsigned integer expressions [-Wsign-compare]
      if ((clu_num = next_cluster(fs, clu_num)) == 0 || clu_num == -1)
                                                                ^
bootable/recovery/dosfstools/src/check.c: In function 'scan_root':
bootable/recovery/dosfstools/src/check.c:1080:16: warning: comparison between signed and unsigned integer expressions [-Wsign-compare]
  for (i = 0; i < fs->root_entries; i++)
                ^
[36mtarget thumb C:[0m fatlabel <= bootable/recovery/dosfstools/src/fat.c
[36mtarget thumb C:[0m fatlabel <= bootable/recovery/dosfstools/src/file.c
bootable/recovery/dosfstools/src/fat.c: In function 'read_fat':
bootable/recovery/dosfstools/src/fat.c:117:48: warning: comparison between signed and unsigned integer expressions [-Wsign-compare]
  first_ok = (first_media.value & FAT_EXTD(fs)) == FAT_EXTD(fs);
                                                ^
bootable/recovery/dosfstools/src/fat.c:118:50: warning: comparison between signed and unsigned integer expressions [-Wsign-compare]
  second_ok = (second_media.value & FAT_EXTD(fs)) == FAT_EXTD(fs);
                                                  ^
bootable/recovery/dosfstools/src/fat.c:166:22: warning: comparison between signed and unsigned integer expressions [-Wsign-compare]
      (curEntry.value < FAT_MIN_BAD(fs))) {
                      ^
In file included from bootable/recovery/dosfstools/src/fat.c:33:0:
bootable/recovery/dosfstools/src/fat.c: In function 'bad_cluster':
bootable/recovery/dosfstools/src/fsck.fat.h:183:31: warning: comparison between signed and unsigned integer expressions [-Wsign-compare]
 #define FAT_IS_BAD(fs,v) ((v) >= FAT_MIN_BAD(fs) && (v) <= FAT_MAX_BAD(fs))
                               ^
bootable/recovery/dosfstools/src/fat.c:249:12: note: in expansion of macro 'FAT_IS_BAD'
     return FAT_IS_BAD(fs, curEntry.value);
            ^
bootable/recovery/dosfstools/src/fsck.fat.h:183:57: warning: comparison between signed and unsigned integer expressions [-Wsign-compare]
 #define FAT_IS_BAD(fs,v) ((v) >= FAT_MIN_BAD(fs) && (v) <= FAT_MAX_BAD(fs))
                                                         ^
bootable/recovery/dosfstools/src/fat.c:249:12: note: in expansion of macro 'FAT_IS_BAD'
     return FAT_IS_BAD(fs, curEntry.value);
            ^
bootable/recovery/dosfstools/src/fat.c: In function 'next_cluster':
bootable/recovery/dosfstools/src/fsck.fat.h:183:31: warning: comparison between signed and unsigned integer expressions [-Wsign-compare]
 #define FAT_IS_BAD(fs,v) ((v) >= FAT_MIN_BAD(fs) && (v) <= FAT_MAX_BAD(fs))
                               ^
bootable/recovery/dosfstools/src/fat.c:270:9: note: in expansion of macro 'FAT_IS_BAD'
     if (FAT_IS_BAD(fs, value))
         ^
bootable/recovery/dosfstools/src/fsck.fat.h:183:57: warning: comparison between signed and unsigned integer expressions [-Wsign-compare]
 #define FAT_IS_BAD(fs,v) ((v) >= FAT_MIN_BAD(fs) && (v) <= FAT_MAX_BAD(fs))
                                                         ^
bootable/recovery/dosfstools/src/fat.c:270:9: note: in expansion of macro 'FAT_IS_BAD'
     if (FAT_IS_BAD(fs, value))
         ^
bootable/recovery/dosfstools/src/fsck.fat.h:177:41: warning: comparison between signed and unsigned integer expressions [-Wsign-compare]
 #define FAT_IS_EOF(fs,v) ((uint32_t)(v) >= (0xff8|FAT_EXTD(fs)))
                                         ^
bootable/recovery/dosfstools/src/fat.c:272:12: note: in expansion of macro 'FAT_IS_EOF'
     return FAT_IS_EOF(fs, value) ? -1 : value;
            ^
bootable/recovery/dosfstools/src/fat.c:272:39: warning: signed and unsigned type in conditional expression [-Wsign-compare]
     return FAT_IS_EOF(fs, value) ? -1 : value;
                                       ^
In file included from bootable/recovery/dosfstools/src/fat.c:33:0:
bootable/recovery/dosfstools/src/fat.c: In function 'fix_bad':
bootable/recovery/dosfstools/src/fsck.fat.h:183:31: warning: comparison between signed and unsigned integer expressions [-Wsign-compare]
 #define FAT_IS_BAD(fs,v) ((v) >= FAT_MIN_BAD(fs) && (v) <= FAT_MAX_BAD(fs))
                               ^
bootable/recovery/dosfstools/src/fat.c:319:28: note: in expansion of macro 'FAT_IS_BAD'
  if (!get_owner(fs, i) && !FAT_IS_BAD(fs, curEntry.value))
                            ^
bootable/recovery/dosfstools/src/fsck.fat.h:183:57: warning: comparison between signed and unsigned integer expressions [-Wsign-compare]
 #define FAT_IS_BAD(fs,v) ((v) >= FAT_MIN_BAD(fs) && (v) <= FAT_MAX_BAD(fs))
                                                         ^
bootable/recovery/dosfstools/src/fat.c:319:28: note: in expansion of macro 'FAT_IS_BAD'
  if (!get_owner(fs, i) && !FAT_IS_BAD(fs, curEntry.value))
                            ^
bootable/recovery/dosfstools/src/fat.c: In function 'reclaim_free':
bootable/recovery/dosfstools/src/fsck.fat.h:183:31: warning: comparison between signed and unsigned integer expressions [-Wsign-compare]
 #define FAT_IS_BAD(fs,v) ((v) >= FAT_MIN_BAD(fs) && (v) <= FAT_MAX_BAD(fs))
                               ^
bootable/recovery/dosfstools/src/fat.c:340:7: note: in expansion of macro 'FAT_IS_BAD'
      !FAT_IS_BAD(fs, curEntry.value)) {
       ^
bootable/recovery/dosfstools/src/fsck.fat.h:183:57: warning: comparison between signed and unsigned integer expressions [-Wsign-compare]
 #define FAT_IS_BAD(fs,v) ((v) >= FAT_MIN_BAD(fs) && (v) <= FAT_MAX_BAD(fs))
                                                         ^
bootable/recovery/dosfstools/src/fat.c:340:7: note: in expansion of macro 'FAT_IS_BAD'
      !FAT_IS_BAD(fs, curEntry.value)) {
       ^
bootable/recovery/dosfstools/src/fat.c: In function 'tag_free':
bootable/recovery/dosfstools/src/fsck.fat.h:183:31: warning: comparison between signed and unsigned integer expressions [-Wsign-compare]
 #define FAT_IS_BAD(fs,v) ((v) >= FAT_MIN_BAD(fs) && (v) <= FAT_MAX_BAD(fs))
                               ^
bootable/recovery/dosfstools/src/fat.c:375:25: note: in expansion of macro 'FAT_IS_BAD'
  if (curEntry.value && !FAT_IS_BAD(fs, curEntry.value) &&
                         ^
bootable/recovery/dosfstools/src/fsck.fat.h:183:57: warning: comparison between signed and unsigned integer expressions [-Wsign-compare]
 #define FAT_IS_BAD(fs,v) ((v) >= FAT_MIN_BAD(fs) && (v) <= FAT_MAX_BAD(fs))
                                                         ^
bootable/recovery/dosfstools/src/fat.c:375:25: note: in expansion of macro 'FAT_IS_BAD'
  if (curEntry.value && !FAT_IS_BAD(fs, curEntry.value) &&
                         ^
bootable/recovery/dosfstools/src/fat.c:379:26: warning: comparison between signed and unsigned integer expressions [-Wsign-compare]
      for (walk = i; walk != -1; walk = next_cluster(fs, walk)) {
                          ^
In file included from bootable/recovery/dosfstools/src/fat.c:33:0:
bootable/recovery/dosfstools/src/fat.c: In function 'reclaim_file':
bootable/recovery/dosfstools/src/fsck.fat.h:183:31: warning: comparison between signed and unsigned integer expressions [-Wsign-compare]
 #define FAT_IS_BAD(fs,v) ((v) >= FAT_MIN_BAD(fs) && (v) <= FAT_MAX_BAD(fs))
                               ^
bootable/recovery/dosfstools/src/fat.c:443:3: note: in expansion of macro 'FAT_IS_BAD'
   FAT_IS_BAD(fs, nextEntry.value))
   ^
bootable/recovery/dosfstools/src/fsck.fat.h:183:57: warning: comparison between signed and unsigned integer expressions [-Wsign-compare]
 #define FAT_IS_BAD(fs,v) ((v) >= FAT_MIN_BAD(fs) && (v) <= FAT_MAX_BAD(fs))
                                                         ^
bootable/recovery/dosfstools/src/fat.c:443:3: note: in expansion of macro 'FAT_IS_BAD'
   FAT_IS_BAD(fs, nextEntry.value))
   ^
bootable/recovery/dosfstools/src/fsck.fat.h:183:31: warning: comparison between signed and unsigned integer expressions [-Wsign-compare]
 #define FAT_IS_BAD(fs,v) ((v) >= FAT_MIN_BAD(fs) && (v) <= FAT_MAX_BAD(fs))
                               ^
bootable/recovery/dosfstools/src/fat.c:462:29: note: in expansion of macro 'FAT_IS_BAD'
      if (curEntry.value && !FAT_IS_BAD(fs, curEntry.value) &&
                             ^
bootable/recovery/dosfstools/src/fsck.fat.h:183:57: warning: comparison between signed and unsigned integer expressions [-Wsign-compare]
 #define FAT_IS_BAD(fs,v) ((v) >= FAT_MIN_BAD(fs) && (v) <= FAT_MAX_BAD(fs))
                                                         ^
bootable/recovery/dosfstools/src/fat.c:462:29: note: in expansion of macro 'FAT_IS_BAD'
      if (curEntry.value && !FAT_IS_BAD(fs, curEntry.value) &&
                             ^
bootable/recovery/dosfstools/src/fat.c:492:38: warning: comparison between signed and unsigned integer expressions [-Wsign-compare]
      for (walk = i; walk > 0 && walk != -1;
                                      ^
In file included from bootable/recovery/dosfstools/src/fat.c:33:0:
bootable/recovery/dosfstools/src/fat.c: In function 'update_free':
bootable/recovery/dosfstools/src/fsck.fat.h:183:31: warning: comparison between signed and unsigned integer expressions [-Wsign-compare]
 #define FAT_IS_BAD(fs,v) ((v) >= FAT_MIN_BAD(fs) && (v) <= FAT_MAX_BAD(fs))
                               ^
bootable/recovery/dosfstools/src/fat.c:518:28: note: in expansion of macro 'FAT_IS_BAD'
  if (!get_owner(fs, i) && !FAT_IS_BAD(fs, curEntry.value))
                            ^
bootable/recovery/dosfstools/src/fsck.fat.h:183:57: warning: comparison between signed and unsigned integer expressions [-Wsign-compare]
 #define FAT_IS_BAD(fs,v) ((v) >= FAT_MIN_BAD(fs) && (v) <= FAT_MAX_BAD(fs))
                                                         ^
bootable/recovery/dosfstools/src/fat.c:518:28: note: in expansion of macro 'FAT_IS_BAD'
  if (!get_owner(fs, i) && !FAT_IS_BAD(fs, curEntry.value))
                            ^
bootable/recovery/dosfstools/src/fat.c:527:27: warning: comparison between signed and unsigned integer expressions [-Wsign-compare]
     if (fs->free_clusters != 0xFFFFFFFF) {
                           ^
bootable/recovery/dosfstools/src/fat.c:528:11: warning: comparison between signed and unsigned integer expressions [-Wsign-compare]
  if (free != fs->free_clusters) {
           ^
[36mtarget thumb C:[0m fatlabel <= bootable/recovery/dosfstools/src/io.c
[36mtarget thumb C:[0m fatlabel <= bootable/recovery/dosfstools/src/lfn.c
[36mtarget thumb C:[0m fatlabel <= bootable/recovery/dosfstools/src/fatlabel.c
[36mtarget thumb C:[0m mkfs.fat <= bootable/recovery/dosfstools/src/mkfs.fat.c
[32mImport includes file:[0m /builds/out/target/product/trlteduoszh/obj/EXECUTABLES/e2fsck_intermediates/import_includes
bootable/recovery/dosfstools/src/mkfs.fat.c: In function 'alarm_intr':
bootable/recovery/dosfstools/src/mkfs.fat.c:375:27: warning: comparison between signed and unsigned integer expressions [-Wsign-compare]
     if (currently_testing >= blocks)
                           ^
bootable/recovery/dosfstools/src/mkfs.fat.c: In function 'check_blocks':
bootable/recovery/dosfstools/src/mkfs.fat.c:403:30: warning: comparison between signed and unsigned integer expressions [-Wsign-compare]
     while (currently_testing < blocks) {
                              ^
bootable/recovery/dosfstools/src/mkfs.fat.c:404:30: warning: comparison between signed and unsigned integer expressions [-Wsign-compare]
  if (currently_testing + try > blocks)
                              ^
bootable/recovery/dosfstools/src/mkfs.fat.c: In function 'setup_tables':
bootable/recovery/dosfstools/src/mkfs.fat.c:1051:19: warning: comparison between signed and unsigned integer expressions [-Wsign-compare]
      if (maxclust <=
                   ^
bootable/recovery/dosfstools/src/mkfs.fat.c:1143:16: warning: comparison between signed and unsigned integer expressions [-Wsign-compare]
     if (blocks < start_data_block + 32) /* Arbitrary undersize filesystem! */
                ^
bootable/recovery/dosfstools/src/mkfs.fat.c:1206:32: warning: signed and unsigned type in conditional expression [-Wsign-compare]
  bs.cluster_size * sector_size :
                                ^
[32mImport includes file:[0m /builds/out/target/product/trlteduoszh/obj/SHARED_LIBRARIES/libext2_blkid_intermediates/import_includes
[36mtarget thumb C:[0m libext2_uuid <= external/e2fsprogs/lib/uuid/clear.c
[36mtarget thumb C:[0m libext2_uuid <= external/e2fsprogs/lib/uuid/compare.c
[36mtarget thumb C:[0m libext2_uuid <= external/e2fsprogs/lib/uuid/copy.c
[36mtarget thumb C:[0m libext2_uuid <= external/e2fsprogs/lib/uuid/gen_uuid.c
[36mtarget thumb C:[0m libext2_uuid <= external/e2fsprogs/lib/uuid/isnull.c
[36mtarget thumb C:[0m libext2_uuid <= external/e2fsprogs/lib/uuid/pack.c
[36mtarget thumb C:[0m libext2_uuid <= external/e2fsprogs/lib/uuid/parse.c
[36mtarget thumb C:[0m libext2_uuid <= external/e2fsprogs/lib/uuid/unpack.c
[36mtarget thumb C:[0m libext2_uuid <= external/e2fsprogs/lib/uuid/unparse.c
[36mtarget thumb C:[0m libext2_uuid <= external/e2fsprogs/lib/uuid/uuid_time.c
[36mtarget thumb C:[0m libext2_com_err <= external/e2fsprogs/lib/et/error_message.c
[36mtarget thumb C:[0m libext2_com_err <= external/e2fsprogs/lib/et/et_name.c
[36mtarget thumb C:[0m libext2_com_err <= external/e2fsprogs/lib/et/init_et.c
[36mtarget thumb C:[0m libext2_com_err <= external/e2fsprogs/lib/et/com_err.c
[36mtarget thumb C:[0m libext2_com_err <= external/e2fsprogs/lib/et/com_right.c
[36mtarget thumb C:[0m libext2_e2p <= external/e2fsprogs/lib/e2p/feature.c
[36mtarget thumb C:[0m libext2_e2p <= external/e2fsprogs/lib/e2p/fgetflags.c
[36mtarget thumb C:[0m libext2_e2p <= external/e2fsprogs/lib/e2p/fsetflags.c
[36mtarget thumb C:[0m libext2_e2p <= external/e2fsprogs/lib/e2p/fgetversion.c
[36mtarget thumb C:[0m libext2_e2p <= external/e2fsprogs/lib/e2p/fsetversion.c
[36mtarget thumb C:[0m libext2_e2p <= external/e2fsprogs/lib/e2p/getflags.c
[36mtarget thumb C:[0m libext2_e2p <= external/e2fsprogs/lib/e2p/getversion.c
[36mtarget thumb C:[0m libext2_e2p <= external/e2fsprogs/lib/e2p/hashstr.c
[36mtarget thumb C:[0m libext2_e2p <= external/e2fsprogs/lib/e2p/iod.c
[36mtarget thumb C:[0m libext2_e2p <= external/e2fsprogs/lib/e2p/ls.c
[36mtarget thumb C:[0m libext2_e2p <= external/e2fsprogs/lib/e2p/mntopts.c
[36mtarget thumb C:[0m libext2_e2p <= external/e2fsprogs/lib/e2p/parse_num.c
[36mtarget thumb C:[0m libext2_e2p <= external/e2fsprogs/lib/e2p/pe.c
[36mtarget thumb C:[0m libext2_e2p <= external/e2fsprogs/lib/e2p/pf.c
[36mtarget thumb C:[0m libext2_e2p <= external/e2fsprogs/lib/e2p/ps.c
[36mtarget thumb C:[0m libext2_e2p <= external/e2fsprogs/lib/e2p/setflags.c
[36mtarget thumb C:[0m libext2_e2p <= external/e2fsprogs/lib/e2p/setversion.c
[36mtarget thumb C:[0m libext2_e2p <= external/e2fsprogs/lib/e2p/uuid.c
[36mtarget thumb C:[0m libext2_e2p <= external/e2fsprogs/lib/e2p/ostype.c
[36mtarget thumb C:[0m libext2_e2p <= external/e2fsprogs/lib/e2p/percent.c
[36mtarget thumb C:[0m libext2_profile <= external/e2fsprogs/e2fsck/prof_err.c
[36mtarget thumb C:[0m libext2_profile <= external/e2fsprogs/e2fsck/profile.c
[36mtarget thumb C:[0m libext2_quota <= external/e2fsprogs/lib/quota/mkquota.c
[36mtarget thumb C:[0m libext2_quota <= external/e2fsprogs/lib/quota/quotaio.c
[36mtarget thumb C:[0m libext2_quota <= external/e2fsprogs/lib/quota/quotaio_tree.c
[36mtarget thumb C:[0m libext2_quota <= external/e2fsprogs/lib/quota/quotaio_v2.c
external/e2fsprogs/lib/quota/quotaio_tree.c: In function 'qtree_entry_unused':
external/e2fsprogs/lib/quota/quotaio_tree.c:38:16: warning: comparison between signed and unsigned integer expressions [-Wsign-compare]
  for (i = 0; i < info->dqi_entry_size; i++)
                ^
external/e2fsprogs/lib/quota/quotaio_tree.c: In function 'qtree_write_dquot':
external/e2fsprogs/lib/quota/quotaio_tree.c:338:10: warning: comparison between signed and unsigned integer expressions [-Wsign-compare]
  if (ret != info->dqi_entry_size) {
          ^
external/e2fsprogs/lib/quota/quotaio_tree.c: In function 'qtree_read_dquot':
external/e2fsprogs/lib/quota/quotaio_tree.c:524:11: warning: comparison between signed and unsigned integer expressions [-Wsign-compare]
   if (ret != info->dqi_entry_size) {
           ^
external/e2fsprogs/lib/quota/quotaio_tree.c: In function 'find_set_bits':
external/e2fsprogs/lib/quota/quotaio_tree.c:626:16: warning: comparison between signed and unsigned integer expressions [-Wsign-compare]
  for (i = 0; i < blocks; i++)
                ^
[36mtarget thumb C:[0m libext2_quota <= external/e2fsprogs/lib/quota/../../e2fsck/dict.c
external/e2fsprogs/lib/quota/quotaio_v2.c: In function 'v2_check_file':
external/e2fsprogs/lib/quota/quotaio_v2.c:160:40: warning: comparison between signed and unsigned integer expressions [-Wsign-compare]
  if (ext2fs_le32_to_cpu(dqh.dqh_magic) != file_magics[type]) {
                                        ^
external/e2fsprogs/lib/quota/quotaio_v2.c:161:41: warning: comparison between signed and unsigned integer expressions [-Wsign-compare]
   if (ext2fs_be32_to_cpu(dqh.dqh_magic) == file_magics[type])
                                         ^
[36mtarget thumb C:[0m libext2fs <= external/e2fsprogs/lib/ext2fs/ext2_err.c
external/e2fsprogs/lib/quota/../../e2fsck/dict.c:21:0: warning: "NDEBUG" redefined [enabled by default]
 #define NDEBUG
 ^
<command-line>:0:0: note: this is the location of the previous definition
[36mtarget thumb C:[0m libext2fs <= external/e2fsprogs/lib/ext2fs/alloc.c
[36mtarget thumb C:[0m libext2fs <= external/e2fsprogs/lib/ext2fs/alloc_sb.c
[36mtarget thumb C:[0m libext2fs <= external/e2fsprogs/lib/ext2fs/alloc_stats.c
[36mtarget thumb C:[0m libext2fs <= external/e2fsprogs/lib/ext2fs/alloc_tables.c
[36mtarget thumb C:[0m libext2fs <= external/e2fsprogs/lib/ext2fs/badblocks.c
[36mtarget thumb C:[0m libext2fs <= external/e2fsprogs/lib/ext2fs/bb_inode.c
[36mtarget thumb C:[0m libext2fs <= external/e2fsprogs/lib/ext2fs/bitmaps.c
[36mtarget thumb C:[0m libext2fs <= external/e2fsprogs/lib/ext2fs/bitops.c
[36mtarget thumb C:[0m libext2fs <= external/e2fsprogs/lib/ext2fs/blkmap64_ba.c
[36mtarget thumb C:[0m libext2fs <= external/e2fsprogs/lib/ext2fs/blkmap64_rb.c
[36mtarget thumb C:[0m libext2fs <= external/e2fsprogs/lib/ext2fs/blknum.c
[36mtarget thumb C:[0m libext2fs <= external/e2fsprogs/lib/ext2fs/block.c
[36mtarget thumb C:[0m libext2fs <= external/e2fsprogs/lib/ext2fs/bmap.c
[36mtarget thumb C:[0m libext2fs <= external/e2fsprogs/lib/ext2fs/check_desc.c
[36mtarget thumb C:[0m libext2fs <= external/e2fsprogs/lib/ext2fs/crc16.c
[36mtarget thumb C:[0m libext2fs <= external/e2fsprogs/lib/ext2fs/csum.c
[36mtarget thumb C:[0m libext2fs <= external/e2fsprogs/lib/ext2fs/closefs.c
external/e2fsprogs/lib/ext2fs/csum.c: In function 'ext2fs_group_desc_csum':
external/e2fsprogs/lib/ext2fs/csum.c:82:2: warning: 'crc' may be used uninitialized in this function [-Wmaybe-uninitialized]
  return crc;
  ^
[36mtarget thumb C:[0m libext2fs <= external/e2fsprogs/lib/ext2fs/dblist.c
[36mtarget thumb C:[0m libext2fs <= external/e2fsprogs/lib/ext2fs/dblist_dir.c
[36mtarget thumb C:[0m libext2fs <= external/e2fsprogs/lib/ext2fs/dirblock.c
[36mtarget thumb C:[0m libext2fs <= external/e2fsprogs/lib/ext2fs/dirhash.c
[36mtarget thumb C:[0m libext2fs <= external/e2fsprogs/lib/ext2fs/dir_iterate.c
[36mtarget thumb C:[0m libext2fs <= external/e2fsprogs/lib/ext2fs/dupfs.c
[36mtarget thumb C:[0m libext2fs <= external/e2fsprogs/lib/ext2fs/expanddir.c
[36mtarget thumb C:[0m libext2fs <= external/e2fsprogs/lib/ext2fs/ext_attr.c
[36mtarget thumb C:[0m libext2fs <= external/e2fsprogs/lib/ext2fs/extent.c
[36mtarget thumb C:[0m libext2fs <= external/e2fsprogs/lib/ext2fs/fileio.c
[36mtarget thumb C:[0m libext2fs <= external/e2fsprogs/lib/ext2fs/finddev.c
[36mtarget thumb C:[0m libext2fs <= external/e2fsprogs/lib/ext2fs/flushb.c
[36mtarget thumb C:[0m libext2fs <= external/e2fsprogs/lib/ext2fs/freefs.c
[36mtarget thumb C:[0m libext2fs <= external/e2fsprogs/lib/ext2fs/gen_bitmap.c
[36mtarget thumb C:[0m libext2fs <= external/e2fsprogs/lib/ext2fs/gen_bitmap64.c
[36mtarget thumb C:[0m libext2fs <= external/e2fsprogs/lib/ext2fs/get_pathname.c
[36mtarget thumb C:[0m libext2fs <= external/e2fsprogs/lib/ext2fs/getsize.c
[36mtarget thumb C:[0m libext2fs <= external/e2fsprogs/lib/ext2fs/getsectsize.c
[36mtarget thumb C:[0m libext2fs <= external/e2fsprogs/lib/ext2fs/i_block.c
[36mtarget thumb C:[0m libext2fs <= external/e2fsprogs/lib/ext2fs/icount.c
[36mtarget thumb C:[0m libext2fs <= external/e2fsprogs/lib/ext2fs/ind_block.c
[36mtarget thumb C:[0m libext2fs <= external/e2fsprogs/lib/ext2fs/initialize.c
[36mtarget thumb C:[0m libext2fs <= external/e2fsprogs/lib/ext2fs/inline.c
[36mtarget thumb C:[0m libext2fs <= external/e2fsprogs/lib/ext2fs/inode.c
external/e2fsprogs/lib/ext2fs/initialize.c: In function 'ext2fs_initialize':
external/e2fsprogs/lib/ext2fs/initialize.c:500:7: warning: comparison is always false due to limited range of data type [-Wtype-limits]
  if (((int) c) == -1) {
       ^
[36mtarget thumb C:[0m libext2fs <= external/e2fsprogs/lib/ext2fs/io_manager.c
[36mtarget thumb C:[0m libext2fs <= external/e2fsprogs/lib/ext2fs/ismounted.c
[36mtarget thumb C:[0m libext2fs <= external/e2fsprogs/lib/ext2fs/link.c
external/e2fsprogs/lib/ext2fs/ismounted.c: In function 'ext2fs_check_mount_point':
external/e2fsprogs/lib/ext2fs/ismounted.c:365:3: warning: #warning "Can't use getmntent or getmntinfo to check for mounted filesystems!" [-Wcpp]
  #warning "Can't use getmntent or getmntinfo to check for mounted filesystems!"
   ^
[36mtarget thumb C:[0m libext2fs <= external/e2fsprogs/lib/ext2fs/llseek.c
[36mtarget thumb C:[0m libext2fs <= external/e2fsprogs/lib/ext2fs/lookup.c
[36mtarget thumb C:[0m libext2fs <= external/e2fsprogs/lib/ext2fs/mmp.c
[36mtarget thumb C:[0m libext2fs <= external/e2fsprogs/lib/ext2fs/mkdir.c
[36mtarget thumb C:[0m libext2fs <= external/e2fsprogs/lib/ext2fs/mkjournal.c
external/e2fsprogs/lib/ext2fs/mmp.c: In function 'ext2fs_mmp_read':
external/e2fsprogs/lib/ext2fs/mmp.c:71:51: warning: comparison between signed and unsigned integer expressions [-Wsign-compare]
  if (read(fs->mmp_fd, fs->mmp_cmp, fs->blocksize) != fs->blocksize) {
                                                   ^
[36mtarget thumb C:[0m libext2fs <= external/e2fsprogs/lib/ext2fs/native.c
[36mtarget thumb C:[0m libext2fs <= external/e2fsprogs/lib/ext2fs/newdir.c
[36mtarget thumb C:[0m libext2fs <= external/e2fsprogs/lib/ext2fs/openfs.c
[36mtarget thumb C:[0m libext2fs <= external/e2fsprogs/lib/ext2fs/progress.c
[36mtarget thumb C:[0m libext2fs <= external/e2fsprogs/lib/ext2fs/punch.c
[36mtarget thumb C:[0m libext2fs <= external/e2fsprogs/lib/ext2fs/rbtree.c
[36mtarget thumb C:[0m libext2fs <= external/e2fsprogs/lib/ext2fs/read_bb.c
external/e2fsprogs/lib/ext2fs/punch.c: In function 'punch_extent_blocks':
external/e2fsprogs/lib/ext2fs/punch.c:222:38: warning: comparison between signed and unsigned integer expressions [-Wsign-compare]
  while (free_count > 0 && free_count >= EXT2FS_CLUSTER_RATIO(fs)) {
                                      ^
[36mtarget thumb C:[0m libext2fs <= external/e2fsprogs/lib/ext2fs/read_bb_file.c
[36mtarget thumb C:[0m libext2fs <= external/e2fsprogs/lib/ext2fs/res_gdt.c
[36mtarget thumb C:[0m libext2fs <= external/e2fsprogs/lib/ext2fs/rw_bitmaps.c
[36mtarget thumb C:[0m libext2fs <= external/e2fsprogs/lib/ext2fs/swapfs.c
[36mtarget thumb C:[0m libext2fs <= external/e2fsprogs/lib/ext2fs/tdb.c
[36mtarget thumb C:[0m libext2fs <= external/e2fsprogs/lib/ext2fs/undo_io.c
external/e2fsprogs/lib/ext2fs/tdb.c: In function '_tdb_lock':
external/e2fsprogs/lib/ext2fs/tdb.c:411:13: warning: comparison between signed and unsigned integer expressions [-Wsign-compare]
      (ltype == tdb->global_lock.ltype || ltype == F_RDLCK)) {
             ^
external/e2fsprogs/lib/ext2fs/tdb.c: In function 'tdb_unlock':
external/e2fsprogs/lib/ext2fs/tdb.c:506:13: warning: comparison between signed and unsigned integer expressions [-Wsign-compare]
      (ltype == tdb->global_lock.ltype || ltype == F_RDLCK)) {
             ^
external/e2fsprogs/lib/ext2fs/tdb.c: In function '_tdb_lockall':
external/e2fsprogs/lib/ext2fs/tdb.c:627:55: warning: comparison between signed and unsigned integer expressions [-Wsign-compare]
  if (tdb->global_lock.count && tdb->global_lock.ltype == ltype) {
                                                       ^
external/e2fsprogs/lib/ext2fs/tdb.c: In function '_tdb_unlockall':
external/e2fsprogs/lib/ext2fs/tdb.c:671:29: warning: comparison between signed and unsigned integer expressions [-Wsign-compare]
  if (tdb->global_lock.ltype != ltype || tdb->global_lock.count == 0) {
                             ^
external/e2fsprogs/lib/ext2fs/tdb.c: In function 'ext2fs_tdb_dump_all':
external/e2fsprogs/lib/ext2fs/tdb.c:3004:12: warning: comparison between signed and unsigned integer expressions [-Wsign-compare]
  for (i=0;i<tdb->header.hash_size;i++) {
            ^
[36mtarget thumb C:[0m libext2fs <= external/e2fsprogs/lib/ext2fs/unix_io.c
external/e2fsprogs/lib/ext2fs/undo_io.c:105:1: warning: missing initializer for field 'discard' of 'struct struct_io_manager' [-Wmissing-field-initializers]
 };
 ^
In file included from external/e2fsprogs/lib/ext2fs/ext2fs.h:89:0,
                 from external/e2fsprogs/lib/ext2fs/undo_io.c:43:
external/e2fsprogs/lib/ext2fs/ext2_io.h:91:14: note: 'discard' declared here
  errcode_t (*discard)(io_channel channel, unsigned long long block,
              ^
[36mtarget thumb C:[0m libext2fs <= external/e2fsprogs/lib/ext2fs/unlink.c
external/e2fsprogs/lib/ext2fs/unix_io.c:137:1: warning: missing initializer for field 'reserved' of 'struct struct_io_manager' [-Wmissing-field-initializers]
 };
 ^
In file included from external/e2fsprogs/lib/ext2fs/ext2fs.h:89:0,
                 from external/e2fsprogs/lib/ext2fs/unix_io.c:63:
external/e2fsprogs/lib/ext2fs/ext2_io.h:93:7: note: 'reserved' declared here
  long reserved[16];
       ^
[36mtarget thumb C:[0m libext2fs <= external/e2fsprogs/lib/ext2fs/valid_blk.c
[36mtarget thumb C:[0m libext2fs <= external/e2fsprogs/lib/ext2fs/version.c
[36mtarget thumb C:[0m libext2fs <= external/e2fsprogs/lib/ext2fs/test_io.c
[36mtarget thumb C:[0m mke2fs <= external/e2fsprogs/misc/mke2fs.c
external/e2fsprogs/lib/ext2fs/test_io.c:100:1: warning: missing initializer for field 'reserved' of 'struct struct_io_manager' [-Wmissing-field-initializers]
 };
 ^
In file included from external/e2fsprogs/lib/ext2fs/ext2fs.h:89:0,
                 from external/e2fsprogs/lib/ext2fs/test_io.c:41:
external/e2fsprogs/lib/ext2fs/ext2_io.h:93:7: note: 'reserved' declared here
  long reserved[16];
       ^
[36mtarget thumb C:[0m mke2fs <= external/e2fsprogs/misc/util.c
[36mtarget thumb C:[0m mke2fs <= external/e2fsprogs/misc/default_profile.c
external/e2fsprogs/misc/mke2fs.c: In function 'main':
external/e2fsprogs/misc/mke2fs.c:2699:10: warning: 'journal_blocks' may be used uninitialized in this function [-Wmaybe-uninitialized]
   retval = ext2fs_add_journal_inode(fs, journal_blocks,
          ^
[36mtarget thumb C:[0m tune2fs <= external/e2fsprogs/misc/tune2fs.c
[36mtarget thumb C:[0m tune2fs <= external/e2fsprogs/misc/util.c
[36mtarget thumb C:[0m resize2fs <= external/e2fsprogs/resize/extent.c
external/e2fsprogs/misc/tune2fs.c: In function 'main':
external/e2fsprogs/misc/tune2fs.c:2041:3: warning: comparison is always false due to limited range of data type [-Wtype-limits]
   if (interval >= (1ULL << 32)) {
   ^
[36mtarget thumb C:[0m resize2fs <= external/e2fsprogs/resize/resize2fs.c
[36mtarget thumb C:[0m resize2fs <= external/e2fsprogs/resize/main.c
external/e2fsprogs/resize/resize2fs.c: In function 'fix_uninit_block_bitmaps':
external/e2fsprogs/resize/resize2fs.c:251:10: warning: comparison between signed and unsigned integer expressions [-Wsign-compare]
        i < (unsigned int) fs->inode_blocks_per_group;
          ^
external/e2fsprogs/resize/resize2fs.c: In function 'free_gdp_blocks':
external/e2fsprogs/resize/resize2fs.c:301:9: warning: comparison between signed and unsigned integer expressions [-Wsign-compare]
       j < fs->inode_blocks_per_group; j++, blk++) {
         ^
external/e2fsprogs/resize/resize2fs.c: In function 'blocks_to_move':
external/e2fsprogs/resize/resize2fs.c:1104:10: warning: comparison between signed and unsigned integer expressions [-Wsign-compare]
        j < fs->inode_blocks_per_group ; j++, blk++) {
          ^
external/e2fsprogs/resize/resize2fs.c:1117:10: warning: comparison between signed and unsigned integer expressions [-Wsign-compare]
        j < fs->inode_blocks_per_group ; j++, blk++)
          ^
external/e2fsprogs/resize/resize2fs.c: In function 'block_mover':
external/e2fsprogs/resize/resize2fs.c:1307:10: warning: comparison between signed and unsigned integer expressions [-Wsign-compare]
    if (c > fs->inode_blocks_per_group)
          ^
external/e2fsprogs/resize/resize2fs.c: In function 'move_itables':
external/e2fsprogs/resize/resize2fs.c:1814:10: warning: comparison between signed and unsigned integer expressions [-Wsign-compare]
        j < fs->inode_blocks_per_group ; j++, blk++)
          ^
[36mtarget thumb C:[0m resize2fs <= external/e2fsprogs/resize/online.c
[36mtarget thumb C:[0m resize2fs <= external/e2fsprogs/resize/sim_progress.c
[36mtarget thumb C:[0m resize2fs <= external/e2fsprogs/resize/resource_track.c
[32mImport includes file:[0m /builds/out/target/product/trlteduoszh/obj/EXECUTABLES/simg2img_twrp_intermediates/import_includes
[36mtarget thumb C:[0m libsparse <= system/core/libsparse/backed_block.c
[36mtarget thumb C:[0m libsparse <= system/core/libsparse/output_file.c
[36mtarget thumb C:[0m libsparse <= system/core/libsparse/sparse.c
[36mtarget thumb C:[0m libsparse <= system/core/libsparse/sparse_crc32.c
[36mtarget thumb C:[0m libsparse <= system/core/libsparse/sparse_err.c
[36mtarget thumb C:[0m libsparse <= system/core/libsparse/sparse_read.c
[32mImport includes file:[0m /builds/out/target/product/trlteduoszh/obj/EXECUTABLES/linker_intermediates/import_includes
[36mtarget thumb C++:[0m libc_nomalloc <= bionic/libc/bionic/dl_iterate_phdr_static.cpp
[36mtarget thumb C++:[0m libc_nomalloc <= bionic/libc/bionic/libc_init_static.cpp
[36mtarget thumb C:[0m libc_nomalloc <= bionic/libc/arch-arm/bionic/exidx_static.c
[36mtarget thumb C:[0m libusbhost <= system/core/libusbhost/usbhost.c
[32mImport includes file:[0m /builds/out/target/product/trlteduoszh/obj/SHARED_LIBRARIES/libbacktrace_intermediates/import_includes
[36mtarget thumb C:[0m libgccdemangle <= external/gcc-demangle/cp-demangle.c
[36mtarget asm:[0m libunwind <= external/libunwind/src/arm/getcontext.S
[36mtarget thumb C:[0m libunwind <= external/libunwind/src/mi/init.c
[36mtarget thumb C:[0m libunwind <= external/libunwind/src/mi/flush_cache.c
[36mtarget thumb C:[0m libunwind <= external/libunwind/src/mi/mempool.c
[36mtarget thumb C:[0m libunwind <= external/libunwind/src/mi/strerror.c
[36mtarget thumb C:[0m libunwind <= external/libunwind/src/mi/backtrace.c
[36mtarget thumb C:[0m libunwind <= external/libunwind/src/mi/dyn-cancel.c
[36mtarget thumb C:[0m libunwind <= external/libunwind/src/mi/dyn-info-list.c
[36mtarget thumb C:[0m libunwind <= external/libunwind/src/mi/dyn-register.c
[36mtarget thumb C:[0m libunwind <= external/libunwind/src/mi/map.c
[36mtarget thumb C:[0m libunwind <= external/libunwind/src/mi/Lmap.c
[36mtarget thumb C:[0m libunwind <= external/libunwind/src/mi/Ldyn-extract.c
[36mtarget thumb C:[0m libunwind <= external/libunwind/src/mi/Lfind_dynamic_proc_info.c
[36mtarget thumb C:[0m libunwind <= external/libunwind/src/mi/Lget_proc_info_by_ip.c
[36mtarget thumb C:[0m libunwind <= external/libunwind/src/mi/Lget_proc_name.c
[36mtarget thumb C:[0m libunwind <= external/libunwind/src/mi/Lput_dynamic_unwind_info.c
[36mtarget thumb C:[0m libunwind <= external/libunwind/src/mi/Ldestroy_addr_space.c
[36mtarget thumb C:[0m libunwind <= external/libunwind/src/mi/Lget_reg.c
[36mtarget thumb C:[0m libunwind <= external/libunwind/src/mi/Lset_reg.c
[36mtarget thumb C:[0m libunwind <= external/libunwind/src/mi/Lget_fpreg.c
[36mtarget thumb C:[0m libunwind <= external/libunwind/src/mi/Lset_fpreg.c
[36mtarget thumb C:[0m libunwind <= external/libunwind/src/mi/Lset_caching_policy.c
[36mtarget thumb C:[0m libunwind <= external/libunwind/src/mi/Gdyn-extract.c
[36mtarget thumb C:[0m libunwind <= external/libunwind/src/mi/Gdyn-remote.c
[36mtarget thumb C:[0m libunwind <= external/libunwind/src/mi/Gfind_dynamic_proc_info.c
[36mtarget thumb C:[0m libunwind <= external/libunwind/src/mi/Gget_accessors.c
[36mtarget thumb C:[0m libunwind <= external/libunwind/src/mi/Gget_proc_info_by_ip.c
[36mtarget thumb C:[0m libunwind <= external/libunwind/src/mi/Gget_proc_name.c
[36mtarget thumb C:[0m libunwind <= external/libunwind/src/mi/Gput_dynamic_unwind_info.c
[36mtarget thumb C:[0m libunwind <= external/libunwind/src/mi/Gdestroy_addr_space.c
[36mtarget thumb C:[0m libunwind <= external/libunwind/src/mi/Gget_reg.c
[36mtarget thumb C:[0m libunwind <= external/libunwind/src/mi/Gset_reg.c
[36mtarget thumb C:[0m libunwind <= external/libunwind/src/mi/Gget_fpreg.c
[36mtarget thumb C:[0m libunwind <= external/libunwind/src/mi/Gset_fpreg.c
[36mtarget thumb C:[0m libunwind <= external/libunwind/src/mi/Gset_caching_policy.c
[36mtarget thumb C:[0m libunwind <= external/libunwind/src/dwarf/Lexpr.c
[36mtarget thumb C:[0m libunwind <= external/libunwind/src/dwarf/Lfde.c
[36mtarget thumb C:[0m libunwind <= external/libunwind/src/dwarf/Lparser.c
[36mtarget thumb C:[0m libunwind <= external/libunwind/src/dwarf/Lpe.c
[36mtarget thumb C:[0m libunwind <= external/libunwind/src/dwarf/Lstep_dwarf.c
[36mtarget thumb C:[0m libunwind <= external/libunwind/src/dwarf/Lfind_proc_info-lsb.c
[36mtarget thumb C:[0m libunwind <= external/libunwind/src/dwarf/Lfind_unwind_table.c
[36mtarget thumb C:[0m libunwind <= external/libunwind/src/dwarf/Gexpr.c
[36mtarget thumb C:[0m libunwind <= external/libunwind/src/dwarf/Gfde.c
[36mtarget thumb C:[0m libunwind <= external/libunwind/src/dwarf/Gfind_proc_info-lsb.c
[36mtarget thumb C:[0m libunwind <= external/libunwind/src/dwarf/Gfind_unwind_table.c
[36mtarget thumb C:[0m libunwind <= external/libunwind/src/dwarf/Gparser.c
[36mtarget thumb C:[0m libunwind <= external/libunwind/src/dwarf/Gpe.c
[36mtarget thumb C:[0m libunwind <= external/libunwind/src/dwarf/Gstep_dwarf.c
[36mtarget thumb C:[0m libunwind <= external/libunwind/src/dwarf/global.c
[36mtarget thumb C:[0m libunwind <= external/libunwind/src/os-common.c
[36mtarget thumb C:[0m libunwind <= external/libunwind/src/os-linux.c
[36mtarget thumb C:[0m libunwind <= external/libunwind/src/Los-common.c
[36mtarget thumb C:[0m libunwind <= external/libunwind/src/arm/is_fpreg.c
[36mtarget thumb C:[0m libunwind <= external/libunwind/src/arm/regname.c
[36mtarget thumb C:[0m libunwind <= external/libunwind/src/arm/Gcreate_addr_space.c
[36mtarget thumb C:[0m libunwind <= external/libunwind/src/arm/Gget_proc_info.c
[36mtarget thumb C:[0m libunwind <= external/libunwind/src/arm/Gget_save_loc.c
[36mtarget thumb C:[0m libunwind <= external/libunwind/src/arm/Gglobal.c
[36mtarget thumb C:[0m libunwind <= external/libunwind/src/arm/Ginit.c
[36mtarget thumb C:[0m libunwind <= external/libunwind/src/arm/Ginit_local.c
[36mtarget thumb C:[0m libunwind <= external/libunwind/src/arm/Ginit_remote.c
[36mtarget thumb C:[0m libunwind <= external/libunwind/src/arm/Gregs.c
[36mtarget thumb C:[0m libunwind <= external/libunwind/src/arm/Gresume.c
[36mtarget thumb C:[0m libunwind <= external/libunwind/src/arm/Gstep.c
[36mtarget thumb C:[0m libunwind <= external/libunwind/src/arm/Lcreate_addr_space.c
[36mtarget thumb C:[0m libunwind <= external/libunwind/src/arm/Lget_proc_info.c
[36mtarget thumb C:[0m libunwind <= external/libunwind/src/arm/Lget_save_loc.c
[36mtarget thumb C:[0m libunwind <= external/libunwind/src/arm/Lglobal.c
[36mtarget thumb C:[0m libunwind <= external/libunwind/src/arm/Linit.c
[36mtarget thumb C:[0m libunwind <= external/libunwind/src/arm/Linit_local.c
[36mtarget thumb C:[0m libunwind <= external/libunwind/src/arm/Linit_remote.c
[36mtarget thumb C:[0m libunwind <= external/libunwind/src/arm/Lregs.c
[36mtarget thumb C:[0m libunwind <= external/libunwind/src/arm/Lresume.c
[36mtarget thumb C:[0m libunwind <= external/libunwind/src/arm/Lstep.c
[36mtarget thumb C:[0m libunwind <= external/libunwind/src/arm/Gis_signal_frame.c
[36mtarget thumb C:[0m libunwind <= external/libunwind/src/arm/Gex_tables.c
[36mtarget thumb C:[0m libunwind <= external/libunwind/src/arm/Lis_signal_frame.c
[36mtarget thumb C:[0m libunwind <= external/libunwind/src/arm/Lex_tables.c
[36mtarget thumb C:[0m libunwind <= external/libunwind/src/elf32.c
[36mtarget thumb C:[0m libunwind-ptrace <= external/libunwind/src/ptrace/_UPT_elf.c
[36mtarget thumb C:[0m libunwind-ptrace <= external/libunwind/src/ptrace/_UPT_accessors.c
[36mtarget thumb C:[0m libunwind-ptrace <= external/libunwind/src/ptrace/_UPT_access_fpreg.c
[36mtarget thumb C:[0m libunwind-ptrace <= external/libunwind/src/ptrace/_UPT_access_mem.c
[36mtarget thumb C:[0m libunwind-ptrace <= external/libunwind/src/ptrace/_UPT_access_reg.c
[36mtarget thumb C:[0m libunwind-ptrace <= external/libunwind/src/ptrace/_UPT_create.c
[36mtarget thumb C:[0m libunwind-ptrace <= external/libunwind/src/ptrace/_UPT_destroy.c
[36mtarget thumb C:[0m libunwind-ptrace <= external/libunwind/src/ptrace/_UPT_find_proc_info.c
[36mtarget thumb C:[0m libunwind-ptrace <= external/libunwind/src/ptrace/_UPT_get_dyn_info_list_addr.c
[36mtarget thumb C:[0m libunwind-ptrace <= external/libunwind/src/ptrace/_UPT_put_unwind_info.c
external/libunwind/src/ptrace/_UPT_get_dyn_info_list_addr.c: In function 'get_list_addr':
external/libunwind/src/ptrace/_UPT_get_dyn_info_list_addr.c:79:10: note: #pragma message: Implement get_list_addr(), please.
 # pragma message("Implement get_list_addr(), please.")
          ^
[36mtarget thumb C:[0m libunwind-ptrace <= external/libunwind/src/ptrace/_UPT_get_proc_name.c
[36mtarget thumb C:[0m libunwind-ptrace <= external/libunwind/src/ptrace/_UPT_reg_offset.c
[36mtarget thumb C:[0m libunwind-ptrace <= external/libunwind/src/ptrace/_UPT_resume.c
[32mImport includes file:[0m /builds/out/target/product/trlteduoszh/obj/STATIC_LIBRARIES/libutils_intermediates/import_includes
[36mtarget asm:[0m libpng <= external/libpng/arm/filter_neon.S
[36mtarget thumb C:[0m libpng <= external/libpng/png.c
[36mtarget thumb C:[0m libpng <= external/libpng/pngerror.c
[36mtarget thumb C:[0m libpng <= external/libpng/pngget.c
[36mtarget thumb C:[0m libpng <= external/libpng/pngmem.c
[36mtarget thumb C:[0m libpng <= external/libpng/pngpread.c
[36mtarget thumb C:[0m libpng <= external/libpng/pngread.c
[36mtarget thumb C:[0m libpng <= external/libpng/pngrio.c
[36mtarget thumb C:[0m libpng <= external/libpng/pngrtran.c
[36mtarget thumb C:[0m libpng <= external/libpng/pngrutil.c
[36mtarget thumb C:[0m libpng <= external/libpng/pngset.c
[36mtarget thumb C:[0m libpng <= external/libpng/pngtrans.c
[36mtarget thumb C:[0m libpng <= external/libpng/pngwio.c
[36mtarget thumb C:[0m libpng <= external/libpng/pngwrite.c
[36mtarget thumb C:[0m libpng <= external/libpng/pngwtran.c
[36mtarget thumb C:[0m libpng <= external/libpng/pngwutil.c
[36mtarget thumb C:[0m libpng <= external/libpng/arm/arm_init.c
[36mtarget thumb C:[0m libpng <= external/libpng/arm/filter_neon_intrinsics.c
[32mImport includes file:[0m /builds/out/target/product/trlteduoszh/obj/SHARED_LIBRARIES/libminuitwrp_intermediates/import_includes
[36mtarget arm C:[0m libft2 <= external/freetype/src/base/ftbbox.c
[36mtarget arm C:[0m libft2 <= external/freetype/src/base/ftbitmap.c
[36mtarget arm C:[0m libft2 <= external/freetype/src/base/ftfstype.c
[36mtarget arm C:[0m libft2 <= external/freetype/src/base/ftglyph.c
[36mtarget arm C:[0m libft2 <= external/freetype/src/base/ftlcdfil.c
[36mtarget arm C:[0m libft2 <= external/freetype/src/base/ftstroke.c
[36mtarget arm C:[0m libft2 <= external/freetype/src/base/fttype1.c
[36mtarget arm C:[0m libft2 <= external/freetype/src/base/ftxf86.c
[36mtarget arm C:[0m libft2 <= external/freetype/src/base/ftbase.c
[36mtarget arm C:[0m libft2 <= external/freetype/src/base/ftsystem.c
[36mtarget arm C:[0m libft2 <= external/freetype/src/base/ftinit.c
[36mtarget arm C:[0m libft2 <= external/freetype/src/base/ftgasp.c
In file included from external/freetype/src/base/ftinit.c:76:0:
external/freetype/include/config/ftmodule.h:14:1: warning: dereferencing type-punned pointer might break strict-aliasing rules [-Wstrict-aliasing]
 FT_USE_MODULE( FT_Driver_ClassRec, tt_driver_class )
 ^
external/freetype/include/config/ftmodule.h:15:1: warning: dereferencing type-punned pointer might break strict-aliasing rules [-Wstrict-aliasing]
 FT_USE_MODULE( FT_Driver_ClassRec, cff_driver_class )
 ^
external/freetype/include/config/ftmodule.h:18:1: warning: dereferencing type-punned pointer might break strict-aliasing rules [-Wstrict-aliasing]
 FT_USE_MODULE( FT_Renderer_Class, ft_raster1_renderer_class )
 ^
external/freetype/include/config/ftmodule.h:20:1: warning: dereferencing type-punned pointer might break strict-aliasing rules [-Wstrict-aliasing]
 FT_USE_MODULE( FT_Renderer_Class, ft_smooth_renderer_class )
 ^
external/freetype/include/config/ftmodule.h:21:1: warning: dereferencing type-punned pointer might break strict-aliasing rules [-Wstrict-aliasing]
 FT_USE_MODULE( FT_Renderer_Class, ft_smooth_lcd_renderer_class )
 ^
external/freetype/include/config/ftmodule.h:22:1: warning: dereferencing type-punned pointer might break strict-aliasing rules [-Wstrict-aliasing]
 FT_USE_MODULE( FT_Renderer_Class, ft_smooth_lcdv_renderer_class )
 ^
[36mtarget arm C:[0m libft2 <= external/freetype/src/gzip/ftgzip.c
[36mtarget arm C:[0m libft2 <= external/freetype/src/raster/raster.c
[36mtarget arm C:[0m libft2 <= external/freetype/src/sfnt/sfnt.c
[36mtarget arm C:[0m libft2 <= external/freetype/src/smooth/smooth.c
[36mtarget arm C:[0m libft2 <= external/freetype/src/autofit/autofit.c
In file included from external/freetype/src/sfnt/sfnt.c:25:0:
external/freetype/src/sfnt/ttcmap.c: In function 'tt_face_build_cmaps':
external/freetype/src/sfnt/ttcmap.c:3521:13: warning: dereferencing type-punned pointer might break strict-aliasing rules [-Wstrict-aliasing]
             ft_validator_init( FT_VALIDATOR( &valid ), cmap, limit,
             ^
external/freetype/src/sfnt/ttcmap.c:3526:13: warning: dereferencing type-punned pointer might break strict-aliasing rules [-Wstrict-aliasing]
             if ( ft_setjmp( FT_VALIDATOR( &valid )->jump_buffer) == 0 )
             ^
external/freetype/src/sfnt/ttcmap.c:3529:15: warning: dereferencing type-punned pointer might break strict-aliasing rules [-Wstrict-aliasing]
               error = clazz->validate( cmap, FT_VALIDATOR( &valid ) );
               ^
[36mtarget arm C:[0m libft2 <= external/freetype/src/truetype/truetype.c
[36mtarget arm C:[0m libft2 <= external/freetype/src/cff/cff.c
In file included from external/freetype/src/autofit/autofit.c:30:0:
external/freetype/src/autofit/aflatin.c: In function 'af_latin_metrics_init_widths':
external/freetype/src/autofit/aflatin.c:155:7: warning: dereferencing type-punned pointer might break strict-aliasing rules [-Wstrict-aliasing]
       af_glyph_hints_rescale( hints, (AF_StyleMetrics)dummy );
       ^
In file included from external/freetype/src/autofit/autofit.c:34:0:
external/freetype/src/autofit/afcjk.c: In function 'af_cjk_metrics_init_widths':
external/freetype/src/autofit/afcjk.c:161:7: warning: dereferencing type-punned pointer might break strict-aliasing rules [-Wstrict-aliasing]
       af_glyph_hints_rescale( hints, (AF_StyleMetrics)dummy );
       ^
[36mtarget arm C:[0m libft2 <= external/freetype/src/psnames/psnames.c
[36mtarget arm C:[0m libft2 <= external/freetype/src/pshinter/pshinter.c
In file included from external/freetype/src/cff/cff.c:34:0:
external/freetype/src/cff/cf2font.c: In function 'cf2_getGlyphOutline':
external/freetype/src/cff/cf2font.c:463:31: warning: dereferencing type-punned pointer might break strict-aliasing rules [-Wstrict-aliasing]
                               (CF2_OutlineCallbacks)&font->outline,
                               ^
[36mtarget asm:[0m libpixelflinger_twrp <= system/core/libpixelflinger/col32cb16blend.S
[36mtarget asm:[0m libpixelflinger_twrp <= system/core/libpixelflinger/t32cb16blend.S
[36mtarget asm:[0m libpixelflinger_twrp <= system/core/libpixelflinger/col32cb16blend_neon.S
[36mtarget arm C++:[0m libpixelflinger_twrp <= system/core/libpixelflinger/fixed.cpp
[36mtarget arm C++:[0m libpixelflinger_twrp <= system/core/libpixelflinger/picker.cpp
[36mtarget arm C++:[0m libpixelflinger_twrp <= system/core/libpixelflinger/pixelflinger.cpp
[36mtarget arm C++:[0m libpixelflinger_twrp <= system/core/libpixelflinger/trap.cpp
[36mtarget arm C++:[0m libpixelflinger_twrp <= system/core/libpixelflinger/scanline.cpp
[36mtarget thumb C++:[0m libpixelflinger_twrp <= system/core/libpixelflinger/codeflinger/CodeCache.cpp
[36mtarget thumb C++:[0m libpixelflinger_twrp <= system/core/libpixelflinger/format.cpp
[36mtarget thumb C++:[0m libpixelflinger_twrp <= system/core/libpixelflinger/clear.cpp
[36mtarget thumb C++:[0m libpixelflinger_twrp <= system/core/libpixelflinger/raster.cpp
[36mtarget thumb C++:[0m libpixelflinger_twrp <= system/core/libpixelflinger/buffer.cpp
[36mtarget thumb C++:[0m libpixelflinger_twrp <= system/core/libpixelflinger/codeflinger/tinyutils/SharedBuffer.cpp
[36mtarget thumb C++:[0m libpixelflinger_twrp <= system/core/libpixelflinger/codeflinger/tinyutils/VectorImpl.cpp
[36mtarget thumb C++:[0m libpixelflinger_twrp <= system/core/libpixelflinger/codeflinger/ARMAssemblerInterface.cpp
[36mtarget thumb C++:[0m libpixelflinger_twrp <= system/core/libpixelflinger/codeflinger/ARMAssemblerProxy.cpp
[36mtarget thumb C++:[0m libpixelflinger_twrp <= system/core/libpixelflinger/codeflinger/GGLAssembler.cpp
[36mtarget thumb C++:[0m libpixelflinger_twrp <= system/core/libpixelflinger/codeflinger/load_store.cpp
[36mtarget thumb C++:[0m libpixelflinger_twrp <= system/core/libpixelflinger/codeflinger/blending.cpp
[36mtarget thumb C++:[0m libpixelflinger_twrp <= system/core/libpixelflinger/codeflinger/texturing.cpp
[36mtarget thumb C++:[0m libpixelflinger_twrp <= system/core/libpixelflinger/codeflinger/ARMAssembler.cpp
[36mtarget thumb C:[0m libpixelflinger_twrp <= system/core/libpixelflinger/codeflinger/disassem.c
[36mtarget thumb C:[0m libadf <= system/core/adf/libadf/adf.c
[32mImport includes file:[0m /builds/out/target/product/trlteduoszh/obj/SHARED_LIBRARIES/libminadbd_intermediates/import_includes
[32mImport includes file:[0m /builds/out/target/product/trlteduoszh/obj/SHARED_LIBRARIES/libfusesideload_intermediates/import_includes
[36mtarget thumb C:[0m libmincrypttwrp <= bootable/recovery/libmincrypt/dsa_sig.c
[36mtarget thumb C:[0m libmincrypttwrp <= bootable/recovery/libmincrypt/p256.c
[36mtarget thumb C:[0m libmincrypttwrp <= bootable/recovery/libmincrypt/p256_ec.c
[36mtarget thumb C:[0m libmincrypttwrp <= bootable/recovery/libmincrypt/p256_ecdsa.c
[36mtarget thumb C:[0m libmincrypttwrp <= bootable/recovery/libmincrypt/rsa.c
[36mtarget thumb C:[0m libmincrypttwrp <= bootable/recovery/libmincrypt/sha.c
[36mtarget thumb C:[0m libmincrypttwrp <= bootable/recovery/libmincrypt/sha256.c
[32mImport includes file:[0m /builds/out/target/product/trlteduoszh/obj/SHARED_LIBRARIES/libminzip_intermediates/import_includes
[32mImport includes file:[0m /builds/out/target/product/trlteduoszh/obj/SHARED_LIBRARIES/libselinux_intermediates/import_includes
[36mtarget thumb C:[0m libpcre <= external/pcre/pcre_chartables.c
[36mtarget thumb C:[0m libpcre <= external/pcre/dist/pcre_byte_order.c
[36mtarget thumb C:[0m libpcre <= external/pcre/dist/pcre_compile.c
[36mtarget thumb C:[0m libpcre <= external/pcre/dist/pcre_config.c
[36mtarget thumb C:[0m libpcre <= external/pcre/dist/pcre_dfa_exec.c
external/pcre/dist/pcre_compile.c: In function 'add_to_class':
external/pcre/dist/pcre_compile.c:4135:50: warning: unused parameter 'uchardptr' [-Wunused-parameter]
 add_to_class(pcre_uint8 *classbits, pcre_uchar **uchardptr, int options,
                                                  ^
[36mtarget thumb C:[0m libpcre <= external/pcre/dist/pcre_exec.c
[36mtarget thumb C:[0m libpcre <= external/pcre/dist/pcre_fullinfo.c
[36mtarget thumb C:[0m libpcre <= external/pcre/dist/pcre_get.c
[36mtarget thumb C:[0m libpcre <= external/pcre/dist/pcre_globals.c
[36mtarget thumb C:[0m libpcre <= external/pcre/dist/pcre_jit_compile.c
[36mtarget thumb C:[0m libpcre <= external/pcre/dist/pcre_maketables.c
[36mtarget thumb C:[0m libpcre <= external/pcre/dist/pcre_newline.c
[36mtarget thumb C:[0m libpcre <= external/pcre/dist/pcre_ord2utf8.c
[36mtarget thumb C:[0m libpcre <= external/pcre/dist/pcre_refcount.c
[36mtarget thumb C:[0m libpcre <= external/pcre/dist/pcre_string_utils.c
[36mtarget thumb C:[0m libpcre <= external/pcre/dist/pcre_study.c
[36mtarget thumb C:[0m libpcre <= external/pcre/dist/pcre_tables.c
[36mtarget thumb C:[0m libpcre <= external/pcre/dist/pcre_ucd.c
[36mtarget thumb C:[0m libpcre <= external/pcre/dist/pcre_valid_utf8.c
[36mtarget thumb C:[0m libpcre <= external/pcre/dist/pcre_version.c
[36mtarget thumb C:[0m libpcre <= external/pcre/dist/pcre_xclass.c
[36mtarget thumb C:[0m libmincrypt <= system/core/libmincrypt/dsa_sig.c
[36mtarget thumb C:[0m libmincrypt <= system/core/libmincrypt/p256.c
[36mtarget thumb C:[0m libmincrypt <= system/core/libmincrypt/p256_ec.c
[36mtarget thumb C:[0m libmincrypt <= system/core/libmincrypt/p256_ecdsa.c
[36mtarget thumb C:[0m libmincrypt <= system/core/libmincrypt/rsa.c
[36mtarget thumb C:[0m libmincrypt <= system/core/libmincrypt/sha.c
[36mtarget thumb C:[0m libmincrypt <= system/core/libmincrypt/sha256.c
[36mtarget thumb C:[0m libtar <= bootable/recovery/libtar/append.c
[36mtarget thumb C:[0m libtar <= bootable/recovery/libtar/block.c
bootable/recovery/libtar/block.c: In function 'th_write':
bootable/recovery/libtar/block.c:445:3: warning: implicit declaration of function 'snprintf' [-Wimplicit-function-declaration]
   snprintf(buf, T_BLOCKSIZE, "%d "SELINUX_TAG"%s\n", (int)sz, t->th_buf.selinux_context);
   ^
bootable/recovery/libtar/block.c:445:3: warning: incompatible implicit declaration of built-in function 'snprintf' [enabled by default]
[36mtarget thumb C:[0m libtar <= bootable/recovery/libtar/decode.c
[36mtarget thumb C:[0m libtar <= bootable/recovery/libtar/encode.c
[36mtarget thumb C:[0m libtar <= bootable/recovery/libtar/extract.c
[36mtarget thumb C:[0m libtar <= bootable/recovery/libtar/handle.c
[36mtarget thumb C:[0m libtar <= bootable/recovery/libtar/output.c
[36mtarget thumb C:[0m libtar <= bootable/recovery/libtar/util.c
bootable/recovery/libtar/handle.c: In function 'tar_init':
bootable/recovery/libtar/handle.c:35:19: warning: unused parameter 'mode' [-Wunused-parameter]
   int oflags, int mode, int options)
                   ^
[36mtarget thumb C:[0m libtar <= bootable/recovery/libtar/wrapper.c
[36mtarget thumb C:[0m libtar <= bootable/recovery/libtar/basename.c
[36mtarget thumb C:[0m libtar <= bootable/recovery/libtar/strmode.c
[36mtarget thumb C:[0m libtar <= bootable/recovery/libtar/libtar_hash.c
[36mtarget thumb C:[0m libtar <= bootable/recovery/libtar/libtar_list.c
[36mtarget thumb C:[0m libtar <= bootable/recovery/libtar/dirname.c
[36mtarget thumb C++:[0m libtwadbbu <= bootable/recovery/adbbu/libtwadbbu.cpp
[36mtarget thumb C:[0m libutil-linux <= bootable/recovery/libblkid/lib/at.c
[36mtarget thumb C:[0m libutil-linux <= bootable/recovery/libblkid/lib/blkdev.c
[36mtarget thumb C:[0m libutil-linux <= bootable/recovery/libblkid/lib/canonicalize.c
bootable/recovery/libblkid/lib/at.c: In function 'fstat_at':
bootable/recovery/libblkid/lib/at.c:34:26: warning: comparison between signed and unsigned integer expressions [-Wsign-compare]
   if (len < 0 || len + 1 > sizeof(path))
                          ^
bootable/recovery/libblkid/lib/at.c:25:18: warning: unused parameter 'dir' [-Wunused-parameter]
 int fstat_at(int dir, const char *dirname, const char *filename,
                  ^
bootable/recovery/libblkid/lib/at.c: In function 'open_at':
bootable/recovery/libblkid/lib/at.c:58:26: warning: comparison between signed and unsigned integer expressions [-Wsign-compare]
   if (len < 0 || len + 1 > sizeof(path))
                          ^
bootable/recovery/libblkid/lib/at.c:51:17: warning: unused parameter 'dir' [-Wunused-parameter]
 int open_at(int dir, const char *dirname, const char *filename, int flags)
                 ^
bootable/recovery/libblkid/lib/at.c: In function 'readlink_at':
bootable/recovery/libblkid/lib/at.c:93:26: warning: comparison between signed and unsigned integer expressions [-Wsign-compare]
   if (len < 0 || len + 1 > sizeof(path))
                          ^
bootable/recovery/libblkid/lib/at.c:85:25: warning: unused parameter 'dir' [-Wunused-parameter]
 ssize_t readlink_at(int dir, const char *dirname, const char *pathname,
                         ^
[36mtarget thumb C:[0m libutil-linux <= bootable/recovery/libblkid/lib/colors.c
[36mtarget thumb C:[0m libutil-linux <= bootable/recovery/libblkid/lib/crc32.c
[36mtarget thumb C:[0m libutil-linux <= bootable/recovery/libblkid/lib/crc64.c
[36mtarget thumb C:[0m libutil-linux <= bootable/recovery/libblkid/lib/env.c
[36mtarget thumb C:[0m libutil-linux <= bootable/recovery/libblkid/lib/exec_shell.c
bootable/recovery/libblkid/lib/env.c: In function 'safe_getenv':
bootable/recovery/libblkid/lib/env.c:95:2: warning: implicit declaration of function 'prctl' [-Wimplicit-function-declaration]
  if (prctl(PR_GET_DUMPABLE, 0, 0, 0, 0) == 0)
  ^
[36mtarget thumb C:[0m libutil-linux <= bootable/recovery/libblkid/lib/fileutils.c
[36mtarget thumb C:[0m libutil-linux <= bootable/recovery/libblkid/lib/ismounted.c
[36mtarget thumb C:[0m libutil-linux <= bootable/recovery/libblkid/lib/langinfo.c
bootable/recovery/libblkid/lib/ismounted.c: In function 'check_mount_point':
bootable/recovery/libblkid/lib/ismounted.c:330:3: warning: #warning "Can't use getmntent or getmntinfo to check for mounted filesystems!" [-Wcpp]
  #warning "Can't use getmntent or getmntinfo to check for mounted filesystems!"
   ^
[36mtarget thumb C:[0m libutil-linux <= bootable/recovery/libblkid/lib/linux_version.c
[36mtarget thumb C:[0m libutil-linux <= bootable/recovery/libblkid/lib/loopdev.c
[36mtarget thumb C:[0m libutil-linux <= bootable/recovery/libblkid/lib/mangle.c
[36mtarget thumb C:[0m libutil-linux <= bootable/recovery/libblkid/lib/match.c
[36mtarget thumb C:[0m libutil-linux <= bootable/recovery/libblkid/lib/mbsalign.c
[36mtarget thumb C:[0m libutil-linux <= bootable/recovery/libblkid/lib/md5.c
[36mtarget thumb C:[0m libutil-linux <= bootable/recovery/libblkid/lib/pager.c
In file included from bootable/recovery/libblkid/lib/mbsalign.c:19:0:
bootable/recovery/libblkid/include/config.h:72:0: warning: "HAVE_ENDIAN_H" redefined [enabled by default]
 #define HAVE_ENDIAN_H 1
 ^
In file included from <command-line>:0:0:
./build/core/combo/include/arch/linux-arm/AndroidConfig.h:146:0: note: this is the location of the previous definition
 #define HAVE_ENDIAN_H
 ^
[36mtarget thumb C:[0m libutil-linux <= bootable/recovery/libblkid/lib/path.c
[36mtarget thumb C:[0m libutil-linux <= bootable/recovery/libblkid/lib/procutils.c
[36mtarget thumb C:[0m libutil-linux <= bootable/recovery/libblkid/lib/randutils.c
[36mtarget thumb C:[0m libutil-linux <= bootable/recovery/libblkid/lib/setproctitle.c
[36mtarget thumb C:[0m libutil-linux <= bootable/recovery/libblkid/lib/strutils.c
[36mtarget thumb C:[0m libutil-linux <= bootable/recovery/libblkid/lib/sysfs.c
[32mImport includes file:[0m /builds/out/target/product/trlteduoszh/obj/SHARED_LIBRARIES/libblkid_intermediates/import_includes
bootable/recovery/libblkid/lib/strutils.c: In function 'strnlen':
bootable/recovery/libblkid/lib/strutils.c:197:23: warning: comparison between signed and unsigned integer expressions [-Wsign-compare]
         for (i = 0; i < maxlen; i++) {
                       ^
[36mtarget thumb C++:[0m libnetd_client <= system/netd/client/FwmarkClient.cpp
[32mImport includes file:[0m /builds/out/target/product/trlteduoszh/obj/EXECUTABLES/toolbox_recovery_intermediates/import_includes
[36mtarget thumb C++:[0m libnetd_client <= system/netd/client/NetdClient.cpp
[36mtarget thumb C:[0m libusbhost <= system/core/libusbhost/usbhost.c
[36mtarget thumb C++:[0m orscmd <= bootable/recovery/orscmd/orscmd.cpp
[32mImport includes file:[0m /builds/out/target/product/trlteduoszh/obj/SHARED_LIBRARIES/libtwrpmtp_intermediates/import_includes
[36mtarget thumb C++:[0m libaosprecovery <= bootable/recovery/adb_install.cpp
[36mtarget thumb C++:[0m libaosprecovery <= bootable/recovery/asn1_decoder.cpp
[36mtarget thumb C++:[0m libaosprecovery <= bootable/recovery/bootloader.cpp
[36mtarget thumb C++:[0m libaosprecovery <= bootable/recovery/verifier.cpp
bootable/recovery/verifier.cpp: In function 'int verify_file(unsigned char*, size_t)':
bootable/recovery/verifier.cpp:204:21: warning: comparison between signed and unsigned integer expressions [-Wsign-compare]
     for (i = 0; i < numKeys; ++i) {
                     ^
bootable/recovery/verifier.cpp:251:21: warning: comparison between signed and unsigned integer expressions [-Wsign-compare]
     for (i = 0; i < numKeys; ++i) {
                     ^
[36mtarget thumb C++:[0m libaosprecovery <= bootable/recovery/tw_atomic.cpp
[36mtarget thumb C:[0m libaosprecovery <= bootable/recovery/legacy_property_service.c
[36mtarget thumb C:[0m libaosprecovery <= bootable/recovery/set_metadata.c
bootable/recovery/legacy_property_service.c: In function 'copy_property_to_legacy':
bootable/recovery/legacy_property_service.c:202:79: warning: unused parameter 'cookie' [-Wunused-parameter]
 static void copy_property_to_legacy(const char *key, const char *value, void *cookie)
                                                                               ^
[36mtarget thumb C:[0m libext4_utils <= system/extras/ext4_utils/make_ext4fs.c
[36mtarget thumb C:[0m libext4_utils <= system/extras/ext4_utils/ext4fixup.c
[36mtarget thumb C:[0m libext4_utils <= system/extras/ext4_utils/ext4_utils.c
[36mtarget thumb C:[0m libext4_utils <= system/extras/ext4_utils/allocate.c
[36mtarget thumb C:[0m libext4_utils <= system/extras/ext4_utils/contents.c
[36mtarget thumb C:[0m libext4_utils <= system/extras/ext4_utils/extent.c
[36mtarget thumb C:[0m libext4_utils <= system/extras/ext4_utils/indirect.c
[36mtarget thumb C:[0m libext4_utils <= system/extras/ext4_utils/uuid.c
[36mtarget thumb C:[0m libext4_utils <= system/extras/ext4_utils/sha1.c
[36mtarget thumb C:[0m libext4_utils <= system/extras/ext4_utils/wipe.c
[36mtarget thumb C:[0m libext4_utils <= system/extras/ext4_utils/crc16.c
[36mtarget thumb C:[0m libext4_utils <= system/extras/ext4_utils/ext4_sb.c
[32mImport includes file:[0m /builds/out/target/product/trlteduoszh/obj/EXECUTABLES/make_ext4fs_intermediates/import_includes
[32mImport includes file:[0m /builds/out/target/product/trlteduoszh/obj/RECOVERY_EXECUTABLES/openaes_intermediates/import_includes
[36mtarget thumb C:[0m libopenaes <= bootable/recovery/openaes/src/oaes_lib.c
[36mtarget thumb C:[0m libopenaes <= bootable/recovery/openaes/src/isaac/rand.c
[36mtarget thumb C:[0m libopenaes <= bootable/recovery/openaes/src/ftime.c
bootable/recovery/openaes/src/oaes_lib.c:99:8: warning: missing braces around initializer [-Wmissing-braces]
  /*0*/ 0x63, 0x7c, 0x77, 0x7b, 0xf2, 0x6b, 0x6f, 0xc5, 0x30, 0x01, 0x67, 0x2b, 0xfe, 0xd7, 0xab, 0x76,
        ^
bootable/recovery/openaes/src/oaes_lib.c:99:8: warning: (near initialization for 'oaes_sub_byte_value[0]') [-Wmissing-braces]
bootable/recovery/openaes/src/oaes_lib.c:119:8: warning: missing braces around initializer [-Wmissing-braces]
  /*0*/ 0x52, 0x09, 0x6a, 0xd5, 0x30, 0x36, 0xa5, 0x38, 0xbf, 0x40, 0xa3, 0x9e, 0x81, 0xf3, 0xd7, 0xfb,
        ^
bootable/recovery/openaes/src/oaes_lib.c:119:8: warning: (near initialization for 'oaes_inv_sub_byte_value[0]') [-Wmissing-braces]
bootable/recovery/openaes/src/oaes_lib.c:139:8: warning: missing braces around initializer [-Wmissing-braces]
  /*0*/ 0x00, 0x02, 0x04, 0x06, 0x08, 0x0a, 0x0c, 0x0e, 0x10, 0x12, 0x14, 0x16, 0x18, 0x1a, 0x1c, 0x1e,
        ^
bootable/recovery/openaes/src/oaes_lib.c:139:8: warning: (near initialization for 'oaes_gf_mul_2[0]') [-Wmissing-braces]
bootable/recovery/openaes/src/oaes_lib.c:159:8: warning: missing braces around initializer [-Wmissing-braces]
  /*0*/ 0x00, 0x03, 0x06, 0x05, 0x0c, 0x0f, 0x0a, 0x09, 0x18, 0x1b, 0x1e, 0x1d, 0x14, 0x17, 0x12, 0x11,
        ^
bootable/recovery/openaes/src/oaes_lib.c:159:8: warning: (near initialization for 'oaes_gf_mul_3[0]') [-Wmissing-braces]
bootable/recovery/openaes/src/oaes_lib.c:179:8: warning: missing braces around initializer [-Wmissing-braces]
  /*0*/ 0x00, 0x09, 0x12, 0x1b, 0x24, 0x2d, 0x36, 0x3f, 0x48, 0x41, 0x5a, 0x53, 0x6c, 0x65, 0x7e, 0x77,
        ^
bootable/recovery/openaes/src/oaes_lib.c:179:8: warning: (near initialization for 'oaes_gf_mul_9[0]') [-Wmissing-braces]
bootable/recovery/openaes/src/oaes_lib.c:199:8: warning: missing braces around initializer [-Wmissing-braces]
  /*0*/ 0x00, 0x0b, 0x16, 0x1d, 0x2c, 0x27, 0x3a, 0x31, 0x58, 0x53, 0x4e, 0x45, 0x74, 0x7f, 0x62, 0x69,
        ^
bootable/recovery/openaes/src/oaes_lib.c:199:8: warning: (near initialization for 'oaes_gf_mul_b[0]') [-Wmissing-braces]
bootable/recovery/openaes/src/oaes_lib.c:219:8: warning: missing braces around initializer [-Wmissing-braces]
  /*0*/ 0x00, 0x0d, 0x1a, 0x17, 0x34, 0x39, 0x2e, 0x23, 0x68, 0x65, 0x72, 0x7f, 0x5c, 0x51, 0x46, 0x4b,
        ^
bootable/recovery/openaes/src/oaes_lib.c:219:8: warning: (near initialization for 'oaes_gf_mul_d[0]') [-Wmissing-braces]
bootable/recovery/openaes/src/oaes_lib.c:239:8: warning: missing braces around initializer [-Wmissing-braces]
  /*0*/ 0x00, 0x0e, 0x1c, 0x12, 0x38, 0x36, 0x24, 0x2a, 0x70, 0x7e, 0x6c, 0x62, 0x48, 0x46, 0x54, 0x5a,
        ^
bootable/recovery/openaes/src/oaes_lib.c:239:8: warning: (near initialization for 'oaes_gf_mul_e[0]') [-Wmissing-braces]
bootable/recovery/openaes/src/oaes_lib.c: In function 'oaes_key_import':
bootable/recovery/openaes/src/oaes_lib.c:786:15: warning: comparison between signed and unsigned integer expressions [-Wsign-compare]
  if( data_len != _key_length + OAES_BLOCK_SIZE )
               ^
[32mImport includes file:[0m /builds/out/target/product/trlteduoszh/obj/EXECUTABLES/mkfs.f2fs_intermediates/import_includes
[36mtarget thumb C++:[0m libc <= bionic/libc/bionic/dl_iterate_phdr_static.cpp
[36mtarget thumb C++:[0m libc <= bionic/libc/bionic/malloc_debug_common.cpp
[36mtarget thumb C++:[0m libc <= bionic/libc/bionic/libc_init_static.cpp
[36mtarget thumb C:[0m libc <= bionic/libc/arch-arm/bionic/exidx_static.c
[36mtarget thumb C:[0m libf2fs_fmt <= external/f2fs-tools/lib/libf2fs.c
[36mtarget thumb C:[0m libf2fs_fmt <= external/f2fs-tools/mkfs/f2fs_format.c
[36mtarget thumb C:[0m libf2fs_fmt <= external/f2fs-tools/mkfs/f2fs_format_utils.c
[36mtarget thumb C:[0m libext2_uuid_static <= external/e2fsprogs/lib/uuid/clear.c
[36mtarget thumb C:[0m libext2_uuid_static <= external/e2fsprogs/lib/uuid/compare.c
[36mtarget thumb C:[0m libext2_uuid_static <= external/e2fsprogs/lib/uuid/copy.c
[36mtarget thumb C:[0m libext2_uuid_static <= external/e2fsprogs/lib/uuid/gen_uuid.c
[36mtarget thumb C:[0m libext2_uuid_static <= external/e2fsprogs/lib/uuid/isnull.c
[36mtarget thumb C:[0m libext2_uuid_static <= external/e2fsprogs/lib/uuid/pack.c
[36mtarget thumb C:[0m libext2_uuid_static <= external/e2fsprogs/lib/uuid/parse.c
[36mtarget thumb C:[0m libext2_uuid_static <= external/e2fsprogs/lib/uuid/unpack.c
[36mtarget thumb C:[0m libext2_uuid_static <= external/e2fsprogs/lib/uuid/unparse.c
[36mtarget thumb C:[0m libext2_uuid_static <= external/e2fsprogs/lib/uuid/uuid_time.c
[36mtarget thumb C:[0m fsck.f2fs <= external/f2fs-tools/fsck/dump.c
[36mtarget thumb C:[0m fsck.f2fs <= external/f2fs-tools/fsck/fsck.c
[36mtarget thumb C:[0m fsck.f2fs <= external/f2fs-tools/fsck/main.c
[36mtarget thumb C:[0m fsck.f2fs <= external/f2fs-tools/fsck/mount.c
[36mtarget thumb C:[0m fsck.f2fs <= external/f2fs-tools/lib/libf2fs.c
[36mtarget thumb C:[0m fsck.f2fs <= external/f2fs-tools/lib/libf2fs_io.c
[36mtarget thumb C:[0m reboot <= system/core/reboot/reboot.c
target [32mPrebuilt:[0m twrp (/builds/out/target/product/trlteduoszh/obj/RECOVERY_EXECUTABLES/twrp_intermediates/twrp)
target [32mPrebuilt:[0m permissive.sh (/builds/out/target/product/trlteduoszh/obj/RECOVERY_EXECUTABLES/permissive.sh_intermediates/permissive.sh)
Fake: /builds/out/target/product/trlteduoszh/obj/FAKE/busybox_symlinks_intermediates/busybox_symlinks-timestamp
target [32mPrebuilt:[0m ../openaes/LICENSE (/builds/out/target/product/trlteduoszh/obj/RECOVERY_EXECUTABLES/../openaes/LICENSE_intermediates/../openaes/LICENSE)
target [32mPrebuilt:[0m install-recovery.sh (/builds/out/target/product/trlteduoszh/obj/RECOVERY_EXECUTABLES/install-recovery.sh_intermediates/install-recovery.sh)
target [32mPrebuilt:[0m 99SuperSUDaemon (/builds/out/target/product/trlteduoszh/obj/RECOVERY_EXECUTABLES/99SuperSUDaemon_intermediates/99SuperSUDaemon)
target [32mPrebuilt:[0m Superuser.apk (/builds/out/target/product/trlteduoszh/obj/RECOVERY_EXECUTABLES/Superuser.apk_intermediates/Superuser.apk)
target [32mPrebuilt:[0m chattr.pie (/builds/out/target/product/trlteduoszh/obj/RECOVERY_EXECUTABLES/chattr.pie_intermediates/chattr.pie)
target [32mPrebuilt:[0m libsupol.so (/builds/out/target/product/trlteduoszh/obj/RECOVERY_EXECUTABLES/libsupol.so_intermediates/libsupol.so)
target [32mPrebuilt:[0m suarm (/builds/out/target/product/trlteduoszh/obj/RECOVERY_EXECUTABLES/suarm_intermediates/su)
target [32mPrebuilt:[0m supolicy (/builds/out/target/product/trlteduoszh/obj/RECOVERY_EXECUTABLES/supolicy_intermediates/supolicy)
target [32mPrebuilt:[0m init.recovery.usb.rc (/builds/out/target/product/trlteduoszh/obj/RECOVERY_EXECUTABLES/init.recovery.usb.rc_intermediates/init.recovery.usb.rc)
[32mImport includes file:[0m /builds/out/target/product/trlteduoszh/obj/EXECUTABLES/recovery_intermediates/import_includes
[36mtarget thumb C++:[0m libguitwrp <= bootable/recovery/gui/gui.cpp
[36mtarget thumb C++:[0m libguitwrp <= bootable/recovery/gui/resources.cpp
[36mtarget thumb C++:[0m libguitwrp <= bootable/recovery/gui/pages.cpp
[36mtarget thumb C++:[0m libguitwrp <= bootable/recovery/gui/text.cpp
[36mtarget thumb C++:[0m libguitwrp <= bootable/recovery/gui/image.cpp
[36mtarget thumb C++:[0m libguitwrp <= bootable/recovery/gui/action.cpp
[36mtarget thumb C++:[0m libguitwrp <= bootable/recovery/gui/console.cpp
[36mtarget thumb C++:[0m libguitwrp <= bootable/recovery/gui/fill.cpp
[36mtarget thumb C++:[0m libguitwrp <= bootable/recovery/gui/button.cpp
[36mtarget thumb C++:[0m libguitwrp <= bootable/recovery/gui/checkbox.cpp
[36mtarget thumb C++:[0m libguitwrp <= bootable/recovery/gui/fileselector.cpp
[36mtarget thumb C++:[0m libguitwrp <= bootable/recovery/gui/progressbar.cpp
[36mtarget thumb C++:[0m libguitwrp <= bootable/recovery/gui/animation.cpp
[36mtarget thumb C++:[0m libguitwrp <= bootable/recovery/gui/object.cpp
[36mtarget thumb C++:[0m libguitwrp <= bootable/recovery/gui/slider.cpp
[36mtarget thumb C++:[0m libguitwrp <= bootable/recovery/gui/slidervalue.cpp
[36mtarget thumb C++:[0m libguitwrp <= bootable/recovery/gui/listbox.cpp
[36mtarget thumb C++:[0m libguitwrp <= bootable/recovery/gui/keyboard.cpp
[36mtarget thumb C++:[0m libguitwrp <= bootable/recovery/gui/input.cpp
[36mtarget thumb C++:[0m libguitwrp <= bootable/recovery/gui/blanktimer.cpp
[36mtarget thumb C++:[0m libguitwrp <= bootable/recovery/gui/partitionlist.cpp
[36mtarget thumb C++:[0m libguitwrp <= bootable/recovery/gui/mousecursor.cpp
[36mtarget thumb C++:[0m libguitwrp <= bootable/recovery/gui/scrolllist.cpp
[36mtarget thumb C++:[0m libguitwrp <= bootable/recovery/gui/patternpassword.cpp
[36mtarget thumb C++:[0m libguitwrp <= bootable/recovery/gui/textbox.cpp
[36mtarget thumb C++:[0m libguitwrp <= bootable/recovery/gui/terminal.cpp
[36mtarget thumb C++:[0m libguitwrp <= bootable/recovery/gui/twmsg.cpp
[36mtarget thumb C++:[0m libguitwrp <= bootable/recovery/gui/hardwarekeyboard.cpp
target [32mPrebuilt:[0m install-supersu.sh (/builds/out/target/product/trlteduoszh/obj/RECOVERY_EXECUTABLES/install-supersu.sh_intermediates/install-supersu.sh)
bootable/recovery/gui/terminal.cpp:855:6: warning: unused parameter 'selected' [-Wunused-parameter]
 void GUITerminal::RenderItem(size_t itemindex, int yPos, bool selected)
      ^
bootable/recovery/gui/terminal.cpp:881:6: warning: unused parameter 'item_selected' [-Wunused-parameter]
 void GUITerminal::NotifySelect(size_t item_selected)
      ^
bootable/recovery/gui/terminal.cpp: In member function 'bool Pseudoterminal::start()':
bootable/recovery/gui/terminal.cpp:89:39: warning: call to 'ptsname' declared with attribute warning: ptsname is not thread-safe; use ptsname_r instead [enabled by default]
    int fdSlave = open(ptsname(fdMaster), O_RDWR);
                                       ^
[32mImport includes file:[0m /builds/out/target/product/trlteduoszh/obj/RECOVERY_EXECUTABLES/mount.exfat_static_intermediates/import_includes
[36mtarget arm C:[0m libz <= external/zlib/src/adler32.c
[36mtarget arm C:[0m libz <= external/zlib/src/compress.c
[36mtarget arm C:[0m libz <= external/zlib/src/crc32.c
[36mtarget arm C:[0m libz <= external/zlib/src/deflate.c
[36mtarget arm C:[0m libz <= external/zlib/src/gzclose.c
[36mtarget arm C:[0m libz <= external/zlib/src/gzlib.c
[36mtarget arm C:[0m libz <= external/zlib/src/gzread.c
[36mtarget arm C:[0m libz <= external/zlib/src/gzwrite.c
[36mtarget arm C:[0m libz <= external/zlib/src/infback.c
[36mtarget arm C:[0m libz <= external/zlib/src/inflate.c
[36mtarget arm C:[0m libz <= external/zlib/src/inftrees.c
[36mtarget arm C:[0m libz <= external/zlib/src/inffast.c
[36mtarget arm C:[0m libz <= external/zlib/src/trees.c
[36mtarget arm C:[0m libz <= external/zlib/src/uncompr.c
[36mtarget arm C:[0m libz <= external/zlib/src/zutil.c
[36mtarget thumb C:[0m libexfat_mount <= external/exfat/fuse/main.c
[36mtarget thumb C:[0m libexfat_fsck <= external/exfat/fsck/main.c
[36mtarget thumb C:[0m libexfat_mkfs <= external/exfat/mkfs/cbm.c
external/exfat/fuse/main.c: In function 'fuse_exfat_readdir':
external/exfat/fuse/main.c:91:34: warning: unused parameter 'offset' [-Wunused-parameter]
   fuse_fill_dir_t filler, loff_t offset, struct fuse_file_info* fi)
                                  ^
external/exfat/fuse/main.c:91:65: warning: unused parameter 'fi' [-Wunused-parameter]
   fuse_fill_dir_t filler, loff_t offset, struct fuse_file_info* fi)
                                                                 ^
external/exfat/fuse/main.c: In function 'fuse_exfat_release':
external/exfat/fuse/main.c:150:43: warning: unused parameter 'path' [-Wunused-parameter]
 static int fuse_exfat_release(const char* path, struct fuse_file_info* fi)
                                           ^
external/exfat/fuse/main.c: In function 'fuse_exfat_fsync':
external/exfat/fuse/main.c:157:41: warning: unused parameter 'path' [-Wunused-parameter]
 static int fuse_exfat_fsync(const char* path, int datasync,
                                         ^
external/exfat/fuse/main.c:157:51: warning: unused parameter 'datasync' [-Wunused-parameter]
 static int fuse_exfat_fsync(const char* path, int datasync,
                                                   ^
external/exfat/fuse/main.c: In function 'fuse_exfat_read':
external/exfat/fuse/main.c:172:40: warning: unused parameter 'path' [-Wunused-parameter]
 static int fuse_exfat_read(const char* path, char* buffer, size_t size,
                                        ^
external/exfat/fuse/main.c: In function 'fuse_exfat_write':
external/exfat/fuse/main.c:184:41: warning: unused parameter 'path' [-Wunused-parameter]
 static int fuse_exfat_write(const char* path, const char* buffer, size_t size,
                                         ^
external/exfat/fuse/main.c: In function 'fuse_exfat_mknod':
external/exfat/fuse/main.c:228:54: warning: unused parameter 'mode' [-Wunused-parameter]
 static int fuse_exfat_mknod(const char* path, mode_t mode, dev_t dev)
                                                      ^
external/exfat/fuse/main.c:228:66: warning: unused parameter 'dev' [-Wunused-parameter]
 static int fuse_exfat_mknod(const char* path, mode_t mode, dev_t dev)
                                                                  ^
external/exfat/fuse/main.c: In function 'fuse_exfat_mkdir':
external/exfat/fuse/main.c:234:54: warning: unused parameter 'mode' [-Wunused-parameter]
 static int fuse_exfat_mkdir(const char* path, mode_t mode)
                                                      ^
external/exfat/fuse/main.c: In function 'fuse_exfat_chmod':
external/exfat/fuse/main.c:262:41: warning: unused parameter 'path' [-Wunused-parameter]
 static int fuse_exfat_chmod(const char* path, mode_t mode)
                                         ^
external/exfat/fuse/main.c: In function 'fuse_exfat_chown':
external/exfat/fuse/main.c:273:41: warning: unused parameter 'path' [-Wunused-parameter]
 static int fuse_exfat_chown(const char* path, uid_t uid, gid_t gid)
                                         ^
external/exfat/fuse/main.c: In function 'fuse_exfat_statfs':
external/exfat/fuse/main.c:281:42: warning: unused parameter 'path' [-Wunused-parameter]
 static int fuse_exfat_statfs(const char* path, struct statvfs* sfs)
                                          ^
external/exfat/fuse/main.c: In function 'fuse_exfat_destroy':
external/exfat/fuse/main.c:314:38: warning: unused parameter 'unused' [-Wunused-parameter]
 static void fuse_exfat_destroy(void* unused)
                                      ^
[36mtarget thumb C:[0m libexfat_mkfs <= external/exfat/mkfs/fat.c
[36mtarget thumb C:[0m libexfat_mkfs <= external/exfat/mkfs/main.c
[36mtarget thumb C:[0m libexfat_mkfs <= external/exfat/mkfs/mkexfat.c
[36mtarget thumb C:[0m libexfat_mkfs <= external/exfat/mkfs/rootdir.c
external/exfat/mkfs/main.c: In function 'setup_spc_bits':
external/exfat/mkfs/main.c:124:18: warning: comparison between signed and unsigned integer expressions [-Wsign-compare]
  if (volume_size < 256ull * 1024 * 1024)
                  ^
external/exfat/mkfs/main.c:126:18: warning: comparison between signed and unsigned integer expressions [-Wsign-compare]
  if (volume_size < 32ull * 1024 * 1024 * 1024)
                  ^
external/exfat/mkfs/main.c: In function 'logarithm2':
external/exfat/mkfs/main.c:183:16: warning: comparison between signed and unsigned integer expressions [-Wsign-compare]
  for (i = 0; i < sizeof(int) * CHAR_BIT - 1; i++)
                ^
[36mtarget thumb C:[0m libexfat_mkfs <= external/exfat/mkfs/uct.c
[36mtarget thumb C:[0m libexfat_mkfs <= external/exfat/mkfs/uctc.c
[36mtarget thumb C:[0m libexfat_mkfs <= external/exfat/mkfs/vbr.c
[36mtarget thumb C:[0m libexfat <= external/exfat/libexfat/cluster.c
[36mtarget thumb C:[0m libexfat <= external/exfat/libexfat/io.c
[36mtarget thumb C:[0m libexfat <= external/exfat/libexfat/log.c
[36mtarget thumb C:[0m libexfat <= external/exfat/libexfat/lookup.c
external/exfat/libexfat/io.c: In function 'exfat_generic_pread':
external/exfat/libexfat/io.c:318:13: warning: comparison between signed and unsigned integer expressions [-Wsign-compare]
  if (offset >= node->size)
             ^
external/exfat/libexfat/io.c: In function 'exfat_generic_pwrite':
external/exfat/libexfat/io.c:363:14: warning: comparison between signed and unsigned integer expressions [-Wsign-compare]
   if (offset > node->size)
              ^
external/exfat/libexfat/io.c:366:22: warning: comparison between signed and unsigned integer expressions [-Wsign-compare]
    if (offset + size > node->size)
                      ^
[36mtarget thumb C:[0m libexfat <= external/exfat/libexfat/mount.c
external/exfat/libexfat/lookup.c: In function 'exfat_readdir':
external/exfat/libexfat/lookup.c:49:48: warning: unused parameter 'ef' [-Wunused-parameter]
 struct exfat_node* exfat_readdir(struct exfat* ef, struct exfat_iterator* it)
                                                ^
[36mtarget thumb C:[0m libexfat <= external/exfat/libexfat/node.c
[36mtarget thumb C:[0m libexfat <= external/exfat/libexfat/time.c
external/exfat/libexfat/node.c: In function 'fetch_next_entry':
external/exfat/libexfat/node.c:121:18: warning: comparison between signed and unsigned integer expressions [-Wsign-compare]
   if (it->offset >= parent->size)
                  ^
external/exfat/libexfat/node.c: In function 'readdir':
external/exfat/libexfat/node.c:205:18: warning: comparison between signed and unsigned integer expressions [-Wsign-compare]
   if (it->offset >= parent->size)
                  ^
external/exfat/libexfat/node.c: In function 'find_slot':
external/exfat/libexfat/node.c:779:46: warning: comparison between signed and unsigned integer expressions [-Wsign-compare]
   if (it.offset + sizeof(struct exfat_entry) >= dir->size)
                                              ^
external/exfat/libexfat/node.c: In function 'write_entry':
external/exfat/libexfat/node.c:850:10: warning: missing initializer for field 'name' of 'struct exfat_entry_name' [-Wmissing-field-initializers]
   struct exfat_entry_name name_entry = {EXFAT_ENTRY_FILE_NAME, 0};
          ^
In file included from external/exfat/libexfat/exfat.h:34:0,
                 from external/exfat/libexfat/node.c:23:
external/exfat/libexfat/exfatfs.h:168:9: note: 'name' declared here
  le16_t name[EXFAT_ENAME_MAX]; /* in UTF-16LE */
         ^
external/exfat/libexfat/node.c: In function 'rename_entry':
external/exfat/libexfat/node.c:982:10: warning: missing initializer for field 'name' of 'struct exfat_entry_name' [-Wmissing-field-initializers]
   struct exfat_entry_name name_entry = {EXFAT_ENTRY_FILE_NAME, 0};
          ^
In file included from external/exfat/libexfat/exfat.h:34:0,
                 from external/exfat/libexfat/node.c:23:
external/exfat/libexfat/exfatfs.h:168:9: note: 'name' declared here
  le16_t name[EXFAT_ENAME_MAX]; /* in UTF-16LE */
         ^
external/exfat/libexfat/node.c: In function 'find_label':
external/exfat/libexfat/node.c:1117:17: warning: comparison between signed and unsigned integer expressions [-Wsign-compare]
   if (it.offset >= ef->root->size)
                 ^
[36mtarget thumb C:[0m libexfat <= external/exfat/libexfat/utf.c
[36mtarget thumb C:[0m libexfat <= external/exfat/libexfat/utils.c
[36mtarget thumb C:[0m libfuse <= external/fuse/lib/../android/statvfs.c
external/exfat/libexfat/utf.c: In function 'utf16_to_utf8':
external/exfat/libexfat/utf.c:111:21: warning: comparison between signed and unsigned integer expressions [-Wsign-compare]
  while (inp - input < insize && le16_to_cpu(*inp))
                     ^
external/exfat/libexfat/utf.c: In function 'utf8_to_utf16':
external/exfat/libexfat/utf.c:205:21: warning: comparison between signed and unsigned integer expressions [-Wsign-compare]
  while (inp - input < insize && *inp)
                     ^
[36mtarget thumb C:[0m libfuse <= external/fuse/lib/buffer.c
external/exfat/libexfat/utils.c: In function 'exfat_start_checksum':
external/exfat/libexfat/utils.c:60:16: warning: comparison between signed and unsigned integer expressions [-Wsign-compare]
  for (i = 0; i < sizeof(struct exfat_entry); i++)
                ^
external/exfat/libexfat/utils.c: In function 'exfat_add_checksum':
external/exfat/libexfat/utils.c:70:16: warning: comparison between signed and unsigned integer expressions [-Wsign-compare]
  for (i = 0; i < sizeof(struct exfat_entry); i++)
                ^
external/exfat/libexfat/utils.c: In function 'exfat_calc_checksum':
external/exfat/libexfat/utils.c:86:10: warning: missing initializer for field 'name' of 'struct exfat_entry_name' [-Wmissing-field-initializers]
   struct exfat_entry_name name_entry = {EXFAT_ENTRY_FILE_NAME, 0};
          ^
In file included from external/exfat/libexfat/exfat.h:34:0,
                 from external/exfat/libexfat/utils.c:23:
external/exfat/libexfat/exfatfs.h:168:9: note: 'name' declared here
  le16_t name[EXFAT_ENAME_MAX]; /* in UTF-16LE */
         ^
[36mtarget thumb C:[0m libfuse <= external/fuse/lib/cuse_lowlevel.c
external/fuse/lib/buffer.c: In function 'fuse_buf_write':
external/fuse/lib/buffer.c:48:37: warning: pointer of type 'void *' used in arithmetic [-Wpointer-arith]
    res = pwrite64(dst->fd, src->mem + src_off, len,
                                     ^
external/fuse/lib/buffer.c:51:34: warning: pointer of type 'void *' used in arithmetic [-Wpointer-arith]
    res = write(dst->fd, src->mem + src_off, len);
                                  ^
external/fuse/lib/buffer.c: In function 'fuse_buf_read':
external/fuse/lib/buffer.c:82:34: warning: pointer of type 'void *' used in arithmetic [-Wpointer-arith]
    res = pread(src->fd, dst->mem + dst_off, len,
                                  ^
external/fuse/lib/buffer.c:85:33: warning: pointer of type 'void *' used in arithmetic [-Wpointer-arith]
    res = read(src->fd, dst->mem + dst_off, len);
                                 ^
external/fuse/lib/buffer.c: In function 'fuse_buf_fd_to_fd':
external/fuse/lib/buffer.c:146:11: warning: comparison between signed and unsigned integer expressions [-Wsign-compare]
   if (res < this_len)
           ^
external/fuse/lib/buffer.c: In function 'fuse_buf_copy_one':
external/fuse/lib/buffer.c:232:27: warning: pointer of type 'void *' used in arithmetic [-Wpointer-arith]
   void *dstmem = dst->mem + dst_off;
                           ^
external/fuse/lib/buffer.c:233:27: warning: pointer of type 'void *' used in arithmetic [-Wpointer-arith]
   void *srcmem = src->mem + src_off;
                           ^
external/fuse/lib/buffer.c:236:15: warning: pointer of type 'void *' used in arithmetic [-Wpointer-arith]
    if (dstmem + len <= srcmem || srcmem + len <= dstmem)
               ^
external/fuse/lib/buffer.c:236:41: warning: pointer of type 'void *' used in arithmetic [-Wpointer-arith]
    if (dstmem + len <= srcmem || srcmem + len <= dstmem)
                                         ^
external/fuse/lib/buffer.c: In function 'fuse_buf_copy':
external/fuse/lib/buffer.c:313:11: warning: comparison between signed and unsigned integer expressions [-Wsign-compare]
   if (res < len)
           ^
[36mtarget thumb C:[0m libfuse <= external/fuse/lib/fuse.c
[36mtarget thumb C:[0m libfuse <= external/fuse/lib/fuse_kern_chan.c
[36mtarget thumb C:[0m libfuse <= external/fuse/lib/fuse_loop.c
external/fuse/lib/fuse.c: In function 'fuse_fs_read_buf':
external/fuse/lib/fuse.c:1810:40: warning: comparison between signed and unsigned integer expressions [-Wsign-compare]
   if (res >= 0 && fuse_buf_size(*bufp) > (int) size)
                                        ^
external/fuse/lib/fuse.c: In function 'mtime_eq':
external/fuse/lib/fuse.c:2433:25: warning: comparison between signed and unsigned integer expressions [-Wsign-compare]
  return stbuf->st_mtime == ts->tv_sec &&
                         ^
external/fuse/lib/fuse.c: In function 'thread_exit_handler':
external/fuse/lib/fuse.c:4572:37: warning: unused parameter 'sig' [-Wunused-parameter]
 static void thread_exit_handler(int sig)
                                     ^
[36mtarget thumb C:[0m libfuse <= external/fuse/lib/fuse_loop_mt.c
[36mtarget thumb C:[0m libfuse <= external/fuse/lib/fuse_lowlevel.c
[36mtarget thumb C:[0m libfuse <= external/fuse/lib/fuse_mt.c
external/fuse/lib/fuse_loop_mt.c: In function 'thread_exit_handler':
external/fuse/lib/fuse_loop_mt.c:66:37: warning: unused parameter 'sig' [-Wunused-parameter]
 static void thread_exit_handler(int sig)
                                     ^
external/fuse/lib/fuse_lowlevel.c: In function 'fuse_ll_copy_from_pipe':
external/fuse/lib/fuse_lowlevel.c:2310:10: warning: comparison between signed and unsigned integer expressions [-Wsign-compare]
  if (res < fuse_buf_size(dst)) {
          ^
external/fuse/lib/fuse_lowlevel.c: In function 'fuse_ll_process_buf':
external/fuse/lib/fuse_lowlevel.c:2425:28: warning: pointer of type 'void *' used in arithmetic [-Wpointer-arith]
   tmpbuf.buf[0].mem = mbuf + write_header_size;
                            ^
external/fuse/lib/fuse_lowlevel.c: In function 'fuse_req_getgroups':
external/fuse/lib/fuse_lowlevel.c:2804:10: warning: comparison between signed and unsigned integer expressions [-Wsign-compare]
  if (ret == bufsize) {
          ^
[36mtarget thumb C:[0m libfuse <= external/fuse/lib/fuse_opt.c
external/fuse/lib/fuse_mt.c: In function 'mt_chan_receive':
external/fuse/lib/fuse_mt.c:53:70: warning: unused parameter 'size' [-Wunused-parameter]
 static int mt_chan_receive(struct fuse_chan **chp, char *buf, size_t size)
                                                                      ^
[36mtarget thumb C:[0m libfuse <= external/fuse/lib/fuse_session.c
[36mtarget thumb C:[0m libfuse <= external/fuse/lib/fuse_signals.c
external/fuse/lib/fuse_opt.c: In function 'process_opt':
external/fuse/lib/fuse_opt.c:236:25: warning: pointer of type 'void *' used in arithmetic [-Wpointer-arith]
   void *var = ctx->data + opt->offset;
                         ^
[36mtarget thumb C:[0m libfuse <= external/fuse/lib/helper.c
[36mtarget thumb C:[0m libfuse <= external/fuse/lib/mount.c
[36mtarget thumb C:[0m libfuse <= external/fuse/lib/mount_util.c
[36mtarget thumb C:[0m libfuse <= external/fuse/lib/ulockmgr.c
[32mCopy:[0m /builds/out/target/product/trlteduoszh/recovery/root/fstab.qcom
[32mCopy:[0m /builds/out/target/product/trlteduoszh/recovery/root/prebuilt_file_contexts
[32mCopy:[0m /builds/out/target/product/trlteduoszh/recovery/root/etc/twrp.fstab
[32mImport includes file:[0m /builds/out/target/product/trlteduoszh/obj/EXECUTABLES/init_intermediates/import_includes
/builds/omni-5.1/out/host/linux-x86/bin/checkpolicy:  loading policy configuration from /builds/out/target/product/trlteduoszh/obj/ETC/sepolicy_intermediates/policy.conf
[32mImport includes file:[0m /builds/out/target/product/trlteduoszh/obj/STATIC_LIBRARIES/libfs_mgr_intermediates/import_includes
[36mtarget thumb C:[0m liblogwrap <= system/core/logwrapper/logwrap.c
[32mImport includes file:[0m /builds/out/target/product/trlteduoszh/obj/STATIC_LIBRARIES/libext4_utils_static_intermediates/import_includes
[36mtarget thumb C:[0m libsparse_static <= system/core/libsparse/backed_block.c
[36mtarget thumb C:[0m libsparse_static <= system/core/libsparse/output_file.c
[36mtarget thumb C:[0m libsparse_static <= system/core/libsparse/sparse.c
[36mtarget thumb C:[0m libsparse_static <= system/core/libsparse/sparse_crc32.c
[36mtarget thumb C:[0m libsparse_static <= system/core/libsparse/sparse_err.c
[36mtarget thumb C:[0m libsparse_static <= system/core/libsparse/sparse_read.c
Generate: system/core/rootdir/init.environ.rc.in -> /builds/out/target/product/trlteduoszh/obj/ETC/init.environ.rc_intermediates/init.environ.rc
target [32mPrebuilt:[0m init.rc (/builds/out/target/product/trlteduoszh/obj/ETC/init.rc_intermediates/init.rc)
/builds/omni-5.1/out/host/linux-x86/bin/checkpolicy:  policy configuration loaded
/builds/omni-5.1/out/host/linux-x86/bin/checkpolicy:  writing binary representation (version 26) to /builds/out/target/product/trlteduoszh/obj/ETC/sepolicy_intermediates/sepolicy
[36mtarget thumb C:[0m adbd <= system/core/adb/adb.c
/builds/omni-5.1/out/host/linux-x86/bin/checkpolicy:  loading policy configuration from /builds/out/target/product/trlteduoszh/obj/ETC/sepolicy_intermediates/policy.conf.dontaudit
[36mtarget thumb C:[0m adbd <= system/core/adb/fdevent.c
[36mtarget thumb C:[0m adbd <= system/core/adb/transport.c
[36mtarget thumb C:[0m adbd <= system/core/adb/transport_local.c
[36mtarget thumb C:[0m adbd <= system/core/adb/transport_usb.c
[36mtarget thumb C:[0m adbd <= system/core/adb/adb_auth_client.c
[36mtarget thumb C:[0m adbd <= system/core/adb/sockets.c
[36mtarget thumb C:[0m adbd <= system/core/adb/services.c
[36mtarget thumb C:[0m adbd <= system/core/adb/file_sync_service.c
[36mtarget thumb C:[0m adbd <= system/core/adb/jdwp_service.c
[36mtarget thumb C:[0m adbd <= system/core/adb/framebuffer_service.c
/builds/omni-5.1/out/host/linux-x86/bin/checkpolicy:  policy configuration loaded
/builds/omni-5.1/out/host/linux-x86/bin/checkpolicy:  writing binary representation (version 26) to /builds/out/target/product/trlteduoszh/obj/ETC/sepolicy_intermediates//sepolicy.dontaudit
[36mtarget thumb C:[0m adbd <= system/core/adb/remount_service.c
[36mtarget thumb C:[0m adbd <= system/core/adb/disable_verity_service.c
[36mtarget thumb C:[0m adbd <= system/core/adb/usb_linux_client.c
[32mImport includes file:[0m /builds/out/target/product/trlteduoszh/obj/EXECUTABLES/healthd_intermediates/import_includes
[36mtarget thumb C++:[0m libbatteryservice <= frameworks/native/services/batteryservice/BatteryProperties.cpp
[36mtarget thumb C++:[0m libbatteryservice <= frameworks/native/services/batteryservice/BatteryProperty.cpp
[36mtarget thumb C++:[0m libbatteryservice <= frameworks/native/services/batteryservice/IBatteryPropertiesListener.cpp
[36mtarget thumb C++:[0m libbatteryservice <= frameworks/native/services/batteryservice/IBatteryPropertiesRegistrar.cpp
[36mtarget thumb C++:[0m libbinder <= frameworks/native/libs/binder/AppOpsManager.cpp
[36mtarget thumb C++:[0m libbinder <= frameworks/native/libs/binder/Binder.cpp
[36mtarget thumb C++:[0m libbinder <= frameworks/native/libs/binder/BpBinder.cpp
[36mtarget thumb C++:[0m libbinder <= frameworks/native/libs/binder/BufferedTextOutput.cpp
[36mtarget thumb C++:[0m libbinder <= frameworks/native/libs/binder/Debug.cpp
[36mtarget thumb C++:[0m libbinder <= frameworks/native/libs/binder/IAppOpsCallback.cpp
[36mtarget thumb C++:[0m libbinder <= frameworks/native/libs/binder/IAppOpsService.cpp
[36mtarget thumb C++:[0m libbinder <= frameworks/native/libs/binder/IBatteryStats.cpp
[36mtarget thumb C++:[0m libbinder <= frameworks/native/libs/binder/IInterface.cpp
[36mtarget thumb C++:[0m libbinder <= frameworks/native/libs/binder/IMemory.cpp
[36mtarget thumb C++:[0m libbinder <= frameworks/native/libs/binder/IPCThreadState.cpp
[36mtarget thumb C++:[0m libbinder <= frameworks/native/libs/binder/IPermissionController.cpp
[36mtarget thumb C++:[0m libbinder <= frameworks/native/libs/binder/IServiceManager.cpp
[36mtarget thumb C++:[0m libbinder <= frameworks/native/libs/binder/MemoryDealer.cpp
[36mtarget thumb C++:[0m libbinder <= frameworks/native/libs/binder/MemoryBase.cpp
[36mtarget thumb C++:[0m libbinder <= frameworks/native/libs/binder/MemoryHeapBase.cpp
[36mtarget thumb C++:[0m libbinder <= frameworks/native/libs/binder/Parcel.cpp
[36mtarget thumb C++:[0m libbinder <= frameworks/native/libs/binder/PermissionCache.cpp
[36mtarget thumb C++:[0m libbinder <= frameworks/native/libs/binder/ProcessState.cpp
[36mtarget thumb C++:[0m libbinder <= frameworks/native/libs/binder/Static.cpp
[36mtarget thumb C++:[0m libbinder <= frameworks/native/libs/binder/TextOutput.cpp
[32mImport includes file:[0m /builds/out/target/product/trlteduoszh/obj/STATIC_LIBRARIES/libminui_intermediates/import_includes
[36mtarget asm:[0m libpixelflinger_static <= system/core/libpixelflinger/col32cb16blend.S
[36mtarget asm:[0m libpixelflinger_static <= system/core/libpixelflinger/t32cb16blend.S
[36mtarget asm:[0m libpixelflinger_static <= system/core/libpixelflinger/col32cb16blend_neon.S
[36mtarget arm C++:[0m libpixelflinger_static <= system/core/libpixelflinger/fixed.cpp
[36mtarget arm C++:[0m libpixelflinger_static <= system/core/libpixelflinger/picker.cpp
[36mtarget arm C++:[0m libpixelflinger_static <= system/core/libpixelflinger/pixelflinger.cpp
[36mtarget arm C++:[0m libpixelflinger_static <= system/core/libpixelflinger/trap.cpp
[36mtarget arm C++:[0m libpixelflinger_static <= system/core/libpixelflinger/scanline.cpp
[36mtarget thumb C++:[0m libpixelflinger_static <= system/core/libpixelflinger/codeflinger/CodeCache.cpp
[36mtarget thumb C++:[0m libpixelflinger_static <= system/core/libpixelflinger/format.cpp
[36mtarget thumb C++:[0m libpixelflinger_static <= system/core/libpixelflinger/clear.cpp
[36mtarget thumb C++:[0m libpixelflinger_static <= system/core/libpixelflinger/raster.cpp
[36mtarget thumb C++:[0m libpixelflinger_static <= system/core/libpixelflinger/buffer.cpp
[36mtarget thumb C++:[0m libpixelflinger_static <= system/core/libpixelflinger/codeflinger/tinyutils/SharedBuffer.cpp
[36mtarget thumb C++:[0m libpixelflinger_static <= system/core/libpixelflinger/codeflinger/tinyutils/VectorImpl.cpp
[36mtarget thumb C++:[0m libpixelflinger_static <= system/core/libpixelflinger/codeflinger/ARMAssemblerInterface.cpp
[36mtarget thumb C++:[0m libpixelflinger_static <= system/core/libpixelflinger/codeflinger/ARMAssemblerProxy.cpp
[36mtarget thumb C++:[0m libpixelflinger_static <= system/core/libpixelflinger/codeflinger/GGLAssembler.cpp
[36mtarget thumb C++:[0m libpixelflinger_static <= system/core/libpixelflinger/codeflinger/load_store.cpp
[36mtarget thumb C++:[0m libpixelflinger_static <= system/core/libpixelflinger/codeflinger/blending.cpp
[36mtarget thumb C++:[0m libpixelflinger_static <= system/core/libpixelflinger/codeflinger/texturing.cpp
[36mtarget thumb C++:[0m libpixelflinger_static <= system/core/libpixelflinger/codeflinger/ARMAssembler.cpp
[36mtarget thumb C:[0m libpixelflinger_static <= system/core/libpixelflinger/codeflinger/disassem.c
[36mtarget asm:[0m libpng <= external/libpng/arm/filter_neon.S
[36mtarget thumb C:[0m libpng <= external/libpng/png.c
[36mtarget thumb C:[0m libpng <= external/libpng/pngerror.c
[36mtarget thumb C:[0m libpng <= external/libpng/pngget.c
[36mtarget thumb C:[0m libpng <= external/libpng/pngmem.c
[36mtarget thumb C:[0m libpng <= external/libpng/pngpread.c
[36mtarget thumb C:[0m libpng <= external/libpng/pngread.c
[36mtarget thumb C:[0m libpng <= external/libpng/pngrio.c
[36mtarget thumb C:[0m libpng <= external/libpng/pngrtran.c
[36mtarget thumb C:[0m libpng <= external/libpng/pngrutil.c
[36mtarget thumb C:[0m libpng <= external/libpng/pngset.c
[36mtarget thumb C:[0m libpng <= external/libpng/pngtrans.c
[36mtarget thumb C:[0m libpng <= external/libpng/pngwio.c
[36mtarget thumb C:[0m libpng <= external/libpng/pngwrite.c
[36mtarget thumb C:[0m libpng <= external/libpng/pngwtran.c
[36mtarget thumb C:[0m libpng <= external/libpng/pngwutil.c
[36mtarget thumb C:[0m libpng <= external/libpng/arm/arm_init.c
[36mtarget thumb C:[0m libpng <= external/libpng/arm/filter_neon_intrinsics.c
[36mtarget thumb C++:[0m libstdc++ <= bionic/libc/bionic/__cxa_guard.cpp
[36mtarget thumb C++:[0m libstdc++ <= bionic/libc/bionic/__cxa_pure_virtual.cpp
[36mtarget thumb C++:[0m libstdc++ <= bionic/libc/bionic/new.cpp
[36mtarget thumb C++:[0m libstdc++ <= bionic/libc/bionic/libc_logging.cpp
[36mtarget thumb C++:[0m libhealthd.default <= system/core/healthd/healthd_board_default.cpp
/builds/omni-5.1/out/host/linux-x86/bin/checkseapp -p /builds/out/target/product/trlteduoszh/obj/ETC/sepolicy_intermediates/sepolicy -o /builds/out/target/product/trlteduoszh/obj/ETC/seapp_contexts_intermediates/seapp_contexts /builds/out/target/product/trlteduoszh/obj/ETC/seapp_contexts_intermediates/seapp_contexts.tmp
[32mInstall: /builds/out/target/product/trlteduoszh/root/sepolicy[0m
[32mCopy:[0m /builds/out/target/product/trlteduoszh/root/init.recovery.qcom.rc
[32mCopy:[0m /builds/out/target/product/trlteduoszh/root/init.zygote32.rc
[32mCopy:[0m /builds/out/target/product/trlteduoszh/root/init.usb.rc
[32mCopy:[0m /builds/out/target/product/trlteduoszh/root/init.trace.rc
[32mCopy:[0m /builds/out/target/product/trlteduoszh/root/ueventd.rc
[32mCopy:[0m /builds/out/target/product/trlteduoszh/root/fstab.goldfish
[32mCopy:[0m /builds/out/target/product/trlteduoszh/root/init.goldfish.rc
make  -C kernel/samsung/trlteduoszh O=/builds/out/target/product/trlteduoszh/obj/KERNEL_OBJ ARCH=arm CROSS_COMPILE="/builds/omni-5.1/prebuilts/misc/linux-x86/ccache/ccache arm-eabi-" VARIANT_DEFCONFIG=twrp_n9100_defconfig SELINUX_DEFCONFIG= twrp_n9100_defconfig
[32mCopy:[0m /builds/out/target/product/trlteduoszh/root/ueventd.goldfish.rc
make[1]: Entering directory `/builds/omni-5.1/kernel/samsung/trlteduoszh'
/builds/omni-5.1/out/host/linux-x86/bin/checkpolicy:  loading policy configuration from /builds/out/target/product/trlteduoszh/obj/ETC/sepolicy.recovery_intermediates/policy_recovery.conf
[32mDumpPublicKey: /builds/out/target/product/trlteduoszh/obj/PACKAGING/ota_keys_intermediates/keys <= build/target/product/security/testkey.x509.pem [0m
java -jar /builds/omni-5.1/out/host/linux-x86/framework/dumpkey.jar build/target/product/security/testkey.x509.pem  > /builds/out/target/product/trlteduoszh/obj/PACKAGING/ota_keys_intermediates/keys
[36mtarget thumb C:[0m dump_image <= bootable/recovery/flashutils/dump_image.c
[36mtarget thumb C:[0m libbmlutils <= bootable/recovery/bmlutils/bmlutils.c
bootable/recovery/bmlutils/bmlutils.c: In function 'cmd_bml_backup_raw_partition':
bootable/recovery/bmlutils/bmlutils.c:92:13: warning: assignment discards 'const' qualifier from pointer target type [enabled by default]
         bml = partition;
             ^
bootable/recovery/bmlutils/bmlutils.c: In function 'cmd_bml_erase_raw_partition':
bootable/recovery/bmlutils/bmlutils.c:147:45: warning: unused parameter 'partition' [-Wunused-parameter]
 int cmd_bml_erase_raw_partition(const char *partition)
                                             ^
bootable/recovery/bmlutils/bmlutils.c: In function 'cmd_bml_erase_partition':
bootable/recovery/bmlutils/bmlutils.c:153:41: warning: unused parameter 'partition' [-Wunused-parameter]
 int cmd_bml_erase_partition(const char *partition, const char *filesystem)
                                         ^
bootable/recovery/bmlutils/bmlutils.c:153:64: warning: unused parameter 'filesystem' [-Wunused-parameter]
 int cmd_bml_erase_partition(const char *partition, const char *filesystem)
                                                                ^
bootable/recovery/bmlutils/bmlutils.c: In function 'cmd_bml_mount_partition':
bootable/recovery/bmlutils/bmlutils.c:158:41: warning: unused parameter 'partition' [-Wunused-parameter]
 int cmd_bml_mount_partition(const char *partition, const char *mount_point, const char *filesystem, int read_only)
                                         ^
bootable/recovery/bmlutils/bmlutils.c:158:64: warning: unused parameter 'mount_point' [-Wunused-parameter]
 int cmd_bml_mount_partition(const char *partition, const char *mount_point, const char *filesystem, int read_only)
                                                                ^
bootable/recovery/bmlutils/bmlutils.c:158:89: warning: unused parameter 'filesystem' [-Wunused-parameter]
 int cmd_bml_mount_partition(const char *partition, const char *mount_point, const char *filesystem, int read_only)
                                                                                         ^
bootable/recovery/bmlutils/bmlutils.c:158:105: warning: unused parameter 'read_only' [-Wunused-parameter]
 int cmd_bml_mount_partition(const char *partition, const char *mount_point, const char *filesystem, int read_only)
                                                                                                         ^
bootable/recovery/bmlutils/bmlutils.c: In function 'cmd_bml_get_partition_device':
bootable/recovery/bmlutils/bmlutils.c:163:46: warning: unused parameter 'partition' [-Wunused-parameter]
 int cmd_bml_get_partition_device(const char *partition, char *device)
                                              ^
bootable/recovery/bmlutils/bmlutils.c:163:63: warning: unused parameter 'device' [-Wunused-parameter]
 int cmd_bml_get_partition_device(const char *partition, char *device)
                                                               ^
[36mtarget asm:[0m libc <= bionic/libc/arch-common/bionic/crtend_so.S
/builds/omni-5.1/out/host/linux-x86/bin/checkpolicy:  policy configuration loaded
/builds/omni-5.1/out/host/linux-x86/bin/checkpolicy:  writing binary representation (version 26) to /builds/out/target/product/trlteduoszh/obj/ETC/sepolicy.recovery_intermediates/sepolicy.recovery
[36mtarget thumb C++:[0m libc <= bionic/libc/bionic/malloc_debug_common.cpp
[36mtarget thumb C++:[0m libc <= bionic/libc/bionic/libc_init_dynamic.cpp
[36mtarget thumb C:[0m libc <= bionic/libc/arch-arm/bionic/exidx_dynamic.c
[36mtarget thumb C++:[0m libc <= bionic/libc/bionic/NetdClient.cpp
[36mtarget thumb C:[0m libc <= bionic/libc/arch-common/bionic/crtbegin_so.c
[36mtarget thumb C:[0m libc <= bionic/libc/arch-arm/bionic/atexit_legacy.c
[36mtarget thumb C:[0m libdl <= bionic/libdl/libdl.c
[36mtarget thumb C:[0m libcompiler_rt-extras <= external/compiler-rt/lib/builtins/mulodi4.c
[36mtarget thumb C++:[0m libc_common <= bionic/libc/bionic/__FD_chk.cpp
[36mtarget thumb C++:[0m libc_common <= bionic/libc/bionic/__fgets_chk.cpp
[36mtarget thumb C++:[0m libc_common <= bionic/libc/bionic/__memmove_chk.cpp
[36mtarget thumb C++:[0m libc_common <= bionic/libc/bionic/__read_chk.cpp
[36mtarget thumb C++:[0m libc_common <= bionic/libc/bionic/__recvfrom_chk.cpp
[36mtarget thumb C++:[0m libc_common <= bionic/libc/bionic/__stpcpy_chk.cpp
[36mtarget thumb C++:[0m libc_common <= bionic/libc/bionic/__stpncpy_chk.cpp
[36mtarget thumb C++:[0m libc_common <= bionic/libc/bionic/__strchr_chk.cpp
[36mtarget thumb C++:[0m libc_common <= bionic/libc/bionic/__strlcat_chk.cpp
[36mtarget thumb C++:[0m libc_common <= bionic/libc/bionic/__strlcpy_chk.cpp
[36mtarget thumb C++:[0m libc_common <= bionic/libc/bionic/__strlen_chk.cpp
[36mtarget thumb C++:[0m libc_common <= bionic/libc/bionic/__strncat_chk.cpp
[36mtarget thumb C++:[0m libc_common <= bionic/libc/bionic/__strncpy_chk.cpp
[36mtarget thumb C++:[0m libc_common <= bionic/libc/bionic/__strrchr_chk.cpp
[36mtarget thumb C++:[0m libc_common <= bionic/libc/bionic/__umask_chk.cpp
[36mtarget thumb C++:[0m libc_common <= bionic/libc/bionic/__vsnprintf_chk.cpp
[36mtarget thumb C++:[0m libc_common <= bionic/libc/bionic/__vsprintf_chk.cpp
[36mtarget thumb C++:[0m libc_common <= bionic/libc/bionic/legacy_32_bit_support.cpp
[36mtarget thumb C++:[0m libc_common <= bionic/libc/bionic/ndk_cruft.cpp
[36mtarget thumb C:[0m libc_common <= bionic/libc/bionic/bindresvport.c
[36mtarget thumb C:[0m libc_common <= bionic/libc/bionic/daemon.c
[36mtarget thumb C:[0m libc_common <= bionic/libc/bionic/err.c
[36mtarget thumb C:[0m libc_common <= bionic/libc/bionic/ether_aton.c
[36mtarget thumb C:[0m libc_common <= bionic/libc/bionic/ether_ntoa.c
[36mtarget thumb C:[0m libc_common <= bionic/libc/bionic/fts.c
[36mtarget thumb C:[0m libc_common <= bionic/libc/bionic/gethostname.c
[36mtarget thumb C:[0m libc_common <= bionic/libc/bionic/getpriority.c
[36mtarget thumb C:[0m libc_common <= bionic/libc/bionic/if_indextoname.c
[36mtarget thumb C:[0m libc_common <= bionic/libc/bionic/if_nametoindex.c
[36mtarget thumb C:[0m libc_common <= bionic/libc/bionic/initgroups.c
[36mtarget thumb C:[0m libc_common <= bionic/libc/bionic/ioctl.c
[36mtarget thumb C:[0m libc_common <= bionic/libc/bionic/isatty.c
[36mtarget thumb C:[0m libc_common <= bionic/libc/bionic/memmem.c
[36mtarget thumb C:[0m libc_common <= bionic/libc/bionic/pathconf.c
[36mtarget thumb C:[0m libc_common <= bionic/libc/bionic/pututline.c
[36mtarget thumb C:[0m libc_common <= bionic/libc/bionic/sched_cpualloc.c
[36mtarget thumb C:[0m libc_common <= bionic/libc/bionic/sched_cpucount.c
[36mtarget thumb C:[0m libc_common <= bionic/libc/bionic/semaphore.c
[36mtarget thumb C:[0m libc_common <= bionic/libc/bionic/sigblock.c
[36mtarget thumb C:[0m libc_common <= bionic/libc/bionic/siginterrupt.c
[36mtarget thumb C:[0m libc_common <= bionic/libc/bionic/sigsetmask.c
[36mtarget thumb C:[0m libc_common <= bionic/libc/bionic/system_properties_compat.c
[36mtarget thumb C:[0m libc_common <= bionic/libc/stdio/findfp.c
[36mtarget thumb C:[0m libc_common <= bionic/libc/stdio/fread.c
[36mtarget thumb C:[0m libc_common <= bionic/libc/stdio/snprintf.c
[36mtarget thumb C:[0m libc_common <= bionic/libc/stdio/sprintf.c
[36mtarget thumb C:[0m libc_common <= bionic/libc/bionic/time64.c
[36mtarget StaticLib:[0m libc_aeabi (/builds/out/target/product/trlteduoszh/obj/STATIC_LIBRARIES/libc_aeabi_intermediates/libc_aeabi.a)
[36mtarget StaticLib:[0m libc_bionic (/builds/out/target/product/trlteduoszh/obj/STATIC_LIBRARIES/libc_bionic_intermediates/libc_bionic.a)
[36mtarget StaticLib:[0m libc_cxa (/builds/out/target/product/trlteduoszh/obj/STATIC_LIBRARIES/libc_cxa_intermediates/libc_cxa.a)
[36mtarget StaticLib:[0m libc_dns (/builds/out/target/product/trlteduoszh/obj/STATIC_LIBRARIES/libc_dns_intermediates/libc_dns.a)
[36mtarget StaticLib:[0m libc_freebsd (/builds/out/target/product/trlteduoszh/obj/STATIC_LIBRARIES/libc_freebsd_intermediates/libc_freebsd.a)
[36mtarget StaticLib:[0m libc_gdtoa (/builds/out/target/product/trlteduoszh/obj/STATIC_LIBRARIES/libc_gdtoa_intermediates/libc_gdtoa.a)
[36mtarget StaticLib:[0m libc_malloc (/builds/out/target/product/trlteduoszh/obj/STATIC_LIBRARIES/libc_malloc_intermediates/libc_malloc.a)
[36mtarget StaticLib:[0m libc_netbsd (/builds/out/target/product/trlteduoszh/obj/STATIC_LIBRARIES/libc_netbsd_intermediates/libc_netbsd.a)
[36mtarget StaticLib:[0m libc_openbsd (/builds/out/target/product/trlteduoszh/obj/STATIC_LIBRARIES/libc_openbsd_intermediates/libc_openbsd.a)
[36mtarget StaticLib:[0m libc_stack_protector (/builds/out/target/product/trlteduoszh/obj/STATIC_LIBRARIES/libc_stack_protector_intermediates/libc_stack_protector.a)
[36mtarget StaticLib:[0m libc_syscalls (/builds/out/target/product/trlteduoszh/obj/STATIC_LIBRARIES/libc_syscalls_intermediates/libc_syscalls.a)
[36mtarget StaticLib:[0m libc_tzcode (/builds/out/target/product/trlteduoszh/obj/STATIC_LIBRARIES/libc_tzcode_intermediates/libc_tzcode.a)
[36mtarget StaticLib:[0m libm (/builds/out/target/product/trlteduoszh/obj/STATIC_LIBRARIES/libm_intermediates/libm.a)
[36mtarget StaticLib:[0m libjemalloc (/builds/out/target/product/trlteduoszh/obj/STATIC_LIBRARIES/libjemalloc_intermediates/libjemalloc.a)
  HOSTCC  scripts/basic/fixdep
  GEN     /builds/out/target/product/trlteduoszh/obj/KERNEL_OBJ/Makefile
[36mtarget asm:[0m libcutils <= system/core/libcutils/arch-arm/memset32.S
[36mtarget StaticLib:[0m liblog (/builds/out/target/product/trlteduoszh/obj/STATIC_LIBRARIES/liblog_intermediates/liblog.a)
[36mtarget arm C:[0m libcutils <= system/core/libcutils/atomic.c
[36mtarget thumb C:[0m libcutils <= system/core/libcutils/hashmap.c
[36mtarget thumb C:[0m libcutils <= system/core/libcutils/native_handle.c
[36mtarget thumb C:[0m libcutils <= system/core/libcutils/config_utils.c
[36mtarget thumb C:[0m libcutils <= system/core/libcutils/cpu_info.c
[36mtarget thumb C:[0m libcutils <= system/core/libcutils/load_file.c
[36mtarget thumb C:[0m libcutils <= system/core/libcutils/open_memstream.c
[36mtarget thumb C:[0m libcutils <= system/core/libcutils/strdup16to8.c
[36mtarget thumb C:[0m libcutils <= system/core/libcutils/strdup8to16.c
[36mtarget thumb C:[0m libcutils <= system/core/libcutils/record_stream.c
[36mtarget thumb C:[0m libcutils <= system/core/libcutils/process_name.c
[36mtarget thumb C:[0m libcutils <= system/core/libcutils/threads.c
[36mtarget thumb C:[0m libcutils <= system/core/libcutils/sched_policy.c
[36mtarget thumb C:[0m libcutils <= system/core/libcutils/iosched_policy.c
[36mtarget thumb C:[0m libcutils <= system/core/libcutils/str_parms.c
[36mtarget thumb C:[0m libcutils <= system/core/libcutils/fs.c
[36mtarget thumb C:[0m libcutils <= system/core/libcutils/multiuser.c
[36mtarget thumb C:[0m libcutils <= system/core/libcutils/socket_inaddr_any_server.c
[36mtarget thumb C:[0m libcutils <= system/core/libcutils/socket_local_client.c
[36mtarget thumb C:[0m libcutils <= system/core/libcutils/socket_local_server.c
[36mtarget thumb C:[0m libcutils <= system/core/libcutils/socket_loopback_client.c
[36mtarget thumb C:[0m libcutils <= system/core/libcutils/socket_loopback_server.c
[36mtarget thumb C:[0m libcutils <= system/core/libcutils/socket_network_client.c
[36mtarget thumb C:[0m libcutils <= system/core/libcutils/sockets.c
[36mtarget thumb C:[0m libcutils <= system/core/libcutils/android_reboot.c
[36mtarget thumb C:[0m libcutils <= system/core/libcutils/ashmem-dev.c
[36mtarget thumb C:[0m libcutils <= system/core/libcutils/debugger.c
[36mtarget thumb C:[0m libcutils <= system/core/libcutils/klog.c
[36mtarget thumb C:[0m libcutils <= system/core/libcutils/memory.c
[36mtarget thumb C:[0m libcutils <= system/core/libcutils/partition_utils.c
[36mtarget thumb C:[0m libcutils <= system/core/libcutils/properties.c
[36mtarget thumb C:[0m libcutils <= system/core/libcutils/qtaguid.c
[36mtarget thumb C:[0m libcutils <= system/core/libcutils/trace.c
[36mtarget thumb C:[0m libcutils <= system/core/libcutils/uevent.c
[32mInstall: /builds/out/target/product/trlteduoszh/system/usr/share/zoneinfo/tzdata[0m
[32mInstall: /builds/out/target/product/trlteduoszh/recovery/root/etc/mke2fs.conf[0m
[36mtarget thumb C:[0m pigz <= bootable/recovery/pigz/pigz.c
[36mtarget thumb C:[0m pigz <= bootable/recovery/pigz/yarn.c
[36mtarget SharedLib:[0m libz (/builds/out/target/product/trlteduoszh/obj/SHARED_LIBRARIES/libz_intermediates/LINKED/libz.so)
bootable/recovery/pigz/pigz.c: In function 'process':
bootable/recovery/pigz/pigz.c:2994:47: warning: signed and unsigned type in conditional expression [-Wsign-compare]
                 (fstat(ind, &st) ? time(NULL) : st.st_mtime) : 0;
                                               ^
[36mtarget thumb C++:[0m twrpbu <= bootable/recovery/adbbu/twrpback.cpp
[36mtarget thumb C++:[0m twrpbu <= bootable/recovery/adbbu/../twrpDigest.cpp
[36mtarget thumb C:[0m twrpbu <= bootable/recovery/adbbu/../digest/md5.c
bootable/recovery/adbbu/twrpback.cpp: In member function 'int twrpback::backup(std::string)':
bootable/recovery/adbbu/twrpback.cpp:271:52: warning: comparison between signed and unsigned integer expressions [-Wsign-compare]
      if (fwrite(writeresult, 1, bytes, adbd_fp) != bytes) {
                                                    ^
bootable/recovery/adbbu/twrpback.cpp:356:51: warning: comparison between signed and unsigned integer expressions [-Wsign-compare]
     if (fwrite(writeresult, 1, bytes, adbd_fp) != bytes) {
                                                   ^
[36mtarget thumb C:[0m busybox <= external/busybox/android/libc/__set_errno.c
[36mtarget thumb C:[0m busybox <= external/busybox/archival/bbunzip.c
[36mtarget thumb C:[0m busybox <= external/busybox/archival/bzip2.c
  HOSTCC  scripts/kconfig/conf.o
[36mtarget thumb C:[0m busybox <= external/busybox/archival/cpio.c
  SHIPPED scripts/kconfig/zconf.tab.c
[36mtarget thumb C:[0m busybox <= external/busybox/archival/gzip.c
  SHIPPED scripts/kconfig/zconf.lex.c
  SHIPPED scripts/kconfig/zconf.hash.c
[36mtarget thumb C:[0m busybox <= external/busybox/archival/libarchive/lzo1x_1.c
[36mtarget thumb C:[0m busybox <= external/busybox/archival/libarchive/lzo1x_1o.c
[36mtarget thumb C:[0m busybox <= external/busybox/archival/libarchive/lzo1x_9x.c
[36mtarget thumb C:[0m busybox <= external/busybox/archival/libarchive/lzo1x_d.c
[36mtarget thumb C:[0m busybox <= external/busybox/archival/lzop.c
[36mtarget thumb C:[0m busybox <= external/busybox/archival/tar.c
[36mtarget thumb C:[0m busybox <= external/busybox/archival/unzip.c
[36mtarget thumb C:[0m busybox <= external/busybox/archival/libarchive/data_align.c
  HOSTCC  scripts/kconfig/zconf.tab.o
[36mtarget thumb C:[0m busybox <= external/busybox/archival/libarchive/data_extract_all.c
[36mtarget thumb C:[0m busybox <= external/busybox/archival/libarchive/data_extract_to_command.c
[36mtarget thumb C:[0m busybox <= external/busybox/archival/libarchive/data_extract_to_stdout.c
[36mtarget thumb C:[0m busybox <= external/busybox/archival/libarchive/data_skip.c
[36mtarget thumb C:[0m busybox <= external/busybox/archival/libarchive/decompress_bunzip2.c
[36mtarget thumb C:[0m busybox <= external/busybox/archival/libarchive/decompress_unlzma.c
[36mtarget thumb C:[0m busybox <= external/busybox/archival/libarchive/decompress_unxz.c
[36mtarget thumb C:[0m busybox <= external/busybox/archival/libarchive/decompress_gunzip.c
[36mtarget thumb C:[0m busybox <= external/busybox/archival/libarchive/decompress_uncompress.c
[36mtarget thumb C:[0m busybox <= external/busybox/archival/libarchive/filter_accept_all.c
[36mtarget thumb C:[0m busybox <= external/busybox/archival/libarchive/filter_accept_list.c
[36mtarget thumb C:[0m busybox <= external/busybox/archival/libarchive/filter_accept_reject_list.c
[36mtarget thumb C:[0m busybox <= external/busybox/archival/libarchive/find_list_entry.c
[36mtarget thumb C:[0m busybox <= external/busybox/archival/libarchive/get_header_cpio.c
[36mtarget thumb C:[0m busybox <= external/busybox/archival/libarchive/get_header_tar.c
[36mtarget thumb C:[0m busybox <= external/busybox/archival/libarchive/get_header_tar_bz2.c
[36mtarget thumb C:[0m busybox <= external/busybox/archival/libarchive/get_header_tar_gz.c
[36mtarget thumb C:[0m busybox <= external/busybox/archival/libarchive/get_header_tar_lzma.c
[36mtarget thumb C:[0m busybox <= external/busybox/archival/libarchive/header_list.c
[36mtarget thumb C:[0m busybox <= external/busybox/archival/libarchive/header_skip.c
[36mtarget thumb C:[0m busybox <= external/busybox/archival/libarchive/header_verbose_list.c
[36mtarget thumb C:[0m busybox <= external/busybox/archival/libarchive/init_handle.c
[36mtarget thumb C:[0m busybox <= external/busybox/archival/libarchive/open_transformer.c
[36mtarget thumb C:[0m busybox <= external/busybox/archival/libarchive/seek_by_jump.c
[36mtarget thumb C:[0m busybox <= external/busybox/archival/libarchive/seek_by_read.c
[36mtarget thumb C:[0m busybox <= external/busybox/console-tools/chvt.c
[36mtarget thumb C:[0m busybox <= external/busybox/console-tools/clear.c
[36mtarget thumb C:[0m busybox <= external/busybox/console-tools/deallocvt.c
[36mtarget thumb C:[0m busybox <= external/busybox/console-tools/fgconsole.c
[36mtarget thumb C:[0m busybox <= external/busybox/console-tools/openvt.c
[36mtarget thumb C:[0m busybox <= external/busybox/console-tools/reset.c
[36mtarget thumb C:[0m busybox <= external/busybox/console-tools/resize.c
[36mtarget thumb C:[0m busybox <= external/busybox/console-tools/setconsole.c
[36mtarget thumb C:[0m busybox <= external/busybox/console-tools/setkeycodes.c
[36mtarget thumb C:[0m busybox <= external/busybox/coreutils/basename.c
[36mtarget thumb C:[0m busybox <= external/busybox/coreutils/cal.c
[36mtarget thumb C:[0m busybox <= external/busybox/coreutils/cat.c
[36mtarget thumb C:[0m busybox <= external/busybox/coreutils/catv.c
[36mtarget thumb C:[0m busybox <= external/busybox/coreutils/chgrp.c
[36mtarget thumb C:[0m busybox <= external/busybox/coreutils/chmod.c
[36mtarget thumb C:[0m busybox <= external/busybox/coreutils/chown.c
[36mtarget thumb C:[0m busybox <= external/busybox/coreutils/chroot.c
[36mtarget thumb C:[0m busybox <= external/busybox/coreutils/cp.c
[36mtarget thumb C:[0m busybox <= external/busybox/coreutils/cut.c
[36mtarget thumb C:[0m busybox <= external/busybox/coreutils/date.c
[36mtarget thumb C:[0m busybox <= external/busybox/coreutils/dd.c
[36mtarget thumb C:[0m busybox <= external/busybox/coreutils/df.c
[36mtarget thumb C:[0m busybox <= external/busybox/coreutils/dirname.c
[36mtarget thumb C:[0m busybox <= external/busybox/coreutils/dos2unix.c
[36mtarget thumb C:[0m busybox <= external/busybox/coreutils/du.c
[36mtarget thumb C:[0m busybox <= external/busybox/coreutils/echo.c
[36mtarget thumb C:[0m busybox <= external/busybox/coreutils/env.c
[36mtarget thumb C:[0m busybox <= external/busybox/coreutils/expr.c
[36mtarget thumb C:[0m busybox <= external/busybox/coreutils/false.c
[36mtarget thumb C:[0m busybox <= external/busybox/coreutils/fold.c
[36mtarget thumb C:[0m busybox <= external/busybox/coreutils/head.c
[36mtarget thumb C:[0m busybox <= external/busybox/coreutils/id.c
[36mtarget thumb C:[0m busybox <= external/busybox/coreutils/install.c
[36mtarget thumb C:[0m busybox <= external/busybox/coreutils/ln.c
[36mtarget thumb C:[0m busybox <= external/busybox/coreutils/ls.c
[36mtarget thumb C:[0m busybox <= external/busybox/coreutils/md5_sha1_sum.c
[36mtarget thumb C:[0m busybox <= external/busybox/coreutils/mkdir.c
[36mtarget thumb C:[0m busybox <= external/busybox/coreutils/mkfifo.c
[36mtarget thumb C:[0m busybox <= external/busybox/coreutils/mknod.c
[36mtarget thumb C:[0m busybox <= external/busybox/coreutils/mv.c
[36mtarget thumb C:[0m busybox <= external/busybox/coreutils/nice.c
[36mtarget thumb C:[0m busybox <= external/busybox/coreutils/nohup.c
[36mtarget thumb C:[0m busybox <= external/busybox/coreutils/od.c
[36mtarget thumb C:[0m busybox <= external/busybox/coreutils/printenv.c
[36mtarget thumb C:[0m busybox <= external/busybox/coreutils/printf.c
[36mtarget thumb C:[0m busybox <= external/busybox/coreutils/pwd.c
[36mtarget thumb C:[0m busybox <= external/busybox/coreutils/readlink.c
[36mtarget thumb C:[0m busybox <= external/busybox/coreutils/realpath.c
[36mtarget thumb C:[0m busybox <= external/busybox/coreutils/rm.c
[36mtarget thumb C:[0m busybox <= external/busybox/coreutils/rmdir.c
[36mtarget thumb C:[0m busybox <= external/busybox/coreutils/seq.c
[36mtarget thumb C:[0m busybox <= external/busybox/coreutils/sleep.c
[36mtarget thumb C:[0m busybox <= external/busybox/coreutils/sort.c
[36mtarget thumb C:[0m busybox <= external/busybox/coreutils/split.c
[36mtarget thumb C:[0m busybox <= external/busybox/coreutils/stat.c
[36mtarget thumb C:[0m busybox <= external/busybox/coreutils/stty.c
[36mtarget thumb C:[0m busybox <= external/busybox/coreutils/sync.c
[36mtarget thumb C:[0m busybox <= external/busybox/coreutils/tac.c
[36mtarget thumb C:[0m busybox <= external/busybox/coreutils/tail.c
[36mtarget thumb C:[0m busybox <= external/busybox/coreutils/tee.c
[36mtarget thumb C:[0m busybox <= external/busybox/coreutils/test.c
[36mtarget thumb C:[0m busybox <= external/busybox/coreutils/test_ptr_hack.c
[36mtarget thumb C:[0m busybox <= external/busybox/coreutils/touch.c
[36mtarget thumb C:[0m busybox <= external/busybox/coreutils/tr.c
[36mtarget thumb C:[0m busybox <= external/busybox/coreutils/true.c
  HOSTLD  scripts/kconfig/conf
[36mtarget thumb C:[0m busybox <= external/busybox/coreutils/uname.c
[36mtarget thumb C:[0m busybox <= external/busybox/coreutils/uniq.c
[36mtarget thumb C:[0m busybox <= external/busybox/coreutils/usleep.c
[36mtarget thumb C:[0m busybox <= external/busybox/coreutils/uudecode.c
[36mtarget thumb C:[0m busybox <= external/busybox/coreutils/uuencode.c
[36mtarget thumb C:[0m busybox <= external/busybox/coreutils/wc.c
[36mtarget thumb C:[0m busybox <= external/busybox/coreutils/whoami.c
[36mtarget thumb C:[0m busybox <= external/busybox/coreutils/yes.c
[36mtarget thumb C:[0m busybox <= external/busybox/coreutils/libcoreutils/cp_mv_stat.c
arch/arm/configs/twrp_n9100_defconfig:879:warning: override: reassigning to symbol LEDS_MAX77828
arch/arm/configs/twrp_n9100_defconfig:890:warning: override: reassigning to symbol INPUT_GPIO
arch/arm/configs/twrp_n9100_defconfig:933:warning: override: reassigning to symbol WLAN_REGION_CODE
arch/arm/configs/twrp_n9100_defconfig:934:warning: override: reassigning to symbol EXT2_FS_XATTR
arch/arm/configs/twrp_n9100_defconfig:937:warning: override: reassigning to symbol EXT4_FS_SECURITY
arch/arm/configs/twrp_n9100_defconfig:938:warning: override: reassigning to symbol AUDIT
arch/arm/configs/twrp_n9100_defconfig:940:warning: override: reassigning to symbol SECURITY
arch/arm/configs/twrp_n9100_defconfig:941:warning: override: reassigning to symbol LSM_MMAP_MIN_ADDR
arch/arm/configs/twrp_n9100_defconfig:942:warning: override: reassigning to symbol SECURITY_NETWORK
arch/arm/configs/twrp_n9100_defconfig:943:warning: override: reassigning to symbol SECURITY_SELINUX
arch/arm/configs/twrp_n9100_defconfig:946:warning: symbol value 'y' invalid for SECURITY_SELINUX_CHECKREQPROT_VALUE
arch/arm/configs/twrp_n9100_defconfig:948:warning: override: reassigning to symbol NF_CONNTRACK_SECMARK
arch/arm/configs/twrp_n9100_defconfig:949:warning: override: reassigning to symbol NETFILTER_XT_TARGET_CONNSECMARK
arch/arm/configs/twrp_n9100_defconfig:951:warning: override: reassigning to symbol IP_NF_SECURITY
KCONFIG_SELINUX((null))
KCONFIG_LOG_SELINUX((null))
KCONFIG_TIMA((null))
KCONFIG_DMVERITY((null))
KCONFIG_VARIANT(arch/arm/configs/twrp_n9100_defconfig)
arch/arm/configs/twrp_n9100_defconfig:1:warning: override: reassigning to symbol ARM_PATCH_PHYS_VIRT
arch/arm/configs/twrp_n9100_defconfig:2:warning: override: reassigning to symbol DEFERRED_INITCALLS
arch/arm/configs/twrp_n9100_defconfig:3:warning: override: reassigning to symbol SYSVIPC
arch/arm/configs/twrp_n9100_defconfig:4:warning: override: reassigning to symbol AUDIT
arch/arm/configs/twrp_n9100_defconfig:5:warning: override: reassigning to symbol NO_HZ
arch/arm/configs/twrp_n9100_defconfig:6:warning: override: reassigning to symbol HIGH_RES_TIMERS
arch/arm/configs/twrp_n9100_defconfig:7:warning: override: reassigning to symbol RCU_FAST_NO_HZ
arch/arm/configs/twrp_n9100_defconfig:8:warning: override: reassigning to symbol IKCONFIG
arch/arm/configs/twrp_n9100_defconfig:9:warning: override: reassigning to symbol IKCONFIG_PROC
arch/arm/configs/twrp_n9100_defconfig:10:warning: override: reassigning to symbol CGROUPS
arch/arm/configs/twrp_n9100_defconfig:11:warning: override: reassigning to symbol CGROUP_FREEZER
arch/arm/configs/twrp_n9100_defconfig:12:warning: override: reassigning to symbol CGROUP_CPUACCT
arch/arm/configs/twrp_n9100_defconfig:13:warning: override: reassigning to symbol RESOURCE_COUNTERS
arch/arm/configs/twrp_n9100_defconfig:14:warning: override: reassigning to symbol CGROUP_SCHED
arch/arm/configs/twrp_n9100_defconfig:15:warning: override: reassigning to symbol RT_GROUP_SCHED
arch/arm/configs/twrp_n9100_defconfig:16:warning: override: reassigning to symbol NAMESPACES
arch/arm/configs/twrp_n9100_defconfig:17:warning: override: reassigning to symbol KERNEL_LZO
arch/arm/configs/twrp_n9100_defconfig:17:warning: override: KERNEL_LZO changes choice state
arch/arm/configs/twrp_n9100_defconfig:18:warning: override: reassigning to symbol UTS_NS
arch/arm/configs/twrp_n9100_defconfig:19:warning: override: reassigning to symbol IPC_NS
arch/arm/configs/twrp_n9100_defconfig:20:warning: override: reassigning to symbol PID_NS
arch/arm/configs/twrp_n9100_defconfig:21:warning: override: reassigning to symbol RELAY
arch/arm/configs/twrp_n9100_defconfig:22:warning: override: reassigning to symbol BLK_DEV_INITRD
arch/arm/configs/twrp_n9100_defconfig:23:warning: override: reassigning to symbol RD_BZIP2
arch/arm/configs/twrp_n9100_defconfig:24:warning: override: reassigning to symbol RD_LZMA
arch/arm/configs/twrp_n9100_defconfig:25:warning: override: reassigning to symbol CC_OPTIMIZE_FOR_SIZE
arch/arm/configs/twrp_n9100_defconfig:26:warning: override: reassigning to symbol PANIC_TIMEOUT
arch/arm/configs/twrp_n9100_defconfig:27:warning: override: reassigning to symbol KALLSYMS_ALL
arch/arm/configs/twrp_n9100_defconfig:28:warning: override: reassigning to symbol EMBEDDED
arch/arm/configs/twrp_n9100_defconfig:29:warning: override: reassigning to symbol SLUB_DEBUG
arch/arm/configs/twrp_n9100_defconfig:30:warning: override: reassigning to symbol PROFILING
arch/arm/configs/twrp_n9100_defconfig:31:warning: override: reassigning to symbol KPROBES
arch/arm/configs/twrp_n9100_defconfig:32:warning: override: reassigning to symbol MODULES
arch/arm/configs/twrp_n9100_defconfig:33:warning: override: reassigning to symbol MODULE_UNLOAD
arch/arm/configs/twrp_n9100_defconfig:34:warning: override: reassigning to symbol MODULE_FORCE_UNLOAD
arch/arm/configs/twrp_n9100_defconfig:35:warning: override: reassigning to symbol MODVERSIONS
arch/arm/configs/twrp_n9100_defconfig:36:warning: override: reassigning to symbol PARTITION_ADVANCED
arch/arm/configs/twrp_n9100_defconfig:37:warning: override: reassigning to symbol IOSCHED_TEST
arch/arm/configs/twrp_n9100_defconfig:38:warning: override: reassigning to symbol DEFAULT_CFQ
arch/arm/configs/twrp_n9100_defconfig:38:warning: override: DEFAULT_CFQ changes choice state
arch/arm/configs/twrp_n9100_defconfig:39:warning: override: reassigning to symbol ARCH_MSM
arch/arm/configs/twrp_n9100_defconfig:39:warning: override: ARCH_MSM changes choice state
arch/arm/configs/twrp_n9100_defconfig:40:warning: override: reassigning to symbol ARCH_APQ8084
arch/arm/configs/twrp_n9100_defconfig:41:warning: override: reassigning to symbol MSM_KRAIT_TBB_ABORT_HANDLER
arch/arm/configs/twrp_n9100_defconfig:42:warning: override: reassigning to symbol MSM_STACKED_MEMORY
arch/arm/configs/twrp_n9100_defconfig:43:warning: override: reassigning to symbol CPU_HAS_L2_PMU
arch/arm/configs/twrp_n9100_defconfig:44:warning: override: reassigning to symbol MSM_SMD
arch/arm/configs/twrp_n9100_defconfig:45:warning: override: reassigning to symbol MSM_PCIE
arch/arm/configs/twrp_n9100_defconfig:46:warning: override: reassigning to symbol MSM_SMP2P
arch/arm/configs/twrp_n9100_defconfig:47:warning: override: reassigning to symbol MSM_SMP2P_TEST
arch/arm/configs/twrp_n9100_defconfig:49:warning: override: reassigning to symbol MSM_QMI_INTERFACE
arch/arm/configs/twrp_n9100_defconfig:50:warning: override: reassigning to symbol MSM_SUBSYSTEM_RESTART
arch/arm/configs/twrp_n9100_defconfig:51:warning: override: reassigning to symbol MSM_SYSMON_COMM
arch/arm/configs/twrp_n9100_defconfig:52:warning: override: reassigning to symbol MSM_PIL_SSR_GENERIC
arch/arm/configs/twrp_n9100_defconfig:53:warning: override: reassigning to symbol MSM_BUSPM_DEV
arch/arm/configs/twrp_n9100_defconfig:54:warning: override: reassigning to symbol MSM_TZ_LOG
arch/arm/configs/twrp_n9100_defconfig:55:warning: override: reassigning to symbol MSM_DIRECT_SCLK_ACCESS
arch/arm/configs/twrp_n9100_defconfig:56:warning: override: reassigning to symbol MSM_BUS_SCALING
arch/arm/configs/twrp_n9100_defconfig:57:warning: override: reassigning to symbol MSM_WATCHDOG_V2
arch/arm/configs/twrp_n9100_defconfig:58:warning: override: reassigning to symbol MSM_MEMORY_DUMP
arch/arm/configs/twrp_n9100_defconfig:59:warning: override: reassigning to symbol MSM_DLOAD_MODE
arch/arm/configs/twrp_n9100_defconfig:60:warning: override: reassigning to symbol MSM_JTAG
arch/arm/configs/twrp_n9100_defconfig:61:warning: override: reassigning to symbol MSM_RUN_QUEUE_STATS
arch/arm/configs/twrp_n9100_defconfig:62:warning: override: reassigning to symbol MSM_ADSP_LOADER
arch/arm/configs/twrp_n9100_defconfig:63:warning: override: reassigning to symbol MSM_IPC_ROUTER_SMD_XPRT
arch/arm/configs/twrp_n9100_defconfig:64:warning: override: reassigning to symbol MSM_IPC_ROUTER_HSIC_XPRT
arch/arm/configs/twrp_n9100_defconfig:65:warning: override: reassigning to symbol MSM_OCMEM
arch/arm/configs/twrp_n9100_defconfig:66:warning: override: reassigning to symbol MSM_OCMEM_LOCAL_POWER_CTRL
arch/arm/configs/twrp_n9100_defconfig:67:warning: override: reassigning to symbol SENSORS_SSC
arch/arm/configs/twrp_n9100_defconfig:68:warning: override: reassigning to symbol MSM_CACHE_ERP
arch/arm/configs/twrp_n9100_defconfig:69:warning: override: reassigning to symbol MSM_L1_ERR_PANIC
arch/arm/configs/twrp_n9100_defconfig:70:warning: override: reassigning to symbol MSM_L1_ERR_LOG
arch/arm/configs/twrp_n9100_defconfig:71:warning: override: reassigning to symbol MSM_L2_ERP_PRINT_ACCESS_ERRORS
arch/arm/configs/twrp_n9100_defconfig:72:warning: override: reassigning to symbol MSM_L2_ERP_PORT_PANIC
arch/arm/configs/twrp_n9100_defconfig:73:warning: override: reassigning to symbol MSM_L2_ERP_1BIT_PANIC
arch/arm/configs/twrp_n9100_defconfig:74:warning: override: reassigning to symbol MSM_L2_ERP_2BIT_PANIC
arch/arm/configs/twrp_n9100_defconfig:75:warning: override: reassigning to symbol MSM_HSIC_SYSMON
arch/arm/configs/twrp_n9100_defconfig:76:warning: override: reassigning to symbol MSM_ENABLE_WDOG_DEBUG_CONTROL
arch/arm/configs/twrp_n9100_defconfig:77:warning: override: reassigning to symbol MSM_BOOT_STATS
arch/arm/configs/twrp_n9100_defconfig:78:warning: override: reassigning to symbol MSM_XPU_ERR_FATAL
arch/arm/configs/twrp_n9100_defconfig:79:warning: override: reassigning to symbol STRICT_MEMORY_RWX
arch/arm/configs/twrp_n9100_defconfig:80:warning: override: reassigning to symbol PCI
arch/arm/configs/twrp_n9100_defconfig:81:warning: override: reassigning to symbol PCI_MSI
arch/arm/configs/twrp_n9100_defconfig:82:warning: override: reassigning to symbol SMP
arch/arm/configs/twrp_n9100_defconfig:83:warning: override: reassigning to symbol SMP_ON_UP
arch/arm/configs/twrp_n9100_defconfig:84:warning: override: reassigning to symbol SCHED_MC
arch/arm/configs/twrp_n9100_defconfig:85:warning: override: reassigning to symbol PREEMPT
arch/arm/configs/twrp_n9100_defconfig:85:warning: override: PREEMPT changes choice state
arch/arm/configs/twrp_n9100_defconfig:86:warning: override: reassigning to symbol AEABI
arch/arm/configs/twrp_n9100_defconfig:87:warning: override: reassigning to symbol HIGHMEM
arch/arm/configs/twrp_n9100_defconfig:88:warning: override: reassigning to symbol ENABLE_VMALLOC_SAVING
arch/arm/configs/twrp_n9100_defconfig:88:warning: override: ENABLE_VMALLOC_SAVING changes choice state
arch/arm/configs/twrp_n9100_defconfig:89:warning: override: reassigning to symbol CC_STACKPROTECTOR
arch/arm/configs/twrp_n9100_defconfig:90:warning: override: reassigning to symbol CP_ACCESS
arch/arm/configs/twrp_n9100_defconfig:91:warning: override: reassigning to symbol CPU_FREQ
arch/arm/configs/twrp_n9100_defconfig:92:warning: override: reassigning to symbol CPU_FREQ_GOV_POWERSAVE
arch/arm/configs/twrp_n9100_defconfig:93:warning: override: reassigning to symbol CPU_FREQ_GOV_USERSPACE
arch/arm/configs/twrp_n9100_defconfig:94:warning: override: reassigning to symbol CPU_FREQ_GOV_ONDEMAND
arch/arm/configs/twrp_n9100_defconfig:95:warning: override: reassigning to symbol CPU_FREQ_GOV_INTERACTIVE
arch/arm/configs/twrp_n9100_defconfig:96:warning: override: reassigning to symbol CPU_FREQ_GOV_CONSERVATIVE
arch/arm/configs/twrp_n9100_defconfig:97:warning: override: reassigning to symbol CPU_BOOST
arch/arm/configs/twrp_n9100_defconfig:98:warning: override: reassigning to symbol CPU_IDLE
arch/arm/configs/twrp_n9100_defconfig:99:warning: override: reassigning to symbol VFP
arch/arm/configs/twrp_n9100_defconfig:100:warning: override: reassigning to symbol NEON
arch/arm/configs/twrp_n9100_defconfig:101:warning: override: reassigning to symbol CORE_DUMP_DEFAULT_ELF_HEADERS
arch/arm/configs/twrp_n9100_defconfig:102:warning: override: reassigning to symbol PM_AUTOSLEEP
arch/arm/configs/twrp_n9100_defconfig:103:warning: override: reassigning to symbol PM_WAKELOCKS
arch/arm/configs/twrp_n9100_defconfig:104:warning: override: reassigning to symbol PM_WAKELOCKS_LIMIT
arch/arm/configs/twrp_n9100_defconfig:105:warning: override: reassigning to symbol PM_WAKELOCKS_GC
arch/arm/configs/twrp_n9100_defconfig:106:warning: override: reassigning to symbol PM_RUNTIME
arch/arm/configs/twrp_n9100_defconfig:107:warning: override: reassigning to symbol SEC_PM_DEBUG
arch/arm/configs/twrp_n9100_defconfig:108:warning: override: reassigning to symbol SUSPEND_TIME
arch/arm/configs/twrp_n9100_defconfig:109:warning: override: reassigning to symbol NET
arch/arm/configs/twrp_n9100_defconfig:110:warning: override: reassigning to symbol PACKET
arch/arm/configs/twrp_n9100_defconfig:111:warning: override: reassigning to symbol UNIX
arch/arm/configs/twrp_n9100_defconfig:112:warning: override: reassigning to symbol XFRM_USER
arch/arm/configs/twrp_n9100_defconfig:113:warning: override: reassigning to symbol XFRM_STATISTICS
arch/arm/configs/twrp_n9100_defconfig:114:warning: override: reassigning to symbol NET_KEY
arch/arm/configs/twrp_n9100_defconfig:115:warning: override: reassigning to symbol INET
arch/arm/configs/twrp_n9100_defconfig:116:warning: override: reassigning to symbol IP_ADVANCED_ROUTER
arch/arm/configs/twrp_n9100_defconfig:117:warning: override: reassigning to symbol IP_MULTIPLE_TABLES
arch/arm/configs/twrp_n9100_defconfig:118:warning: override: reassigning to symbol IP_ROUTE_VERBOSE
arch/arm/configs/twrp_n9100_defconfig:119:warning: override: reassigning to symbol IP_PNP
arch/arm/configs/twrp_n9100_defconfig:120:warning: override: reassigning to symbol IP_PNP_DHCP
arch/arm/configs/twrp_n9100_defconfig:121:warning: override: reassigning to symbol IP_MULTICAST
arch/arm/configs/twrp_n9100_defconfig:122:warning: override: reassigning to symbol INET_AH
arch/arm/configs/twrp_n9100_defconfig:123:warning: override: reassigning to symbol INET_ESP
arch/arm/configs/twrp_n9100_defconfig:124:warning: override: reassigning to symbol INET_IPCOMP
arch/arm/configs/twrp_n9100_defconfig:125:warning: override: reassigning to symbol CRYPTO_GCM
arch/arm/configs/twrp_n9100_defconfig:126:warning: override: reassigning to symbol INET_XFRM_MODE_TRANSPORT
arch/arm/configs/twrp_n9100_defconfig:127:warning: override: reassigning to symbol INET_XFRM_MODE_TUNNEL
arch/arm/configs/twrp_n9100_defconfig:128:warning: override: reassigning to symbol INET_XFRM_MODE_BEET
arch/arm/configs/twrp_n9100_defconfig:129:warning: override: reassigning to symbol INET6_XFRM_MODE_TRANSPORT
arch/arm/configs/twrp_n9100_defconfig:130:warning: override: reassigning to symbol INET6_XFRM_MODE_TUNNEL
arch/arm/configs/twrp_n9100_defconfig:131:warning: override: reassigning to symbol INET6_XFRM_MODE_BEET
arch/arm/configs/twrp_n9100_defconfig:132:warning: override: reassigning to symbol NETFILTER_XTABLES
arch/arm/configs/twrp_n9100_defconfig:133:warning: override: reassigning to symbol INET_LRO
arch/arm/configs/twrp_n9100_defconfig:134:warning: override: reassigning to symbol IPV6
arch/arm/configs/twrp_n9100_defconfig:135:warning: override: reassigning to symbol IPV6_PRIVACY
arch/arm/configs/twrp_n9100_defconfig:136:warning: override: reassigning to symbol IPV6_ROUTER_PREF
arch/arm/configs/twrp_n9100_defconfig:137:warning: override: reassigning to symbol IPV6_ROUTE_INFO
arch/arm/configs/twrp_n9100_defconfig:138:warning: override: reassigning to symbol IPV6_OPTIMISTIC_DAD
arch/arm/configs/twrp_n9100_defconfig:139:warning: override: reassigning to symbol INET6_AH
arch/arm/configs/twrp_n9100_defconfig:140:warning: override: reassigning to symbol INET6_ESP
arch/arm/configs/twrp_n9100_defconfig:141:warning: override: reassigning to symbol INET6_IPCOMP
arch/arm/configs/twrp_n9100_defconfig:142:warning: override: reassigning to symbol IPV6_MIP6
arch/arm/configs/twrp_n9100_defconfig:143:warning: override: reassigning to symbol IPV6_MULTIPLE_TABLES
arch/arm/configs/twrp_n9100_defconfig:144:warning: override: reassigning to symbol IPV6_SUBTREES
arch/arm/configs/twrp_n9100_defconfig:145:warning: override: reassigning to symbol NETFILTER
arch/arm/configs/twrp_n9100_defconfig:146:warning: override: reassigning to symbol NF_CONNTRACK
arch/arm/configs/twrp_n9100_defconfig:147:warning: override: reassigning to symbol NF_CONNTRACK_SECMARK
arch/arm/configs/twrp_n9100_defconfig:148:warning: override: reassigning to symbol NF_CONNTRACK_EVENTS
arch/arm/configs/twrp_n9100_defconfig:149:warning: override: reassigning to symbol NF_CT_PROTO_DCCP
arch/arm/configs/twrp_n9100_defconfig:150:warning: override: reassigning to symbol NF_CT_PROTO_SCTP
arch/arm/configs/twrp_n9100_defconfig:151:warning: override: reassigning to symbol NF_CT_PROTO_UDPLITE
arch/arm/configs/twrp_n9100_defconfig:152:warning: override: reassigning to symbol NF_CONNTRACK_AMANDA
arch/arm/configs/twrp_n9100_defconfig:153:warning: override: reassigning to symbol NF_CONNTRACK_FTP
arch/arm/configs/twrp_n9100_defconfig:154:warning: override: reassigning to symbol NF_CONNTRACK_H323
arch/arm/configs/twrp_n9100_defconfig:155:warning: override: reassigning to symbol NF_CONNTRACK_IRC
arch/arm/configs/twrp_n9100_defconfig:156:warning: override: reassigning to symbol NF_CONNTRACK_NETBIOS_NS
arch/arm/configs/twrp_n9100_defconfig:157:warning: override: reassigning to symbol NF_CONNTRACK_PPTP
arch/arm/configs/twrp_n9100_defconfig:158:warning: override: reassigning to symbol NF_CONNTRACK_SANE
arch/arm/configs/twrp_n9100_defconfig:159:warning: override: reassigning to symbol NF_CONNTRACK_TFTP
arch/arm/configs/twrp_n9100_defconfig:160:warning: override: reassigning to symbol NF_CT_NETLINK
arch/arm/configs/twrp_n9100_defconfig:161:warning: override: reassigning to symbol NETFILTER_TPROXY
arch/arm/configs/twrp_n9100_defconfig:162:warning: override: reassigning to symbol NETFILTER_XT_TARGET_CLASSIFY
arch/arm/configs/twrp_n9100_defconfig:163:warning: override: reassigning to symbol NETFILTER_XT_TARGET_CONNMARK
arch/arm/configs/twrp_n9100_defconfig:164:warning: override: reassigning to symbol NETFILTER_XT_TARGET_CONNSECMARK
arch/arm/configs/twrp_n9100_defconfig:165:warning: override: reassigning to symbol NETFILTER_XT_TARGET_LOG
arch/arm/configs/twrp_n9100_defconfig:166:warning: override: reassigning to symbol NETFILTER_XT_TARGET_MARK
arch/arm/configs/twrp_n9100_defconfig:167:warning: override: reassigning to symbol NETFILTER_XT_TARGET_NFLOG
arch/arm/configs/twrp_n9100_defconfig:168:warning: override: reassigning to symbol NETFILTER_XT_TARGET_NFQUEUE
arch/arm/configs/twrp_n9100_defconfig:169:warning: override: reassigning to symbol NETFILTER_XT_TARGET_NOTRACK
arch/arm/configs/twrp_n9100_defconfig:170:warning: override: reassigning to symbol NETFILTER_XT_TARGET_TPROXY
arch/arm/configs/twrp_n9100_defconfig:171:warning: override: reassigning to symbol NETFILTER_XT_TARGET_TRACE
arch/arm/configs/twrp_n9100_defconfig:172:warning: override: reassigning to symbol NETFILTER_XT_TARGET_SECMARK
arch/arm/configs/twrp_n9100_defconfig:173:warning: override: reassigning to symbol NETFILTER_XT_TARGET_TCPMSS
arch/arm/configs/twrp_n9100_defconfig:174:warning: override: reassigning to symbol NETFILTER_XT_TARGET_IDLETIMER
arch/arm/configs/twrp_n9100_defconfig:175:warning: override: reassigning to symbol NETFILTER_XT_TARGET_TEE
arch/arm/configs/twrp_n9100_defconfig:176:warning: override: reassigning to symbol NETFILTER_XT_MATCH_COMMENT
arch/arm/configs/twrp_n9100_defconfig:177:warning: override: reassigning to symbol NETFILTER_XT_MATCH_CONNLIMIT
arch/arm/configs/twrp_n9100_defconfig:178:warning: override: reassigning to symbol NETFILTER_XT_MATCH_CONNMARK
arch/arm/configs/twrp_n9100_defconfig:179:warning: override: reassigning to symbol NETFILTER_XT_MATCH_CONNTRACK
arch/arm/configs/twrp_n9100_defconfig:180:warning: override: reassigning to symbol NETFILTER_XT_MATCH_DSCP
arch/arm/configs/twrp_n9100_defconfig:181:warning: override: reassigning to symbol NETFILTER_XT_MATCH_HASHLIMIT
arch/arm/configs/twrp_n9100_defconfig:182:warning: override: reassigning to symbol NETFILTER_XT_MATCH_HELPER
arch/arm/configs/twrp_n9100_defconfig:183:warning: override: reassigning to symbol NETFILTER_XT_MATCH_IPRANGE
arch/arm/configs/twrp_n9100_defconfig:184:warning: override: reassigning to symbol NETFILTER_XT_MATCH_LENGTH
arch/arm/configs/twrp_n9100_defconfig:185:warning: override: reassigning to symbol NETFILTER_XT_MATCH_LIMIT
arch/arm/configs/twrp_n9100_defconfig:186:warning: override: reassigning to symbol NETFILTER_XT_MATCH_MAC
arch/arm/configs/twrp_n9100_defconfig:187:warning: override: reassigning to symbol NETFILTER_XT_MATCH_MARK
arch/arm/configs/twrp_n9100_defconfig:188:warning: override: reassigning to symbol NETFILTER_XT_MATCH_MULTIPORT
arch/arm/configs/twrp_n9100_defconfig:189:warning: override: reassigning to symbol NETFILTER_XT_MATCH_POLICY
arch/arm/configs/twrp_n9100_defconfig:190:warning: override: reassigning to symbol NETFILTER_XT_MATCH_PKTTYPE
arch/arm/configs/twrp_n9100_defconfig:191:warning: override: reassigning to symbol NETFILTER_XT_MATCH_QTAGUID
arch/arm/configs/twrp_n9100_defconfig:192:warning: override: reassigning to symbol NETFILTER_XT_MATCH_QUOTA
arch/arm/configs/twrp_n9100_defconfig:193:warning: override: reassigning to symbol NETFILTER_XT_MATCH_QUOTA2
arch/arm/configs/twrp_n9100_defconfig:194:warning: override: reassigning to symbol NETFILTER_XT_MATCH_QUOTA2_LOG
arch/arm/configs/twrp_n9100_defconfig:195:warning: override: reassigning to symbol NETFILTER_XT_MATCH_SOCKET
arch/arm/configs/twrp_n9100_defconfig:196:warning: override: reassigning to symbol NETFILTER_XT_MATCH_STATE
arch/arm/configs/twrp_n9100_defconfig:197:warning: override: reassigning to symbol NETFILTER_XT_MATCH_STATISTIC
arch/arm/configs/twrp_n9100_defconfig:198:warning: override: reassigning to symbol NETFILTER_XT_MATCH_STRING
arch/arm/configs/twrp_n9100_defconfig:199:warning: override: reassigning to symbol NETFILTER_XT_MATCH_TIME
arch/arm/configs/twrp_n9100_defconfig:200:warning: override: reassigning to symbol NETFILTER_XT_MATCH_U32
arch/arm/configs/twrp_n9100_defconfig:201:warning: override: reassigning to symbol NF_CONNTRACK_IPV4
arch/arm/configs/twrp_n9100_defconfig:202:warning: override: reassigning to symbol IP_NF_IPTABLES
arch/arm/configs/twrp_n9100_defconfig:203:warning: override: reassigning to symbol IP_NF_MATCH_AH
arch/arm/configs/twrp_n9100_defconfig:204:warning: override: reassigning to symbol IP_NF_MATCH_ECN
arch/arm/configs/twrp_n9100_defconfig:205:warning: override: reassigning to symbol IP_NF_MATCH_TTL
arch/arm/configs/twrp_n9100_defconfig:206:warning: override: reassigning to symbol IP_NF_FILTER
arch/arm/configs/twrp_n9100_defconfig:207:warning: override: reassigning to symbol IP_NF_TARGET_REJECT
arch/arm/configs/twrp_n9100_defconfig:208:warning: override: reassigning to symbol IP_NF_TARGET_REJECT_SKERR
arch/arm/configs/twrp_n9100_defconfig:209:warning: override: reassigning to symbol NF_NAT_IPV4
arch/arm/configs/twrp_n9100_defconfig:210:warning: override: reassigning to symbol IP_NF_TARGET_MASQUERADE
arch/arm/configs/twrp_n9100_defconfig:211:warning: override: reassigning to symbol IP_NF_TARGET_NETMAP
arch/arm/configs/twrp_n9100_defconfig:212:warning: override: reassigning to symbol IP_NF_TARGET_REDIRECT
arch/arm/configs/twrp_n9100_defconfig:213:warning: override: reassigning to symbol IP_NF_MANGLE
arch/arm/configs/twrp_n9100_defconfig:214:warning: override: reassigning to symbol IP_NF_RAW
arch/arm/configs/twrp_n9100_defconfig:215:warning: override: reassigning to symbol IP_NF_SECURITY
arch/arm/configs/twrp_n9100_defconfig:216:warning: override: reassigning to symbol IP_NF_ARPTABLES
arch/arm/configs/twrp_n9100_defconfig:217:warning: override: reassigning to symbol IP_NF_ARPFILTER
[36mtarget thumb C:[0m busybox <= external/busybox/coreutils/libcoreutils/getopt_mk_fifo_nod.c
arch/arm/configs/twrp_n9100_defconfig:218:warning: override: reassigning to symbol IP_NF_ARP_MANGLE
arch/arm/configs/twrp_n9100_defconfig:219:warning: override: reassigning to symbol NF_CONNTRACK_IPV6
arch/arm/configs/twrp_n9100_defconfig:220:warning: override: reassigning to symbol IP6_NF_IPTABLES
arch/arm/configs/twrp_n9100_defconfig:221:warning: override: reassigning to symbol IP6_NF_FILTER
arch/arm/configs/twrp_n9100_defconfig:222:warning: override: reassigning to symbol IP6_NF_TARGET_REJECT
arch/arm/configs/twrp_n9100_defconfig:223:warning: override: reassigning to symbol IP6_NF_TARGET_REJECT_SKERR
arch/arm/configs/twrp_n9100_defconfig:224:warning: override: reassigning to symbol IP6_NF_MANGLE
arch/arm/configs/twrp_n9100_defconfig:225:warning: override: reassigning to symbol IP6_NF_RAW
arch/arm/configs/twrp_n9100_defconfig:226:warning: override: reassigning to symbol BRIDGE_NF_EBTABLES
arch/arm/configs/twrp_n9100_defconfig:227:warning: override: reassigning to symbol BRIDGE_EBT_BROUTE
arch/arm/configs/twrp_n9100_defconfig:228:warning: override: reassigning to symbol L2TP
arch/arm/configs/twrp_n9100_defconfig:229:warning: override: reassigning to symbol L2TP_DEBUGFS
arch/arm/configs/twrp_n9100_defconfig:230:warning: override: reassigning to symbol L2TP_V3
arch/arm/configs/twrp_n9100_defconfig:231:warning: override: reassigning to symbol BRIDGE
arch/arm/configs/twrp_n9100_defconfig:232:warning: override: reassigning to symbol NET_SCHED
arch/arm/configs/twrp_n9100_defconfig:233:warning: override: reassigning to symbol NET_SCH_HTB
arch/arm/configs/twrp_n9100_defconfig:234:warning: override: reassigning to symbol NET_SCH_PRIO
arch/arm/configs/twrp_n9100_defconfig:235:warning: override: reassigning to symbol NET_CLS_FW
arch/arm/configs/twrp_n9100_defconfig:236:warning: override: reassigning to symbol NET_CLS_U32
arch/arm/configs/twrp_n9100_defconfig:237:warning: override: reassigning to symbol CLS_U32_MARK
arch/arm/configs/twrp_n9100_defconfig:238:warning: override: reassigning to symbol NET_CLS_FLOW
arch/arm/configs/twrp_n9100_defconfig:239:warning: override: reassigning to symbol NET_EMATCH
arch/arm/configs/twrp_n9100_defconfig:240:warning: override: reassigning to symbol NET_EMATCH_CMP
arch/arm/configs/twrp_n9100_defconfig:241:warning: override: reassigning to symbol NET_EMATCH_NBYTE
arch/arm/configs/twrp_n9100_defconfig:242:warning: override: reassigning to symbol NET_EMATCH_U32
arch/arm/configs/twrp_n9100_defconfig:243:warning: override: reassigning to symbol NET_EMATCH_META
arch/arm/configs/twrp_n9100_defconfig:244:warning: override: reassigning to symbol NET_EMATCH_TEXT
arch/arm/configs/twrp_n9100_defconfig:245:warning: override: reassigning to symbol NET_CLS_ACT
arch/arm/configs/twrp_n9100_defconfig:246:warning: override: reassigning to symbol RMNET_DATA
arch/arm/configs/twrp_n9100_defconfig:247:warning: override: reassigning to symbol RMNET_DATA_FC
arch/arm/configs/twrp_n9100_defconfig:248:warning: override: reassigning to symbol RMNET_DATA_DEBUG_PKT
arch/arm/configs/twrp_n9100_defconfig:249:warning: override: reassigning to symbol BT
arch/arm/configs/twrp_n9100_defconfig:250:warning: override: reassigning to symbol BT_BCM4358
arch/arm/configs/twrp_n9100_defconfig:251:warning: override: reassigning to symbol MSM_BT_POWER
arch/arm/configs/twrp_n9100_defconfig:252:warning: override: reassigning to symbol NET_VENDOR_ATHEROS
arch/arm/configs/twrp_n9100_defconfig:253:warning: override: reassigning to symbol ATL1C
arch/arm/configs/twrp_n9100_defconfig:257:warning: override: reassigning to symbol NET_CORE
arch/arm/configs/twrp_n9100_defconfig:258:warning: override: reassigning to symbol WIRELESS
arch/arm/configs/twrp_n9100_defconfig:259:warning: override: reassigning to symbol WIRELESS_EXT_SYSFS
arch/arm/configs/twrp_n9100_defconfig:260:warning: override: reassigning to symbol WEXT_CORE
arch/arm/configs/twrp_n9100_defconfig:261:warning: override: reassigning to symbol WEXT_PROC
arch/arm/configs/twrp_n9100_defconfig:262:warning: override: reassigning to symbol CFG80211
arch/arm/configs/twrp_n9100_defconfig:263:warning: override: reassigning to symbol CFG80211_WEXT
arch/arm/configs/twrp_n9100_defconfig:264:warning: override: reassigning to symbol CFG80211_DEFAULT_PS
arch/arm/configs/twrp_n9100_defconfig:265:warning: override: reassigning to symbol CFG80211_ALLOW_RECONNECT
arch/arm/configs/twrp_n9100_defconfig:266:warning: override: reassigning to symbol BROADCOM_WIFI
arch/arm/configs/twrp_n9100_defconfig:267:warning: override: reassigning to symbol WLAN
arch/arm/configs/twrp_n9100_defconfig:268:warning: override: reassigning to symbol WIFI_CONTROL_FUNC
arch/arm/configs/twrp_n9100_defconfig:269:warning: override: reassigning to symbol BCM4358
arch/arm/configs/twrp_n9100_defconfig:270:warning: override: reassigning to symbol BCMDHD_FW_PATH
arch/arm/configs/twrp_n9100_defconfig:271:warning: override: reassigning to symbol BCMDHD_NVRAM_PATH
arch/arm/configs/twrp_n9100_defconfig:272:warning: override: reassigning to symbol BROADCOM_WIFI_RESERVED_MEM
arch/arm/configs/twrp_n9100_defconfig:273:warning: override: reassigning to symbol WLAN_REGION_CODE
arch/arm/configs/twrp_n9100_defconfig:274:warning: override: reassigning to symbol CFG80211_REG_NOT_UPDATED
arch/arm/configs/twrp_n9100_defconfig:276:warning: override: reassigning to symbol BCMDHD_PCIE
arch/arm/configs/twrp_n9100_defconfig:277:warning: override: reassigning to symbol RFKILL
arch/arm/configs/twrp_n9100_defconfig:278:warning: override: reassigning to symbol NFC_QNCI
arch/arm/configs/twrp_n9100_defconfig:279:warning: override: reassigning to symbol IPC_ROUTER
arch/arm/configs/twrp_n9100_defconfig:280:warning: override: reassigning to symbol IPC_ROUTER_SECURITY
arch/arm/configs/twrp_n9100_defconfig:281:warning: override: reassigning to symbol CMA
arch/arm/configs/twrp_n9100_defconfig:282:warning: override: reassigning to symbol BLK_DEV_LOOP
arch/arm/configs/twrp_n9100_defconfig:283:warning: override: reassigning to symbol BLK_DEV_RAM
arch/arm/configs/twrp_n9100_defconfig:284:warning: override: reassigning to symbol BLK_DEV_RAM_SIZE
arch/arm/configs/twrp_n9100_defconfig:285:warning: override: reassigning to symbol UID_STAT
arch/arm/configs/twrp_n9100_defconfig:286:warning: override: reassigning to symbol HAPTIC_ISA1200
arch/arm/configs/twrp_n9100_defconfig:287:warning: override: reassigning to symbol QSEECOM
arch/arm/configs/twrp_n9100_defconfig:288:warning: override: reassigning to symbol QPNP_MISC
arch/arm/configs/twrp_n9100_defconfig:289:warning: override: reassigning to symbol SEC_MISC
arch/arm/configs/twrp_n9100_defconfig:290:warning: override: reassigning to symbol TI_DRV2667
arch/arm/configs/twrp_n9100_defconfig:291:warning: override: reassigning to symbol APQ8084_DOCKING_STATION
arch/arm/configs/twrp_n9100_defconfig:292:warning: override: reassigning to symbol SCSI_TGT
arch/arm/configs/twrp_n9100_defconfig:293:warning: override: reassigning to symbol BLK_DEV_SD
arch/arm/configs/twrp_n9100_defconfig:294:warning: override: reassigning to symbol CHR_DEV_SG
arch/arm/configs/twrp_n9100_defconfig:295:warning: override: reassigning to symbol CHR_DEV_SCH
arch/arm/configs/twrp_n9100_defconfig:296:warning: override: reassigning to symbol SCSI_MULTI_LUN
arch/arm/configs/twrp_n9100_defconfig:297:warning: override: reassigning to symbol SCSI_CONSTANTS
arch/arm/configs/twrp_n9100_defconfig:298:warning: override: reassigning to symbol SCSI_LOGGING
arch/arm/configs/twrp_n9100_defconfig:299:warning: override: reassigning to symbol SCSI_SCAN_ASYNC
arch/arm/configs/twrp_n9100_defconfig:300:warning: override: reassigning to symbol SCSI_UFSHCD
arch/arm/configs/twrp_n9100_defconfig:301:warning: override: reassigning to symbol SCSI_UFSHCD_PLATFORM
arch/arm/configs/twrp_n9100_defconfig:302:warning: override: reassigning to symbol SCSI_UFS_MSM
arch/arm/configs/twrp_n9100_defconfig:303:warning: override: reassigning to symbol SCSI_UFS_TEST
arch/arm/configs/twrp_n9100_defconfig:304:warning: override: reassigning to symbol ATA
arch/arm/configs/twrp_n9100_defconfig:305:warning: override: reassigning to symbol SATA_AHCI_MSM
arch/arm/configs/twrp_n9100_defconfig:306:warning: override: reassigning to symbol MD
arch/arm/configs/twrp_n9100_defconfig:307:warning: override: reassigning to symbol BLK_DEV_DM
arch/arm/configs/twrp_n9100_defconfig:308:warning: override: reassigning to symbol DM_CRYPT
arch/arm/configs/twrp_n9100_defconfig:309:warning: override: reassigning to symbol DM_UEVENT
arch/arm/configs/twrp_n9100_defconfig:310:warning: override: reassigning to symbol NETDEVICES
arch/arm/configs/twrp_n9100_defconfig:311:warning: override: reassigning to symbol DUMMY
arch/arm/configs/twrp_n9100_defconfig:312:warning: override: reassigning to symbol TUN
arch/arm/configs/twrp_n9100_defconfig:313:warning: override: reassigning to symbol KS8851
arch/arm/configs/twrp_n9100_defconfig:314:warning: override: reassigning to symbol PPP
arch/arm/configs/twrp_n9100_defconfig:315:warning: override: reassigning to symbol PPP_BSDCOMP
arch/arm/configs/twrp_n9100_defconfig:316:warning: override: reassigning to symbol PPP_DEFLATE
arch/arm/configs/twrp_n9100_defconfig:317:warning: override: reassigning to symbol PPP_FILTER
arch/arm/configs/twrp_n9100_defconfig:318:warning: override: reassigning to symbol PPP_MPPE
arch/arm/configs/twrp_n9100_defconfig:319:warning: override: reassigning to symbol PPP_MULTILINK
arch/arm/configs/twrp_n9100_defconfig:320:warning: override: reassigning to symbol PPPOE
arch/arm/configs/twrp_n9100_defconfig:321:warning: override: reassigning to symbol PPPOL2TP
arch/arm/configs/twrp_n9100_defconfig:322:warning: override: reassigning to symbol PPPOLAC
arch/arm/configs/twrp_n9100_defconfig:323:warning: override: reassigning to symbol PPPOPNS
arch/arm/configs/twrp_n9100_defconfig:324:warning: override: reassigning to symbol PPP_ASYNC
arch/arm/configs/twrp_n9100_defconfig:325:warning: override: reassigning to symbol PPP_SYNC_TTY
arch/arm/configs/twrp_n9100_defconfig:326:warning: override: reassigning to symbol SLIP
arch/arm/configs/twrp_n9100_defconfig:327:warning: override: reassigning to symbol SLIP_COMPRESSED
arch/arm/configs/twrp_n9100_defconfig:328:warning: override: reassigning to symbol SLIP_MODE_SLIP6
arch/arm/configs/twrp_n9100_defconfig:329:warning: override: reassigning to symbol USB_USBNET
arch/arm/configs/twrp_n9100_defconfig:330:warning: override: reassigning to symbol USB_NET_SMSC75XX
arch/arm/configs/twrp_n9100_defconfig:331:warning: override: reassigning to symbol USB_NET_SMSC95XX
arch/arm/configs/twrp_n9100_defconfig:332:warning: override: reassigning to symbol MSM_RMNET_USB
arch/arm/configs/twrp_n9100_defconfig:333:warning: override: reassigning to symbol CLD_LL_CORE
arch/arm/configs/twrp_n9100_defconfig:334:warning: override: reassigning to symbol INPUT_EVDEV
arch/arm/configs/twrp_n9100_defconfig:335:warning: override: reassigning to symbol INPUT_EVBUG
arch/arm/configs/twrp_n9100_defconfig:336:warning: override: reassigning to symbol INPUT_KEYRESET
arch/arm/configs/twrp_n9100_defconfig:337:warning: override: reassigning to symbol KEYBOARD_GPIO
arch/arm/configs/twrp_n9100_defconfig:338:warning: override: reassigning to symbol INPUT_MOUSE
arch/arm/configs/twrp_n9100_defconfig:339:warning: override: reassigning to symbol INPUT_JOYSTICK
arch/arm/configs/twrp_n9100_defconfig:340:warning: override: reassigning to symbol JOYSTICK_XPAD
arch/arm/configs/twrp_n9100_defconfig:341:warning: override: reassigning to symbol JOYSTICK_XPAD_FF
arch/arm/configs/twrp_n9100_defconfig:342:warning: override: reassigning to symbol JOYSTICK_XPAD_LEDS
arch/arm/configs/twrp_n9100_defconfig:343:warning: override: reassigning to symbol INPUT_TABLET
arch/arm/configs/twrp_n9100_defconfig:344:warning: override: reassigning to symbol TABLET_USB_ACECAD
arch/arm/configs/twrp_n9100_defconfig:345:warning: override: reassigning to symbol TABLET_USB_AIPTEK
arch/arm/configs/twrp_n9100_defconfig:346:warning: override: reassigning to symbol TABLET_USB_GTCO
arch/arm/configs/twrp_n9100_defconfig:347:warning: override: reassigning to symbol TABLET_USB_HANWANG
arch/arm/configs/twrp_n9100_defconfig:348:warning: override: reassigning to symbol TABLET_USB_KBTAB
arch/arm/configs/twrp_n9100_defconfig:349:warning: override: reassigning to symbol TABLET_USB_WACOM
arch/arm/configs/twrp_n9100_defconfig:350:warning: override: reassigning to symbol INPUT_TOUCHSCREEN
arch/arm/configs/twrp_n9100_defconfig:351:warning: override: reassigning to symbol INPUT_MISC
arch/arm/configs/twrp_n9100_defconfig:352:warning: override: reassigning to symbol INPUT_KEYCHORD
arch/arm/configs/twrp_n9100_defconfig:353:warning: override: reassigning to symbol INPUT_UINPUT
arch/arm/configs/twrp_n9100_defconfig:354:warning: override: reassigning to symbol INPUT_GPIO
arch/arm/configs/twrp_n9100_defconfig:355:warning: override: reassigning to symbol VT
arch/arm/configs/twrp_n9100_defconfig:356:warning: override: reassigning to symbol LEGACY_PTYS
arch/arm/configs/twrp_n9100_defconfig:357:warning: override: reassigning to symbol DEVMEM
arch/arm/configs/twrp_n9100_defconfig:358:warning: override: reassigning to symbol DEVKMEM
arch/arm/configs/twrp_n9100_defconfig:359:warning: override: reassigning to symbol SERIAL_MSM_HS
arch/arm/configs/twrp_n9100_defconfig:360:warning: override: reassigning to symbol SERIAL_MSM_HS_LENTIS
arch/arm/configs/twrp_n9100_defconfig:361:warning: override: reassigning to symbol SERIAL_MSM_HSL
arch/arm/configs/twrp_n9100_defconfig:362:warning: override: reassigning to symbol SERIAL_MSM_HSL_CONSOLE
arch/arm/configs/twrp_n9100_defconfig:363:warning: override: reassigning to symbol SERIAL_MSM_SMD
arch/arm/configs/twrp_n9100_defconfig:364:warning: override: reassigning to symbol DIAG_CHAR
arch/arm/configs/twrp_n9100_defconfig:365:warning: override: reassigning to symbol HW_RANDOM
arch/arm/configs/twrp_n9100_defconfig:366:warning: override: reassigning to symbol HW_RANDOM_MSM
arch/arm/configs/twrp_n9100_defconfig:367:warning: override: reassigning to symbol MSM_SMD_PKT
arch/arm/configs/twrp_n9100_defconfig:368:warning: override: reassigning to symbol MSM_ADSPRPC
arch/arm/configs/twrp_n9100_defconfig:369:warning: override: reassigning to symbol I2C
arch/arm/configs/twrp_n9100_defconfig:370:warning: override: reassigning to symbol I2C_CHARDEV
arch/arm/configs/twrp_n9100_defconfig:371:warning: override: reassigning to symbol I2C_QUP
arch/arm/configs/twrp_n9100_defconfig:372:warning: override: reassigning to symbol I2C_GPIO
arch/arm/configs/twrp_n9100_defconfig:373:warning: override: reassigning to symbol SLIMBUS_MSM_NGD
arch/arm/configs/twrp_n9100_defconfig:374:warning: override: reassigning to symbol SPI
arch/arm/configs/twrp_n9100_defconfig:375:warning: override: reassigning to symbol SPI_QUP
arch/arm/configs/twrp_n9100_defconfig:376:warning: override: reassigning to symbol SPI_SPIDEV
arch/arm/configs/twrp_n9100_defconfig:377:warning: override: reassigning to symbol SPMI
arch/arm/configs/twrp_n9100_defconfig:378:warning: override: reassigning to symbol SPMI_MSM_PMIC_ARB
arch/arm/configs/twrp_n9100_defconfig:379:warning: override: reassigning to symbol MSM_QPNP_INT
arch/arm/configs/twrp_n9100_defconfig:380:warning: override: reassigning to symbol DEBUG_GPIO
arch/arm/configs/twrp_n9100_defconfig:381:warning: override: reassigning to symbol GPIO_SYSFS
arch/arm/configs/twrp_n9100_defconfig:382:warning: override: reassigning to symbol GPIO_QPNP_PIN
arch/arm/configs/twrp_n9100_defconfig:383:warning: override: reassigning to symbol GPIO_QPNP_PIN_DEBUG
arch/arm/configs/twrp_n9100_defconfig:384:warning: override: reassigning to symbol SENSORS_EPM_ADC
arch/arm/configs/twrp_n9100_defconfig:385:warning: override: reassigning to symbol SENSORS_QPNP_ADC_VOLTAGE
arch/arm/configs/twrp_n9100_defconfig:386:warning: override: reassigning to symbol SENSORS_QPNP_ADC_CURRENT
arch/arm/configs/twrp_n9100_defconfig:387:warning: override: reassigning to symbol THERMAL
arch/arm/configs/twrp_n9100_defconfig:388:warning: override: reassigning to symbol THERMAL_TSENS8974
arch/arm/configs/twrp_n9100_defconfig:389:warning: override: reassigning to symbol THERMAL_MONITOR
arch/arm/configs/twrp_n9100_defconfig:390:warning: override: reassigning to symbol THERMAL_QPNP
arch/arm/configs/twrp_n9100_defconfig:391:warning: override: reassigning to symbol THERMAL_QPNP_ADC_TM
arch/arm/configs/twrp_n9100_defconfig:392:warning: override: reassigning to symbol WCD9320_CODEC
arch/arm/configs/twrp_n9100_defconfig:393:warning: override: reassigning to symbol REGULATOR_FIXED_VOLTAGE
arch/arm/configs/twrp_n9100_defconfig:394:warning: override: reassigning to symbol REGULATOR_PROXY_CONSUMER
arch/arm/configs/twrp_n9100_defconfig:395:warning: override: reassigning to symbol REGULATOR_STUB
arch/arm/configs/twrp_n9100_defconfig:396:warning: override: reassigning to symbol REGULATOR_QPNP
arch/arm/configs/twrp_n9100_defconfig:397:warning: override: reassigning to symbol MEDIA_SUPPORT
arch/arm/configs/twrp_n9100_defconfig:398:warning: override: reassigning to symbol MEDIA_CAMERA_SUPPORT
arch/arm/configs/twrp_n9100_defconfig:399:warning: override: reassigning to symbol MEDIA_ANALOG_TV_SUPPORT
arch/arm/configs/twrp_n9100_defconfig:400:warning: override: reassigning to symbol MEDIA_DIGITAL_TV_SUPPORT
arch/arm/configs/twrp_n9100_defconfig:401:warning: override: reassigning to symbol MEDIA_RADIO_SUPPORT
arch/arm/configs/twrp_n9100_defconfig:402:warning: override: reassigning to symbol MEDIA_CONTROLLER
arch/arm/configs/twrp_n9100_defconfig:403:warning: override: reassigning to symbol VIDEO_V4L2_SUBDEV_API
arch/arm/configs/twrp_n9100_defconfig:404:warning: override: reassigning to symbol VIDEOBUF2_MSM_MEM
arch/arm/configs/twrp_n9100_defconfig:405:warning: override: reassigning to symbol MEDIA_USB_SUPPORT
arch/arm/configs/twrp_n9100_defconfig:406:warning: override: reassigning to symbol USB_VIDEO_CLASS
arch/arm/configs/twrp_n9100_defconfig:407:warning: override: reassigning to symbol V4L_PLATFORM_DRIVERS
arch/arm/configs/twrp_n9100_defconfig:408:warning: override: reassigning to symbol MSMB_CAMERA
arch/arm/configs/twrp_n9100_defconfig:409:warning: override: reassigning to symbol MSMB_JPEG
arch/arm/configs/twrp_n9100_defconfig:410:warning: override: reassigning to symbol MSM_CAMERA_SENSOR
arch/arm/configs/twrp_n9100_defconfig:411:warning: override: reassigning to symbol MSM_CPP
arch/arm/configs/twrp_n9100_defconfig:412:warning: override: reassigning to symbol MSM_CCI
arch/arm/configs/twrp_n9100_defconfig:413:warning: override: reassigning to symbol MSM_CSI31_HEADER
arch/arm/configs/twrp_n9100_defconfig:414:warning: override: reassigning to symbol MSM_CSIPHY
arch/arm/configs/twrp_n9100_defconfig:415:warning: override: reassigning to symbol MSM_CSID
arch/arm/configs/twrp_n9100_defconfig:416:warning: override: reassigning to symbol MSM_EEPROM
arch/arm/configs/twrp_n9100_defconfig:417:warning: override: reassigning to symbol MSM_ISPIF
arch/arm/configs/twrp_n9100_defconfig:418:warning: override: reassigning to symbol MSM_VIDC_V4L2
arch/arm/configs/twrp_n9100_defconfig:419:warning: override: reassigning to symbol MSM_WFD
arch/arm/configs/twrp_n9100_defconfig:420:warning: override: reassigning to symbol DVB_MPQ
arch/arm/configs/twrp_n9100_defconfig:421:warning: override: reassigning to symbol DVB_MPQ_DEMUX
arch/arm/configs/twrp_n9100_defconfig:422:warning: override: reassigning to symbol TSPP
arch/arm/configs/twrp_n9100_defconfig:423:warning: override: reassigning to symbol MSM_VPU
arch/arm/configs/twrp_n9100_defconfig:424:warning: override: reassigning to symbol ION
arch/arm/configs/twrp_n9100_defconfig:425:warning: override: reassigning to symbol ION_MSM
arch/arm/configs/twrp_n9100_defconfig:426:warning: override: reassigning to symbol MSM_KGSL
arch/arm/configs/twrp_n9100_defconfig:427:warning: override: reassigning to symbol KGSL_PER_PROCESS_PAGE_TABLE
arch/arm/configs/twrp_n9100_defconfig:428:warning: override: reassigning to symbol FB
arch/arm/configs/twrp_n9100_defconfig:429:warning: override: reassigning to symbol FB_VIRTUAL
arch/arm/configs/twrp_n9100_defconfig:430:warning: override: reassigning to symbol FB_MSM
arch/arm/configs/twrp_n9100_defconfig:431:warning: override: reassigning to symbol FB_MSM_BACKLIGHT
arch/arm/configs/twrp_n9100_defconfig:432:warning: override: reassigning to symbol FB_MSM_MDSS
arch/arm/configs/twrp_n9100_defconfig:432:warning: override: FB_MSM_MDSS changes choice state
arch/arm/configs/twrp_n9100_defconfig:433:warning: override: reassigning to symbol FB_MSM_MDSS_WRITEBACK
arch/arm/configs/twrp_n9100_defconfig:434:warning: override: reassigning to symbol FB_MSM_MDSS_HDMI_PANEL
arch/arm/configs/twrp_n9100_defconfig:435:warning: override: reassigning to symbol FB_MSM_MDSS_FENCE_DBG
arch/arm/configs/twrp_n9100_defconfig:437:warning: override: reassigning to symbol FB_MSM_MDSS_HDMI_MHL_SII8334
arch/arm/configs/twrp_n9100_defconfig:438:warning: override: reassigning to symbol FB_MSM_MDSS_DSI_DBG
arch/arm/configs/twrp_n9100_defconfig:443:warning: override: reassigning to symbol FB_MSM_MDSS_SAMSUNG
arch/arm/configs/twrp_n9100_defconfig:445:warning: override: reassigning to symbol BACKLIGHT_LCD_SUPPORT
arch/arm/configs/twrp_n9100_defconfig:446:warning: override: reassigning to symbol LCD_CLASS_DEVICE
arch/arm/configs/twrp_n9100_defconfig:447:warning: override: reassigning to symbol BACKLIGHT_CLASS_DEVICE
arch/arm/configs/twrp_n9100_defconfig:449:warning: override: reassigning to symbol MDNIE_LITE_TUNING
arch/arm/configs/twrp_n9100_defconfig:450:warning: override: reassigning to symbol BACKLIGHT_GENERIC
arch/arm/configs/twrp_n9100_defconfig:451:warning: override: reassigning to symbol SII8620_MHL_TX
arch/arm/configs/twrp_n9100_defconfig:452:warning: override: reassigning to symbol SOUND
arch/arm/configs/twrp_n9100_defconfig:453:warning: override: reassigning to symbol SND
arch/arm/configs/twrp_n9100_defconfig:454:warning: override: reassigning to symbol SND_USB_AUDIO
arch/arm/configs/twrp_n9100_defconfig:455:warning: override: reassigning to symbol SND_SOC
arch/arm/configs/twrp_n9100_defconfig:456:warning: override: reassigning to symbol SND_SOC_APQ8084
arch/arm/configs/twrp_n9100_defconfig:457:warning: override: reassigning to symbol SND_SOC_MSM_HDMI_CODEC_RX
arch/arm/configs/twrp_n9100_defconfig:458:warning: override: reassigning to symbol UHID
arch/arm/configs/twrp_n9100_defconfig:459:warning: override: reassigning to symbol HID_A4TECH
arch/arm/configs/twrp_n9100_defconfig:460:warning: override: reassigning to symbol HID_ACRUX
arch/arm/configs/twrp_n9100_defconfig:461:warning: override: reassigning to symbol HID_ACRUX_FF
arch/arm/configs/twrp_n9100_defconfig:462:warning: override: reassigning to symbol HID_APPLE
arch/arm/configs/twrp_n9100_defconfig:463:warning: override: reassigning to symbol HID_BELKIN
arch/arm/configs/twrp_n9100_defconfig:464:warning: override: reassigning to symbol HID_CHERRY
arch/arm/configs/twrp_n9100_defconfig:465:warning: override: reassigning to symbol HID_CHICONY
arch/arm/configs/twrp_n9100_defconfig:466:warning: override: reassigning to symbol HID_PRODIKEYS
arch/arm/configs/twrp_n9100_defconfig:467:warning: override: reassigning to symbol HID_CYPRESS
arch/arm/configs/twrp_n9100_defconfig:468:warning: override: reassigning to symbol HID_DRAGONRISE
arch/arm/configs/twrp_n9100_defconfig:469:warning: override: reassigning to symbol DRAGONRISE_FF
arch/arm/configs/twrp_n9100_defconfig:470:warning: override: reassigning to symbol HID_EMS_FF
arch/arm/configs/twrp_n9100_defconfig:471:warning: override: reassigning to symbol HID_ELECOM
arch/arm/configs/twrp_n9100_defconfig:472:warning: override: reassigning to symbol HID_EZKEY
arch/arm/configs/twrp_n9100_defconfig:473:warning: override: reassigning to symbol HID_HOLTEK
arch/arm/configs/twrp_n9100_defconfig:474:warning: override: reassigning to symbol HID_KEYTOUCH
arch/arm/configs/twrp_n9100_defconfig:475:warning: override: reassigning to symbol HID_KYE
arch/arm/configs/twrp_n9100_defconfig:476:warning: override: reassigning to symbol HID_UCLOGIC
arch/arm/configs/twrp_n9100_defconfig:477:warning: override: reassigning to symbol HID_WALTOP
arch/arm/configs/twrp_n9100_defconfig:478:warning: override: reassigning to symbol HID_GYRATION
arch/arm/configs/twrp_n9100_defconfig:479:warning: override: reassigning to symbol HID_TWINHAN
arch/arm/configs/twrp_n9100_defconfig:480:warning: override: reassigning to symbol HID_KENSINGTON
arch/arm/configs/twrp_n9100_defconfig:481:warning: override: reassigning to symbol HID_LCPOWER
arch/arm/configs/twrp_n9100_defconfig:482:warning: override: reassigning to symbol HID_LOGITECH
arch/arm/configs/twrp_n9100_defconfig:483:warning: override: reassigning to symbol HID_LOGITECH_DJ
arch/arm/configs/twrp_n9100_defconfig:484:warning: override: reassigning to symbol LOGITECH_FF
arch/arm/configs/twrp_n9100_defconfig:485:warning: override: reassigning to symbol LOGIRUMBLEPAD2_FF
arch/arm/configs/twrp_n9100_defconfig:486:warning: override: reassigning to symbol LOGIG940_FF
arch/arm/configs/twrp_n9100_defconfig:487:warning: override: reassigning to symbol HID_MAGICMOUSE
arch/arm/configs/twrp_n9100_defconfig:488:warning: override: reassigning to symbol HID_MICROSOFT
arch/arm/configs/twrp_n9100_defconfig:489:warning: override: reassigning to symbol HID_MONTEREY
arch/arm/configs/twrp_n9100_defconfig:490:warning: override: reassigning to symbol HID_MULTITOUCH
arch/arm/configs/twrp_n9100_defconfig:491:warning: override: reassigning to symbol HID_ORTEK
arch/arm/configs/twrp_n9100_defconfig:492:warning: override: reassigning to symbol HID_PANTHERLORD
arch/arm/configs/twrp_n9100_defconfig:493:warning: override: reassigning to symbol PANTHERLORD_FF
arch/arm/configs/twrp_n9100_defconfig:494:warning: override: reassigning to symbol HID_PETALYNX
arch/arm/configs/twrp_n9100_defconfig:495:warning: override: reassigning to symbol HID_PICOLCD
arch/arm/configs/twrp_n9100_defconfig:496:warning: override: reassigning to symbol HID_PRIMAX
arch/arm/configs/twrp_n9100_defconfig:497:warning: override: reassigning to symbol HID_ROCCAT
arch/arm/configs/twrp_n9100_defconfig:498:warning: override: reassigning to symbol HID_SAITEK
arch/arm/configs/twrp_n9100_defconfig:499:warning: override: reassigning to symbol HID_SAMSUNG
arch/arm/configs/twrp_n9100_defconfig:500:warning: override: reassigning to symbol HID_SYNAPTICS_BT
arch/arm/configs/twrp_n9100_defconfig:501:warning: override: reassigning to symbol HID_SONY
arch/arm/configs/twrp_n9100_defconfig:502:warning: override: reassigning to symbol HID_SPEEDLINK
arch/arm/configs/twrp_n9100_defconfig:503:warning: override: reassigning to symbol HID_SUNPLUS
arch/arm/configs/twrp_n9100_defconfig:504:warning: override: reassigning to symbol HID_GREENASIA
arch/arm/configs/twrp_n9100_defconfig:505:warning: override: reassigning to symbol HID
arch/arm/configs/twrp_n9100_defconfig:506:warning: override: reassigning to symbol HIDRAW
arch/arm/configs/twrp_n9100_defconfig:507:warning: override: reassigning to symbol HID_OVR
arch/arm/configs/twrp_n9100_defconfig:508:warning: override: reassigning to symbol GREENASIA_FF
arch/arm/configs/twrp_n9100_defconfig:509:warning: override: reassigning to symbol HID_SMARTJOYPLUS
arch/arm/configs/twrp_n9100_defconfig:510:warning: override: reassigning to symbol SMARTJOYPLUS_FF
arch/arm/configs/twrp_n9100_defconfig:511:warning: override: reassigning to symbol HID_TIVO
arch/arm/configs/twrp_n9100_defconfig:512:warning: override: reassigning to symbol HID_TOPSEED
arch/arm/configs/twrp_n9100_defconfig:513:warning: override: reassigning to symbol HID_THRUSTMASTER
arch/arm/configs/twrp_n9100_defconfig:514:warning: override: reassigning to symbol HID_WACOM
arch/arm/configs/twrp_n9100_defconfig:515:warning: override: reassigning to symbol HID_WIIMOTE
arch/arm/configs/twrp_n9100_defconfig:516:warning: override: reassigning to symbol HID_ZAGG
arch/arm/configs/twrp_n9100_defconfig:517:warning: override: reassigning to symbol HID_ZEROPLUS
arch/arm/configs/twrp_n9100_defconfig:518:warning: override: reassigning to symbol HID_ZYDACRON
arch/arm/configs/twrp_n9100_defconfig:519:warning: override: reassigning to symbol USB_HIDDEV
arch/arm/configs/twrp_n9100_defconfig:520:warning: override: reassigning to symbol USB_ANNOUNCE_NEW_DEVICES
arch/arm/configs/twrp_n9100_defconfig:521:warning: override: reassigning to symbol USB_XHCI_HCD
arch/arm/configs/twrp_n9100_defconfig:522:warning: override: reassigning to symbol USB_XHCI_MSM_HSIC
arch/arm/configs/twrp_n9100_defconfig:523:warning: override: reassigning to symbol USB_EHCI_HCD
arch/arm/configs/twrp_n9100_defconfig:524:warning: override: reassigning to symbol USB_EHCI_EHSET
arch/arm/configs/twrp_n9100_defconfig:525:warning: override: reassigning to symbol USB_ACM
arch/arm/configs/twrp_n9100_defconfig:526:warning: override: reassigning to symbol USB_STORAGE
arch/arm/configs/twrp_n9100_defconfig:527:warning: override: reassigning to symbol USB_STORAGE_DATAFAB
arch/arm/configs/twrp_n9100_defconfig:528:warning: override: reassigning to symbol USB_STORAGE_FREECOM
arch/arm/configs/twrp_n9100_defconfig:529:warning: override: reassigning to symbol USB_STORAGE_ISD200
arch/arm/configs/twrp_n9100_defconfig:530:warning: override: reassigning to symbol USB_STORAGE_USBAT
arch/arm/configs/twrp_n9100_defconfig:531:warning: override: reassigning to symbol USB_STORAGE_SDDR09
arch/arm/configs/twrp_n9100_defconfig:532:warning: override: reassigning to symbol USB_STORAGE_SDDR55
arch/arm/configs/twrp_n9100_defconfig:533:warning: override: reassigning to symbol USB_STORAGE_JUMPSHOT
arch/arm/configs/twrp_n9100_defconfig:534:warning: override: reassigning to symbol USB_STORAGE_ALAUDA
arch/arm/configs/twrp_n9100_defconfig:535:warning: override: reassigning to symbol USB_STORAGE_ONETOUCH
arch/arm/configs/twrp_n9100_defconfig:536:warning: override: reassigning to symbol USB_STORAGE_KARMA
arch/arm/configs/twrp_n9100_defconfig:537:warning: override: reassigning to symbol USB_STORAGE_CYPRESS_ATACB
arch/arm/configs/twrp_n9100_defconfig:538:warning: override: reassigning to symbol USB_STORAGE_ENE_UB6250
arch/arm/configs/twrp_n9100_defconfig:539:warning: override: reassigning to symbol USB_EHSET_TEST_FIXTURE
arch/arm/configs/twrp_n9100_defconfig:540:warning: override: reassigning to symbol USB_STORAGE_DETECT
arch/arm/configs/twrp_n9100_defconfig:541:warning: override: reassigning to symbol USB_HOST_NOTIFY
arch/arm/configs/twrp_n9100_defconfig:542:warning: override: reassigning to symbol USB_NOTIFY_LAYER
arch/arm/configs/twrp_n9100_defconfig:543:warning: override: reassigning to symbol USB_NOTIFIER
arch/arm/configs/twrp_n9100_defconfig:544:warning: override: reassigning to symbol USB_EXTERNAL_NOTIFY
arch/arm/configs/twrp_n9100_defconfig:545:warning: override: reassigning to symbol USB_SERIAL
arch/arm/configs/twrp_n9100_defconfig:546:warning: override: reassigning to symbol USB_SERIAL_CSVT
arch/arm/configs/twrp_n9100_defconfig:547:warning: override: reassigning to symbol USB_SERIAL_PL2303
arch/arm/configs/twrp_n9100_defconfig:548:warning: override: reassigning to symbol USB_QCOM_DIAG_BRIDGE
arch/arm/configs/twrp_n9100_defconfig:549:warning: override: reassigning to symbol USB_QCOM_MDM_BRIDGE
arch/arm/configs/twrp_n9100_defconfig:550:warning: override: reassigning to symbol USB_QCOM_KS_BRIDGE
arch/arm/configs/twrp_n9100_defconfig:551:warning: override: reassigning to symbol USB_QCOM_IPC_BRIDGE
arch/arm/configs/twrp_n9100_defconfig:552:warning: override: reassigning to symbol USB_PHY
arch/arm/configs/twrp_n9100_defconfig:553:warning: override: reassigning to symbol USB_GADGET
arch/arm/configs/twrp_n9100_defconfig:554:warning: override: reassigning to symbol USB_GADGET_DEBUG_FILES
arch/arm/configs/twrp_n9100_defconfig:557:warning: override: reassigning to symbol SND_RAWMIDI
arch/arm/configs/twrp_n9100_defconfig:559:warning: override: reassigning to symbol USB_CI13XXX_MSM
arch/arm/configs/twrp_n9100_defconfig:560:warning: override: reassigning to symbol USB_DWC3_MSM
arch/arm/configs/twrp_n9100_defconfig:561:warning: override: reassigning to symbol USB_G_ANDROID
arch/arm/configs/twrp_n9100_defconfig:561:warning: override: USB_G_ANDROID changes choice state
arch/arm/configs/twrp_n9100_defconfig:563:warning: override: reassigning to symbol USB_ANDROID_SAMSUNG_COMPOSITE
arch/arm/configs/twrp_n9100_defconfig:564:warning: override: reassigning to symbol USB_ANDROID_SAMSUNG_SIDESYNC
arch/arm/configs/twrp_n9100_defconfig:565:warning: override: reassigning to symbol USB_ANDROID_SAMSUNG_USB30_MENU
arch/arm/configs/twrp_n9100_defconfig:566:warning: override: reassigning to symbol USB_NCM_FOR_MIRRORLINK
arch/arm/configs/twrp_n9100_defconfig:567:warning: override: reassigning to symbol USB_DUN_SUPPORT
arch/arm/configs/twrp_n9100_defconfig:568:warning: override: reassigning to symbol USB_NCM_SUPPORT_MTU_CHANGE
arch/arm/configs/twrp_n9100_defconfig:569:warning: override: reassigning to symbol MMC
arch/arm/configs/twrp_n9100_defconfig:570:warning: override: reassigning to symbol MMC_PERF_PROFILING
arch/arm/configs/twrp_n9100_defconfig:571:warning: override: reassigning to symbol MMC_UNSAFE_RESUME
arch/arm/configs/twrp_n9100_defconfig:572:warning: override: reassigning to symbol MMC_CLKGATE
arch/arm/configs/twrp_n9100_defconfig:573:warning: override: reassigning to symbol MMC_PARANOID_SD_INIT
arch/arm/configs/twrp_n9100_defconfig:574:warning: override: reassigning to symbol MMC_BLOCK_MINORS
arch/arm/configs/twrp_n9100_defconfig:575:warning: override: reassigning to symbol MMC_BLOCK_BOUNCE
arch/arm/configs/twrp_n9100_defconfig:576:warning: override: reassigning to symbol MMC_TEST
arch/arm/configs/twrp_n9100_defconfig:577:warning: override: reassigning to symbol MMC_SUPPORT_BKOPS_MODE
arch/arm/configs/twrp_n9100_defconfig:578:warning: override: reassigning to symbol MMC_BKOPS_NODE_UID
arch/arm/configs/twrp_n9100_defconfig:579:warning: override: reassigning to symbol MMC_BKOPS_NODE_GID
arch/arm/configs/twrp_n9100_defconfig:580:warning: override: reassigning to symbol MMC_BLOCK_TEST
arch/arm/configs/twrp_n9100_defconfig:581:warning: override: reassigning to symbol MMC_BLOCK_DEFERRED_RESUME
arch/arm/configs/twrp_n9100_defconfig:582:warning: override: reassigning to symbol MMC_SDHCI
arch/arm/configs/twrp_n9100_defconfig:583:warning: override: reassigning to symbol MMC_SDHCI_PLTFM
arch/arm/configs/twrp_n9100_defconfig:584:warning: override: reassigning to symbol MMC_MSM
arch/arm/configs/twrp_n9100_defconfig:585:warning: override: reassigning to symbol MMC_SDHCI_MSM
arch/arm/configs/twrp_n9100_defconfig:586:warning: override: reassigning to symbol LEDS_QPNP
arch/arm/configs/twrp_n9100_defconfig:587:warning: override: reassigning to symbol LEDS_TRIGGERS
arch/arm/configs/twrp_n9100_defconfig:588:warning: override: reassigning to symbol LEDS_TRIGGER_BACKLIGHT
arch/arm/configs/twrp_n9100_defconfig:589:warning: override: reassigning to symbol LEDS_TRIGGER_DEFAULT_ON
arch/arm/configs/twrp_n9100_defconfig:590:warning: override: reassigning to symbol SWITCH
arch/arm/configs/twrp_n9100_defconfig:591:warning: override: reassigning to symbol RTC_CLASS
arch/arm/configs/twrp_n9100_defconfig:592:warning: override: reassigning to symbol RTC_DRV_QPNP
arch/arm/configs/twrp_n9100_defconfig:593:warning: override: reassigning to symbol ESOC
arch/arm/configs/twrp_n9100_defconfig:594:warning: override: reassigning to symbol ESOC_DEV
arch/arm/configs/twrp_n9100_defconfig:595:warning: override: reassigning to symbol ESOC_CLIENT
arch/arm/configs/twrp_n9100_defconfig:596:warning: override: reassigning to symbol ESOC_MDM_4x
arch/arm/configs/twrp_n9100_defconfig:597:warning: override: reassigning to symbol ESOC_MDM_DRV
arch/arm/configs/twrp_n9100_defconfig:598:warning: override: reassigning to symbol UIO
arch/arm/configs/twrp_n9100_defconfig:599:warning: override: reassigning to symbol UIO_MSM_SHAREDMEM
arch/arm/configs/twrp_n9100_defconfig:600:warning: override: reassigning to symbol STAGING
arch/arm/configs/twrp_n9100_defconfig:601:warning: override: reassigning to symbol ANDROID
arch/arm/configs/twrp_n9100_defconfig:602:warning: override: reassigning to symbol ANDROID_BINDER_IPC
arch/arm/configs/twrp_n9100_defconfig:603:warning: override: reassigning to symbol ASHMEM
arch/arm/configs/twrp_n9100_defconfig:604:warning: override: reassigning to symbol ANDROID_LOGGER
arch/arm/configs/twrp_n9100_defconfig:605:warning: override: reassigning to symbol ANDROID_TIMED_GPIO
arch/arm/configs/twrp_n9100_defconfig:606:warning: override: reassigning to symbol ANDROID_LOW_MEMORY_KILLER
arch/arm/configs/twrp_n9100_defconfig:607:warning: override: reassigning to symbol OOM_SCAN_WA_PREVENT_WRONG_SEARCH
arch/arm/configs/twrp_n9100_defconfig:608:warning: override: reassigning to symbol SEC_OOM_KILLER
arch/arm/configs/twrp_n9100_defconfig:609:warning: override: reassigning to symbol ANDROID_INTF_ALARM_DEV
arch/arm/configs/twrp_n9100_defconfig:610:warning: override: reassigning to symbol MSM_SSBI
arch/arm/configs/twrp_n9100_defconfig:611:warning: override: reassigning to symbol SPS
arch/arm/configs/twrp_n9100_defconfig:612:warning: override: reassigning to symbol USB_BAM
arch/arm/configs/twrp_n9100_defconfig:613:warning: override: reassigning to symbol SPS_SUPPORT_BAMDMA
arch/arm/configs/twrp_n9100_defconfig:614:warning: override: reassigning to symbol SPS_SUPPORT_NDP_BAM
arch/arm/configs/twrp_n9100_defconfig:615:warning: override: reassigning to symbol QPNP_POWER_ON
arch/arm/configs/twrp_n9100_defconfig:616:warning: override: reassigning to symbol QPNP_CLKDIV
arch/arm/configs/twrp_n9100_defconfig:617:warning: override: reassigning to symbol QPNP_USB_DETECT
arch/arm/configs/twrp_n9100_defconfig:618:warning: override: reassigning to symbol QCA1530
arch/arm/configs/twrp_n9100_defconfig:619:warning: override: reassigning to symbol REMOTE_SPINLOCK_MSM
arch/arm/configs/twrp_n9100_defconfig:620:warning: override: reassigning to symbol MSM_IOMMU_V1
arch/arm/configs/twrp_n9100_defconfig:621:warning: override: reassigning to symbol IOMMU_PGTABLES_L2
arch/arm/configs/twrp_n9100_defconfig:622:warning: override: reassigning to symbol IOMMU_LPAE
arch/arm/configs/twrp_n9100_defconfig:623:warning: override: reassigning to symbol PWM
arch/arm/configs/twrp_n9100_defconfig:624:warning: override: reassigning to symbol PWM_QPNP
arch/arm/configs/twrp_n9100_defconfig:625:warning: override: reassigning to symbol PHY_MSM_SATA
arch/arm/configs/twrp_n9100_defconfig:626:warning: override: reassigning to symbol MSM_SMEM
arch/arm/configs/twrp_n9100_defconfig:627:warning: override: reassigning to symbol MSM_SMEM_LOGGING
arch/arm/configs/twrp_n9100_defconfig:628:warning: override: reassigning to symbol EXT2_FS
arch/arm/configs/twrp_n9100_defconfig:629:warning: override: reassigning to symbol EXT2_FS_XATTR
arch/arm/configs/twrp_n9100_defconfig:630:warning: override: reassigning to symbol EXT3_FS
arch/arm/configs/twrp_n9100_defconfig:631:warning: override: reassigning to symbol EXT3_DEFAULTS_TO_ORDERED
arch/arm/configs/twrp_n9100_defconfig:632:warning: override: reassigning to symbol EXT4_FS
arch/arm/configs/twrp_n9100_defconfig:633:warning: override: reassigning to symbol EXT4_FS_SECURITY
arch/arm/configs/twrp_n9100_defconfig:634:warning: override: reassigning to symbol FUSE_FS
arch/arm/configs/twrp_n9100_defconfig:635:warning: override: reassigning to symbol MSDOS_FS
arch/arm/configs/twrp_n9100_defconfig:636:warning: override: reassigning to symbol VFAT_FS
arch/arm/configs/twrp_n9100_defconfig:637:warning: override: reassigning to symbol SDCARD_FS
arch/arm/configs/twrp_n9100_defconfig:638:warning: override: reassigning to symbol EXFAT_FS
arch/arm/configs/twrp_n9100_defconfig:639:warning: override: reassigning to symbol SCFS
arch/arm/configs/twrp_n9100_defconfig:640:warning: override: reassigning to symbol SCFS_LOWER_PAGECACHE_INVALIDATION
arch/arm/configs/twrp_n9100_defconfig:641:warning: override: reassigning to symbol CRYPTO_LZO
arch/arm/configs/twrp_n9100_defconfig:642:warning: override: reassigning to symbol TMPFS
arch/arm/configs/twrp_n9100_defconfig:643:warning: override: reassigning to symbol TMPFS_POSIX_ACL
arch/arm/configs/twrp_n9100_defconfig:644:warning: override: reassigning to symbol PSTORE
arch/arm/configs/twrp_n9100_defconfig:645:warning: override: reassigning to symbol F2FS_FS
arch/arm/configs/twrp_n9100_defconfig:646:warning: override: reassigning to symbol F2FS_FS_SECURITY
arch/arm/configs/twrp_n9100_defconfig:647:warning: override: reassigning to symbol NLS_CODEPAGE_437
arch/arm/configs/twrp_n9100_defconfig:648:warning: override: reassigning to symbol NLS_ASCII
arch/arm/configs/twrp_n9100_defconfig:649:warning: override: reassigning to symbol NLS_ISO8859_1
arch/arm/configs/twrp_n9100_defconfig:650:warning: override: reassigning to symbol PRINTK_TIME
arch/arm/configs/twrp_n9100_defconfig:651:warning: override: reassigning to symbol MAGIC_SYSRQ
arch/arm/configs/twrp_n9100_defconfig:652:warning: override: reassigning to symbol SYSRQ_SCHED_DEBUG
arch/arm/configs/twrp_n9100_defconfig:653:warning: override: reassigning to symbol PANIC_ON_RT_THROTTLING
arch/arm/configs/twrp_n9100_defconfig:654:warning: override: reassigning to symbol SCHEDSTATS
arch/arm/configs/twrp_n9100_defconfig:655:warning: override: reassigning to symbol TIMER_STATS
arch/arm/configs/twrp_n9100_defconfig:656:warning: override: reassigning to symbol DEBUG_PREEMPT
arch/arm/configs/twrp_n9100_defconfig:657:warning: override: reassigning to symbol DEBUG_INFO
arch/arm/configs/twrp_n9100_defconfig:658:warning: override: reassigning to symbol DEBUG_MEMORY_INIT
arch/arm/configs/twrp_n9100_defconfig:659:warning: override: reassigning to symbol IPC_LOGGING
arch/arm/configs/twrp_n9100_defconfig:660:warning: override: reassigning to symbol ENABLE_DEFAULT_TRACERS
arch/arm/configs/twrp_n9100_defconfig:661:warning: override: reassigning to symbol CPU_FREQ_SWITCH_PROFILER
arch/arm/configs/twrp_n9100_defconfig:662:warning: override: reassigning to symbol DYNAMIC_DEBUG
arch/arm/configs/twrp_n9100_defconfig:663:warning: override: reassigning to symbol DEBUG_USER
arch/arm/configs/twrp_n9100_defconfig:664:warning: override: reassigning to symbol PID_IN_CONTEXTIDR
arch/arm/configs/twrp_n9100_defconfig:665:warning: override: reassigning to symbol KEYS
arch/arm/configs/twrp_n9100_defconfig:666:warning: override: reassigning to symbol SECURITY
arch/arm/configs/twrp_n9100_defconfig:667:warning: override: reassigning to symbol SECURITY_NETWORK
arch/arm/configs/twrp_n9100_defconfig:668:warning: override: reassigning to symbol LSM_MMAP_MIN_ADDR
arch/arm/configs/twrp_n9100_defconfig:669:warning: override: reassigning to symbol SECURITY_SELINUX
arch/arm/configs/twrp_n9100_defconfig:670:warning: override: reassigning to symbol CRYPTO_NULL
arch/arm/configs/twrp_n9100_defconfig:671:warning: override: reassigning to symbol CRYPTO_XCBC
arch/arm/configs/twrp_n9100_defconfig:672:warning: override: reassigning to symbol CRYPTO_MD4
arch/arm/configs/twrp_n9100_defconfig:673:warning: override: reassigning to symbol CRYPTO_TWOFISH
arch/arm/configs/twrp_n9100_defconfig:674:warning: override: reassigning to symbol CRYPTO_DEV_QCRYPTO
arch/arm/configs/twrp_n9100_defconfig:675:warning: override: reassigning to symbol CRYPTO_DEV_QCE
arch/arm/configs/twrp_n9100_defconfig:676:warning: override: reassigning to symbol CRYPTO_DEV_QCEDEV
arch/arm/configs/twrp_n9100_defconfig:681:warning: override: reassigning to symbol CRYPTO
arch/arm/configs/twrp_n9100_defconfig:682:warning: override: reassigning to symbol CRYPTO_SHA1
arch/arm/configs/twrp_n9100_defconfig:683:warning: override: reassigning to symbol CRYPTO_SHA256
arch/arm/configs/twrp_n9100_defconfig:684:warning: override: reassigning to symbol CRYPTO_AES
arch/arm/configs/twrp_n9100_defconfig:685:warning: override: reassigning to symbol CRYPTO_CBC
arch/arm/configs/twrp_n9100_defconfig:686:warning: override: reassigning to symbol ECRYPT_FS
arch/arm/configs/twrp_n9100_defconfig:687:warning: override: reassigning to symbol WTL_ENCRYPTION_FILTER
arch/arm/configs/twrp_n9100_defconfig:688:warning: override: reassigning to symbol KEYS_DEBUG_PROC_KEYS
arch/arm/configs/twrp_n9100_defconfig:689:warning: override: reassigning to symbol SEC_THERMISTOR
arch/arm/configs/twrp_n9100_defconfig:690:warning: override: reassigning to symbol SND_SOC_ES705
arch/arm/configs/twrp_n9100_defconfig:692:warning: override: reassigning to symbol FW_LOADER
arch/arm/configs/twrp_n9100_defconfig:693:warning: override: reassigning to symbol FIRMWARE_IN_KERNEL
arch/arm/configs/twrp_n9100_defconfig:694:warning: override: reassigning to symbol EXTRA_FIRMWARE_DIR
arch/arm/configs/twrp_n9100_defconfig:695:warning: override: reassigning to symbol SEC_SOLUTION
arch/arm/configs/twrp_n9100_defconfig:696:warning: override: reassigning to symbol MSM_EVENT_TIMER
arch/arm/configs/twrp_n9100_defconfig:697:warning: override: reassigning to symbol CPU_FREQ_LIMIT
arch/arm/configs/twrp_n9100_defconfig:698:warning: override: reassigning to symbol CPU_FREQ_LIMIT_USERSPACE
arch/arm/configs/twrp_n9100_defconfig:699:warning: override: reassigning to symbol UID_CPUTIME
arch/arm/configs/twrp_n9100_defconfig:702:warning: override: reassigning to symbol SEC_DEBUG
arch/arm/configs/twrp_n9100_defconfig:703:warning: override: reassigning to symbol SEC_SSR_DEBUG_LEVEL_CHK
arch/arm/configs/twrp_n9100_defconfig:704:warning: override: reassigning to symbol SEC_DEBUG_SCHED_LOG
arch/arm/configs/twrp_n9100_defconfig:705:warning: override: reassigning to symbol SEC_DEBUG_IRQ_EXIT_LOG
arch/arm/configs/twrp_n9100_defconfig:706:warning: override: reassigning to symbol SEC_DEBUG_SUBSYS
arch/arm/configs/twrp_n9100_defconfig:707:warning: override: reassigning to symbol SEC_LOGGER_BUFFER_EXPANSION
arch/arm/configs/twrp_n9100_defconfig:708:warning: override: reassigning to symbol SEC_LOG_LAST_KMSG
arch/arm/configs/twrp_n9100_defconfig:709:warning: override: reassigning to symbol SEC_BSP
arch/arm/configs/twrp_n9100_defconfig:710:warning: override: reassigning to symbol LOGCAT_SIZE
arch/arm/configs/twrp_n9100_defconfig:711:warning: override: reassigning to symbol MIN_DIRTY_THRESH_PAGES
arch/arm/configs/twrp_n9100_defconfig:712:warning: override: reassigning to symbol MSM_RTB
arch/arm/configs/twrp_n9100_defconfig:713:warning: override: reassigning to symbol MSM_RTB_SEPARATE_CPUS
arch/arm/configs/twrp_n9100_defconfig:714:warning: override: reassigning to symbol TTY_WAITQUEUE_DOUBLE_CHECK
arch/arm/configs/twrp_n9100_defconfig:717:warning: override: reassigning to symbol USER_RESET_DEBUG
arch/arm/configs/twrp_n9100_defconfig:727:warning: override: reassigning to symbol CRYPTO_TEST
arch/arm/configs/twrp_n9100_defconfig:729:warning: override: reassigning to symbol CRYPTO_MANAGER_DISABLE_TESTS
arch/arm/configs/twrp_n9100_defconfig:730:warning: override: reassigning to symbol CRYPTO_ANSI_CPRNG
arch/arm/configs/twrp_n9100_defconfig:731:warning: override: reassigning to symbol CRYPTO_FIPS
arch/arm/configs/twrp_n9100_defconfig:732:warning: override: reassigning to symbol CRYPTO_SHA512
arch/arm/configs/twrp_n9100_defconfig:733:warning: override: reassigning to symbol LOG_BUF_SHIFT
arch/arm/configs/twrp_n9100_defconfig:734:warning: override: reassigning to symbol CRYPTO_DRBG_MENU
arch/arm/configs/twrp_n9100_defconfig:735:warning: override: reassigning to symbol CRYPTO_DRBG_HMAC
arch/arm/configs/twrp_n9100_defconfig:736:warning: override: reassigning to symbol CRYPTO_DRBG_HASH
arch/arm/configs/twrp_n9100_defconfig:737:warning: override: reassigning to symbol CRYPTO_DRBG_CTR
arch/arm/configs/twrp_n9100_defconfig:738:warning: override: reassigning to symbol CRYPTO_DRBG
arch/arm/configs/twrp_n9100_defconfig:740:warning: override: reassigning to symbol ARM_ERRATA_754327
arch/arm/configs/twrp_n9100_defconfig:743:warning: override: reassigning to symbol MUIC_SUPPORT_RUSTPROOF
arch/arm/configs/twrp_n9100_defconfig:744:warning: override: reassigning to symbol MOBICORE_SUPPORT
arch/arm/configs/twrp_n9100_defconfig:745:warning: override: reassigning to symbol MOBICORE_API
arch/arm/configs/twrp_n9100_defconfig:748:warning: override: reassigning to symbol SDP
arch/arm/configs/twrp_n9100_defconfig:749:warning: override: reassigning to symbol SDP_CACHE_CLEANUP
arch/arm/configs/twrp_n9100_defconfig:750:warning: override: reassigning to symbol DLP
arch/arm/configs/twrp_n9100_defconfig:752:warning: override: reassigning to symbol OF_SUBCMDLINE_PARSE
arch/arm/configs/twrp_n9100_defconfig:753:warning: override: reassigning to symbol SECCOMP
arch/arm/configs/twrp_n9100_defconfig:756:warning: override: reassigning to symbol TZ_ICCC
arch/arm/configs/twrp_n9100_defconfig:757:warning: override: reassigning to symbol SEC_TRLTE_PROJECT
arch/arm/configs/twrp_n9100_defconfig:758:warning: override: reassigning to symbol SEC_TRLTE_CHNDUOS
arch/arm/configs/twrp_n9100_defconfig:763:warning: override: reassigning to symbol RTC_AUTO_PWRON
arch/arm/configs/twrp_n9100_defconfig:764:warning: override: reassigning to symbol RTC_AUTO_PWRON_PARAM
arch/arm/configs/twrp_n9100_defconfig:769:warning: override: reassigning to symbol EXTCON
arch/arm/configs/twrp_n9100_defconfig:770:warning: override: reassigning to symbol EXTCON_MAX77828
arch/arm/configs/twrp_n9100_defconfig:771:warning: override: reassigning to symbol MFD_MAX77828
arch/arm/configs/twrp_n9100_defconfig:772:warning: override: reassigning to symbol EXTCON_MAX77843
arch/arm/configs/twrp_n9100_defconfig:773:warning: override: reassigning to symbol MFD_MAX77843
arch/arm/configs/twrp_n9100_defconfig:774:warning: override: reassigning to symbol MUIC_SUPPORT_HMT_DETECTION
arch/arm/configs/twrp_n9100_defconfig:775:warning: override: reassigning to symbol MUIC_SUPPORT_DESK_DOCK
arch/arm/configs/twrp_n9100_defconfig:776:warning: override: reassigning to symbol MUIC_SUPPORT_SMART_DOCK
arch/arm/configs/twrp_n9100_defconfig:777:warning: override: reassigning to symbol MUIC_SUPPORT_QC_CHARGER
arch/arm/configs/twrp_n9100_defconfig:778:warning: override: reassigning to symbol MOTOR_DRV_MAX77828
arch/arm/configs/twrp_n9100_defconfig:779:warning: override: reassigning to symbol MOTOR_DRV_MAX77843
arch/arm/configs/twrp_n9100_defconfig:780:warning: override: reassigning to symbol SS_VIBRATOR
arch/arm/configs/twrp_n9100_defconfig:781:warning: override: reassigning to symbol LEDS_MAX77828
arch/arm/configs/twrp_n9100_defconfig:785:warning: override: reassigning to symbol GPIO_PCAL6416A
arch/arm/configs/twrp_n9100_defconfig:790:warning: override: reassigning to symbol SENSORS_HALL
arch/arm/configs/twrp_n9100_defconfig:791:warning: override: reassigning to symbol W1
arch/arm/configs/twrp_n9100_defconfig:792:warning: override: reassigning to symbol W1_MASTER_GPIO_MSM
arch/arm/configs/twrp_n9100_defconfig:793:warning: override: reassigning to symbol W1_SLAVE_DS28EL35
arch/arm/configs/twrp_n9100_defconfig:794:warning: override: reassigning to symbol W1_WORKQUEUE
arch/arm/configs/twrp_n9100_defconfig:795:warning: override: reassigning to symbol W1_FAST_CHECK
arch/arm/configs/twrp_n9100_defconfig:796:warning: override: reassigning to symbol W1_SN
arch/arm/configs/twrp_n9100_defconfig:800:warning: override: reassigning to symbol SMB350_CHARGER
arch/arm/configs/twrp_n9100_defconfig:801:warning: override: reassigning to symbol BATTERY_BQ28400
arch/arm/configs/twrp_n9100_defconfig:803:warning: override: reassigning to symbol FUELGAUGE_DUMMY
arch/arm/configs/twrp_n9100_defconfig:807:warning: override: reassigning to symbol QPNP_CHARGER
arch/arm/configs/twrp_n9100_defconfig:808:warning: override: reassigning to symbol QPNP_BMS
arch/arm/configs/twrp_n9100_defconfig:809:warning: override: reassigning to symbol FUELGAUGE_MAX77843
arch/arm/configs/twrp_n9100_defconfig:810:warning: override: reassigning to symbol FUELGAUGE_MAX77843_COULOMB_COUNTING
arch/arm/configs/twrp_n9100_defconfig:811:warning: override: reassigning to symbol CHARGER_MAX77843
arch/arm/configs/twrp_n9100_defconfig:812:warning: override: reassigning to symbol SAMSUNG_LPM_MODE
arch/arm/configs/twrp_n9100_defconfig:813:warning: override: reassigning to symbol BATTERY_SAMSUNG
arch/arm/configs/twrp_n9100_defconfig:814:warning: override: reassigning to symbol BATTERY_SAMSUNG_DATA_FILE
arch/arm/configs/twrp_n9100_defconfig:815:warning: override: reassigning to symbol AFC_CHARGER_MODE
arch/arm/configs/twrp_n9100_defconfig:816:warning: override: reassigning to symbol BATTERY_SWELLING
arch/arm/configs/twrp_n9100_defconfig:820:warning: override: reassigning to symbol NFC_DUAL
arch/arm/configs/twrp_n9100_defconfig:821:warning: override: reassigning to symbol SEC_NFC_I2C
arch/arm/configs/twrp_n9100_defconfig:822:warning: override: reassigning to symbol SEC_NFC
arch/arm/configs/twrp_n9100_defconfig:823:warning: override: reassigning to symbol SEC_NFC_PRODUCT_N5
arch/arm/configs/twrp_n9100_defconfig:823:warning: override: SEC_NFC_PRODUCT_N5 changes choice state
arch/arm/configs/twrp_n9100_defconfig:824:warning: override: reassigning to symbol NFC_N5_8084_USE_BBCLK2
arch/arm/configs/twrp_n9100_defconfig:825:warning: override: reassigning to symbol SEC_NFC_MARGINTIME
arch/arm/configs/twrp_n9100_defconfig:826:warning: override: reassigning to symbol NFC_PN547
arch/arm/configs/twrp_n9100_defconfig:827:warning: override: reassigning to symbol NFC_PN547_8084_USE_BBCLK2
arch/arm/configs/twrp_n9100_defconfig:831:warning: override: reassigning to symbol PANEL_S6E3HA2_AMS567DJ01_WQHD
arch/arm/configs/twrp_n9100_defconfig:835:warning: override: reassigning to symbol TOUCHSCREEN_SYNAPTICS_I2C_RMI_G
arch/arm/configs/twrp_n9100_defconfig:836:warning: override: reassigning to symbol TOUCHSCREEN_STM
arch/arm/configs/twrp_n9100_defconfig:837:warning: override: reassigning to symbol KEYBOARD_CYPRESS_TOUCHKEY_T
arch/arm/configs/twrp_n9100_defconfig:838:warning: override: reassigning to symbol INPUT_WACOM
arch/arm/configs/twrp_n9100_defconfig:839:warning: override: reassigning to symbol INPUT_BOOSTER
arch/arm/configs/twrp_n9100_defconfig:840:warning: override: reassigning to symbol WACOM_LCD_FREQ_COMPENSATE
arch/arm/configs/twrp_n9100_defconfig:841:warning: override: reassigning to symbol SEC_STRING_ENABLE
arch/arm/configs/twrp_n9100_defconfig:845:warning: override: reassigning to symbol SENSORS_FINGERPRINT
arch/arm/configs/twrp_n9100_defconfig:846:warning: override: reassigning to symbol SENSORS_FINGERPRINT_SYSFS
arch/arm/configs/twrp_n9100_defconfig:847:warning: override: reassigning to symbol SENSORS_VFS61XX
arch/arm/configs/twrp_n9100_defconfig:848:warning: override: reassigning to symbol SENSORS_VFS61XX_KO
arch/arm/configs/twrp_n9100_defconfig:851:warning: override: reassigning to symbol SENSORS_SSP
arch/arm/configs/twrp_n9100_defconfig:852:warning: override: reassigning to symbol SENSORS_SYSFS
arch/arm/configs/twrp_n9100_defconfig:853:warning: override: reassigning to symbol SENSORS_SSP_ATMEL
arch/arm/configs/twrp_n9100_defconfig:854:warning: override: reassigning to symbol SENSORS_SSP_SENSORHUB
arch/arm/configs/twrp_n9100_defconfig:855:warning: override: reassigning to symbol SENSORS_SSP_FACTORY
arch/arm/configs/twrp_n9100_defconfig:856:warning: override: reassigning to symbol SENSORS_SSP_ICM20610
arch/arm/configs/twrp_n9100_defconfig:857:warning: override: reassigning to symbol SENSORS_SSP_LPS25H
arch/arm/configs/twrp_n9100_defconfig:858:warning: override: reassigning to symbol SENSORS_SSP_AK09911C
arch/arm/configs/twrp_n9100_defconfig:859:warning: override: reassigning to symbol SENSORS_SSP_TMG399X
arch/arm/configs/twrp_n9100_defconfig:860:warning: override: reassigning to symbol SENSORS_SSP_MOBEAM
arch/arm/configs/twrp_n9100_defconfig:861:warning: override: reassigning to symbol SENSORS_SSP_ATUC128L5HAR
arch/arm/configs/twrp_n9100_defconfig:862:warning: override: reassigning to symbol IIO
arch/arm/configs/twrp_n9100_defconfig:863:warning: override: reassigning to symbol IIO_BUFFER
arch/arm/configs/twrp_n9100_defconfig:864:warning: override: reassigning to symbol IIO_KFIFO_BUF
arch/arm/configs/twrp_n9100_defconfig:865:warning: override: reassigning to symbol IIO_TRIGGER
arch/arm/configs/twrp_n9100_defconfig:868:warning: override: reassigning to symbol SENSORS_MAX86902
arch/arm/configs/twrp_n9100_defconfig:869:warning: override: reassigning to symbol SENSORS_MAX_NOTCHFILTER
arch/arm/configs/twrp_n9100_defconfig:870:warning: override: reassigning to symbol SENSORS_ADPD142
arch/arm/configs/twrp_n9100_defconfig:871:warning: override: reassigning to symbol AVERAGE
arch/arm/configs/twrp_n9100_defconfig:876:warning: override: reassigning to symbol S5K2P2XX
arch/arm/configs/twrp_n9100_defconfig:877:warning: override: reassigning to symbol COMPANION
arch/arm/configs/twrp_n9100_defconfig:878:warning: override: reassigning to symbol OIS
arch/arm/configs/twrp_n9100_defconfig:879:warning: override: reassigning to symbol LEDS_MAX77828
arch/arm/configs/twrp_n9100_defconfig:880:warning: override: reassigning to symbol LEDS_MIC2873
arch/arm/configs/twrp_n9100_defconfig:883:warning: override: reassigning to symbol LEDS_MAX77828_RGB
arch/arm/configs/twrp_n9100_defconfig:884:warning: override: reassigning to symbol LEDS_MAX77843_RGB
arch/arm/configs/twrp_n9100_defconfig:886:warning: override: reassigning to symbol SEC_FPGA_ICE40XX
arch/arm/configs/twrp_n9100_defconfig:889:warning: override: reassigning to symbol SAMSUNG_JACK
arch/arm/configs/twrp_n9100_defconfig:890:warning: override: reassigning to symbol INPUT_GPIO
arch/arm/configs/twrp_n9100_defconfig:893:warning: override: reassigning to symbol SEC_MHL_SII8620
arch/arm/configs/twrp_n9100_defconfig:896:warning: override: reassigning to symbol REGULATOR_MAX77826
arch/arm/configs/twrp_n9100_defconfig:897:warning: override: reassigning to symbol REGULATOR_S2MPB01
arch/arm/configs/twrp_n9100_defconfig:900:warning: override: reassigning to symbol SWAP
arch/arm/configs/twrp_n9100_defconfig:901:warning: override: reassigning to symbol FRONTSWAP
arch/arm/configs/twrp_n9100_defconfig:902:warning: override: reassigning to symbol ZSMALLOC_NEW
arch/arm/configs/twrp_n9100_defconfig:903:warning: override: reassigning to symbol PGTABLE_MAPPING
arch/arm/configs/twrp_n9100_defconfig:904:warning: override: reassigning to symbol ZSWAP
arch/arm/configs/twrp_n9100_defconfig:905:warning: override: reassigning to symbol DIRECT_RECLAIM_FILE_PAGES_ONLY
arch/arm/configs/twrp_n9100_defconfig:906:warning: override: reassigning to symbol INCREASE_MAXIMUM_SWAPPINESS
arch/arm/configs/twrp_n9100_defconfig:907:warning: override: reassigning to symbol FIX_INACTIVE_RATIO
arch/arm/configs/twrp_n9100_defconfig:908:warning: override: reassigning to symbol TIGHT_PGDAT_BALANCE
arch/arm/configs/twrp_n9100_defconfig:909:warning: override: reassigning to symbol VNSWAP
arch/arm/configs/twrp_n9100_defconfig:910:warning: override: reassigning to symbol SWAP_ENABLE_READAHEAD
arch/arm/configs/twrp_n9100_defconfig:913:warning: override: reassigning to symbol SEC_MODEM
arch/arm/configs/twrp_n9100_defconfig:914:warning: override: reassigning to symbol GSM_MODEM_SPRD6500
arch/arm/configs/twrp_n9100_defconfig:915:warning: override: reassigning to symbol GSM_MODEM_GG_DUOS
arch/arm/configs/twrp_n9100_defconfig:916:warning: override: reassigning to symbol SEC_DUAL_MODEM_MODE
arch/arm/configs/twrp_n9100_defconfig:917:warning: override: reassigning to symbol LINK_DEVICE_SPI
arch/arm/configs/twrp_n9100_defconfig:918:warning: override: reassigning to symbol WORKQUEUE_FRONT
arch/arm/configs/twrp_n9100_defconfig:919:warning: override: reassigning to symbol SWITCH_DUAL_MODEM
arch/arm/configs/twrp_n9100_defconfig:920:warning: override: reassigning to symbol SIM_SLOT_SWITCH
arch/arm/configs/twrp_n9100_defconfig:921:warning: override: reassigning to symbol SEC_MIF_UART_SWITCH
arch/arm/configs/twrp_n9100_defconfig:924:warning: override: reassigning to symbol SND_SOC_MAX98504
arch/arm/configs/twrp_n9100_defconfig:925:warning: override: reassigning to symbol SND_SOC_MAXIM_DSM
arch/arm/configs/twrp_n9100_defconfig:927:warning: override: reassigning to symbol SND_SOC_3MIC_SUPPORT
arch/arm/configs/twrp_n9100_defconfig:929:warning: override: reassigning to symbol SND_SOC_VEQ_SUPPORT
arch/arm/configs/twrp_n9100_defconfig:933:warning: override: reassigning to symbol WLAN_REGION_CODE
arch/arm/configs/twrp_n9100_defconfig:934:warning: override: reassigning to symbol EXT2_FS_XATTR
arch/arm/configs/twrp_n9100_defconfig:935:warning: override: reassigning to symbol EXT2_FS_SECURITY
arch/arm/configs/twrp_n9100_defconfig:937:warning: override: reassigning to symbol EXT4_FS_SECURITY
arch/arm/configs/twrp_n9100_defconfig:938:warning: override: reassigning to symbol AUDIT
arch/arm/configs/twrp_n9100_defconfig:939:warning: override: reassigning to symbol AUDITSYSCALL
arch/arm/configs/twrp_n9100_defconfig:940:warning: override: reassigning to symbol SECURITY
arch/arm/configs/twrp_n9100_defconfig:941:warning: override: reassigning to symbol LSM_MMAP_MIN_ADDR
arch/arm/configs/twrp_n9100_defconfig:942:warning: override: reassigning to symbol SECURITY_NETWORK
arch/arm/configs/twrp_n9100_defconfig:943:warning: override: reassigning to symbol SECURITY_SELINUX
arch/arm/configs/twrp_n9100_defconfig:944:warning: override: reassigning to symbol SECURITY_SELINUX_DEVELOP
arch/arm/configs/twrp_n9100_defconfig:945:warning: override: reassigning to symbol SECURITY_SELINUX_AVC_STATS
arch/arm/configs/twrp_n9100_defconfig:946:warning: symbol value 'y' invalid for SECURITY_SELINUX_CHECKREQPROT_VALUE
arch/arm/configs/twrp_n9100_defconfig:947:warning: override: reassigning to symbol NETWORK_SECMARK
arch/arm/configs/twrp_n9100_defconfig:948:warning: override: reassigning to symbol NF_CONNTRACK_SECMARK
arch/arm/configs/twrp_n9100_defconfig:949:warning: override: reassigning to symbol NETFILTER_XT_TARGET_CONNSECMARK
arch/arm/configs/twrp_n9100_defconfig:950:warning: override: reassigning to symbol NETFILTER_ADVANCED
arch/arm/configs/twrp_n9100_defconfig:951:warning: override: reassigning to symbol IP_NF_SECURITY
arch/arm/configs/twrp_n9100_defconfig:952:warning: override: reassigning to symbol DEFAULT_SECURITY
arch/arm/configs/twrp_n9100_defconfig:953:warning: override: reassigning to symbol DEFAULT_SECURITY
arch/arm/configs/twrp_n9100_defconfig:954:warning: override: reassigning to symbol SDCARD_FS_XATTR
arch/arm/configs/twrp_n9100_defconfig:955:warning: override: reassigning to symbol ECRYPT_FS_VIRTUAL_FAT_XATTR
arch/arm/configs/twrp_n9100_defconfig:956:warning: override: reassigning to symbol FAT_VIRTUAL_XATTR
arch/arm/configs/twrp_n9100_defconfig:957:warning: override: reassigning to symbol EXFAT_VIRTUAL_XATTR
KCONFIG_DEBUG((null))
[36mtarget thumb C:[0m busybox <= external/busybox/coreutils/comm.c
#
# configuration written to .config
#
make[1]: Leaving directory `/builds/omni-5.1/kernel/samsung/trlteduoszh'
[36mtarget thumb C:[0m busybox <= external/busybox/coreutils/expand.c
[36mtarget thumb C:[0m busybox <= external/busybox/coreutils/sum.c
[36mtarget thumb C:[0m busybox <= external/busybox/coreutils/fsync.c
[36mtarget thumb C:[0m busybox <= external/busybox/debianutils/mktemp.c
[36mtarget thumb C:[0m busybox <= external/busybox/debianutils/run_parts.c
[36mtarget thumb C:[0m busybox <= external/busybox/debianutils/which.c
[36mtarget thumb C:[0m busybox <= external/busybox/debianutils/pipe_progress.c
[36mtarget thumb C:[0m busybox <= external/busybox/editors/awk.c
[36mtarget thumb C:[0m busybox <= external/busybox/editors/cmp.c
[36mtarget thumb C:[0m busybox <= external/busybox/editors/diff.c
[36mtarget thumb C:[0m busybox <= external/busybox/editors/ed.c
[36mtarget thumb C:[0m busybox <= external/busybox/editors/patch.c
[36mtarget thumb C:[0m busybox <= external/busybox/editors/sed.c
[36mtarget thumb C:[0m busybox <= external/busybox/editors/vi.c
[36mtarget thumb C:[0m busybox <= external/busybox/e2fsprogs/e2fs_lib.c
[36mtarget thumb C:[0m busybox <= external/busybox/e2fsprogs/chattr.c
[36mtarget thumb C:[0m busybox <= external/busybox/e2fsprogs/lsattr.c
[36mtarget thumb C:[0m busybox <= external/busybox/e2fsprogs/tune2fs.c
[36mtarget thumb C:[0m busybox <= external/busybox/findutils/find.c
[36mtarget thumb C:[0m busybox <= external/busybox/findutils/grep.c
[36mtarget thumb C:[0m busybox <= external/busybox/findutils/xargs.c
[36mtarget thumb C:[0m busybox <= external/busybox/init/halt.c
[36mtarget thumb C:[0m busybox <= external/busybox/init/mesg.c
[36mtarget thumb C:[0m busybox <= external/busybox/libbb/missing_syscalls.c
[36mtarget thumb C:[0m busybox <= external/busybox/libbb/appletlib.c
[36mtarget thumb C:[0m busybox <= external/busybox/libbb/ask_confirmation.c
[36mtarget thumb C:[0m busybox <= external/busybox/libbb/bb_askpass.c
[36mtarget thumb C:[0m busybox <= external/busybox/libbb/bb_do_delay.c
[36mtarget thumb C:[0m busybox <= external/busybox/libbb/bb_pwd.c
[36mtarget thumb C:[0m busybox <= external/busybox/libbb/bb_qsort.c
[36mtarget thumb C:[0m busybox <= external/busybox/libbb/bb_strtonum.c
[36mtarget thumb C:[0m busybox <= external/busybox/libbb/change_identity.c
[36mtarget thumb C:[0m busybox <= external/busybox/libbb/chomp.c
[36mtarget thumb C:[0m busybox <= external/busybox/libbb/compare_string_array.c
[36mtarget thumb C:[0m busybox <= external/busybox/libbb/concat_path_file.c
[36mtarget thumb C:[0m busybox <= external/busybox/libbb/concat_subpath_file.c
[36mtarget thumb C:[0m busybox <= external/busybox/libbb/copy_file.c
[36mtarget thumb C:[0m busybox <= external/busybox/libbb/copyfd.c
[36mtarget thumb C:[0m busybox <= external/busybox/libbb/crc32.c
[36mtarget thumb C:[0m busybox <= external/busybox/libbb/percent_decode.c
[36mtarget thumb C:[0m busybox <= external/busybox/libbb/default_error_retval.c
[36mtarget thumb C:[0m busybox <= external/busybox/libbb/device_open.c
[36mtarget thumb C:[0m busybox <= external/busybox/libbb/dump.c
[36mtarget thumb C:[0m busybox <= external/busybox/libbb/execable.c
[36mtarget thumb C:[0m busybox <= external/busybox/libbb/fclose_nonstdin.c
[36mtarget thumb C:[0m busybox <= external/busybox/libbb/fflush_stdout_and_exit.c
[36mtarget thumb C:[0m busybox <= external/busybox/libbb/fgets_str.c
[36mtarget thumb C:[0m busybox <= external/busybox/libbb/find_mount_point.c
[36mtarget thumb C:[0m busybox <= external/busybox/libbb/find_pid_by_name.c
[36mtarget thumb C:[0m busybox <= external/busybox/libbb/find_root_device.c
[36mtarget thumb C:[0m busybox <= external/busybox/libbb/full_write.c
[36mtarget thumb C:[0m busybox <= external/busybox/libbb/get_console.c
[36mtarget thumb C:[0m busybox <= external/busybox/libbb/get_cpu_count.c
[36mtarget thumb C:[0m busybox <= external/busybox/libbb/get_last_path_component.c
[36mtarget thumb C:[0m busybox <= external/busybox/libbb/get_line_from_file.c
[36mtarget thumb C:[0m busybox <= external/busybox/libbb/get_volsize.c
[36mtarget thumb C:[0m busybox <= external/busybox/libbb/getopt32.c
[36mtarget thumb C:[0m busybox <= external/busybox/libbb/getpty.c
[36mtarget thumb C:[0m busybox <= external/busybox/libbb/get_shell_name.c
[36mtarget thumb C:[0m busybox <= external/busybox/libbb/herror_msg.c
[36mtarget thumb C:[0m busybox <= external/busybox/libbb/human_readable.c
[36mtarget thumb C:[0m busybox <= external/busybox/libbb/inet_cksum.c
[36mtarget thumb C:[0m busybox <= external/busybox/libbb/inet_common.c
[36mtarget thumb C:[0m busybox <= external/busybox/libbb/info_msg.c
[36mtarget thumb C:[0m busybox <= external/busybox/libbb/inode_hash.c
[36mtarget thumb C:[0m busybox <= external/busybox/libbb/isdirectory.c
[36mtarget thumb C:[0m busybox <= external/busybox/libbb/kernel_version.c
[36mtarget thumb C:[0m busybox <= external/busybox/libbb/last_char_is.c
[36mtarget thumb C:[0m busybox <= external/busybox/libbb/lineedit.c
[36mtarget thumb C:[0m busybox <= external/busybox/libbb/lineedit_ptr_hack.c
[36mtarget thumb C:[0m busybox <= external/busybox/libbb/llist.c
[36mtarget thumb C:[0m busybox <= external/busybox/libbb/login.c
[36mtarget thumb C:[0m busybox <= external/busybox/libbb/loop.c
[36mtarget thumb C:[0m busybox <= external/busybox/libbb/make_directory.c
[36mtarget thumb C:[0m busybox <= external/busybox/libbb/makedev.c
[36mtarget thumb C:[0m busybox <= external/busybox/libbb/match_fstype.c
[36mtarget thumb C:[0m busybox <= external/busybox/libbb/hash_md5_sha.c
[36mtarget thumb C:[0m busybox <= external/busybox/libbb/bb_bswap_64.c
[36mtarget thumb C:[0m busybox <= external/busybox/libbb/messages.c
[36mtarget thumb C:[0m busybox <= external/busybox/libbb/mode_string.c
[36mtarget thumb C:[0m busybox <= external/busybox/libbb/mtab.c
[36mtarget thumb C:[0m busybox <= external/busybox/libbb/parse_config.c
[36mtarget thumb C:[0m busybox <= external/busybox/libbb/parse_mode.c
[36mtarget thumb C:[0m busybox <= external/busybox/libbb/perror_msg.c
[36mtarget thumb C:[0m busybox <= external/busybox/libbb/perror_nomsg.c
[36mtarget thumb C:[0m busybox <= external/busybox/libbb/perror_nomsg_and_die.c
[36mtarget thumb C:[0m busybox <= external/busybox/libbb/pidfile.c
[36mtarget thumb C:[0m busybox <= external/busybox/libbb/platform.c
[36mtarget thumb C:[0m busybox <= external/busybox/libbb/print_flags.c
[36mtarget thumb C:[0m busybox <= external/busybox/libbb/printable.c
[36mtarget thumb C:[0m busybox <= external/busybox/libbb/printable_string.c
[36mtarget thumb C:[0m busybox <= external/busybox/libbb/process_escape_sequence.c
[36mtarget thumb C:[0m busybox <= external/busybox/libbb/procps.c
[36mtarget thumb C:[0m busybox <= external/busybox/libbb/progress.c
[36mtarget thumb C:[0m busybox <= external/busybox/libbb/ptr_to_globals.c
[36mtarget thumb C:[0m busybox <= external/busybox/libbb/read.c
[36mtarget thumb C:[0m busybox <= external/busybox/libbb/read_key.c
[36mtarget thumb C:[0m busybox <= external/busybox/libbb/read_printf.c
[36mtarget thumb C:[0m busybox <= external/busybox/libbb/recursive_action.c
[36mtarget thumb C:[0m busybox <= external/busybox/libbb/remove_file.c
[36mtarget thumb C:[0m busybox <= external/busybox/libbb/rtc.c
[36mtarget thumb C:[0m busybox <= external/busybox/libbb/run_shell.c
[36mtarget thumb C:[0m busybox <= external/busybox/libbb/safe_gethostname.c
[36mtarget thumb C:[0m busybox <= external/busybox/libbb/safe_poll.c
[36mtarget thumb C:[0m busybox <= external/busybox/libbb/safe_strncpy.c
[36mtarget thumb C:[0m busybox <= external/busybox/libbb/safe_write.c
[36mtarget thumb C:[0m busybox <= external/busybox/libbb/setup_environment.c
[36mtarget thumb C:[0m busybox <= external/busybox/libbb/signals.c
[36mtarget thumb C:[0m busybox <= external/busybox/libbb/simplify_path.c
[36mtarget thumb C:[0m busybox <= external/busybox/libbb/single_argv.c
[36mtarget thumb C:[0m busybox <= external/busybox/libbb/skip_whitespace.c
[36mtarget thumb C:[0m busybox <= external/busybox/libbb/speed_table.c
[36mtarget thumb C:[0m busybox <= external/busybox/libbb/str_tolower.c
[36mtarget thumb C:[0m busybox <= external/busybox/libbb/strrstr.c
[36mtarget thumb C:[0m busybox <= external/busybox/libbb/time.c
[36mtarget thumb C:[0m busybox <= external/busybox/libbb/trim.c
[36mtarget thumb C:[0m busybox <= external/busybox/libbb/u_signal_names.c
[36mtarget thumb C:[0m busybox <= external/busybox/libbb/udp_io.c
[36mtarget thumb C:[0m busybox <= external/busybox/libbb/unicode.c
[36mtarget thumb C:[0m busybox <= external/busybox/libbb/uuencode.c
[36mtarget thumb C:[0m busybox <= external/busybox/libbb/vdprintf.c
[36mtarget thumb C:[0m busybox <= external/busybox/libbb/verror_msg.c
[36mtarget thumb C:[0m busybox <= external/busybox/libbb/vfork_daemon_rexec.c
[36mtarget thumb C:[0m busybox <= external/busybox/libbb/warn_ignoring_args.c
[36mtarget thumb C:[0m busybox <= external/busybox/libbb/wfopen.c
[36mtarget thumb C:[0m busybox <= external/busybox/libbb/wfopen_input.c
[36mtarget thumb C:[0m busybox <= external/busybox/libbb/write.c
[36mtarget thumb C:[0m busybox <= external/busybox/libbb/xatonum.c
[36mtarget thumb C:[0m busybox <= external/busybox/libbb/xconnect.c
[36mtarget thumb C:[0m busybox <= external/busybox/libbb/xfunc_die.c
[36mtarget thumb C:[0m busybox <= external/busybox/libbb/xfuncs.c
[36mtarget thumb C:[0m busybox <= external/busybox/libbb/xfuncs_printf.c
external/busybox/libbb/xconnect.c: In function 'get_sock_lsa':
external/busybox/libbb/xconnect.c:72:2: warning: passing argument 2 of 'get_lsa' from incompatible pointer type [enabled by default]
  return get_lsa(fd, getsockname);
  ^
external/busybox/libbb/xconnect.c:51:26: note: expected 'int (*)(int,  struct sockaddr *, bb_socklen_t *)' but argument is of type 'int (*)(int,  struct sockaddr *, socklen_t *)'
 static len_and_sockaddr* get_lsa(int fd, int (*get_name)(int fd, struct sockaddr *addr, socklen_t *addrlen))
                          ^
external/busybox/libbb/xconnect.c: In function 'get_peer_lsa':
external/busybox/libbb/xconnect.c:77:2: warning: passing argument 2 of 'get_lsa' from incompatible pointer type [enabled by default]
  return get_lsa(fd, getpeername);
  ^
external/busybox/libbb/xconnect.c:51:26: note: expected 'int (*)(int,  struct sockaddr *, bb_socklen_t *)' but argument is of type 'int (*)(int,  struct sockaddr *, socklen_t *)'
 static len_and_sockaddr* get_lsa(int fd, int (*get_name)(int fd, struct sockaddr *addr, socklen_t *addrlen))
                          ^
[36mtarget thumb C:[0m busybox <= external/busybox/libbb/xgetcwd.c
[36mtarget thumb C:[0m busybox <= external/busybox/libbb/xgethostbyname.c
[36mtarget thumb C:[0m busybox <= external/busybox/libbb/xreadlink.c
[36mtarget thumb C:[0m busybox <= external/busybox/libbb/xrealloc_vector.c
[36mtarget thumb C:[0m busybox <= external/busybox/libbb/xregcomp.c
[36mtarget thumb C:[0m busybox <= external/busybox/libbb/endofname.c
[36mtarget thumb C:[0m busybox <= external/busybox/libbb/in_ether.c
[36mtarget thumb C:[0m busybox <= external/busybox/libbb/nuke_str.c
[36mtarget thumb C:[0m busybox <= external/busybox/libpwdgrp/uidgid_get.c
[36mtarget thumb C:[0m busybox <= external/busybox/miscutils/adjtimex.c
[36mtarget thumb C:[0m busybox <= external/busybox/miscutils/bbconfig.c
[36mtarget thumb C:[0m busybox <= external/busybox/miscutils/crond.c
[36mtarget thumb C:[0m busybox <= external/busybox/miscutils/crontab.c
[36mtarget thumb C:[0m busybox <= external/busybox/miscutils/dc.c
[36mtarget thumb C:[0m busybox <= external/busybox/miscutils/devmem.c
[36mtarget thumb C:[0m busybox <= external/busybox/miscutils/less.c
[36mtarget thumb C:[0m busybox <= external/busybox/miscutils/man.c
[36mtarget thumb C:[0m busybox <= external/busybox/miscutils/fbsplash.c
[36mtarget thumb C:[0m busybox <= external/busybox/miscutils/flash_lock_unlock.c
[36mtarget thumb C:[0m busybox <= external/busybox/miscutils/flashcp.c
[36mtarget thumb C:[0m busybox <= external/busybox/miscutils/mountpoint.c
[36mtarget thumb C:[0m busybox <= external/busybox/miscutils/nandwrite.c
[36mtarget thumb C:[0m busybox <= external/busybox/miscutils/rx.c
[36mtarget thumb C:[0m busybox <= external/busybox/miscutils/setserial.c
[36mtarget thumb C:[0m busybox <= external/busybox/miscutils/setsid.c
[36mtarget thumb C:[0m busybox <= external/busybox/miscutils/strings.c
[36mtarget thumb C:[0m busybox <= external/busybox/miscutils/taskset.c
[36mtarget thumb C:[0m busybox <= external/busybox/miscutils/time.c
[36mtarget thumb C:[0m busybox <= external/busybox/miscutils/timeout.c
[36mtarget thumb C:[0m busybox <= external/busybox/miscutils/ttysize.c
[36mtarget thumb C:[0m busybox <= external/busybox/miscutils/ionice.c
[36mtarget thumb C:[0m busybox <= external/busybox/modutils/modinfo.c
[36mtarget thumb C:[0m busybox <= external/busybox/modutils/modprobe-small.c
[36mtarget thumb C:[0m busybox <= external/busybox/modutils/modutils.c
[36mtarget thumb C:[0m busybox <= external/busybox/modutils/lsmod.c
[36mtarget thumb C:[0m busybox <= external/busybox/modutils/depmod.c
[36mtarget thumb C:[0m busybox <= external/busybox/modutils/rmmod.c
[36mtarget thumb C:[0m busybox <= external/busybox/modutils/insmod.c
[36mtarget thumb C:[0m busybox <= external/busybox/networking/arp.c
[36mtarget thumb C:[0m busybox <= external/busybox/networking/brctl.c
[36mtarget thumb C:[0m busybox <= external/busybox/networking/dnsd.c
[36mtarget thumb C:[0m busybox <= external/busybox/networking/ifconfig.c
[36mtarget thumb C:[0m busybox <= external/busybox/networking/inetd.c
[36mtarget thumb C:[0m busybox <= external/busybox/networking/interface.c
[36mtarget thumb C:[0m busybox <= external/busybox/networking/ip.c
[36mtarget thumb C:[0m busybox <= external/busybox/networking/nc.c
external/busybox/networking/inetd.c: In function 'inetd_main':
external/busybox/networking/inetd.c:1391:6: warning: pointer targets in passing argument 6 of 'recvfrom' differ in signedness [-Wpointer-sign]
      &lsa->u.sa, &lsa->len);
      ^
In file included from external/busybox/networking/inetd.c:169:0:
bionic/libc/include/sys/socket.h:301:9: note: expected 'socklen_t *' but argument is of type 'bb_socklen_t *'
 ssize_t recvfrom(int fd, void* buf, size_t len, int flags, const struct sockaddr* src_addr, socklen_t* addr_len) {
         ^
external/busybox/networking/inetd.c: In function 'echo_dg':
external/busybox/networking/inetd.c:1500:2: warning: pointer targets in passing argument 6 of 'recvfrom' differ in signedness [-Wpointer-sign]
  sz = recvfrom(s, buf, BUFSIZE, MSG_DONTWAIT, &lsa->u.sa, &lsa->len);
  ^
In file included from external/busybox/networking/inetd.c:169:0:
bionic/libc/include/sys/socket.h:301:9: note: expected 'socklen_t *' but argument is of type 'bb_socklen_t *'
 ssize_t recvfrom(int fd, void* buf, size_t len, int flags, const struct sockaddr* src_addr, socklen_t* addr_len) {
         ^
external/busybox/networking/inetd.c: In function 'machtime_dg':
external/busybox/networking/inetd.c:330:21: warning: pointer targets in passing argument 6 of 'recvfrom' differ in signedness [-Wpointer-sign]
 #define G (*(struct globals*)&bb_common_bufsiz1)
                     ^
external/busybox/networking/inetd.c:353:26: note: in expansion of macro 'G'
 #define line            (G.line           )
                          ^
external/busybox/networking/inetd.c:1640:18: note: in expansion of macro 'line'
  if (recvfrom(s, line, LINE_SIZE, MSG_DONTWAIT, &lsa->u.sa, &lsa->len) < 0)
                  ^
In file included from external/busybox/networking/inetd.c:169:0:
bionic/libc/include/sys/socket.h:301:9: note: expected 'socklen_t *' but argument is of type 'bb_socklen_t *'
 ssize_t recvfrom(int fd, void* buf, size_t len, int flags, const struct sockaddr* src_addr, socklen_t* addr_len) {
         ^
external/busybox/networking/inetd.c: In function 'daytime_dg':
external/busybox/networking/inetd.c:330:21: warning: pointer targets in passing argument 6 of 'recvfrom' differ in signedness [-Wpointer-sign]
 #define G (*(struct globals*)&bb_common_bufsiz1)
                     ^
external/busybox/networking/inetd.c:353:26: note: in expansion of macro 'G'
 #define line            (G.line           )
                          ^
external/busybox/networking/inetd.c:1665:18: note: in expansion of macro 'line'
  if (recvfrom(s, line, LINE_SIZE, MSG_DONTWAIT, &lsa->u.sa, &lsa->len) < 0)
                  ^
In file included from external/busybox/networking/inetd.c:169:0:
bionic/libc/include/sys/socket.h:301:9: note: expected 'socklen_t *' but argument is of type 'bb_socklen_t *'
 ssize_t recvfrom(int fd, void* buf, size_t len, int flags, const struct sockaddr* src_addr, socklen_t* addr_len) {
         ^
[36mtarget thumb C:[0m busybox <= external/busybox/networking/netstat.c
[36mtarget thumb C:[0m busybox <= external/busybox/networking/ntpd.c
[36mtarget thumb C:[0m busybox <= external/busybox/networking/ping.c
[36mtarget thumb C:[0m busybox <= external/busybox/networking/route.c
[36mtarget thumb C:[0m busybox <= external/busybox/networking/telnet.c
[36mtarget thumb C:[0m busybox <= external/busybox/networking/telnetd.c
external/busybox/networking/ping.c: In function 'ping4':
external/busybox/networking/ping.c:732:13: warning: pointer targets in passing argument 6 of 'recvfrom' differ in signedness [-Wpointer-sign]
     (struct sockaddr *) &from, &fromlen);
             ^
In file included from bionic/libc/include/net/if.h:29:0,
                 from external/busybox/networking/ping.c:28:
bionic/libc/include/sys/socket.h:301:9: note: expected 'socklen_t *' but argument is of type 'bb_socklen_t *'
 ssize_t recvfrom(int fd, void* buf, size_t len, int flags, const struct sockaddr* src_addr, socklen_t* addr_len) {
         ^
[36mtarget thumb C:[0m busybox <= external/busybox/networking/tftp.c
[36mtarget thumb C:[0m busybox <= external/busybox/networking/traceroute.c
[36mtarget thumb C:[0m busybox <= external/busybox/networking/wget.c
[36mtarget thumb C:[0m busybox <= external/busybox/networking/libiproute/ip_parse_common_args.c
external/busybox/networking/tftp.c: In function 'tftp_protocol':
external/busybox/networking/tftp.c:512:7: warning: pointer targets in passing argument 6 of 'recvfrom' differ in signedness [-Wpointer-sign]
       &peer_lsa->u.sa, &peer_lsa->len);
       ^
In file included from bionic/libc/include/netdb.h:66:0,
                 from external/busybox/include/libbb.h:33,
                 from external/busybox/networking/tftp.c:53:
bionic/libc/include/sys/socket.h:301:9: note: expected 'socklen_t *' but argument is of type 'bb_socklen_t *'
 ssize_t recvfrom(int fd, void* buf, size_t len, int flags, const struct sockaddr* src_addr, socklen_t* addr_len) {
         ^
[36mtarget thumb C:[0m busybox <= external/busybox/networking/libiproute/ipaddress.c
[36mtarget thumb C:[0m busybox <= external/busybox/networking/libiproute/iplink.c
[36mtarget thumb C:[0m busybox <= external/busybox/networking/libiproute/iproute.c
[36mtarget thumb C:[0m busybox <= external/busybox/networking/libiproute/iprule.c
external/busybox/networking/libiproute/iplink.c: In function 'get_address':
external/busybox/networking/libiproute/iplink.c:141:25: warning: pointer targets in passing argument 3 of 'getsockname' differ in signedness [-Wpointer-sign]
  getsockname(s, (struct sockaddr*)&me, &alen);
                         ^
In file included from bionic/libc/include/net/if.h:29:0,
                 from external/busybox/networking/libiproute/iplink.c:8:
bionic/libc/include/sys/socket.h:276:18: note: expected 'socklen_t *' but argument is of type 'bb_socklen_t *'
 __socketcall int getsockname(int, struct sockaddr*, socklen_t*);
                  ^
[36mtarget thumb C:[0m busybox <= external/busybox/networking/libiproute/libnetlink.c
[36mtarget thumb C:[0m busybox <= external/busybox/networking/libiproute/ll_addr.c
[36mtarget thumb C:[0m busybox <= external/busybox/networking/libiproute/ll_map.c
[36mtarget thumb C:[0m busybox <= external/busybox/networking/libiproute/ll_proto.c
external/busybox/networking/libiproute/libnetlink.c: In function 'xrtnl_open':
external/busybox/networking/libiproute/libnetlink.c:28:31: warning: pointer targets in passing argument 3 of 'getsockname' differ in signedness [-Wpointer-sign]
  getsockname(rth->fd, (struct sockaddr*)&rth->local, &addr_len);
                               ^
In file included from external/busybox/networking/libiproute/libnetlink.c:11:0:
bionic/libc/include/sys/socket.h:276:18: note: expected 'socklen_t *' but argument is of type 'bb_socklen_t *'
 __socketcall int getsockname(int, struct sockaddr*, socklen_t*);
                  ^
[36mtarget thumb C:[0m busybox <= external/busybox/networking/libiproute/ll_types.c
[36mtarget thumb C:[0m busybox <= external/busybox/networking/libiproute/rt_names.c
[36mtarget thumb C:[0m busybox <= external/busybox/networking/libiproute/rtm_map.c
[36mtarget thumb C:[0m busybox <= external/busybox/networking/libiproute/utils.c
[36mtarget thumb C:[0m busybox <= external/busybox/networking/nbd-client.c
[36mtarget thumb C:[0m busybox <= external/busybox/networking/ifupdown.c
[36mtarget thumb C:[0m busybox <= external/busybox/networking/ftpgetput.c
[36mtarget thumb C:[0m busybox <= external/busybox/networking/nslookup.c
[36mtarget thumb C:[0m busybox <= external/busybox/procps/free.c
[36mtarget thumb C:[0m busybox <= external/busybox/procps/fuser.c
[36mtarget thumb C:[0m busybox <= external/busybox/procps/kill.c
[36mtarget thumb C:[0m busybox <= external/busybox/procps/pgrep.c
[36mtarget thumb C:[0m busybox <= external/busybox/procps/pidof.c
[36mtarget thumb C:[0m busybox <= external/busybox/procps/ps.c
[36mtarget thumb C:[0m busybox <= external/busybox/procps/renice.c
[36mtarget thumb C:[0m busybox <= external/busybox/procps/sysctl.c
[36mtarget thumb C:[0m busybox <= external/busybox/procps/top.c
[36mtarget thumb C:[0m busybox <= external/busybox/procps/uptime.c
[36mtarget thumb C:[0m busybox <= external/busybox/procps/watch.c
[36mtarget thumb C:[0m busybox <= external/busybox/procps/pmap.c
[36mtarget thumb C:[0m busybox <= external/busybox/procps/iostat.c
[36mtarget thumb C:[0m busybox <= external/busybox/procps/mpstat.c
[36mtarget thumb C:[0m busybox <= external/busybox/procps/lsof.c
[36mtarget thumb C:[0m busybox <= external/busybox/procps/nmeter.c
[36mtarget thumb C:[0m busybox <= external/busybox/procps/pstree.c
[36mtarget thumb C:[0m busybox <= external/busybox/procps/pwdx.c
[36mtarget thumb C:[0m busybox <= external/busybox/procps/smemcap.c
[36mtarget thumb C:[0m busybox <= external/busybox/shell/ash.c
[36mtarget thumb C:[0m busybox <= external/busybox/shell/ash_ptr_hack.c
[36mtarget thumb C:[0m busybox <= external/busybox/shell/math.c
[36mtarget thumb C:[0m busybox <= external/busybox/shell/random.c
[36mtarget thumb C:[0m busybox <= external/busybox/shell/shell_common.c
[36mtarget thumb C:[0m busybox <= external/busybox/libbb/selinux_common.c
[36mtarget thumb C:[0m busybox <= external/busybox/android/selinux/matchpathcon.c
[36mtarget thumb C:[0m busybox <= external/busybox/android/selinux/stubs.c
[36mtarget thumb C:[0m busybox <= external/busybox/selinux/chcon.c
[36mtarget thumb C:[0m busybox <= external/busybox/selinux/selinuxenabled.c
[36mtarget thumb C:[0m busybox <= external/busybox/selinux/getenforce.c
[36mtarget thumb C:[0m busybox <= external/busybox/selinux/sestatus.c
[36mtarget thumb C:[0m busybox <= external/busybox/selinux/setsebool.c
[36mtarget thumb C:[0m busybox <= external/busybox/selinux/getsebool.c
[36mtarget thumb C:[0m busybox <= external/busybox/selinux/runcon.c
[36mtarget thumb C:[0m busybox <= external/busybox/selinux/setenforce.c
[36mtarget thumb C:[0m busybox <= external/busybox/selinux/setfiles.c
[36mtarget thumb C:[0m busybox <= external/busybox/selinux/matchpathcon.c
[36mtarget thumb C:[0m busybox <= external/busybox/util-linux/blkid.c
[36mtarget thumb C:[0m busybox <= external/busybox/util-linux/blockdev.c
[36mtarget thumb C:[0m busybox <= external/busybox/util-linux/dmesg.c
[36mtarget thumb C:[0m busybox <= external/busybox/util-linux/fdisk.c
[36mtarget thumb C:[0m busybox <= external/busybox/util-linux/findfs.c
[36mtarget thumb C:[0m busybox <= external/busybox/util-linux/flock.c
[36mtarget thumb C:[0m busybox <= external/busybox/util-linux/freeramdisk.c
[36mtarget thumb C:[0m busybox <= external/busybox/util-linux/fstrim.c
[36mtarget thumb C:[0m busybox <= external/busybox/util-linux/getopt.c
[36mtarget thumb C:[0m busybox <= external/busybox/util-linux/hexdump.c
[36mtarget thumb C:[0m busybox <= external/busybox/util-linux/hwclock.c
[36mtarget thumb C:[0m busybox <= external/busybox/util-linux/losetup.c
[36mtarget thumb C:[0m busybox <= external/busybox/util-linux/lspci.c
[36mtarget thumb C:[0m busybox <= external/busybox/util-linux/lsusb.c
[36mtarget thumb C:[0m busybox <= external/busybox/util-linux/mkfs_ext2.c
[36mtarget thumb C:[0m busybox <= external/busybox/util-linux/mkfs_vfat.c
[36mtarget thumb C:[0m busybox <= external/busybox/util-linux/mkswap.c
[36mtarget thumb C:[0m busybox <= external/busybox/util-linux/more.c
[36mtarget thumb C:[0m busybox <= external/busybox/util-linux/mount.c
[36mtarget thumb C:[0m busybox <= external/busybox/util-linux/rdate.c
[36mtarget thumb C:[0m busybox <= external/busybox/util-linux/rdev.c
[36mtarget thumb C:[0m busybox <= external/busybox/util-linux/rev.c
[36mtarget thumb C:[0m busybox <= external/busybox/util-linux/swaponoff.c
[36mtarget thumb C:[0m busybox <= external/busybox/util-linux/switch_root.c
[36mtarget thumb C:[0m busybox <= external/busybox/util-linux/umount.c
[36mtarget thumb C:[0m busybox <= external/busybox/util-linux/volume_id/get_devname.c
[36mtarget thumb C:[0m busybox <= external/busybox/util-linux/volume_id/volume_id.c
[36mtarget thumb C:[0m busybox <= external/busybox/util-linux/volume_id/util.c
[36mtarget thumb C:[0m busybox <= external/busybox/util-linux/volume_id/ext.c
[36mtarget thumb C:[0m busybox <= external/busybox/util-linux/volume_id/fat.c
[36mtarget thumb C:[0m busybox <= external/busybox/util-linux/volume_id/iso9660.c
[36mtarget thumb C:[0m busybox <= external/busybox/util-linux/volume_id/ntfs.c
[36mtarget thumb C:[0m busybox <= external/busybox/util-linux/volume_id/linux_swap.c
[36mtarget thumb C:[0m busybox <= external/busybox/util-linux/volume_id/exfat.c
[36mtarget thumb C:[0m busybox <= external/busybox/util-linux/volume_id/squashfs.c
[36mtarget thumb C:[0m busybox <= external/busybox/util-linux/volume_id/f2fs.c
[36mtarget thumb C:[0m busybox <= external/busybox/android/libc/mktemp.c
[36mtarget thumb C:[0m busybox <= external/busybox/android/libc/pty.c
[36mtarget thumb C:[0m busybox <= external/busybox/android/android.c
[36mtarget StaticLib:[0m libclearsilverregex (/builds/out/target/product/trlteduoszh/obj/STATIC_LIBRARIES/libclearsilverregex_intermediates/libclearsilverregex.a)
[36mtarget StaticLib:[0m libuclibcrpc (/builds/out/target/product/trlteduoszh/obj/STATIC_LIBRARIES/libuclibcrpc_intermediates/libuclibcrpc.a)
[36mtarget thumb C:[0m libselinux <= external/libselinux/src/booleans.c
[36mtarget thumb C:[0m libselinux <= external/libselinux/src/canonicalize_context.c
[36mtarget thumb C:[0m libselinux <= external/libselinux/src/disable.c
[36mtarget thumb C:[0m libselinux <= external/libselinux/src/enabled.c
[36mtarget thumb C:[0m libselinux <= external/libselinux/src/fgetfilecon.c
[36mtarget thumb C:[0m libselinux <= external/libselinux/src/fsetfilecon.c
[36mtarget thumb C:[0m libselinux <= external/libselinux/src/getenforce.c
[36mtarget thumb C:[0m libselinux <= external/libselinux/src/getfilecon.c
[36mtarget thumb C:[0m libselinux <= external/libselinux/src/getpeercon.c
[36mtarget thumb C:[0m libselinux <= external/libselinux/src/lgetfilecon.c
[36mtarget thumb C:[0m libselinux <= external/libselinux/src/load_policy.c
[36mtarget thumb C:[0m libselinux <= external/libselinux/src/lsetfilecon.c
[36mtarget thumb C:[0m libselinux <= external/libselinux/src/policyvers.c
[36mtarget thumb C:[0m libselinux <= external/libselinux/src/procattr.c
[36mtarget thumb C:[0m libselinux <= external/libselinux/src/setenforce.c
[36mtarget thumb C:[0m libselinux <= external/libselinux/src/setfilecon.c
[36mtarget thumb C:[0m libselinux <= external/libselinux/src/context.c
[36mtarget thumb C:[0m libselinux <= external/libselinux/src/mapping.c
[36mtarget thumb C:[0m libselinux <= external/libselinux/src/stringrep.c
[36mtarget thumb C:[0m libselinux <= external/libselinux/src/compute_create.c
[36mtarget thumb C:[0m libselinux <= external/libselinux/src/compute_av.c
[36mtarget thumb C:[0m libselinux <= external/libselinux/src/avc.c
[36mtarget thumb C:[0m libselinux <= external/libselinux/src/avc_internal.c
[36mtarget thumb C:[0m libselinux <= external/libselinux/src/avc_sidtab.c
[36mtarget thumb C:[0m libselinux <= external/libselinux/src/get_initial_context.c
[36mtarget thumb C:[0m libselinux <= external/libselinux/src/checkAccess.c
[36mtarget thumb C:[0m libselinux <= external/libselinux/src/sestatus.c
[36mtarget thumb C:[0m libselinux <= external/libselinux/src/deny_unknown.c
[36mtarget thumb C:[0m libselinux <= external/libselinux/src/callbacks.c
[36mtarget thumb C:[0m libselinux <= external/libselinux/src/check_context.c
[36mtarget thumb C:[0m libselinux <= external/libselinux/src/freecon.c
[36mtarget thumb C:[0m libselinux <= external/libselinux/src/init.c
[36mtarget thumb C:[0m libselinux <= external/libselinux/src/label.c
[36mtarget thumb C:[0m libselinux <= external/libselinux/src/label_file.c
[36mtarget thumb C:[0m libselinux <= external/libselinux/src/label_android_property.c
[36mtarget thumb C:[0m libselinux <= external/libselinux/src/android.c
[36mtarget thumb C:[0m e2fsck <= external/e2fsprogs/e2fsck/crc32.c
[36mtarget StaticLib:[0m libpcre (/builds/out/target/product/trlteduoszh/obj/STATIC_LIBRARIES/libpcre_intermediates/libpcre.a)
[36mtarget thumb C:[0m e2fsck <= external/e2fsprogs/e2fsck/e2fsck.c
[36mtarget thumb C:[0m e2fsck <= external/e2fsprogs/e2fsck/dict.c
[36mtarget thumb C:[0m e2fsck <= external/e2fsprogs/e2fsck/super.c
external/e2fsprogs/e2fsck/dict.c:21:0: warning: "NDEBUG" redefined [enabled by default]
 #define NDEBUG
 ^
<command-line>:0:0: note: this is the location of the previous definition
[36mtarget thumb C:[0m e2fsck <= external/e2fsprogs/e2fsck/pass1.c
external/e2fsprogs/e2fsck/super.c: In function 'check_super_value':
external/e2fsprogs/e2fsck/super.c:34:52: warning: suggest parentheses around comparison in operand of '&' [-Wparentheses]
      ((flags & LOG2_CHECK) && (value & (value - 1) != 0))) {
                                                    ^
external/e2fsprogs/e2fsck/super.c: In function 'e2fsck_fix_dirhash_hint':
external/e2fsprogs/e2fsck/super.c:454:8: warning: comparison is always false due to limited range of data type [-Wtype-limits]
   if (((int) c) == -1) {
        ^
[36mtarget thumb C:[0m e2fsck <= external/e2fsprogs/e2fsck/pass1b.c
[36mtarget thumb C:[0m e2fsck <= external/e2fsprogs/e2fsck/pass2.c
[36mtarget thumb C:[0m e2fsck <= external/e2fsprogs/e2fsck/pass3.c
external/e2fsprogs/e2fsck/pass1.c: In function 'scan_extent_node':
external/e2fsprogs/e2fsck/pass1.c:1803:37: warning: comparison between signed and unsigned integer expressions [-Wsign-compare]
     ((extent.e_lblk + extent.e_len) >
                                     ^
external/e2fsprogs/e2fsck/pass2.c: In function 'salvage_directory':
external/e2fsprogs/e2fsck/pass2.c:672:38: warning: comparison between signed and unsigned integer expressions [-Wsign-compare]
      strnlen(dirent->name, name_len) == name_len) {
                                      ^
[36mtarget thumb C:[0m e2fsck <= external/e2fsprogs/e2fsck/pass4.c
[36mtarget thumb C:[0m e2fsck <= external/e2fsprogs/e2fsck/pass5.c
[36mtarget thumb C:[0m e2fsck <= external/e2fsprogs/e2fsck/logfile.c
[36mtarget thumb C:[0m e2fsck <= external/e2fsprogs/e2fsck/journal.c
external/e2fsprogs/e2fsck/pass5.c: In function 'check_block_bitmaps':
external/e2fsprogs/e2fsck/pass5.c:286:14: warning: comparison between signed and unsigned integer expressions [-Wsign-compare]
       (group == (int)fs->group_desc_count - 1) ||
              ^
external/e2fsprogs/e2fsck/pass5.c:331:15: warning: comparison between signed and unsigned integer expressions [-Wsign-compare]
     if (group == (int)fs->group_desc_count - 1)
               ^
[36mtarget thumb C:[0m e2fsck <= external/e2fsprogs/e2fsck/recovery.c
[36mtarget thumb C:[0m e2fsck <= external/e2fsprogs/e2fsck/revoke.c
[36mtarget thumb C:[0m e2fsck <= external/e2fsprogs/e2fsck/badblocks.c
[36mtarget thumb C:[0m e2fsck <= external/e2fsprogs/e2fsck/util.c
[36mtarget thumb C:[0m e2fsck <= external/e2fsprogs/e2fsck/unix.c
[36mtarget thumb C:[0m e2fsck <= external/e2fsprogs/e2fsck/dirinfo.c
[36mtarget thumb C:[0m e2fsck <= external/e2fsprogs/e2fsck/dx_dirinfo.c
[36mtarget thumb C:[0m e2fsck <= external/e2fsprogs/e2fsck/ehandler.c
[36mtarget thumb C:[0m e2fsck <= external/e2fsprogs/e2fsck/problem.c
[36mtarget thumb C:[0m e2fsck <= external/e2fsprogs/e2fsck/message.c
[36mtarget thumb C:[0m e2fsck <= external/e2fsprogs/e2fsck/ea_refcount.c
external/e2fsprogs/e2fsck/problem.c:107:4: warning: missing initializer for field 'second_code' of 'struct e2fsck_problem' [-Wmissing-field-initializers]
    PROMPT_RELOCATE, PR_LATCH_RELOC },
    ^
In file included from external/e2fsprogs/e2fsck/problem.c:21:0:
external/e2fsprogs/e2fsck/problemP.h:17:12: note: 'second_code' declared here
  problem_t second_code;
            ^
external/e2fsprogs/e2fsck/problem.c:111:4: warning: missing initializer for field 'second_code' of 'struct e2fsck_problem' [-Wmissing-field-initializers]
    PROMPT_RELOCATE, PR_LATCH_RELOC },
    ^
In file included from external/e2fsprogs/e2fsck/problem.c:21:0:
external/e2fsprogs/e2fsck/problemP.h:17:12: note: 'second_code' declared here
  problem_t second_code;
            ^
external/e2fsprogs/e2fsck/problem.c:117:4: warning: missing initializer for field 'second_code' of 'struct e2fsck_problem' [-Wmissing-field-initializers]
    PROMPT_RELOCATE, PR_LATCH_RELOC },
    ^
In file included from external/e2fsprogs/e2fsck/problem.c:21:0:
external/e2fsprogs/e2fsck/problemP.h:17:12: note: 'second_code' declared here
  problem_t second_code;
            ^
external/e2fsprogs/e2fsck/problem.c:126:4: warning: missing initializer for field 'second_code' of 'struct e2fsck_problem' [-Wmissing-field-initializers]
    PROMPT_NONE, PR_FATAL },
    ^
In file included from external/e2fsprogs/e2fsck/problem.c:21:0:
external/e2fsprogs/e2fsck/problemP.h:17:12: note: 'second_code' declared here
  problem_t second_code;
            ^
external/e2fsprogs/e2fsck/problem.c:133:4: warning: missing initializer for field 'second_code' of 'struct e2fsck_problem' [-Wmissing-field-initializers]
    PROMPT_ABORT, 0 },
    ^
In file included from external/e2fsprogs/e2fsck/problem.c:21:0:
external/e2fsprogs/e2fsck/problemP.h:17:12: note: 'second_code' declared here
  problem_t second_code;
            ^
external/e2fsprogs/e2fsck/problem.c:140:4: warning: missing initializer for field 'second_code' of 'struct e2fsck_problem' [-Wmissing-field-initializers]
    PROMPT_NONE, PR_FATAL },
    ^
In file included from external/e2fsprogs/e2fsck/problem.c:21:0:
external/e2fsprogs/e2fsck/problemP.h:17:12: note: 'second_code' declared here
  problem_t second_code;
            ^
external/e2fsprogs/e2fsck/problem.c:145:4: warning: missing initializer for field 'count' of 'struct e2fsck_problem' [-Wmissing-field-initializers]
    PROMPT_NONE, PR_AFTER_CODE, PR_0_SB_CORRUPT },
    ^
In file included from external/e2fsprogs/e2fsck/problem.c:21:0:
external/e2fsprogs/e2fsck/problemP.h:18:7: note: 'count' declared here
  int  count;
       ^
external/e2fsprogs/e2fsck/problem.c:150:4: warning: missing initializer for field 'count' of 'struct e2fsck_problem' [-Wmissing-field-initializers]
    PROMPT_NONE, PR_AFTER_CODE, PR_0_SB_CORRUPT },
    ^
In file included from external/e2fsprogs/e2fsck/problem.c:21:0:
external/e2fsprogs/e2fsck/problemP.h:18:7: note: 'count' declared here
  int  count;
       ^
external/e2fsprogs/e2fsck/problem.c:155:4: warning: missing initializer for field 'second_code' of 'struct e2fsck_problem' [-Wmissing-field-initializers]
    PROMPT_NONE, 0 },
    ^
In file included from external/e2fsprogs/e2fsck/problem.c:21:0:
external/e2fsprogs/e2fsck/problemP.h:17:12: note: 'second_code' declared here
  problem_t second_code;
            ^
external/e2fsprogs/e2fsck/problem.c:164:4: warning: missing initializer for field 'second_code' of 'struct e2fsck_problem' [-Wmissing-field-initializers]
    PROMPT_NONE, PR_PREEN_OK | PR_NOCOLLATE },
    ^
In file included from external/e2fsprogs/e2fsck/problem.c:21:0:
external/e2fsprogs/e2fsck/problemP.h:17:12: note: 'second_code' declared here
  problem_t second_code;
            ^
external/e2fsprogs/e2fsck/problem.c:169:4: warning: missing initializer for field 'count' of 'struct e2fsck_problem' [-Wmissing-field-initializers]
    PROMPT_NONE, PR_AFTER_CODE, PR_0_SB_CORRUPT },
    ^
In file included from external/e2fsprogs/e2fsck/problem.c:21:0:
external/e2fsprogs/e2fsck/problemP.h:18:7: note: 'count' declared here
  int  count;
       ^
external/e2fsprogs/e2fsck/problem.c:174:4: warning: missing initializer for field 'second_code' of 'struct e2fsck_problem' [-Wmissing-field-initializers]
    PROMPT_NONE, PR_FATAL },
    ^
In file included from external/e2fsprogs/e2fsck/problem.c:21:0:
external/e2fsprogs/e2fsck/problemP.h:17:12: note: 'second_code' declared here
  problem_t second_code;
            ^
external/e2fsprogs/e2fsck/problem.c:179:4: warning: missing initializer for field 'second_code' of 'struct e2fsck_problem' [-Wmissing-field-initializers]
    PROMPT_FIX, 0 },
    ^
In file included from external/e2fsprogs/e2fsck/problem.c:21:0:
external/e2fsprogs/e2fsck/problemP.h:17:12: note: 'second_code' declared here
  problem_t second_code;
            ^
external/e2fsprogs/e2fsck/problem.c:183:4: warning: missing initializer for field 'second_code' of 'struct e2fsck_problem' [-Wmissing-field-initializers]
    PROMPT_CLEAR, 0 },
    ^
In file included from external/e2fsprogs/e2fsck/problem.c:21:0:
external/e2fsprogs/e2fsck/problemP.h:17:12: note: 'second_code' declared here
  problem_t second_code;
            ^
external/e2fsprogs/e2fsck/problem.c:188:4: warning: missing initializer for field 'second_code' of 'struct e2fsck_problem' [-Wmissing-field-initializers]
    PROMPT_CLEAR, PR_PREEN_OK },
    ^
In file included from external/e2fsprogs/e2fsck/problem.c:21:0:
external/e2fsprogs/e2fsck/problemP.h:17:12: note: 'second_code' declared here
  problem_t second_code;
            ^
external/e2fsprogs/e2fsck/problem.c:193:4: warning: missing initializer for field 'second_code' of 'struct e2fsck_problem' [-Wmissing-field-initializers]
    PROMPT_NONE, PR_FATAL },
    ^
In file included from external/e2fsprogs/e2fsck/problem.c:21:0:
external/e2fsprogs/e2fsck/problemP.h:17:12: note: 'second_code' declared here
  problem_t second_code;
            ^
external/e2fsprogs/e2fsck/problem.c:198:4: warning: missing initializer for field 'second_code' of 'struct e2fsck_problem' [-Wmissing-field-initializers]
    PROMPT_NONE, PR_FATAL },
    ^
In file included from external/e2fsprogs/e2fsck/problem.c:21:0:
external/e2fsprogs/e2fsck/problemP.h:17:12: note: 'second_code' declared here
  problem_t second_code;
            ^
external/e2fsprogs/e2fsck/problem.c:203:4: warning: missing initializer for field 'second_code' of 'struct e2fsck_problem' [-Wmissing-field-initializers]
    PROMPT_NONE, PR_FATAL },
    ^
In file included from external/e2fsprogs/e2fsck/problem.c:21:0:
external/e2fsprogs/e2fsck/problemP.h:17:12: note: 'second_code' declared here
  problem_t second_code;
            ^
external/e2fsprogs/e2fsck/problem.c:208:4: warning: missing initializer for field 'second_code' of 'struct e2fsck_problem' [-Wmissing-field-initializers]
    PROMPT_NONE, PR_FATAL },
    ^
In file included from external/e2fsprogs/e2fsck/problem.c:21:0:
external/e2fsprogs/e2fsck/problemP.h:17:12: note: 'second_code' declared here
  problem_t second_code;
            ^
external/e2fsprogs/e2fsck/problem.c:216:4: warning: missing initializer for field 'count' of 'struct e2fsck_problem' [-Wmissing-field-initializers]
    PROMPT_ABORT, PR_NO_OK | PR_AFTER_CODE, PR_0_JOURNAL_BAD_SUPER },
    ^
In file included from external/e2fsprogs/e2fsck/problem.c:21:0:
external/e2fsprogs/e2fsck/problemP.h:18:7: note: 'count' declared here
  int  count;
       ^
external/e2fsprogs/e2fsck/problem.c:221:4: warning: missing initializer for field 'second_code' of 'struct e2fsck_problem' [-Wmissing-field-initializers]
    PROMPT_FIX, PR_PREEN_OK },
    ^
In file included from external/e2fsprogs/e2fsck/problem.c:21:0:
external/e2fsprogs/e2fsck/problemP.h:17:12: note: 'second_code' declared here
  problem_t second_code;
            ^
external/e2fsprogs/e2fsck/problem.c:226:4: warning: missing initializer for field 'second_code' of 'struct e2fsck_problem' [-Wmissing-field-initializers]
    PROMPT_CLEAR, PR_PREEN_OK },
    ^
In file included from external/e2fsprogs/e2fsck/problem.c:21:0:
external/e2fsprogs/e2fsck/problemP.h:17:12: note: 'second_code' declared here
  problem_t second_code;
            ^
external/e2fsprogs/e2fsck/problem.c:231:4: warning: missing initializer for field 'second_code' of 'struct e2fsck_problem' [-Wmissing-field-initializers]
    PROMPT_CLEAR, PR_PREEN_OK },
    ^
In file included from external/e2fsprogs/e2fsck/problem.c:21:0:
external/e2fsprogs/e2fsck/problemP.h:17:12: note: 'second_code' declared here
  problem_t second_code;
            ^
external/e2fsprogs/e2fsck/problem.c:236:4: warning: missing initializer for field 'second_code' of 'struct e2fsck_problem' [-Wmissing-field-initializers]
    PROMPT_NONE, 0 },
    ^
In file included from external/e2fsprogs/e2fsck/problem.c:21:0:
external/e2fsprogs/e2fsck/problemP.h:17:12: note: 'second_code' declared here
  problem_t second_code;
            ^
external/e2fsprogs/e2fsck/problem.c:241:4: warning: missing initializer for field 'second_code' of 'struct e2fsck_problem' [-Wmissing-field-initializers]
    PROMPT_NULL, PR_PREEN_NOMSG },
    ^
In file included from external/e2fsprogs/e2fsck/problem.c:21:0:
external/e2fsprogs/e2fsck/problemP.h:17:12: note: 'second_code' declared here
  problem_t second_code;
            ^
external/e2fsprogs/e2fsck/problem.c:246:4: warning: missing initializer for field 'second_code' of 'struct e2fsck_problem' [-Wmissing-field-initializers]
    PROMPT_FIX, PR_PREEN_OK | PR_NO_OK },
    ^
In file included from external/e2fsprogs/e2fsck/problem.c:21:0:
external/e2fsprogs/e2fsck/problemP.h:17:12: note: 'second_code' declared here
  problem_t second_code;
            ^
external/e2fsprogs/e2fsck/problem.c:251:4: warning: missing initializer for field 'second_code' of 'struct e2fsck_problem' [-Wmissing-field-initializers]
    PROMPT_NONE, 0 },
    ^
In file included from external/e2fsprogs/e2fsck/problem.c:21:0:
external/e2fsprogs/e2fsck/problemP.h:17:12: note: 'second_code' declared here
  problem_t second_code;
            ^
external/e2fsprogs/e2fsck/problem.c:256:4: warning: missing initializer for field 'second_code' of 'struct e2fsck_problem' [-Wmissing-field-initializers]
    PROMPT_NONE, 0 },
    ^
In file included from external/e2fsprogs/e2fsck/problem.c:21:0:
external/e2fsprogs/e2fsck/problemP.h:17:12: note: 'second_code' declared here
  problem_t second_code;
            ^
external/e2fsprogs/e2fsck/problem.c:261:4: warning: missing initializer for field 'second_code' of 'struct e2fsck_problem' [-Wmissing-field-initializers]
    PROMPT_NONE, 0 },
    ^
In file included from external/e2fsprogs/e2fsck/problem.c:21:0:
external/e2fsprogs/e2fsck/problemP.h:17:12: note: 'second_code' declared here
  problem_t second_code;
            ^
external/e2fsprogs/e2fsck/problem.c:266:4: warning: missing initializer for field 'second_code' of 'struct e2fsck_problem' [-Wmissing-field-initializers]
    PROMPT_NONE, 0 },
    ^
In file included from external/e2fsprogs/e2fsck/problem.c:21:0:
external/e2fsprogs/e2fsck/problemP.h:17:12: note: 'second_code' declared here
  problem_t second_code;
            ^
external/e2fsprogs/e2fsck/problem.c:271:4: warning: missing initializer for field 'second_code' of 'struct e2fsck_problem' [-Wmissing-field-initializers]
    PROMPT_NONE, 0 },
    ^
In file included from external/e2fsprogs/e2fsck/problem.c:21:0:
external/e2fsprogs/e2fsck/problemP.h:17:12: note: 'second_code' declared here
  problem_t second_code;
            ^
external/e2fsprogs/e2fsck/problem.c:276:4: warning: missing initializer for field 'second_code' of 'struct e2fsck_problem' [-Wmissing-field-initializers]
    PROMPT_ABORT, 0 },
    ^
In file included from external/e2fsprogs/e2fsck/problem.c:21:0:
external/e2fsprogs/e2fsck/problemP.h:17:12: note: 'second_code' declared here
  problem_t second_code;
            ^
external/e2fsprogs/e2fsck/problem.c:281:4: warning: missing initializer for field 'second_code' of 'struct e2fsck_problem' [-Wmissing-field-initializers]
    PROMPT_ABORT, 0 },
    ^
In file included from external/e2fsprogs/e2fsck/problem.c:21:0:
external/e2fsprogs/e2fsck/problemP.h:17:12: note: 'second_code' declared here
  problem_t second_code;
            ^
external/e2fsprogs/e2fsck/problem.c:286:4: warning: missing initializer for field 'second_code' of 'struct e2fsck_problem' [-Wmissing-field-initializers]
    PROMPT_ABORT, 0 },
    ^
In file included from external/e2fsprogs/e2fsck/problem.c:21:0:
external/e2fsprogs/e2fsck/problemP.h:17:12: note: 'second_code' declared here
  problem_t second_code;
            ^
external/e2fsprogs/e2fsck/problem.c:291:4: warning: missing initializer for field 'second_code' of 'struct e2fsck_problem' [-Wmissing-field-initializers]
    PROMPT_NONE, 0 },
    ^
In file included from external/e2fsprogs/e2fsck/problem.c:21:0:
external/e2fsprogs/e2fsck/problemP.h:17:12: note: 'second_code' declared here
  problem_t second_code;
            ^
external/e2fsprogs/e2fsck/problem.c:296:4: warning: missing initializer for field 'second_code' of 'struct e2fsck_problem' [-Wmissing-field-initializers]
    PROMPT_NONE, 0 },
    ^
In file included from external/e2fsprogs/e2fsck/problem.c:21:0:
external/e2fsprogs/e2fsck/problemP.h:17:12: note: 'second_code' declared here
  problem_t second_code;
            ^
external/e2fsprogs/e2fsck/problem.c:302:4: warning: missing initializer for field 'second_code' of 'struct e2fsck_problem' [-Wmissing-field-initializers]
    PROMPT_NONE, 0 },
    ^
In file included from external/e2fsprogs/e2fsck/problem.c:21:0:
external/e2fsprogs/e2fsck/problemP.h:17:12: note: 'second_code' declared here
  problem_t second_code;
            ^
external/e2fsprogs/e2fsck/problem.c:307:4: warning: missing initializer for field 'second_code' of 'struct e2fsck_problem' [-Wmissing-field-initializers]
    PROMPT_NULL, 0 },
    ^
In file included from external/e2fsprogs/e2fsck/problem.c:21:0:
external/e2fsprogs/e2fsck/problemP.h:17:12: note: 'second_code' declared here
  problem_t second_code;
            ^
external/e2fsprogs/e2fsck/problem.c:312:4: warning: missing initializer for field 'second_code' of 'struct e2fsck_problem' [-Wmissing-field-initializers]
    PROMPT_NONE, 0 },
    ^
In file included from external/e2fsprogs/e2fsck/problem.c:21:0:
external/e2fsprogs/e2fsck/problemP.h:17:12: note: 'second_code' declared here
  problem_t second_code;
            ^
external/e2fsprogs/e2fsck/problem.c:317:4: warning: missing initializer for field 'second_code' of 'struct e2fsck_problem' [-Wmissing-field-initializers]
    PROMPT_NONE, 0 },
    ^
In file included from external/e2fsprogs/e2fsck/problem.c:21:0:
external/e2fsprogs/e2fsck/problemP.h:17:12: note: 'second_code' declared here
  problem_t second_code;
            ^
external/e2fsprogs/e2fsck/problem.c:323:4: warning: missing initializer for field 'second_code' of 'struct e2fsck_problem' [-Wmissing-field-initializers]
    PROMPT_FIX, 0 },
    ^
In file included from external/e2fsprogs/e2fsck/problem.c:21:0:
external/e2fsprogs/e2fsck/problemP.h:17:12: note: 'second_code' declared here
  problem_t second_code;
            ^
external/e2fsprogs/e2fsck/problem.c:328:4: warning: missing initializer for field 'second_code' of 'struct e2fsck_problem' [-Wmissing-field-initializers]
    PROMPT_CLEAR, 0 },
    ^
In file included from external/e2fsprogs/e2fsck/problem.c:21:0:
external/e2fsprogs/e2fsck/problemP.h:17:12: note: 'second_code' declared here
  problem_t second_code;
            ^
external/e2fsprogs/e2fsck/problem.c:333:4: warning: missing initializer for field 'second_code' of 'struct e2fsck_problem' [-Wmissing-field-initializers]
    PROMPT_RECREATE, 0 },
    ^
In file included from external/e2fsprogs/e2fsck/problem.c:21:0:
external/e2fsprogs/e2fsck/problemP.h:17:12: note: 'second_code' declared here
  problem_t second_code;
            ^
external/e2fsprogs/e2fsck/problem.c:338:4: warning: missing initializer for field 'second_code' of 'struct e2fsck_problem' [-Wmissing-field-initializers]
    PROMPT_FIX, PR_NO_OK },
    ^
In file included from external/e2fsprogs/e2fsck/problem.c:21:0:
external/e2fsprogs/e2fsck/problemP.h:17:12: note: 'second_code' declared here
  problem_t second_code;
            ^
external/e2fsprogs/e2fsck/problem.c:343:4: warning: missing initializer for field 'second_code' of 'struct e2fsck_problem' [-Wmissing-field-initializers]
    PROMPT_FIX, PR_NO_OK },
    ^
In file included from external/e2fsprogs/e2fsck/problem.c:21:0:
external/e2fsprogs/e2fsck/problemP.h:17:12: note: 'second_code' declared here
  problem_t second_code;
            ^
external/e2fsprogs/e2fsck/problem.c:347:7: warning: missing initializer for field 'second_code' of 'struct e2fsck_problem' [-Wmissing-field-initializers]
       PROMPT_FIX, PR_PREEN_OK },
       ^
In file included from external/e2fsprogs/e2fsck/problem.c:21:0:
external/e2fsprogs/e2fsck/problemP.h:17:12: note: 'second_code' declared here
  problem_t second_code;
            ^
external/e2fsprogs/e2fsck/problem.c:352:4: warning: missing initializer for field 'second_code' of 'struct e2fsck_problem' [-Wmissing-field-initializers]
    PROMPT_NONE, 0 },
    ^
In file included from external/e2fsprogs/e2fsck/problem.c:21:0:
external/e2fsprogs/e2fsck/problemP.h:17:12: note: 'second_code' declared here
  problem_t second_code;
            ^
external/e2fsprogs/e2fsck/problem.c:357:7: warning: missing initializer for field 'second_code' of 'struct e2fsck_problem' [-Wmissing-field-initializers]
       PROMPT_FIX, PR_LATCH_BG_CHECKSUM },
       ^
In file included from external/e2fsprogs/e2fsck/problem.c:21:0:
external/e2fsprogs/e2fsck/problemP.h:17:12: note: 'second_code' declared here
  problem_t second_code;
            ^
external/e2fsprogs/e2fsck/problem.c:362:7: warning: missing initializer for field 'second_code' of 'struct e2fsck_problem' [-Wmissing-field-initializers]
       PROMPT_FIX, PR_PREEN_OK },
       ^
In file included from external/e2fsprogs/e2fsck/problem.c:21:0:
external/e2fsprogs/e2fsck/problemP.h:17:12: note: 'second_code' declared here
  problem_t second_code;
            ^
external/e2fsprogs/e2fsck/problem.c:367:7: warning: missing initializer for field 'second_code' of 'struct e2fsck_problem' [-Wmissing-field-initializers]
       PROMPT_FIX, PR_PREEN_OK },
       ^
In file included from external/e2fsprogs/e2fsck/problem.c:21:0:
external/e2fsprogs/e2fsck/problemP.h:17:12: note: 'second_code' declared here
  problem_t second_code;
            ^
external/e2fsprogs/e2fsck/problem.c:372:7: warning: missing initializer for field 'second_code' of 'struct e2fsck_problem' [-Wmissing-field-initializers]
       PROMPT_FIX, PR_PREEN_OK },
       ^
In file included from external/e2fsprogs/e2fsck/problem.c:21:0:
external/e2fsprogs/e2fsck/problemP.h:17:12: note: 'second_code' declared here
  problem_t second_code;
            ^
external/e2fsprogs/e2fsck/problem.c:377:4: warning: missing initializer for field 'second_code' of 'struct e2fsck_problem' [-Wmissing-field-initializers]
    PROMPT_NONE, 0 },
    ^
In file included from external/e2fsprogs/e2fsck/problem.c:21:0:
external/e2fsprogs/e2fsck/problemP.h:17:12: note: 'second_code' declared here
  problem_t second_code;
            ^
external/e2fsprogs/e2fsck/problem.c:381:4: warning: missing initializer for field 'second_code' of 'struct e2fsck_problem' [-Wmissing-field-initializers]
    PROMPT_CLEAR, PR_PREEN_OK },
    ^
In file included from external/e2fsprogs/e2fsck/problem.c:21:0:
external/e2fsprogs/e2fsck/problemP.h:17:12: note: 'second_code' declared here
  problem_t second_code;
            ^
external/e2fsprogs/e2fsck/problem.c:387:4: warning: missing initializer for field 'second_code' of 'struct e2fsck_problem' [-Wmissing-field-initializers]
    PROMPT_FIX, PR_PREEN_OK | PR_NO_OK },
    ^
In file included from external/e2fsprogs/e2fsck/problem.c:21:0:
external/e2fsprogs/e2fsck/problemP.h:17:12: note: 'second_code' declared here
  problem_t second_code;
            ^
external/e2fsprogs/e2fsck/problem.c:393:4: warning: missing initializer for field 'second_code' of 'struct e2fsck_problem' [-Wmissing-field-initializers]
    PROMPT_FIX, PR_PREEN_OK | PR_NO_OK },
    ^
In file included from external/e2fsprogs/e2fsck/problem.c:21:0:
external/e2fsprogs/e2fsck/problemP.h:17:12: note: 'second_code' declared here
  problem_t second_code;
            ^
external/e2fsprogs/e2fsck/problem.c:398:7: warning: missing initializer for field 'second_code' of 'struct e2fsck_problem' [-Wmissing-field-initializers]
       PROMPT_FIX, PR_PREEN_OK },
       ^
In file included from external/e2fsprogs/e2fsck/problem.c:21:0:
external/e2fsprogs/e2fsck/problemP.h:17:12: note: 'second_code' declared here
  problem_t second_code;
            ^
external/e2fsprogs/e2fsck/problem.c:403:4: warning: missing initializer for field 'second_code' of 'struct e2fsck_problem' [-Wmissing-field-initializers]
    PROMPT_NONE, PR_PREEN_NOMSG },
    ^
In file included from external/e2fsprogs/e2fsck/problem.c:21:0:
external/e2fsprogs/e2fsck/problemP.h:17:12: note: 'second_code' declared here
  problem_t second_code;
            ^
external/e2fsprogs/e2fsck/problem.c:408:4: warning: missing initializer for field 'second_code' of 'struct e2fsck_problem' [-Wmissing-field-initializers]
    PROMPT_NONE, PR_PREEN_NOMSG },
    ^
In file included from external/e2fsprogs/e2fsck/problem.c:21:0:
external/e2fsprogs/e2fsck/problemP.h:17:12: note: 'second_code' declared here
  problem_t second_code;
            ^
external/e2fsprogs/e2fsck/problem.c:413:4: warning: missing initializer for field 'second_code' of 'struct e2fsck_problem' [-Wmissing-field-initializers]
    PROMPT_NONE, PR_PREEN_OK },
    ^
In file included from external/e2fsprogs/e2fsck/problem.c:21:0:
external/e2fsprogs/e2fsck/problemP.h:17:12: note: 'second_code' declared here
  problem_t second_code;
            ^
external/e2fsprogs/e2fsck/problem.c:418:4: warning: missing initializer for field 'second_code' of 'struct e2fsck_problem' [-Wmissing-field-initializers]
    PROMPT_CLEAR, PR_PREEN_OK },
    ^
In file included from external/e2fsprogs/e2fsck/problem.c:21:0:
external/e2fsprogs/e2fsck/problemP.h:17:12: note: 'second_code' declared here
  problem_t second_code;
            ^
external/e2fsprogs/e2fsck/problem.c:423:4: warning: missing initializer for field 'second_code' of 'struct e2fsck_problem' [-Wmissing-field-initializers]
    PROMPT_FIX, PR_PREEN_OK | PR_NO_OK},
    ^
In file included from external/e2fsprogs/e2fsck/problem.c:21:0:
external/e2fsprogs/e2fsck/problemP.h:17:12: note: 'second_code' declared here
  problem_t second_code;
            ^
external/e2fsprogs/e2fsck/problem.c:428:4: warning: missing initializer for field 'second_code' of 'struct e2fsck_problem' [-Wmissing-field-initializers]
    PROMPT_NONE, 0 },
    ^
In file included from external/e2fsprogs/e2fsck/problem.c:21:0:
external/e2fsprogs/e2fsck/problemP.h:17:12: note: 'second_code' declared here
  problem_t second_code;
            ^
external/e2fsprogs/e2fsck/problem.c:433:4: warning: missing initializer for field 'second_code' of 'struct e2fsck_problem' [-Wmissing-field-initializers]
    PROMPT_NONE, 0 },
    ^
In file included from external/e2fsprogs/e2fsck/problem.c:21:0:
external/e2fsprogs/e2fsck/problemP.h:17:12: note: 'second_code' declared here
  problem_t second_code;
            ^
external/e2fsprogs/e2fsck/problem.c:438:4: warning: missing initializer for field 'second_code' of 'struct e2fsck_problem' [-Wmissing-field-initializers]
    PROMPT_FIX, PR_PREEN_OK | PR_NO_OK},
    ^
In file included from external/e2fsprogs/e2fsck/problem.c:21:0:
external/e2fsprogs/e2fsck/problemP.h:17:12: note: 'second_code' declared here
  problem_t second_code;
            ^
external/e2fsprogs/e2fsck/problem.c:445:4: warning: missing initializer for field 'second_code' of 'struct e2fsck_problem' [-Wmissing-field-initializers]
    PROMPT_NONE, 0 },
    ^
In file included from external/e2fsprogs/e2fsck/problem.c:21:0:
external/e2fsprogs/e2fsck/problemP.h:17:12: note: 'second_code' declared here
  problem_t second_code;
            ^
external/e2fsprogs/e2fsck/problem.c:449:4: warning: missing initializer for field 'second_code' of 'struct e2fsck_problem' [-Wmissing-field-initializers]
    PROMPT_CLEAR, 0 },
    ^
In file included from external/e2fsprogs/e2fsck/problem.c:21:0:
external/e2fsprogs/e2fsck/problemP.h:17:12: note: 'second_code' declared here
  problem_t second_code;
            ^
external/e2fsprogs/e2fsck/problem.c:454:4: warning: missing initializer for field 'second_code' of 'struct e2fsck_problem' [-Wmissing-field-initializers]
    PROMPT_FIX, PR_PREEN_OK },
    ^
In file included from external/e2fsprogs/e2fsck/problem.c:21:0:
external/e2fsprogs/e2fsck/problemP.h:17:12: note: 'second_code' declared here
  problem_t second_code;
            ^
external/e2fsprogs/e2fsck/problem.c:459:4: warning: missing initializer for field 'second_code' of 'struct e2fsck_problem' [-Wmissing-field-initializers]
    PROMPT_CLEAR, PR_PREEN_OK },
    ^
In file included from external/e2fsprogs/e2fsck/problem.c:21:0:
external/e2fsprogs/e2fsck/problemP.h:17:12: note: 'second_code' declared here
  problem_t second_code;
            ^
external/e2fsprogs/e2fsck/problem.c:464:4: warning: missing initializer for field 'second_code' of 'struct e2fsck_problem' [-Wmissing-field-initializers]
    PROMPT_FIX, PR_PREEN_OK },
    ^
In file included from external/e2fsprogs/e2fsck/problem.c:21:0:
external/e2fsprogs/e2fsck/problemP.h:17:12: note: 'second_code' declared here
  problem_t second_code;
            ^
external/e2fsprogs/e2fsck/problem.c:469:4: warning: missing initializer for field 'second_code' of 'struct e2fsck_problem' [-Wmissing-field-initializers]
    PROMPT_FIX, PR_PREEN_OK },
    ^
In file included from external/e2fsprogs/e2fsck/problem.c:21:0:
external/e2fsprogs/e2fsck/problemP.h:17:12: note: 'second_code' declared here
  problem_t second_code;
            ^
external/e2fsprogs/e2fsck/problem.c:474:4: warning: missing initializer for field 'second_code' of 'struct e2fsck_problem' [-Wmissing-field-initializers]
    PROMPT_CLEAR, PR_PREEN_OK },
    ^
In file included from external/e2fsprogs/e2fsck/problem.c:21:0:
external/e2fsprogs/e2fsck/problemP.h:17:12: note: 'second_code' declared here
  problem_t second_code;
            ^
external/e2fsprogs/e2fsck/problem.c:479:4: warning: missing initializer for field 'second_code' of 'struct e2fsck_problem' [-Wmissing-field-initializers]
    PROMPT_RELOCATE, 0 },
    ^
In file included from external/e2fsprogs/e2fsck/problem.c:21:0:
external/e2fsprogs/e2fsck/problemP.h:17:12: note: 'second_code' declared here
  problem_t second_code;
            ^
external/e2fsprogs/e2fsck/problem.c:484:4: warning: missing initializer for field 'second_code' of 'struct e2fsck_problem' [-Wmissing-field-initializers]
    PROMPT_RELOCATE, 0 },
    ^
In file included from external/e2fsprogs/e2fsck/problem.c:21:0:
external/e2fsprogs/e2fsck/problemP.h:17:12: note: 'second_code' declared here
  problem_t second_code;
            ^
external/e2fsprogs/e2fsck/problem.c:489:4: warning: missing initializer for field 'second_code' of 'struct e2fsck_problem' [-Wmissing-field-initializers]
    PROMPT_RELOCATE, 0 },
    ^
In file included from external/e2fsprogs/e2fsck/problem.c:21:0:
external/e2fsprogs/e2fsck/problemP.h:17:12: note: 'second_code' declared here
  problem_t second_code;
            ^
external/e2fsprogs/e2fsck/problem.c:494:4: warning: missing initializer for field 'second_code' of 'struct e2fsck_problem' [-Wmissing-field-initializers]
    PROMPT_RELOCATE, 0 },
    ^
In file included from external/e2fsprogs/e2fsck/problem.c:21:0:
external/e2fsprogs/e2fsck/problemP.h:17:12: note: 'second_code' declared here
  problem_t second_code;
            ^
external/e2fsprogs/e2fsck/problem.c:499:4: warning: missing initializer for field 'second_code' of 'struct e2fsck_problem' [-Wmissing-field-initializers]
    PROMPT_RELOCATE, 0 },
    ^
In file included from external/e2fsprogs/e2fsck/problem.c:21:0:
external/e2fsprogs/e2fsck/problemP.h:17:12: note: 'second_code' declared here
  problem_t second_code;
            ^
external/e2fsprogs/e2fsck/problem.c:504:4: warning: missing initializer for field 'second_code' of 'struct e2fsck_problem' [-Wmissing-field-initializers]
    PROMPT_FIX, PR_PREEN_OK },
    ^
In file included from external/e2fsprogs/e2fsck/problem.c:21:0:
external/e2fsprogs/e2fsck/problemP.h:17:12: note: 'second_code' declared here
  problem_t second_code;
            ^
external/e2fsprogs/e2fsck/problem.c:509:4: warning: missing initializer for field 'second_code' of 'struct e2fsck_problem' [-Wmissing-field-initializers]
    PROMPT_FIX, PR_PREEN_OK },
    ^
In file included from external/e2fsprogs/e2fsck/problem.c:21:0:
external/e2fsprogs/e2fsck/problemP.h:17:12: note: 'second_code' declared here
  problem_t second_code;
            ^
external/e2fsprogs/e2fsck/problem.c:514:4: warning: missing initializer for field 'second_code' of 'struct e2fsck_problem' [-Wmissing-field-initializers]
    PROMPT_CLEAR, PR_LATCH_BLOCK },
    ^
In file included from external/e2fsprogs/e2fsck/problem.c:21:0:
external/e2fsprogs/e2fsck/problemP.h:17:12: note: 'second_code' declared here
  problem_t second_code;
            ^
external/e2fsprogs/e2fsck/problem.c:519:4: warning: missing initializer for field 'second_code' of 'struct e2fsck_problem' [-Wmissing-field-initializers]
    PROMPT_CLEAR, PR_LATCH_BLOCK },
    ^
In file included from external/e2fsprogs/e2fsck/problem.c:21:0:
external/e2fsprogs/e2fsck/problemP.h:17:12: note: 'second_code' declared here
  problem_t second_code;
            ^
external/e2fsprogs/e2fsck/problem.c:524:4: warning: missing initializer for field 'second_code' of 'struct e2fsck_problem' [-Wmissing-field-initializers]
    PROMPT_CLEAR, 0 },
    ^
In file included from external/e2fsprogs/e2fsck/problem.c:21:0:
external/e2fsprogs/e2fsck/problemP.h:17:12: note: 'second_code' declared here
  problem_t second_code;
            ^
external/e2fsprogs/e2fsck/problem.c:529:4: warning: missing initializer for field 'second_code' of 'struct e2fsck_problem' [-Wmissing-field-initializers]
    PROMPT_CLEAR_INODE, PR_NO_OK },
    ^
In file included from external/e2fsprogs/e2fsck/problem.c:21:0:
external/e2fsprogs/e2fsck/problemP.h:17:12: note: 'second_code' declared here
  problem_t second_code;
            ^
external/e2fsprogs/e2fsck/problem.c:534:4: warning: missing initializer for field 'second_code' of 'struct e2fsck_problem' [-Wmissing-field-initializers]
    PROMPT_CLEAR, PR_LATCH_BBLOCK },
    ^
In file included from external/e2fsprogs/e2fsck/problem.c:21:0:
external/e2fsprogs/e2fsck/problemP.h:17:12: note: 'second_code' declared here
  problem_t second_code;
            ^
external/e2fsprogs/e2fsck/problem.c:539:4: warning: missing initializer for field 'second_code' of 'struct e2fsck_problem' [-Wmissing-field-initializers]
    PROMPT_CLEAR, 0 },
    ^
In file included from external/e2fsprogs/e2fsck/problem.c:21:0:
external/e2fsprogs/e2fsck/problemP.h:17:12: note: 'second_code' declared here
  problem_t second_code;
            ^
external/e2fsprogs/e2fsck/problem.c:544:4: warning: missing initializer for field 'second_code' of 'struct e2fsck_problem' [-Wmissing-field-initializers]
    PROMPT_NONE, 0 },
    ^
In file included from external/e2fsprogs/e2fsck/problem.c:21:0:
external/e2fsprogs/e2fsck/problemP.h:17:12: note: 'second_code' declared here
  problem_t second_code;
            ^
external/e2fsprogs/e2fsck/problem.c:549:4: warning: missing initializer for field 'second_code' of 'struct e2fsck_problem' [-Wmissing-field-initializers]
    PROMPT_CLEAR, PR_LATCH_BBLOCK },
    ^
In file included from external/e2fsprogs/e2fsck/problem.c:21:0:
external/e2fsprogs/e2fsck/problemP.h:17:12: note: 'second_code' declared here
  problem_t second_code;
            ^
external/e2fsprogs/e2fsck/problem.c:556:4: warning: missing initializer for field 'second_code' of 'struct e2fsck_problem' [-Wmissing-field-initializers]
    PROMPT_CONTINUE, PR_PREEN_NOMSG },
    ^
In file included from external/e2fsprogs/e2fsck/problem.c:21:0:
external/e2fsprogs/e2fsck/problemP.h:17:12: note: 'second_code' declared here
  problem_t second_code;
            ^
external/e2fsprogs/e2fsck/problem.c:561:4: warning: missing initializer for field 'count' of 'struct e2fsck_problem' [-Wmissing-field-initializers]
    PROMPT_NONE, PR_AFTER_CODE, PR_1_BAD_PRIMARY_BLOCK_PROMPT },
    ^
In file included from external/e2fsprogs/e2fsck/problem.c:21:0:
external/e2fsprogs/e2fsck/problemP.h:18:7: note: 'count' declared here
  int  count;
       ^
external/e2fsprogs/e2fsck/problem.c:567:4: warning: missing initializer for field 'second_code' of 'struct e2fsck_problem' [-Wmissing-field-initializers]
    PROMPT_CLEAR, PR_PREEN_NOMSG },
    ^
In file included from external/e2fsprogs/e2fsck/problem.c:21:0:
external/e2fsprogs/e2fsck/problemP.h:17:12: note: 'second_code' declared here
  problem_t second_code;
            ^
external/e2fsprogs/e2fsck/problem.c:572:4: warning: missing initializer for field 'count' of 'struct e2fsck_problem' [-Wmissing-field-initializers]
    PROMPT_NONE, PR_AFTER_CODE, PR_1_BAD_PRIMARY_BLOCK },
    ^
In file included from external/e2fsprogs/e2fsck/problem.c:21:0:
external/e2fsprogs/e2fsck/problemP.h:18:7: note: 'count' declared here
  int  count;
       ^
external/e2fsprogs/e2fsck/problem.c:578:4: warning: missing initializer for field 'count' of 'struct e2fsck_problem' [-Wmissing-field-initializers]
    PROMPT_NONE, PR_AFTER_CODE, PR_1_BAD_PRIMARY_BLOCK },
    ^
In file included from external/e2fsprogs/e2fsck/problem.c:21:0:
external/e2fsprogs/e2fsck/problemP.h:18:7: note: 'count' declared here
  int  count;
       ^
external/e2fsprogs/e2fsck/problem.c:583:4: warning: missing initializer for field 'second_code' of 'struct e2fsck_problem' [-Wmissing-field-initializers]
    PROMPT_NONE, PR_PREEN_OK | PR_PREEN_NOMSG },
    ^
In file included from external/e2fsprogs/e2fsck/problem.c:21:0:
external/e2fsprogs/e2fsck/problemP.h:17:12: note: 'second_code' declared here
  problem_t second_code;
            ^
external/e2fsprogs/e2fsck/problem.c:589:4: warning: missing initializer for field 'second_code' of 'struct e2fsck_problem' [-Wmissing-field-initializers]
    PROMPT_NONE, PR_PREEN_OK | PR_PREEN_NOMSG },
    ^
In file included from external/e2fsprogs/e2fsck/problem.c:21:0:
external/e2fsprogs/e2fsck/problemP.h:17:12: note: 'second_code' declared here
  problem_t second_code;
            ^
external/e2fsprogs/e2fsck/problem.c:595:4: warning: missing initializer for field 'second_code' of 'struct e2fsck_problem' [-Wmissing-field-initializers]
    PROMPT_NONE, PR_PREEN_OK },
    ^
In file included from external/e2fsprogs/e2fsck/problem.c:21:0:
external/e2fsprogs/e2fsck/problemP.h:17:12: note: 'second_code' declared here
  problem_t second_code;
            ^
external/e2fsprogs/e2fsck/problem.c:600:4: warning: missing initializer for field 'second_code' of 'struct e2fsck_problem' [-Wmissing-field-initializers]
    PROMPT_NONE, PR_PREEN_OK },
    ^
In file included from external/e2fsprogs/e2fsck/problem.c:21:0:
external/e2fsprogs/e2fsck/problemP.h:17:12: note: 'second_code' declared here
  problem_t second_code;
            ^
external/e2fsprogs/e2fsck/problem.c:605:4: warning: missing initializer for field 'second_code' of 'struct e2fsck_problem' [-Wmissing-field-initializers]
    PROMPT_NONE, PR_PREEN_OK },
    ^
In file included from external/e2fsprogs/e2fsck/problem.c:21:0:
external/e2fsprogs/e2fsck/problemP.h:17:12: note: 'second_code' declared here
  problem_t second_code;
            ^
external/e2fsprogs/e2fsck/problem.c:610:4: warning: missing initializer for field 'second_code' of 'struct e2fsck_problem' [-Wmissing-field-initializers]
    PROMPT_NONE, PR_PREEN_OK },
    ^
In file included from external/e2fsprogs/e2fsck/problem.c:21:0:
external/e2fsprogs/e2fsck/problemP.h:17:12: note: 'second_code' declared here
  problem_t second_code;
            ^
external/e2fsprogs/e2fsck/problem.c:615:4: warning: missing initializer for field 'second_code' of 'struct e2fsck_problem' [-Wmissing-field-initializers]
    PROMPT_NONE, PR_PREEN_OK },
    ^
In file included from external/e2fsprogs/e2fsck/problem.c:21:0:
external/e2fsprogs/e2fsck/problemP.h:17:12: note: 'second_code' declared here
  problem_t second_code;
            ^
external/e2fsprogs/e2fsck/problem.c:620:4: warning: missing initializer for field 'second_code' of 'struct e2fsck_problem' [-Wmissing-field-initializers]
    PROMPT_NONE, PR_PREEN_OK },
    ^
In file included from external/e2fsprogs/e2fsck/problem.c:21:0:
external/e2fsprogs/e2fsck/problemP.h:17:12: note: 'second_code' declared here
  problem_t second_code;
            ^
external/e2fsprogs/e2fsck/problem.c:625:4: warning: missing initializer for field 'second_code' of 'struct e2fsck_problem' [-Wmissing-field-initializers]
    PROMPT_NONE, PR_PREEN_OK },
    ^
In file included from external/e2fsprogs/e2fsck/problem.c:21:0:
external/e2fsprogs/e2fsck/problemP.h:17:12: note: 'second_code' declared here
  problem_t second_code;
            ^
external/e2fsprogs/e2fsck/problem.c:630:4: warning: missing initializer for field 'second_code' of 'struct e2fsck_problem' [-Wmissing-field-initializers]
    PROMPT_NONE, PR_FATAL },
    ^
In file included from external/e2fsprogs/e2fsck/problem.c:21:0:
external/e2fsprogs/e2fsck/problemP.h:17:12: note: 'second_code' declared here
  problem_t second_code;
            ^
external/e2fsprogs/e2fsck/problem.c:635:4: warning: missing initializer for field 'second_code' of 'struct e2fsck_problem' [-Wmissing-field-initializers]
    PROMPT_NONE, PR_FATAL },
    ^
In file included from external/e2fsprogs/e2fsck/problem.c:21:0:
external/e2fsprogs/e2fsck/problemP.h:17:12: note: 'second_code' declared here
  problem_t second_code;
            ^
external/e2fsprogs/e2fsck/problem.c:640:4: warning: missing initializer for field 'second_code' of 'struct e2fsck_problem' [-Wmissing-field-initializers]
    PROMPT_NONE, PR_FATAL },
    ^
In file included from external/e2fsprogs/e2fsck/problem.c:21:0:
external/e2fsprogs/e2fsck/problemP.h:17:12: note: 'second_code' declared here
  problem_t second_code;
            ^
external/e2fsprogs/e2fsck/problem.c:645:4: warning: missing initializer for field 'second_code' of 'struct e2fsck_problem' [-Wmissing-field-initializers]
    PROMPT_NONE, PR_FATAL },
    ^
In file included from external/e2fsprogs/e2fsck/problem.c:21:0:
external/e2fsprogs/e2fsck/problemP.h:17:12: note: 'second_code' declared here
  problem_t second_code;
            ^
external/e2fsprogs/e2fsck/problem.c:650:4: warning: missing initializer for field 'second_code' of 'struct e2fsck_problem' [-Wmissing-field-initializers]
    PROMPT_NONE, PR_FATAL },
    ^
In file included from external/e2fsprogs/e2fsck/problem.c:21:0:
external/e2fsprogs/e2fsck/problemP.h:17:12: note: 'second_code' declared here
  problem_t second_code;
            ^
external/e2fsprogs/e2fsck/problem.c:655:4: warning: missing initializer for field 'second_code' of 'struct e2fsck_problem' [-Wmissing-field-initializers]
    PROMPT_NONE, PR_FATAL },
    ^
In file included from external/e2fsprogs/e2fsck/problem.c:21:0:
external/e2fsprogs/e2fsck/problemP.h:17:12: note: 'second_code' declared here
  problem_t second_code;
            ^
external/e2fsprogs/e2fsck/problem.c:660:4: warning: missing initializer for field 'second_code' of 'struct e2fsck_problem' [-Wmissing-field-initializers]
    PROMPT_NONE, PR_FATAL },
    ^
In file included from external/e2fsprogs/e2fsck/problem.c:21:0:
external/e2fsprogs/e2fsck/problemP.h:17:12: note: 'second_code' declared here
  problem_t second_code;
            ^
external/e2fsprogs/e2fsck/problem.c:666:4: warning: missing initializer for field 'second_code' of 'struct e2fsck_problem' [-Wmissing-field-initializers]
    PROMPT_NONE, PR_FATAL },
    ^
In file included from external/e2fsprogs/e2fsck/problem.c:21:0:
external/e2fsprogs/e2fsck/problemP.h:17:12: note: 'second_code' declared here
  problem_t second_code;
            ^
external/e2fsprogs/e2fsck/problem.c:671:4: warning: missing initializer for field 'second_code' of 'struct e2fsck_problem' [-Wmissing-field-initializers]
    PROMPT_NONE, PR_FATAL },
    ^
In file included from external/e2fsprogs/e2fsck/problem.c:21:0:
external/e2fsprogs/e2fsck/problemP.h:17:12: note: 'second_code' declared here
  problem_t second_code;
            ^
external/e2fsprogs/e2fsck/problem.c:674:2: warning: missing initializer for field 'second_code' of 'struct e2fsck_problem' [-Wmissing-field-initializers]
  { PR_1_SUPPRESS_MESSAGES, "", PROMPT_SUPPRESS, PR_NO_OK },
  ^
In file included from external/e2fsprogs/e2fsck/problem.c:21:0:
external/e2fsprogs/e2fsck/problemP.h:17:12: note: 'second_code' declared here
  problem_t second_code;
            ^
external/e2fsprogs/e2fsck/problem.c:679:4: warning: missing initializer for field 'second_code' of 'struct e2fsck_problem' [-Wmissing-field-initializers]
    PROMPT_CLEAR, 0 },
    ^
In file included from external/e2fsprogs/e2fsck/problem.c:21:0:
external/e2fsprogs/e2fsck/problemP.h:17:12: note: 'second_code' declared here
  problem_t second_code;
            ^
external/e2fsprogs/e2fsck/problem.c:685:4: warning: missing initializer for field 'second_code' of 'struct e2fsck_problem' [-Wmissing-field-initializers]
    PROMPT_CLEAR, PR_PREEN_OK | PR_PREEN_NO | PR_NO_OK },
    ^
In file included from external/e2fsprogs/e2fsck/problem.c:21:0:
external/e2fsprogs/e2fsck/problemP.h:17:12: note: 'second_code' declared here
  problem_t second_code;
            ^
external/e2fsprogs/e2fsck/problem.c:690:4: warning: missing initializer for field 'second_code' of 'struct e2fsck_problem' [-Wmissing-field-initializers]
    PROMPT_CLEAR, 0 },
    ^
In file included from external/e2fsprogs/e2fsck/problem.c:21:0:
external/e2fsprogs/e2fsck/problemP.h:17:12: note: 'second_code' declared here
  problem_t second_code;
            ^
external/e2fsprogs/e2fsck/problem.c:695:4: warning: missing initializer for field 'second_code' of 'struct e2fsck_problem' [-Wmissing-field-initializers]
    PROMPT_FIX, PR_PREEN_OK },
    ^
In file included from external/e2fsprogs/e2fsck/problem.c:21:0:
external/e2fsprogs/e2fsck/problemP.h:17:12: note: 'second_code' declared here
  problem_t second_code;
            ^
external/e2fsprogs/e2fsck/problem.c:700:4: warning: missing initializer for field 'second_code' of 'struct e2fsck_problem' [-Wmissing-field-initializers]
    PROMPT_FIX, PR_PREEN_OK | PR_NO_OK },
    ^
In file included from external/e2fsprogs/e2fsck/problem.c:21:0:
external/e2fsprogs/e2fsck/problemP.h:17:12: note: 'second_code' declared here
  problem_t second_code;
            ^
external/e2fsprogs/e2fsck/problem.c:705:4: warning: missing initializer for field 'second_code' of 'struct e2fsck_problem' [-Wmissing-field-initializers]
    PROMPT_CLEAR, PR_PREEN_OK },
    ^
In file included from external/e2fsprogs/e2fsck/problem.c:21:0:
external/e2fsprogs/e2fsck/problemP.h:17:12: note: 'second_code' declared here
  problem_t second_code;
            ^
external/e2fsprogs/e2fsck/problem.c:710:4: warning: missing initializer for field 'second_code' of 'struct e2fsck_problem' [-Wmissing-field-initializers]
    PROMPT_FIX, PR_PREEN_OK },
    ^
In file included from external/e2fsprogs/e2fsck/problem.c:21:0:
external/e2fsprogs/e2fsck/problemP.h:17:12: note: 'second_code' declared here
  problem_t second_code;
            ^
external/e2fsprogs/e2fsck/problem.c:715:4: warning: missing initializer for field 'count' of 'struct e2fsck_problem' [-Wmissing-field-initializers]
    PROMPT_FIX, PR_LATCH_LOW_DTIME, 0 },
    ^
In file included from external/e2fsprogs/e2fsck/problem.c:21:0:
external/e2fsprogs/e2fsck/problemP.h:18:7: note: 'count' declared here
  int  count;
       ^
external/e2fsprogs/e2fsck/problem.c:721:4: warning: missing initializer for field 'second_code' of 'struct e2fsck_problem' [-Wmissing-field-initializers]
    PROMPT_FIX, 0 },
    ^
In file included from external/e2fsprogs/e2fsck/problem.c:21:0:
external/e2fsprogs/e2fsck/problemP.h:17:12: note: 'second_code' declared here
  problem_t second_code;
            ^
external/e2fsprogs/e2fsck/problem.c:726:4: warning: missing initializer for field 'second_code' of 'struct e2fsck_problem' [-Wmissing-field-initializers]
    PROMPT_NONE, PR_FATAL },
    ^
In file included from external/e2fsprogs/e2fsck/problem.c:21:0:
external/e2fsprogs/e2fsck/problemP.h:17:12: note: 'second_code' declared here
  problem_t second_code;
            ^
external/e2fsprogs/e2fsck/problem.c:731:4: warning: missing initializer for field 'second_code' of 'struct e2fsck_problem' [-Wmissing-field-initializers]
    PROMPT_CLEAR, 0 },
    ^
In file included from external/e2fsprogs/e2fsck/problem.c:21:0:
external/e2fsprogs/e2fsck/problemP.h:17:12: note: 'second_code' declared here
  problem_t second_code;
            ^
external/e2fsprogs/e2fsck/problem.c:736:4: warning: missing initializer for field 'second_code' of 'struct e2fsck_problem' [-Wmissing-field-initializers]
    PROMPT_CLEAR, 0 },
    ^
In file included from external/e2fsprogs/e2fsck/problem.c:21:0:
external/e2fsprogs/e2fsck/problemP.h:17:12: note: 'second_code' declared here
  problem_t second_code;
            ^
external/e2fsprogs/e2fsck/problem.c:741:4: warning: missing initializer for field 'second_code' of 'struct e2fsck_problem' [-Wmissing-field-initializers]
    PROMPT_NONE, PR_FATAL },
    ^
In file included from external/e2fsprogs/e2fsck/problem.c:21:0:
external/e2fsprogs/e2fsck/problemP.h:17:12: note: 'second_code' declared here
  problem_t second_code;
            ^
external/e2fsprogs/e2fsck/problem.c:746:4: warning: missing initializer for field 'second_code' of 'struct e2fsck_problem' [-Wmissing-field-initializers]
    PROMPT_FIX, 0 },
    ^
In file included from external/e2fsprogs/e2fsck/problem.c:21:0:
external/e2fsprogs/e2fsck/problemP.h:17:12: note: 'second_code' declared here
  problem_t second_code;
            ^
external/e2fsprogs/e2fsck/problem.c:751:4: warning: missing initializer for field 'second_code' of 'struct e2fsck_problem' [-Wmissing-field-initializers]
    PROMPT_NONE, PR_FATAL },
    ^
In file included from external/e2fsprogs/e2fsck/problem.c:21:0:
external/e2fsprogs/e2fsck/problemP.h:17:12: note: 'second_code' declared here
  problem_t second_code;
            ^
external/e2fsprogs/e2fsck/problem.c:756:4: warning: missing initializer for field 'second_code' of 'struct e2fsck_problem' [-Wmissing-field-initializers]
    PROMPT_CLEAR, 0},
    ^
In file included from external/e2fsprogs/e2fsck/problem.c:21:0:
external/e2fsprogs/e2fsck/problemP.h:17:12: note: 'second_code' declared here
  problem_t second_code;
            ^
external/e2fsprogs/e2fsck/problem.c:761:4: warning: missing initializer for field 'second_code' of 'struct e2fsck_problem' [-Wmissing-field-initializers]
    PROMPT_NONE, PR_FATAL},
    ^
In file included from external/e2fsprogs/e2fsck/problem.c:21:0:
external/e2fsprogs/e2fsck/problemP.h:17:12: note: 'second_code' declared here
  problem_t second_code;
            ^
external/e2fsprogs/e2fsck/problem.c:766:4: warning: missing initializer for field 'second_code' of 'struct e2fsck_problem' [-Wmissing-field-initializers]
    PROMPT_CLEAR, 0},
    ^
In file included from external/e2fsprogs/e2fsck/problem.c:21:0:
external/e2fsprogs/e2fsck/problemP.h:17:12: note: 'second_code' declared here
  problem_t second_code;
            ^
external/e2fsprogs/e2fsck/problem.c:771:4: warning: missing initializer for field 'second_code' of 'struct e2fsck_problem' [-Wmissing-field-initializers]
    PROMPT_CLEAR, 0},
    ^
In file included from external/e2fsprogs/e2fsck/problem.c:21:0:
external/e2fsprogs/e2fsck/problemP.h:17:12: note: 'second_code' declared here
  problem_t second_code;
            ^
external/e2fsprogs/e2fsck/problem.c:776:4: warning: missing initializer for field 'second_code' of 'struct e2fsck_problem' [-Wmissing-field-initializers]
    PROMPT_CLEAR, 0},
    ^
In file included from external/e2fsprogs/e2fsck/problem.c:21:0:
external/e2fsprogs/e2fsck/problemP.h:17:12: note: 'second_code' declared here
  problem_t second_code;
            ^
external/e2fsprogs/e2fsck/problem.c:780:4: warning: missing initializer for field 'second_code' of 'struct e2fsck_problem' [-Wmissing-field-initializers]
    N_("@i %i is too big.  "), PROMPT_TRUNCATE, 0 },
    ^
In file included from external/e2fsprogs/e2fsck/problem.c:21:0:
external/e2fsprogs/e2fsck/problemP.h:17:12: note: 'second_code' declared here
  problem_t second_code;
            ^
external/e2fsprogs/e2fsck/problem.c:785:4: warning: missing initializer for field 'second_code' of 'struct e2fsck_problem' [-Wmissing-field-initializers]
    PROMPT_CLEAR, PR_LATCH_TOOBIG },
    ^
In file included from external/e2fsprogs/e2fsck/problem.c:21:0:
external/e2fsprogs/e2fsck/problemP.h:17:12: note: 'second_code' declared here
  problem_t second_code;
            ^
external/e2fsprogs/e2fsck/problem.c:790:4: warning: missing initializer for field 'second_code' of 'struct e2fsck_problem' [-Wmissing-field-initializers]
    PROMPT_CLEAR, PR_LATCH_TOOBIG },
    ^
In file included from external/e2fsprogs/e2fsck/problem.c:21:0:
external/e2fsprogs/e2fsck/problemP.h:17:12: note: 'second_code' declared here
  problem_t second_code;
            ^
external/e2fsprogs/e2fsck/problem.c:795:4: warning: missing initializer for field 'second_code' of 'struct e2fsck_problem' [-Wmissing-field-initializers]
    PROMPT_CLEAR, PR_LATCH_TOOBIG },
    ^
In file included from external/e2fsprogs/e2fsck/problem.c:21:0:
external/e2fsprogs/e2fsck/problemP.h:17:12: note: 'second_code' declared here
  problem_t second_code;
            ^
external/e2fsprogs/e2fsck/problem.c:800:4: warning: missing initializer for field 'second_code' of 'struct e2fsck_problem' [-Wmissing-field-initializers]
    PROMPT_CLEAR_HTREE, PR_PREEN_OK },
    ^
In file included from external/e2fsprogs/e2fsck/problem.c:21:0:
external/e2fsprogs/e2fsck/problemP.h:17:12: note: 'second_code' declared here
  problem_t second_code;
            ^
external/e2fsprogs/e2fsck/problem.c:805:4: warning: missing initializer for field 'second_code' of 'struct e2fsck_problem' [-Wmissing-field-initializers]
    PROMPT_CLEAR_HTREE, PR_PREEN_OK },
    ^
In file included from external/e2fsprogs/e2fsck/problem.c:21:0:
external/e2fsprogs/e2fsck/problemP.h:17:12: note: 'second_code' declared here
  problem_t second_code;
            ^
external/e2fsprogs/e2fsck/problem.c:810:4: warning: missing initializer for field 'second_code' of 'struct e2fsck_problem' [-Wmissing-field-initializers]
    PROMPT_CLEAR_HTREE, PR_PREEN_OK },
    ^
In file included from external/e2fsprogs/e2fsck/problem.c:21:0:
external/e2fsprogs/e2fsck/problemP.h:17:12: note: 'second_code' declared here
  problem_t second_code;
            ^
external/e2fsprogs/e2fsck/problem.c:815:4: warning: missing initializer for field 'second_code' of 'struct e2fsck_problem' [-Wmissing-field-initializers]
    PROMPT_CLEAR_HTREE, PR_PREEN_OK },
    ^
In file included from external/e2fsprogs/e2fsck/problem.c:21:0:
external/e2fsprogs/e2fsck/problemP.h:17:12: note: 'second_code' declared here
  problem_t second_code;
            ^
external/e2fsprogs/e2fsck/problem.c:820:4: warning: missing initializer for field 'second_code' of 'struct e2fsck_problem' [-Wmissing-field-initializers]
    PROMPT_CLEAR_HTREE, PR_PREEN_OK },
    ^
In file included from external/e2fsprogs/e2fsck/problem.c:21:0:
external/e2fsprogs/e2fsck/problemP.h:17:12: note: 'second_code' declared here
  problem_t second_code;
            ^
external/e2fsprogs/e2fsck/problem.c:825:4: warning: missing initializer for field 'second_code' of 'struct e2fsck_problem' [-Wmissing-field-initializers]
    PROMPT_CLEAR_HTREE, PR_PREEN_OK },
    ^
In file included from external/e2fsprogs/e2fsck/problem.c:21:0:
external/e2fsprogs/e2fsck/problemP.h:17:12: note: 'second_code' declared here
  problem_t second_code;
            ^
external/e2fsprogs/e2fsck/problem.c:831:4: warning: missing initializer for field 'second_code' of 'struct e2fsck_problem' [-Wmissing-field-initializers]
    PROMPT_CLEAR, PR_LATCH_BBLOCK },
    ^
In file included from external/e2fsprogs/e2fsck/problem.c:21:0:
external/e2fsprogs/e2fsck/problemP.h:17:12: note: 'second_code' declared here
  problem_t second_code;
            ^
external/e2fsprogs/e2fsck/problem.c:836:4: warning: missing initializer for field 'second_code' of 'struct e2fsck_problem' [-Wmissing-field-initializers]
    PROMPT_CONTINUE, 0 },
    ^
In file included from external/e2fsprogs/e2fsck/problem.c:21:0:
external/e2fsprogs/e2fsck/problemP.h:17:12: note: 'second_code' declared here
  problem_t second_code;
            ^
external/e2fsprogs/e2fsck/problem.c:841:4: warning: missing initializer for field 'second_code' of 'struct e2fsck_problem' [-Wmissing-field-initializers]
    PROMPT_FIX, PR_PREEN_OK },
    ^
In file included from external/e2fsprogs/e2fsck/problem.c:21:0:
external/e2fsprogs/e2fsck/problemP.h:17:12: note: 'second_code' declared here
  problem_t second_code;
            ^
external/e2fsprogs/e2fsck/problem.c:846:4: warning: missing initializer for field 'second_code' of 'struct e2fsck_problem' [-Wmissing-field-initializers]
    PROMPT_CLEAR, PR_PREEN_OK },
    ^
In file included from external/e2fsprogs/e2fsck/problem.c:21:0:
external/e2fsprogs/e2fsck/problemP.h:17:12: note: 'second_code' declared here
  problem_t second_code;
            ^
external/e2fsprogs/e2fsck/problem.c:851:4: warning: missing initializer for field 'second_code' of 'struct e2fsck_problem' [-Wmissing-field-initializers]
    PROMPT_CLEAR, PR_PREEN_OK },
    ^
In file included from external/e2fsprogs/e2fsck/problem.c:21:0:
external/e2fsprogs/e2fsck/problemP.h:17:12: note: 'second_code' declared here
  problem_t second_code;
            ^
external/e2fsprogs/e2fsck/problem.c:856:4: warning: missing initializer for field 'second_code' of 'struct e2fsck_problem' [-Wmissing-field-initializers]
    PROMPT_CLEAR, PR_PREEN_OK },
    ^
In file included from external/e2fsprogs/e2fsck/problem.c:21:0:
external/e2fsprogs/e2fsck/problemP.h:17:12: note: 'second_code' declared here
  problem_t second_code;
            ^
external/e2fsprogs/e2fsck/problem.c:861:4: warning: missing initializer for field 'second_code' of 'struct e2fsck_problem' [-Wmissing-field-initializers]
    PROMPT_CLEAR, PR_PREEN_OK },
    ^
In file included from external/e2fsprogs/e2fsck/problem.c:21:0:
external/e2fsprogs/e2fsck/problemP.h:17:12: note: 'second_code' declared here
  problem_t second_code;
            ^
external/e2fsprogs/e2fsck/problem.c:866:4: warning: missing initializer for field 'second_code' of 'struct e2fsck_problem' [-Wmissing-field-initializers]
    PROMPT_CLEAR, PR_PREEN_OK },
    ^
In file included from external/e2fsprogs/e2fsck/problem.c:21:0:
external/e2fsprogs/e2fsck/problemP.h:17:12: note: 'second_code' declared here
  problem_t second_code;
            ^
external/e2fsprogs/e2fsck/problem.c:871:4: warning: missing initializer for field 'second_code' of 'struct e2fsck_problem' [-Wmissing-field-initializers]
    PROMPT_FIX, 0 },
    ^
In file included from external/e2fsprogs/e2fsck/problem.c:21:0:
external/e2fsprogs/e2fsck/problemP.h:17:12: note: 'second_code' declared here
  problem_t second_code;
            ^
external/e2fsprogs/e2fsck/problem.c:876:4: warning: missing initializer for field 'second_code' of 'struct e2fsck_problem' [-Wmissing-field-initializers]
    PROMPT_CLEAR_INODE, 0 },
    ^
In file included from external/e2fsprogs/e2fsck/problem.c:21:0:
external/e2fsprogs/e2fsck/problemP.h:17:12: note: 'second_code' declared here
  problem_t second_code;
            ^
external/e2fsprogs/e2fsck/problem.c:882:4: warning: missing initializer for field 'second_code' of 'struct e2fsck_problem' [-Wmissing-field-initializers]
    PROMPT_CLEAR_INODE, 0 },
    ^
In file included from external/e2fsprogs/e2fsck/problem.c:21:0:
external/e2fsprogs/e2fsck/problemP.h:17:12: note: 'second_code' declared here
  problem_t second_code;
            ^
external/e2fsprogs/e2fsck/problem.c:887:4: warning: missing initializer for field 'second_code' of 'struct e2fsck_problem' [-Wmissing-field-initializers]
    PROMPT_CLEAR, 0 },
    ^
In file included from external/e2fsprogs/e2fsck/problem.c:21:0:
external/e2fsprogs/e2fsck/problemP.h:17:12: note: 'second_code' declared here
  problem_t second_code;
            ^
external/e2fsprogs/e2fsck/problem.c:892:4: warning: missing initializer for field 'second_code' of 'struct e2fsck_problem' [-Wmissing-field-initializers]
    PROMPT_CLEAR, 0 },
    ^
In file included from external/e2fsprogs/e2fsck/problem.c:21:0:
external/e2fsprogs/e2fsck/problemP.h:17:12: note: 'second_code' declared here
  problem_t second_code;
            ^
external/e2fsprogs/e2fsck/problem.c:897:4: warning: missing initializer for field 'second_code' of 'struct e2fsck_problem' [-Wmissing-field-initializers]
    PROMPT_CLEAR, 0 },
    ^
In file included from external/e2fsprogs/e2fsck/problem.c:21:0:
external/e2fsprogs/e2fsck/problemP.h:17:12: note: 'second_code' declared here
  problem_t second_code;
            ^
external/e2fsprogs/e2fsck/problem.c:902:4: warning: missing initializer for field 'second_code' of 'struct e2fsck_problem' [-Wmissing-field-initializers]
    PROMPT_FIX, 0 },
    ^
In file included from external/e2fsprogs/e2fsck/problem.c:21:0:
external/e2fsprogs/e2fsck/problemP.h:17:12: note: 'second_code' declared here
  problem_t second_code;
            ^
external/e2fsprogs/e2fsck/problem.c:907:4: warning: missing initializer for field 'second_code' of 'struct e2fsck_problem' [-Wmissing-field-initializers]
    PROMPT_FIX, PR_PREEN_OK },
    ^
In file included from external/e2fsprogs/e2fsck/problem.c:21:0:
external/e2fsprogs/e2fsck/problemP.h:17:12: note: 'second_code' declared here
  problem_t second_code;
            ^
external/e2fsprogs/e2fsck/problem.c:912:4: warning: missing initializer for field 'second_code' of 'struct e2fsck_problem' [-Wmissing-field-initializers]
    PROMPT_CLEAR, 0 },
    ^
In file included from external/e2fsprogs/e2fsck/problem.c:21:0:
external/e2fsprogs/e2fsck/problemP.h:17:12: note: 'second_code' declared here
  problem_t second_code;
            ^
external/e2fsprogs/e2fsck/problem.c:917:4: warning: missing initializer for field 'second_code' of 'struct e2fsck_problem' [-Wmissing-field-initializers]
    PROMPT_CLEAR, 0 },
    ^
In file included from external/e2fsprogs/e2fsck/problem.c:21:0:
external/e2fsprogs/e2fsck/problemP.h:17:12: note: 'second_code' declared here
  problem_t second_code;
            ^
external/e2fsprogs/e2fsck/problem.c:921:4: warning: missing initializer for field 'second_code' of 'struct e2fsck_problem' [-Wmissing-field-initializers]
    PROMPT_CLEAR, 0 },
    ^
In file included from external/e2fsprogs/e2fsck/problem.c:21:0:
external/e2fsprogs/e2fsck/problemP.h:17:12: note: 'second_code' declared here
  problem_t second_code;
            ^
external/e2fsprogs/e2fsck/problem.c:926:4: warning: missing initializer for field 'second_code' of 'struct e2fsck_problem' [-Wmissing-field-initializers]
    PROMPT_NONE, PR_FATAL },
    ^
In file included from external/e2fsprogs/e2fsck/problem.c:21:0:
external/e2fsprogs/e2fsck/problemP.h:17:12: note: 'second_code' declared here
  problem_t second_code;
            ^
external/e2fsprogs/e2fsck/problem.c:931:4: warning: missing initializer for field 'second_code' of 'struct e2fsck_problem' [-Wmissing-field-initializers]
    PROMPT_CLEAR, PR_PREEN_OK },
    ^
In file included from external/e2fsprogs/e2fsck/problem.c:21:0:
external/e2fsprogs/e2fsck/problemP.h:17:12: note: 'second_code' declared here
  problem_t second_code;
            ^
external/e2fsprogs/e2fsck/problem.c:936:4: warning: missing initializer for field 'second_code' of 'struct e2fsck_problem' [-Wmissing-field-initializers]
    PROMPT_CLEAR, PR_PREEN_OK },
    ^
In file included from external/e2fsprogs/e2fsck/problem.c:21:0:
external/e2fsprogs/e2fsck/problemP.h:17:12: note: 'second_code' declared here
  problem_t second_code;
            ^
external/e2fsprogs/e2fsck/problem.c:941:4: warning: missing initializer for field 'second_code' of 'struct e2fsck_problem' [-Wmissing-field-initializers]
    PROMPT_CLEAR, PR_PREEN_OK },
    ^
In file included from external/e2fsprogs/e2fsck/problem.c:21:0:
external/e2fsprogs/e2fsck/problemP.h:17:12: note: 'second_code' declared here
  problem_t second_code;
            ^
external/e2fsprogs/e2fsck/problem.c:946:4: warning: missing initializer for field 'second_code' of 'struct e2fsck_problem' [-Wmissing-field-initializers]
    PROMPT_CLEAR, 0 },
    ^
In file included from external/e2fsprogs/e2fsck/problem.c:21:0:
external/e2fsprogs/e2fsck/problemP.h:17:12: note: 'second_code' declared here
  problem_t second_code;
            ^
external/e2fsprogs/e2fsck/problem.c:951:4: warning: missing initializer for field 'second_code' of 'struct e2fsck_problem' [-Wmissing-field-initializers]
    PROMPT_CLEAR, 0 },
    ^
In file included from external/e2fsprogs/e2fsck/problem.c:21:0:
external/e2fsprogs/e2fsck/problemP.h:17:12: note: 'second_code' declared here
  problem_t second_code;
            ^
external/e2fsprogs/e2fsck/problem.c:959:4: warning: missing initializer for field 'second_code' of 'struct e2fsck_problem' [-Wmissing-field-initializers]
    PROMPT_FIX, 0 },
    ^
In file included from external/e2fsprogs/e2fsck/problem.c:21:0:
external/e2fsprogs/e2fsck/problemP.h:17:12: note: 'second_code' declared here
  problem_t second_code;
            ^
external/e2fsprogs/e2fsck/problem.c:964:4: warning: missing initializer for field 'second_code' of 'struct e2fsck_problem' [-Wmissing-field-initializers]
    PROMPT_CLEAR, 0 },
    ^
In file included from external/e2fsprogs/e2fsck/problem.c:21:0:
external/e2fsprogs/e2fsck/problemP.h:17:12: note: 'second_code' declared here
  problem_t second_code;
            ^
external/e2fsprogs/e2fsck/problem.c:973:4: warning: missing initializer for field 'second_code' of 'struct e2fsck_problem' [-Wmissing-field-initializers]
    PROMPT_NONE, 0 },
    ^
In file included from external/e2fsprogs/e2fsck/problem.c:21:0:
external/e2fsprogs/e2fsck/problemP.h:17:12: note: 'second_code' declared here
  problem_t second_code;
            ^
external/e2fsprogs/e2fsck/problem.c:978:4: warning: missing initializer for field 'second_code' of 'struct e2fsck_problem' [-Wmissing-field-initializers]
    PROMPT_NONE, 0 },
    ^
In file included from external/e2fsprogs/e2fsck/problem.c:21:0:
external/e2fsprogs/e2fsck/problemP.h:17:12: note: 'second_code' declared here
  problem_t second_code;
            ^
external/e2fsprogs/e2fsck/problem.c:983:4: warning: missing initializer for field 'second_code' of 'struct e2fsck_problem' [-Wmissing-field-initializers]
    PROMPT_NONE, PR_LATCH_DBLOCK | PR_PREEN_NOHDR },
    ^
In file included from external/e2fsprogs/e2fsck/problem.c:21:0:
external/e2fsprogs/e2fsck/problemP.h:17:12: note: 'second_code' declared here
  problem_t second_code;
            ^
external/e2fsprogs/e2fsck/problem.c:988:4: warning: missing initializer for field 'second_code' of 'struct e2fsck_problem' [-Wmissing-field-initializers]
    PROMPT_NONE, PR_PREEN_NOHDR },
    ^
In file included from external/e2fsprogs/e2fsck/problem.c:21:0:
external/e2fsprogs/e2fsck/problemP.h:17:12: note: 'second_code' declared here
  problem_t second_code;
            ^
external/e2fsprogs/e2fsck/problem.c:993:4: warning: missing initializer for field 'second_code' of 'struct e2fsck_problem' [-Wmissing-field-initializers]
    PROMPT_NONE, PR_FATAL },
    ^
In file included from external/e2fsprogs/e2fsck/problem.c:21:0:
external/e2fsprogs/e2fsck/problemP.h:17:12: note: 'second_code' declared here
  problem_t second_code;
            ^
external/e2fsprogs/e2fsck/problem.c:998:4: warning: missing initializer for field 'second_code' of 'struct e2fsck_problem' [-Wmissing-field-initializers]
    PROMPT_NONE, PR_FATAL },
    ^
In file included from external/e2fsprogs/e2fsck/problem.c:21:0:
external/e2fsprogs/e2fsck/problemP.h:17:12: note: 'second_code' declared here
  problem_t second_code;
            ^
external/e2fsprogs/e2fsck/problem.c:1003:4: warning: missing initializer for field 'second_code' of 'struct e2fsck_problem' [-Wmissing-field-initializers]
    PROMPT_NONE, 0 },
    ^
In file included from external/e2fsprogs/e2fsck/problem.c:21:0:
external/e2fsprogs/e2fsck/problemP.h:17:12: note: 'second_code' declared here
  problem_t second_code;
            ^
external/e2fsprogs/e2fsck/problem.c:1008:4: warning: missing initializer for field 'second_code' of 'struct e2fsck_problem' [-Wmissing-field-initializers]
    PROMPT_NONE, 0 },
    ^
In file included from external/e2fsprogs/e2fsck/problem.c:21:0:
external/e2fsprogs/e2fsck/problemP.h:17:12: note: 'second_code' declared here
  problem_t second_code;
            ^
external/e2fsprogs/e2fsck/problem.c:1013:4: warning: missing initializer for field 'second_code' of 'struct e2fsck_problem' [-Wmissing-field-initializers]
    PROMPT_NONE, 0 },
    ^
In file included from external/e2fsprogs/e2fsck/problem.c:21:0:
external/e2fsprogs/e2fsck/problemP.h:17:12: note: 'second_code' declared here
  problem_t second_code;
            ^
external/e2fsprogs/e2fsck/problem.c:1019:4: warning: missing initializer for field 'second_code' of 'struct e2fsck_problem' [-Wmissing-field-initializers]
    PROMPT_NONE, 0 },
    ^
In file included from external/e2fsprogs/e2fsck/problem.c:21:0:
external/e2fsprogs/e2fsck/problemP.h:17:12: note: 'second_code' declared here
  problem_t second_code;
            ^
external/e2fsprogs/e2fsck/problem.c:1025:4: warning: missing initializer for field 'second_code' of 'struct e2fsck_problem' [-Wmissing-field-initializers]
    PROMPT_NONE, 0 },
    ^
In file included from external/e2fsprogs/e2fsck/problem.c:21:0:
external/e2fsprogs/e2fsck/problemP.h:17:12: note: 'second_code' declared here
  problem_t second_code;
            ^
external/e2fsprogs/e2fsck/problem.c:1030:4: warning: missing initializer for field 'second_code' of 'struct e2fsck_problem' [-Wmissing-field-initializers]
    PROMPT_NONE, 0 },
    ^
In file included from external/e2fsprogs/e2fsck/problem.c:21:0:
external/e2fsprogs/e2fsck/problemP.h:17:12: note: 'second_code' declared here
  problem_t second_code;
            ^
external/e2fsprogs/e2fsck/problem.c:1035:4: warning: missing initializer for field 'second_code' of 'struct e2fsck_problem' [-Wmissing-field-initializers]
    PROMPT_NONE, 0 },
    ^
In file included from external/e2fsprogs/e2fsck/problem.c:21:0:
external/e2fsprogs/e2fsck/problemP.h:17:12: note: 'second_code' declared here
  problem_t second_code;
            ^
external/e2fsprogs/e2fsck/problem.c:1040:4: warning: missing initializer for field 'second_code' of 'struct e2fsck_problem' [-Wmissing-field-initializers]
    PROMPT_NONE, 0 },
    ^
In file included from external/e2fsprogs/e2fsck/problem.c:21:0:
external/e2fsprogs/e2fsck/problemP.h:17:12: note: 'second_code' declared here
  problem_t second_code;
            ^
external/e2fsprogs/e2fsck/problem.c:1045:4: warning: missing initializer for field 'second_code' of 'struct e2fsck_problem' [-Wmissing-field-initializers]
    PROMPT_NONE, 0 },
    ^
In file included from external/e2fsprogs/e2fsck/problem.c:21:0:
external/e2fsprogs/e2fsck/problemP.h:17:12: note: 'second_code' declared here
  problem_t second_code;
            ^
external/e2fsprogs/e2fsck/problem.c:1049:4: warning: missing initializer for field 'second_code' of 'struct e2fsck_problem' [-Wmissing-field-initializers]
    "", PROMPT_CLONE, PR_NO_OK },
    ^
In file included from external/e2fsprogs/e2fsck/problem.c:21:0:
external/e2fsprogs/e2fsck/problemP.h:17:12: note: 'second_code' declared here
  problem_t second_code;
            ^
external/e2fsprogs/e2fsck/problem.c:1053:4: warning: missing initializer for field 'second_code' of 'struct e2fsck_problem' [-Wmissing-field-initializers]
    "", PROMPT_DELETE, 0 },
    ^
In file included from external/e2fsprogs/e2fsck/problem.c:21:0:
external/e2fsprogs/e2fsck/problemP.h:17:12: note: 'second_code' declared here
  problem_t second_code;
            ^
external/e2fsprogs/e2fsck/problem.c:1057:4: warning: missing initializer for field 'second_code' of 'struct e2fsck_problem' [-Wmissing-field-initializers]
    N_("Couldn't clone file: %m\n"), PROMPT_NONE, 0 },
    ^
In file included from external/e2fsprogs/e2fsck/problem.c:21:0:
external/e2fsprogs/e2fsck/problemP.h:17:12: note: 'second_code' declared here
  problem_t second_code;
            ^
external/e2fsprogs/e2fsck/problem.c:1064:4: warning: missing initializer for field 'second_code' of 'struct e2fsck_problem' [-Wmissing-field-initializers]
    PROMPT_NONE, 0 },
    ^
In file included from external/e2fsprogs/e2fsck/problem.c:21:0:
external/e2fsprogs/e2fsck/problemP.h:17:12: note: 'second_code' declared here
  problem_t second_code;
            ^
external/e2fsprogs/e2fsck/problem.c:1069:4: warning: missing initializer for field 'second_code' of 'struct e2fsck_problem' [-Wmissing-field-initializers]
    PROMPT_FIX, 0 },
    ^
In file included from external/e2fsprogs/e2fsck/problem.c:21:0:
external/e2fsprogs/e2fsck/problemP.h:17:12: note: 'second_code' declared here
  problem_t second_code;
            ^
external/e2fsprogs/e2fsck/problem.c:1074:4: warning: missing initializer for field 'second_code' of 'struct e2fsck_problem' [-Wmissing-field-initializers]
    PROMPT_CLEAR, 0 },
    ^
In file included from external/e2fsprogs/e2fsck/problem.c:21:0:
external/e2fsprogs/e2fsck/problemP.h:17:12: note: 'second_code' declared here
  problem_t second_code;
            ^
external/e2fsprogs/e2fsck/problem.c:1079:4: warning: missing initializer for field 'second_code' of 'struct e2fsck_problem' [-Wmissing-field-initializers]
    PROMPT_CLEAR, PR_PREEN_OK },
    ^
In file included from external/e2fsprogs/e2fsck/problem.c:21:0:
external/e2fsprogs/e2fsck/problemP.h:17:12: note: 'second_code' declared here
  problem_t second_code;
            ^
external/e2fsprogs/e2fsck/problem.c:1084:4: warning: missing initializer for field 'second_code' of 'struct e2fsck_problem' [-Wmissing-field-initializers]
    PROMPT_CLEAR, 0 },
    ^
In file included from external/e2fsprogs/e2fsck/problem.c:21:0:
external/e2fsprogs/e2fsck/problemP.h:17:12: note: 'second_code' declared here
  problem_t second_code;
            ^
external/e2fsprogs/e2fsck/problem.c:1089:4: warning: missing initializer for field 'second_code' of 'struct e2fsck_problem' [-Wmissing-field-initializers]
    PROMPT_CLEAR, 0 },
    ^
In file included from external/e2fsprogs/e2fsck/problem.c:21:0:
external/e2fsprogs/e2fsck/problemP.h:17:12: note: 'second_code' declared here
  problem_t second_code;
            ^
external/e2fsprogs/e2fsck/problem.c:1094:4: warning: missing initializer for field 'second_code' of 'struct e2fsck_problem' [-Wmissing-field-initializers]
    PROMPT_CLEAR, 0 },
    ^
In file included from external/e2fsprogs/e2fsck/problem.c:21:0:
external/e2fsprogs/e2fsck/problemP.h:17:12: note: 'second_code' declared here
  problem_t second_code;
            ^
external/e2fsprogs/e2fsck/problem.c:1099:4: warning: missing initializer for field 'second_code' of 'struct e2fsck_problem' [-Wmissing-field-initializers]
    PROMPT_CLEAR, 0 },
    ^
In file included from external/e2fsprogs/e2fsck/problem.c:21:0:
external/e2fsprogs/e2fsck/problemP.h:17:12: note: 'second_code' declared here
  problem_t second_code;
            ^
external/e2fsprogs/e2fsck/problem.c:1104:4: warning: missing initializer for field 'second_code' of 'struct e2fsck_problem' [36mtarget thumb C:[0m e2fsck <= external/e2fsprogs/e2fsck/quota.c
[-Wmissing-field-initializers]
    PROMPT_FIX, 0 },
    ^
In file included from external/e2fsprogs/e2fsck/problem.c:21:0:
external/e2fsprogs/e2fsck/problemP.h:17:12: note: 'second_code' declared here
  problem_t second_code;
            ^
external/e2fsprogs/e2fsck/problem.c:1109:4: warning: missing initializer for field 'second_code' of 'struct e2fsck_problem' [-Wmissing-field-initializers]
    PROMPT_FIX, 0 },
    ^
In file included from external/e2fsprogs/e2fsck/problem.c:21:0:
external/e2fsprogs/e2fsck/problemP.h:17:12: note: 'second_code' declared here
  problem_t second_code;
            ^
external/e2fsprogs/e2fsck/problem.c:1114:4: warning: missing initializer for field 'second_code' of 'struct e2fsck_problem' [-Wmissing-field-initializers]
    PROMPT_FIX, 0 },
    ^
In file included from external/e2fsprogs/e2fsck/problem.c:21:0:
external/e2fsprogs/e2fsck/problemP.h:17:12: note: 'second_code' declared here
  problem_t second_code;
            ^
external/e2fsprogs/e2fsck/problem.c:1119:4: warning: missing initializer for field 'second_code' of 'struct e2fsck_problem' [-Wmissing-field-initializers]
    PROMPT_FIX, 0 },
    ^
In file included from external/e2fsprogs/e2fsck/problem.c:21:0:
external/e2fsprogs/e2fsck/problemP.h:17:12: note: 'second_code' declared here
  problem_t second_code;
            ^
external/e2fsprogs/e2fsck/problem.c:1124:4: warning: missing initializer for field 'second_code' of 'struct e2fsck_problem' [-Wmissing-field-initializers]
    PROMPT_FIX, 0 },
    ^
In file included from external/e2fsprogs/e2fsck/problem.c:21:0:
external/e2fsprogs/e2fsck/problemP.h:17:12: note: 'second_code' declared here
  problem_t second_code;
            ^
external/e2fsprogs/e2fsck/problem.c:1129:4: warning: missing initializer for field 'second_code' of 'struct e2fsck_problem' [-Wmissing-field-initializers]
    PROMPT_CLEAR, 0 },
    ^
In file included from external/e2fsprogs/e2fsck/problem.c:21:0:
external/e2fsprogs/e2fsck/problemP.h:17:12: note: 'second_code' declared here
  problem_t second_code;
            ^
external/e2fsprogs/e2fsck/problem.c:1134:4: warning: missing initializer for field 'second_code' of 'struct e2fsck_problem' [-Wmissing-field-initializers]
    PROMPT_CLEAR, 0 },
    ^
In file included from external/e2fsprogs/e2fsck/problem.c:21:0:
external/e2fsprogs/e2fsck/problemP.h:17:12: note: 'second_code' declared here
  problem_t second_code;
            ^
external/e2fsprogs/e2fsck/problem.c:1139:4: warning: missing initializer for field 'second_code' of 'struct e2fsck_problem' [-Wmissing-field-initializers]
    PROMPT_CLEAR, 0 },
    ^
In file included from external/e2fsprogs/e2fsck/problem.c:21:0:
external/e2fsprogs/e2fsck/problemP.h:17:12: note: 'second_code' declared here
  problem_t second_code;
            ^
external/e2fsprogs/e2fsck/problem.c:1144:4: warning: missing initializer for field 'second_code' of 'struct e2fsck_problem' [-Wmissing-field-initializers]
    PROMPT_CLEAR, 0 },
    ^
In file included from external/e2fsprogs/e2fsck/problem.c:21:0:
external/e2fsprogs/e2fsck/problemP.h:17:12: note: 'second_code' declared here
  problem_t second_code;
            ^
external/e2fsprogs/e2fsck/problem.c:1149:4: warning: missing initializer for field 'second_code' of 'struct e2fsck_problem' [-Wmissing-field-initializers]
    PROMPT_CLEAR, 0 },
    ^
In file included from external/e2fsprogs/e2fsck/problem.c:21:0:
external/e2fsprogs/e2fsck/problemP.h:17:12: note: 'second_code' declared here
  problem_t second_code;
            ^
external/e2fsprogs/e2fsck/problem.c:1154:4: warning: missing initializer for field 'second_code' of 'struct e2fsck_problem' [-Wmissing-field-initializers]
    PROMPT_CLEAR, 0 },
    ^
In file included from external/e2fsprogs/e2fsck/problem.c:21:0:
external/e2fsprogs/e2fsck/problemP.h:17:12: note: 'second_code' declared here
  problem_t second_code;
            ^
external/e2fsprogs/e2fsck/problem.c:1159:4: warning: missing initializer for field 'second_code' of 'struct e2fsck_problem' [-Wmissing-field-initializers]
    PROMPT_SALVAGE, 0 },
    ^
In file included from external/e2fsprogs/e2fsck/problem.c:21:0:
external/e2fsprogs/e2fsck/problemP.h:17:12: note: 'second_code' declared here
  problem_t second_code;
            ^
external/e2fsprogs/e2fsck/problem.c:1164:4: warning: missing initializer for field 'second_code' of 'struct e2fsck_problem' [-Wmissing-field-initializers]
    PROMPT_TRUNCATE, 0 },
    ^
In file included from external/e2fsprogs/e2fsck/problem.c:21:0:
external/e2fsprogs/e2fsck/problemP.h:17:12: note: 'second_code' declared here
  problem_t second_code;
            ^
external/e2fsprogs/e2fsck/problem.c:1169:4: warning: missing initializer for field 'second_code' of 'struct e2fsck_problem' [-Wmissing-field-initializers]
    PROMPT_ALLOCATE, 0 },
    ^
In file included from external/e2fsprogs/e2fsck/problem.c:21:0:
external/e2fsprogs/e2fsck/problemP.h:17:12: note: 'second_code' declared here
  problem_t second_code;
            ^
external/e2fsprogs/e2fsck/problem.c:1174:4: warning: missing initializer for field 'second_code' of 'struct e2fsck_problem' [-Wmissing-field-initializers]
    PROMPT_FIX, 0 },
    ^
In file included from external/e2fsprogs/e2fsck/problem.c:21:0:
external/e2fsprogs/e2fsck/problemP.h:17:12: note: 'second_code' declared here
  problem_t second_code;
            ^
external/e2fsprogs/e2fsck/problem.c:1179:4: warning: missing initializer for field 'second_code' of 'struct e2fsck_problem' [-Wmissing-field-initializers]
    PROMPT_FIX, 0 },
    ^
In file included from external/e2fsprogs/e2fsck/problem.c:21:0:
external/e2fsprogs/e2fsck/problemP.h:17:12: note: 'second_code' declared here
  problem_t second_code;
            ^
external/e2fsprogs/e2fsck/problem.c:1184:4: warning: missing initializer for field 'second_code' of 'struct e2fsck_problem' [-Wmissing-field-initializers]
    PROMPT_CLEAR, 0 },
    ^
In file included from external/e2fsprogs/e2fsck/problem.c:21:0:
external/e2fsprogs/e2fsck/problemP.h:17:12: note: 'second_code' declared here
  problem_t second_code;
            ^
external/e2fsprogs/e2fsck/problem.c:1189:4: warning: missing initializer for field 'second_code' of 'struct e2fsck_problem' [-Wmissing-field-initializers]
    PROMPT_CLEAR, 0 },
    ^
In file included from external/e2fsprogs/e2fsck/problem.c:21:0:
external/e2fsprogs/e2fsck/problemP.h:17:12: note: 'second_code' declared here
  problem_t second_code;
            ^
external/e2fsprogs/e2fsck/problem.c:1194:4: warning: missing initializer for field 'second_code' of 'struct e2fsck_problem' [-Wmissing-field-initializers]
    PROMPT_FIX, 0 },
    ^
In file included from external/e2fsprogs/e2fsck/problem.c:21:0:
external/e2fsprogs/e2fsck/problemP.h:17:12: note: 'second_code' declared here
  problem_t second_code;
            ^
external/e2fsprogs/e2fsck/problem.c:1199:4: warning: missing initializer for field 'second_code' of 'struct e2fsck_problem' [-Wmissing-field-initializers]
    PROMPT_FIX, 0 },
    ^
In file included from external/e2fsprogs/e2fsck/problem.c:21:0:
external/e2fsprogs/e2fsck/problemP.h:17:12: note: 'second_code' declared here
  problem_t second_code;
            ^
external/e2fsprogs/e2fsck/problem.c:1204:4: warning: missing initializer for field 'second_code' of 'struct e2fsck_problem' [-Wmissing-field-initializers]
    PROMPT_NONE, PR_FATAL },
    ^
In file included from external/e2fsprogs/e2fsck/problem.c:21:0:
external/e2fsprogs/e2fsck/problemP.h:17:12: note: 'second_code' declared here
  problem_t second_code;
            ^
external/e2fsprogs/e2fsck/problem.c:1209:4: warning: missing initializer for field 'second_code' of 'struct e2fsck_problem' [-Wmissing-field-initializers]
    PROMPT_FIX, 0 },
    ^
In file included from external/e2fsprogs/e2fsck/problem.c:21:0:
external/e2fsprogs/e2fsck/problemP.h:17:12: note: 'second_code' declared here
  problem_t second_code;
            ^
external/e2fsprogs/e2fsck/problem.c:1214:4: warning: missing initializer for field 'second_code' of 'struct e2fsck_problem' [-Wmissing-field-initializers]
    PROMPT_NONE, PR_FATAL },
    ^
In file included from external/e2fsprogs/e2fsck/problem.c:21:0:
external/e2fsprogs/e2fsck/problemP.h:17:12: note: 'second_code' declared here
  problem_t second_code;
            ^
external/e2fsprogs/e2fsck/problem.c:1219:4: warning: missing initializer for field 'second_code' of 'struct e2fsck_problem' [-Wmissing-field-initializers]
    PROMPT_NONE, PR_FATAL },
    ^
In file included from external/e2fsprogs/e2fsck/problem.c:21:0:
external/e2fsprogs/e2fsck/problemP.h:17:12: note: 'second_code' declared here
  problem_t second_code;
            ^
external/e2fsprogs/e2fsck/problem.c:1224:4: warning: missing initializer for field 'second_code' of 'struct e2fsck_problem' [-Wmissing-field-initializers]
    PROMPT_CONTINUE, 0 },
    ^
In file included from external/e2fsprogs/e2fsck/problem.c:21:0:
external/e2fsprogs/e2fsck/problemP.h:17:12: note: 'second_code' declared here
  problem_t second_code;
            ^
external/e2fsprogs/e2fsck/problem.c:1229:4: warning: missing initializer for field 'second_code' of 'struct e2fsck_problem' [-Wmissing-field-initializers]
    PROMPT_CONTINUE, 0 },
    ^
In file included from external/e2fsprogs/e2fsck/problem.c:21:0:
external/e2fsprogs/e2fsck/problemP.h:17:12: note: 'second_code' declared here
  problem_t second_code;
            ^
external/e2fsprogs/e2fsck/problem.c:1234:4: warning: missing initializer for field 'second_code' of 'struct e2fsck_problem' [-Wmissing-field-initializers]
    PROMPT_NONE, 0 },
    ^
In file included from external/e2fsprogs/e2fsck/problem.c:21:0:
external/e2fsprogs/e2fsck/problemP.h:17:12: note: 'second_code' declared here
  problem_t second_code;
            ^
external/e2fsprogs/e2fsck/problem.c:1239:4: warning: missing initializer for field 'second_code' of 'struct e2fsck_problem' [-Wmissing-field-initializers]
    PROMPT_NONE, PR_FATAL },
    ^
In file included from external/e2fsprogs/e2fsck/problem.c:21:0:
external/e2fsprogs/e2fsck/problemP.h:17:12: note: 'second_code' declared here
  problem_t second_code;
            ^
external/e2fsprogs/e2fsck/problem.c:1244:4: warning: missing initializer for field 'second_code' of 'struct e2fsck_problem' [-Wmissing-field-initializers]
    PROMPT_SPLIT, PR_NO_OK },
    ^
In file included from external/e2fsprogs/e2fsck/problem.c:21:0:
external/e2fsprogs/e2fsck/problemP.h:17:12: note: 'second_code' declared here
  problem_t second_code;
            ^
external/e2fsprogs/e2fsck/problem.c:1249:4: warning: missing initializer for field 'second_code' of 'struct e2fsck_problem' [-Wmissing-field-initializers]
    PROMPT_CLEAR, 0 },
    ^
In file included from external/e2fsprogs/e2fsck/problem.c:21:0:
external/e2fsprogs/e2fsck/problemP.h:17:12: note: 'second_code' declared here
  problem_t second_code;
            ^
external/e2fsprogs/e2fsck/problem.c:1254:4: warning: missing initializer for field 'second_code' of 'struct e2fsck_problem' [-Wmissing-field-initializers]
    PROMPT_CLEAR, 0 },
    ^
In file included from external/e2fsprogs/e2fsck/problem.c:21:0:
external/e2fsprogs/e2fsck/problemP.h:17:12: note: 'second_code' declared here
  problem_t second_code;
            ^
external/e2fsprogs/e2fsck/problem.c:1259:4: warning: missing initializer for field 'second_code' of 'struct e2fsck_problem' [-Wmissing-field-initializers]
    PROMPT_NONE, PR_PREEN_OK | PR_NO_OK | PR_NO_NOMSG },
    ^
In file included from external/e2fsprogs/e2fsck/problem.c:21:0:
external/e2fsprogs/e2fsck/problemP.h:17:12: note: 'second_code' declared here
  problem_t second_code;
            ^
external/e2fsprogs/e2fsck/problem.c:1264:4: warning: missing initializer for field 'second_code' of 'struct e2fsck_problem' [-Wmissing-field-initializers]
    PROMPT_FIX, 0 },
    ^
In file included from external/e2fsprogs/e2fsck/problem.c:21:0:
external/e2fsprogs/e2fsck/problemP.h:17:12: note: 'second_code' declared here
  problem_t second_code;
            ^
external/e2fsprogs/e2fsck/problem.c:1269:4: warning: missing initializer for field 'second_code' of 'struct e2fsck_problem' [-Wmissing-field-initializers]
    PROMPT_CLEAR, PR_PREEN_OK },
    ^
In file included from external/e2fsprogs/e2fsck/problem.c:21:0:
external/e2fsprogs/e2fsck/problemP.h:17:12: note: 'second_code' declared here
  problem_t second_code;
            ^
external/e2fsprogs/e2fsck/problem.c:1274:4: warning: missing initializer for field 'second_code' of 'struct e2fsck_problem' [-Wmissing-field-initializers]
    PROMPT_CLEAR, 0 },
    ^
In file included from external/e2fsprogs/e2fsck/problem.c:21:0:
external/e2fsprogs/e2fsck/problemP.h:17:12: note: 'second_code' declared here
  problem_t second_code;
            ^
external/e2fsprogs/e2fsck/problem.c:1279:4: warning: missing initializer for field 'second_code' of 'struct e2fsck_problem' [-Wmissing-field-initializers]
    PROMPT_CLEAR, 0 },
    ^
In file included from external/e2fsprogs/e2fsck/problem.c:21:0:
external/e2fsprogs/e2fsck/problemP.h:17:12: note: 'second_code' declared here
  problem_t second_code;
            ^
external/e2fsprogs/e2fsck/problem.c:1284:4: warning: missing initializer for field 'second_code' of 'struct e2fsck_problem' [-Wmissing-field-initializers]
    PROMPT_CLEAR, 0 },
    ^
In file included from external/e2fsprogs/e2fsck/problem.c:21:0:
external/e2fsprogs/e2fsck/problemP.h:17:12: note: 'second_code' declared here
  problem_t second_code;
            ^
external/e2fsprogs/e2fsck/problem.c:1289:4: warning: missing initializer for field 'second_code' of 'struct e2fsck_problem' [-Wmissing-field-initializers]
    PROMPT_FIX, 0 },
    ^
In file included from external/e2fsprogs/e2fsck/problem.c:21:0:
external/e2fsprogs/e2fsck/problemP.h:17:12: note: 'second_code' declared here
  problem_t second_code;
            ^
external/e2fsprogs/e2fsck/problem.c:1294:4: warning: missing initializer for field 'second_code' of 'struct e2fsck_problem' [-Wmissing-field-initializers]
    PROMPT_NONE, 0 },
    ^
In file included from external/e2fsprogs/e2fsck/problem.c:21:0:
external/e2fsprogs/e2fsck/problemP.h:17:12: note: 'second_code' declared here
  problem_t second_code;
            ^
external/e2fsprogs/e2fsck/problem.c:1299:4: warning: missing initializer for field 'second_code' of 'struct e2fsck_problem' [-Wmissing-field-initializers]
    PROMPT_NONE, 0 },
    ^
In file included from external/e2fsprogs/e2fsck/problem.c:21:0:
external/e2fsprogs/e2fsck/problemP.h:17:12: note: 'second_code' declared here
  problem_t second_code;
            ^
external/e2fsprogs/e2fsck/problem.c:1304:4: warning: missing initializer for field 'second_code' of 'struct e2fsck_problem' [-Wmissing-field-initializers]
    PROMPT_NONE, 0 },
    ^
In file included from external/e2fsprogs/e2fsck/problem.c:21:0:
external/e2fsprogs/e2fsck/problemP.h:17:12: note: 'second_code' declared here
  problem_t second_code;
            ^
external/e2fsprogs/e2fsck/problem.c:1309:4: warning: missing initializer for field 'second_code' of 'struct e2fsck_problem' [-Wmissing-field-initializers]
    PROMPT_NONE, 0 },
    ^
In file included from external/e2fsprogs/e2fsck/problem.c:21:0:
external/e2fsprogs/e2fsck/problemP.h:17:12: note: 'second_code' declared here
  problem_t second_code;
            ^
external/e2fsprogs/e2fsck/problem.c:1313:4: warning: missing initializer for field 'second_code' of 'struct e2fsck_problem' [-Wmissing-field-initializers]
    N_("@n @h %d (%q).  "), PROMPT_CLEAR_HTREE, 0 },
    ^
In file included from external/e2fsprogs/e2fsck/problem.c:21:0:
external/e2fsprogs/e2fsck/problemP.h:17:12: note: 'second_code' declared here
  problem_t second_code;
            ^
external/e2fsprogs/e2fsck/problem.c:1318:4: warning: missing initializer for field 'second_code' of 'struct e2fsck_problem' [-Wmissing-field-initializers]
    PROMPT_CLEAR_HTREE, 0 },
    ^
In file included from external/e2fsprogs/e2fsck/problem.c:21:0:
external/e2fsprogs/e2fsck/problemP.h:17:12: note: 'second_code' declared here
  problem_t second_code;
            ^
external/e2fsprogs/e2fsck/problem.c:1323:4: warning: missing initializer for field 'second_code' of 'struct e2fsck_problem' [-Wmissing-field-initializers]
    PROMPT_NONE, PR_FATAL },
    ^
In file included from external/e2fsprogs/e2fsck/problem.c:21:0:
external/e2fsprogs/e2fsck/problemP.h:17:12: note: 'second_code' declared here
  problem_t second_code;
            ^
external/e2fsprogs/e2fsck/problem.c:1328:4: warning: missing initializer for field 'second_code' of 'struct e2fsck_problem' [-Wmissing-field-initializers]
    PROMPT_CLEAR_HTREE, PR_PREEN_OK },
    ^
In file included from external/e2fsprogs/e2fsck/problem.c:21:0:
external/e2fsprogs/e2fsck/problemP.h:17:12: note: 'second_code' declared here
  problem_t second_code;
            ^
external/e2fsprogs/e2fsck/problem.c:1333:4: warning: missing initializer for field 'second_code' of 'struct e2fsck_problem' [-Wmissing-field-initializers]
    PROMPT_CLEAR_HTREE, PR_PREEN_OK },
    ^
In file included from external/e2fsprogs/e2fsck/problem.c:21:0:
external/e2fsprogs/e2fsck/problemP.h:17:12: note: 'second_code' declared here
  problem_t second_code;
            ^
external/e2fsprogs/e2fsck/problem.c:1338:4: warning: missing initializer for field 'second_code' of 'struct e2fsck_problem' [-Wmissing-field-initializers]
    PROMPT_CLEAR_HTREE, PR_PREEN_OK },
    ^
In file included from external/e2fsprogs/e2fsck/problem.c:21:0:
external/e2fsprogs/e2fsck/problemP.h:17:12: note: 'second_code' declared here
  problem_t second_code;
            ^
external/e2fsprogs/e2fsck/problem.c:1343:4: warning: missing initializer for field 'second_code' of 'struct e2fsck_problem' [-Wmissing-field-initializers]
    PROMPT_CLEAR_HTREE, PR_PREEN_OK },
    ^
In file included from external/e2fsprogs/e2fsck/problem.c:21:0:
external/e2fsprogs/e2fsck/problemP.h:17:12: note: 'second_code' declared here
  problem_t second_code;
            ^
external/e2fsprogs/e2fsck/problem.c:1348:4: warning: missing initializer for field 'second_code' of 'struct e2fsck_problem' [-Wmissing-field-initializers]
    PROMPT_NONE, 0 },
    ^
In file included from external/e2fsprogs/e2fsck/problem.c:21:0:
external/e2fsprogs/e2fsck/problemP.h:17:12: note: 'second_code' declared here
  problem_t second_code;
            ^
external/e2fsprogs/e2fsck/problem.c:1353:4: warning: missing initializer for field 'second_code' of 'struct e2fsck_problem' [-Wmissing-field-initializers]
    PROMPT_CLEAR, 0 },
    ^
In file included from external/e2fsprogs/e2fsck/problem.c:21:0:
external/e2fsprogs/e2fsck/problemP.h:17:12: note: 'second_code' declared here
  problem_t second_code;
            ^
external/e2fsprogs/e2fsck/problem.c:1358:4: warning: missing initializer for field 'second_code' of 'struct e2fsck_problem' [-Wmissing-field-initializers]
    PROMPT_NULL, 0 },
    ^
In file included from external/e2fsprogs/e2fsck/problem.c:21:0:
external/e2fsprogs/e2fsck/problemP.h:17:12: note: 'second_code' declared here
  problem_t second_code;
            ^
external/e2fsprogs/e2fsck/problem.c:1363:4: warning: missing initializer for field 'second_code' of 'struct e2fsck_problem' [-Wmissing-field-initializers]
    PROMPT_NONE, 0 },
    ^
In file included from external/e2fsprogs/e2fsck/problem.c:21:0:
external/e2fsprogs/e2fsck/problemP.h:17:12: note: 'second_code' declared here
  problem_t second_code;
            ^
external/e2fsprogs/e2fsck/problem.c:1368:4: warning: missing initializer for field 'second_code' of 'struct e2fsck_problem' [-Wmissing-field-initializers]
    PROMPT_CLEAR, 0 },
    ^
In file included from external/e2fsprogs/e2fsck/problem.c:21:0:
external/e2fsprogs/e2fsck/problemP.h:17:12: note: 'second_code' declared here
  problem_t second_code;
            ^
external/e2fsprogs/e2fsck/problem.c:1372:4: warning: missing initializer for field 'second_code' of 'struct e2fsck_problem' [-Wmissing-field-initializers]
    N_("Unexpected @b in @h %d (%q).\n"), PROMPT_CLEAR_HTREE, 0 },
    ^
In file included from external/e2fsprogs/e2fsck/problem.c:21:0:
external/e2fsprogs/e2fsck/problemP.h:17:12: note: 'second_code' declared here
  problem_t second_code;
            ^
external/e2fsprogs/e2fsck/problem.c:1377:4: warning: missing initializer for field 'second_code' of 'struct e2fsck_problem' [-Wmissing-field-initializers]
    PROMPT_FIX, PR_PREEN_OK },
    ^
In file included from external/e2fsprogs/e2fsck/problem.c:21:0:
external/e2fsprogs/e2fsck/problemP.h:17:12: note: 'second_code' de[36mtarget thumb C:[0m e2fsck <= external/e2fsprogs/e2fsck/rehash.c
clared here
  problem_t second_code;
            ^
external/e2fsprogs/e2fsck/problem.c:1382:4: warning: missing initializer for field 'second_code' of 'struct e2fsck_problem' [-Wmissing-field-initializers]
    PROMPT_FIX, PR_PREEN_OK },
    ^
In file included from external/e2fsprogs/e2fsck/problem.c:21:0:
external/e2fsprogs/e2fsck/problemP.h:17:12: note: 'second_code' declared here
  problem_t second_code;
            ^
external/e2fsprogs/e2fsck/problem.c:1387:4: warning: missing initializer for field 'second_code' of 'struct e2fsck_problem' [-Wmissing-field-initializers]
    PROMPT_CLEAR, PR_PREEN_OK },
    ^
In file included from external/e2fsprogs/e2fsck/problem.c:21:0:
external/e2fsprogs/e2fsck/problemP.h:17:12: note: 'second_code' declared here
  problem_t second_code;
            ^
external/e2fsprogs/e2fsck/problem.c:1394:4: warning: missing initializer for field 'second_code' of 'struct e2fsck_problem' [-Wmissing-field-initializers]
    PROMPT_NONE, 0 },
    ^
In file included from external/e2fsprogs/e2fsck/problem.c:21:0:
external/e2fsprogs/e2fsck/problemP.h:17:12: note: 'second_code' declared here
  problem_t second_code;
            ^
external/e2fsprogs/e2fsck/problem.c:1399:4: warning: missing initializer for field 'second_code' of 'struct e2fsck_problem' [-Wmissing-field-initializers]
    PROMPT_ALLOCATE, 0 },
    ^
In file included from external/e2fsprogs/e2fsck/problem.c:21:0:
external/e2fsprogs/e2fsck/problemP.h:17:12: note: 'second_code' declared here
  problem_t second_code;
            ^
external/e2fsprogs/e2fsck/problem.c:1404:4: warning: missing initializer for field 'second_code' of 'struct e2fsck_problem' [-Wmissing-field-initializers]
    PROMPT_EXPAND, 0 },
    ^
In file included from external/e2fsprogs/e2fsck/problem.c:21:0:
external/e2fsprogs/e2fsck/problemP.h:17:12: note: 'second_code' declared here
  problem_t second_code;
            ^
external/e2fsprogs/e2fsck/problem.c:1409:4: warning: missing initializer for field 'second_code' of 'struct e2fsck_problem' [-Wmissing-field-initializers]
    PROMPT_CONNECT, 0 },
    ^
In file included from external/e2fsprogs/e2fsck/problem.c:21:0:
external/e2fsprogs/e2fsck/problemP.h:17:12: note: 'second_code' declared here
  problem_t second_code;
            ^
external/e2fsprogs/e2fsck/problem.c:1414:4: warning: missing initializer for field 'second_code' of 'struct e2fsck_problem' [-Wmissing-field-initializers]
    PROMPT_CREATE, PR_PREEN_OK },
    ^
In file included from external/e2fsprogs/e2fsck/problem.c:21:0:
external/e2fsprogs/e2fsck/problemP.h:17:12: note: 'second_code' declared here
  problem_t second_code;
            ^
external/e2fsprogs/e2fsck/problem.c:1419:4: warning: missing initializer for field 'second_code' of 'struct e2fsck_problem' [-Wmissing-field-initializers]
    PROMPT_FIX, 0 },
    ^
In file included from external/e2fsprogs/e2fsck/problem.c:21:0:
external/e2fsprogs/e2fsck/problemP.h:17:12: note: 'second_code' declared here
  problem_t second_code;
            ^
external/e2fsprogs/e2fsck/problem.c:1424:4: warning: missing initializer for field 'second_code' of 'struct e2fsck_problem' [-Wmissing-field-initializers]
    PROMPT_NONE, 0 },
    ^
In file included from external/e2fsprogs/e2fsck/problem.c:21:0:
external/e2fsprogs/e2fsck/problemP.h:17:12: note: 'second_code' declared here
  problem_t second_code;
            ^
external/e2fsprogs/e2fsck/problem.c:1429:4: warning: missing initializer for field 'second_code' of 'struct e2fsck_problem' [-Wmissing-field-initializers]
    PROMPT_NONE, 0 },
    ^
In file included from external/e2fsprogs/e2fsck/problem.c:21:0:
external/e2fsprogs/e2fsck/problemP.h:17:12: note: 'second_code' declared here
  problem_t second_code;
            ^
external/e2fsprogs/e2fsck/problem.c:1434:4: warning: missing initializer for field 'second_code' of 'struct e2fsck_problem' [-Wmissing-field-initializers]
    PROMPT_NONE, 0 },
    ^
In file included from external/e2fsprogs/e2fsck/problem.c:21:0:
external/e2fsprogs/e2fsck/problemP.h:17:12: note: 'second_code' declared here
  problem_t second_code;
            ^
external/e2fsprogs/e2fsck/problem.c:1439:4: warning: missing initializer for field 'second_code' of 'struct e2fsck_problem' [-Wmissing-field-initializers]
    PROMPT_NONE, 0 },
    ^
In file included from external/e2fsprogs/e2fsck/problem.c:21:0:
external/e2fsprogs/e2fsck/problemP.h:17:12: note: 'second_code' declared here
  problem_t second_code;
            ^
external/e2fsprogs/e2fsck/problem.c:1444:4: warning: missing initializer for field 'second_code' of 'struct e2fsck_problem' [-Wmissing-field-initializers]
    PROMPT_NONE, 0 },
    ^
In file included from external/e2fsprogs/e2fsck/problem.c:21:0:
external/e2fsprogs/e2fsck/problemP.h:17:12: note: 'second_code' declared here
  problem_t second_code;
            ^
external/e2fsprogs/e2fsck/problem.c:1449:4: warning: missing initializer for field 'second_code' of 'struct e2fsck_problem' [-Wmissing-field-initializers]
    PROMPT_NONE, 0 },
    ^
In file included from external/e2fsprogs/e2fsck/problem.c:21:0:
external/e2fsprogs/e2fsck/problemP.h:17:12: note: 'second_code' declared here
  problem_t second_code;
            ^
external/e2fsprogs/e2fsck/problem.c:1454:4: warning: missing initializer for field 'second_code' of 'struct e2fsck_problem' [-Wmissing-field-initializers]
    PROMPT_NONE, 0 },
    ^
In file included from external/e2fsprogs/e2fsck/problem.c:21:0:
external/e2fsprogs/e2fsck/problemP.h:17:12: note: 'second_code' declared here
  problem_t second_code;
            ^
external/e2fsprogs/e2fsck/problem.c:1459:4: warning: missing initializer for field 'second_code' of 'struct e2fsck_problem' [-Wmissing-field-initializers]
    PROMPT_NONE, 0 },
    ^
In file included from external/e2fsprogs/e2fsck/problem.c:21:0:
external/e2fsprogs/e2fsck/problemP.h:17:12: note: 'second_code' declared here
  problem_t second_code;
            ^
external/e2fsprogs/e2fsck/problem.c:1464:4: warning: missing initializer for field 'second_code' of 'struct e2fsck_problem' [-Wmissing-field-initializers]
    PROMPT_NONE, 0 },
    ^
In file included from external/e2fsprogs/e2fsck/problem.c:21:0:
external/e2fsprogs/e2fsck/problemP.h:17:12: note: 'second_code' declared here
  problem_t second_code;
            ^
external/e2fsprogs/e2fsck/problem.c:1469:4: warning: missing initializer for field 'second_code' of 'struct e2fsck_problem' [-Wmissing-field-initializers]
    PROMPT_NONE, 0 },
    ^
In file included from external/e2fsprogs/e2fsck/problem.c:21:0:
external/e2fsprogs/e2fsck/problemP.h:17:12: note: 'second_code' declared here
  problem_t second_code;
            ^
external/e2fsprogs/e2fsck/problem.c:1474:4: warning: missing initializer for field 'second_code' of 'struct e2fsck_problem' [-Wmissing-field-initializers]
    PROMPT_NONE, 0 },
    ^
In file included from external/e2fsprogs/e2fsck/problem.c:21:0:
external/e2fsprogs/e2fsck/problemP.h:17:12: note: 'second_code' declared here
  problem_t second_code;
            ^
external/e2fsprogs/e2fsck/problem.c:1479:4: warning: missing initializer for field 'second_code' of 'struct e2fsck_problem' [-Wmissing-field-initializers]
    PROMPT_NONE, PR_FATAL },
    ^
In file included from external/e2fsprogs/e2fsck/problem.c:21:0:
external/e2fsprogs/e2fsck/problemP.h:17:12: note: 'second_code' declared here
  problem_t second_code;
            ^
external/e2fsprogs/e2fsck/problem.c:1484:4: warning: missing initializer for field 'second_code' of 'struct e2fsck_problem' [-Wmissing-field-initializers]
    PROMPT_NONE, PR_FATAL },
    ^
In file included from external/e2fsprogs/e2fsck/problem.c:21:0:
external/e2fsprogs/e2fsck/problemP.h:17:12: note: 'second_code' declared here
  problem_t second_code;
            ^
external/e2fsprogs/e2fsck/problem.c:1489:4: warning: missing initializer for field 'second_code' of 'struct e2fsck_problem' [-Wmissing-field-initializers]
    PROMPT_NONE, 0 },
    ^
In file included from external/e2fsprogs/e2fsck/problem.c:21:0:
external/e2fsprogs/e2fsck/problemP.h:17:12: note: 'second_code' declared here
  problem_t second_code;
            ^
external/e2fsprogs/e2fsck/problem.c:1494:4: warning: missing initializer for field 'second_code' of 'struct e2fsck_problem' [-Wmissing-field-initializers]
    PROMPT_NONE, PR_FATAL },
    ^
In file included from external/e2fsprogs/e2fsck/problem.c:21:0:
external/e2fsprogs/e2fsck/problemP.h:17:12: note: 'second_code' declared here
  problem_t second_code;
            ^
external/e2fsprogs/e2fsck/problem.c:1499:4: warning: missing initializer for field 'second_code' of 'struct e2fsck_problem' [-Wmissing-field-initializers]
    PROMPT_NONE, PR_FATAL },
    ^
In file included from external/e2fsprogs/e2fsck/problem.c:21:0:
external/e2fsprogs/e2fsck/problemP.h:17:12: note: 'second_code' declared here
  problem_t second_code;
            ^
external/e2fsprogs/e2fsck/problem.c:1504:4: warning: missing initializer for field 'second_code' of 'struct e2fsck_problem' [-Wmissing-field-initializers]
    PROMPT_NONE, PR_FATAL },
    ^
In file included from external/e2fsprogs/e2fsck/problem.c:21:0:
external/e2fsprogs/e2fsck/problemP.h:17:12: note: 'second_code' declared here
  problem_t second_code;
            ^
external/e2fsprogs/e2fsck/problem.c:1509:4: warning: missing initializer for field 'second_code' of 'struct e2fsck_problem' [-Wmissing-field-initializers]
    PROMPT_UNLINK, 0 },
    ^
In file included from external/e2fsprogs/e2fsck/problem.c:21:0:
external/e2fsprogs/e2fsck/problemP.h:17:12: note: 'second_code' declared here
  problem_t second_code;
            ^
external/e2fsprogs/e2fsck/problem.c:1516:4: warning: missing initializer for field 'second_code' of 'struct e2fsck_problem' [-Wmissing-field-initializers]
    PROMPT_NONE, PR_PREEN_NOMSG },
    ^
In file included from external/e2fsprogs/e2fsck/problem.c:21:0:
external/e2fsprogs/e2fsck/problemP.h:17:12: note: 'second_code' declared here
  problem_t second_code;
            ^
external/e2fsprogs/e2fsck/problem.c:1521:4: warning: missing initializer for field 'second_code' of 'struct e2fsck_problem' [-Wmissing-field-initializers]
    PROMPT_NONE, 0 },
    ^
In file included from external/e2fsprogs/e2fsck/problem.c:21:0:
external/e2fsprogs/e2fsck/problemP.h:17:12: note: 'second_code' declared here
  problem_t second_code;
            ^
external/e2fsprogs/e2fsck/problem.c:1526:4: warning: missing initializer for field 'second_code' of 'struct e2fsck_problem' [-Wmissing-field-initializers]
    PROMPT_NONE, 0 },
    ^
In file included from external/e2fsprogs/e2fsck/problem.c:21:0:
external/e2fsprogs/e2fsck/problemP.h:17:12: note: 'second_code' declared here
  problem_t second_code;
            ^
external/e2fsprogs/e2fsck/problem.c:1531:4: warning: missing initializer for field 'second_code' of 'struct e2fsck_problem' [-Wmissing-field-initializers]
    PROMPT_NONE, PR_MSG_ONLY },
    ^
In file included from external/e2fsprogs/e2fsck/problem.c:21:0:
external/e2fsprogs/e2fsck/problemP.h:17:12: note: 'second_code' declared here
  problem_t second_code;
            ^
external/e2fsprogs/e2fsck/problem.c:1536:4: warning: missing initializer for field 'second_code' of 'struct e2fsck_problem' [-Wmissing-field-initializers]
    PROMPT_NONE, PR_LATCH_OPTIMIZE_DIR | PR_PREEN_NOHDR},
    ^
In file included from external/e2fsprogs/e2fsck/problem.c:21:0:
external/e2fsprogs/e2fsck/problemP.h:17:12: note: 'second_code' declared here
  problem_t second_code;
            ^
external/e2fsprogs/e2fsck/problem.c:1541:4: warning: missing initializer for field 'second_code' of 'struct e2fsck_problem' [-Wmissing-field-initializers]
    PROMPT_NONE, PR_PREEN_NOHDR },
    ^
In file included from external/e2fsprogs/e2fsck/problem.c:21:0:
external/e2fsprogs/e2fsck/problemP.h:17:12: note: 'second_code' declared here
  problem_t second_code;
            ^
external/e2fsprogs/e2fsck/problem.c:1548:4: warning: missing initializer for field 'second_code' of 'struct e2fsck_problem' [-Wmissing-field-initializers]
    PROMPT_NONE, 0 },
    ^
In file included from external/e2fsprogs/e2fsck/problem.c:21:0:
external/e2fsprogs/e2fsck/problemP.h:17:12: note: 'second_code' declared here
  problem_t second_code;
            ^
external/e2fsprogs/e2fsck/problem.c:1553:4: warning: missing initializer for field 'second_code' of 'struct e2fsck_problem' [-Wmissing-field-initializers]
    PROMPT_CLEAR, PR_PREEN_OK|PR_NO_OK },
    ^
In file included from external/e2fsprogs/e2fsck/problem.c:21:0:
external/e2fsprogs/e2fsck/problemP.h:17:12: note: 'second_code' declared here
  problem_t second_code;
            ^
external/e2fsprogs/e2fsck/problem.c:1558:4: warning: missing initializer for field 'second_code' of 'struct e2fsck_problem' [-Wmissing-field-initializers]
    PROMPT_CONNECT, 0 },
    ^
In file included from external/e2fsprogs/e2fsck/problem.c:21:0:
external/e2fsprogs/e2fsck/problemP.h:17:12: note: 'second_code' declared here
  problem_t second_code;
            ^
external/e2fsprogs/e2fsck/problem.c:1563:4: warning: missing initializer for field 'second_code' of 'struct e2fsck_problem' [-Wmissing-field-initializers]
    PROMPT_FIX, PR_PREEN_OK },
    ^
In file included from external/e2fsprogs/e2fsck/problem.c:21:0:
external/e2fsprogs/e2fsck/problemP.h:17:12: note: 'second_code' declared here
  problem_t second_code;
            ^
external/e2fsprogs/e2fsck/problem.c:1570:4: warning: missing initializer for field 'second_code' of 'struct e2fsck_problem' [-Wmissing-field-initializers]
    PROMPT_NONE, 0 },
    ^
In file included from external/e2fsprogs/e2fsck/problem.c:21:0:
external/e2fsprogs/e2fsck/problemP.h:17:12: note: 'second_code' declared here
  problem_t second_code;
            ^
external/e2fsprogs/e2fsck/problem.c:1577:4: warning: missing initializer for field 'second_code' of 'struct e2fsck_problem' [-Wmissing-field-initializers]
    PROMPT_NONE, 0 },
    ^
In file included from external/e2fsprogs/e2fsck/problem.c:21:0:
external/e2fsprogs/e2fsck/problemP.h:17:12: note: 'second_code' declared here
  problem_t second_code;
            ^
external/e2fsprogs/e2fsck/problem.c:1582:4: warning: missing initializer for field 'second_code' of 'struct e2fsck_problem' [-Wmissing-field-initializers]
    PROMPT_FIX, PR_PREEN_OK },
    ^
In file included from external/e2fsprogs/e2fsck/problem.c:21:0:
external/e2fsprogs/e2fsck/problemP.h:17:12: note: 'second_code' declared here
  problem_t second_code;
            ^
external/e2fsprogs/e2fsck/problem.c:1587:4: warning: missing initializer for field 'second_code' of 'struct e2fsck_problem' [-Wmissing-field-initializers]
    PROMPT_FIX, PR_PREEN_OK },
    ^
In file included from external/e2fsprogs/e2fsck/problem.c:21:0:
external/e2fsprogs/e2fsck/problemP.h:17:12: note: 'second_code' declared here
  problem_t second_code;
            ^
external/e2fsprogs/e2fsck/problem.c:1592:4: warning: missing initializer for field 'second_code' of 'struct e2fsck_problem' [-Wmissing-field-initializers]
    PROMPT_NONE, PR_PREEN_OK | PR_PREEN_NOMSG},
    ^
In file included from external/e2fsprogs/e2fsck/problem.c:21:0:
external/e2fsprogs/e2fsck/problemP.h:17:12: note: 'second_code' declared here
  problem_t second_code;
            ^
external/e2fsprogs/e2fsck/problem.c:1597:4: warning: missing initializer for field 'second_code' of 'struct e2fsck_problem' [-Wmissing-field-initializers]
    PROMPT_NONE, PR_LATCH_BBITMAP | PR_PREEN_OK | PR_PREEN_NOMSG },
    ^
In file included from external/e2fsprogs/e2fsck/problem.c:21:0:
external/e2fsprogs/e2fsck/problemP.h:17:12: note: 'second_code' declared here
  problem_t second_code;
            ^
external/e2fsprogs/e2fsck/problem.c:1602:4: warning: missing initializer for field 'second_code' of 'struct e2fsck_problem' [-Wmissing-field-initializers]
    PROMPT_NONE, PR_LATCH_BBITMAP | PR_PREEN_OK | PR_PREEN_NOMSG },
    ^
In file included from external/e2fsprogs/e2fsck/problem.c:21:0:
external/e2fsprogs/e2fsck/problemP.h:17:12: note: 'second_code' declared here
  problem_t second_code;
            ^
external/e2fsprogs/e2fsck/problem.c:1607:4: warning: missing initializer for field 'second_code' of 'struct e2fsck_problem' [-Wmissing-field-initializers]
    PROMPT_FIX, PR_PREEN_OK | PR_PREEN_NOMSG },
    ^
In file included from external/e2fsprogs/e2fsck/problem.c:21:0:
external/e2fsprogs/e2fsck/problemP.h:17:12: note: 'second_code' declared here
  problem_t second_code;
            ^
external/e2fsprogs/e2fsck/problem.c:1612:4: warning: missing initializer for field 'second_code' of 'struct e2fsck_problem' [-Wmissing-field-initializers]
    PROMPT_NONE, PR_PREEN_OK | PR_PREEN_NOMSG },
    ^
In file included from external/e2fsprogs/e2fsck/problem.c:21:0:
external/e2fsprogs/e2fsck/problemP.h:17:12: note: 'second_code' declared here
  problem_t second_code;
            ^
external/e2fsprogs/e2fsck/problem.c:1617:4: warning: missing initializer for field 'second_code' of 'struct e2fsck_problem' [-Wmissing-field-initializers]
    PROMPT_NONE, PR_LATCH_IBITMAP | PR_PREEN_OK | PR_PREEN_NOMSG },
    ^
In file included from external/e2fsprogs/e2fsck/problem.c:21:0:
external/e2fsprogs/e2fsck/problemP.h:17:12: note: 'second_code' declared here
  problem_t second_code;
            ^
external/e2fsprogs/e2fsck/problem.c:1622:4: warning: missing initializer for field 'second_code' of 'struct e2fsck_problem' [-Wmissing-field-initializers]
    PROMPT_NONE, PR_LATCH_IBITMAP | PR_PREEN_OK | PR_PREEN_NOMSG },
    ^
In file included from external/e2fsprogs/e2fsck/problem.c:21:0:
external/e2fsprogs/e2fsck/problemP.h:17:12: note: 'second_code' declared here
  problem_t second_code;
            ^
external/e2fsprogs/e2fsck/problem.c:1627:4: warning: missing initializer for field 'second_code' of 'struct e2fsck_problem' [-Wmissing-field-initializers]
    PROMPT_FIX, PR_PREEN_OK | PR_PREEN_NOMSG },
    ^
In file included from external/e2fsprogs/e2fsck/problem.c:21:0:
external/e2fsprogs/e2fsck/problemP.h:17:12: note: 'second_code' declared here
  problem_t second_code;
            ^
external/e2fsprogs/e2fsck/problem.c:1632:4: warning: missing initializer for field 'second_code' of 'struct e2fsck_problem' [-Wmissing-field-initializers]
    PROMPT_FIX, PR_PREEN_OK | PR_PREEN_NOMSG },
    ^
In file included from external/e2fsprogs/e2fsck/problem.c:21:0:
external/e2fsprogs/e2fsck/problemP.h:17:12: note: 'second_code' declared here
  problem_t second_code;
            ^
external/e2fsprogs/e2fsck/problem.c:1637:4: warning: missing initializer for field 'second_code' of 'struct e2fsck_problem' [-Wmissing-field-initializers]
    PROMPT_FIX, PR_PREEN_OK | PR_PREEN_NOMSG },
    ^
In file included from external/e2fsprogs/e2fsck/problem.c:21:0:
external/e2fsprogs/e2fsck/problemP.h:17:12: note: 'second_code' declared here
  problem_t second_code;
            ^
external/e2fsprogs/e2fsck/problem.c:1642:4: warning: missing initializer for field 'second_code' of 'struct e2fsck_problem' [-Wmissing-field-initializers]
    PROMPT_FIX, PR_PREEN_OK | PR_NO_OK | PR_PREEN_NOMSG },
    ^
In file included from external/e2fsprogs/e2fsck/problem.c:21:0:
external/e2fsprogs/e2fsck/problemP.h:17:12: note: 'second_code' declared here
  problem_t second_code;
            ^
external/e2fsprogs/e2fsck/problem.c:1647:4: warning: missing initializer for field 'second_code' of 'struct e2fsck_problem' [-Wmissing-field-initializers]
    PROMPT_FIX, PR_PREEN_OK | PR_PREEN_NOMSG },
    ^
In file included from external/e2fsprogs/e2fsck/problem.c:21:0:
external/e2fsprogs/e2fsck/problemP.h:17:12: note: 'second_code' declared here
  problem_t second_code;
            ^
external/e2fsprogs/e2fsck/problem.c:1652:4: warning: missing initializer for field 'second_code' of 'struct e2fsck_problem' [-Wmissing-field-initializers]
    PROMPT_FIX, PR_PREEN_OK | PR_NO_OK | PR_PREEN_NOMSG },
    ^
In file included from external/e2fsprogs/e2fsck/problem.c:21:0:
external/e2fsprogs/e2fsck/problemP.h:17:12: note: 'second_code' declared here
  problem_t second_code;
            ^
external/e2fsprogs/e2fsck/problem.c:1658:4: warning: missing initializer for field 'second_code' of 'struct e2fsck_problem' [-Wmissing-field-initializers]
    PROMPT_NONE, PR_FATAL },
    ^
In file included from external/e2fsprogs/e2fsck/problem.c:21:0:
external/e2fsprogs/e2fsck/problemP.h:17:12: note: 'second_code' declared here
  problem_t second_code;
            ^
external/e2fsprogs/e2fsck/problem.c:1663:4: warning: missing initializer for field 'second_code' of 'struct e2fsck_problem' [-Wmissing-field-initializers]
    PROMPT_NONE, PR_FATAL },
    ^
In file included from external/e2fsprogs/e2fsck/problem.c:21:0:
external/e2fsprogs/e2fsck/problemP.h:17:12: note: 'second_code' declared here
  problem_t second_code;
            ^
external/e2fsprogs/e2fsck/problem.c:1668:4: warning: missing initializer for field 'second_code' of 'struct e2fsck_problem' [-Wmissing-field-initializers]
    PROMPT_NONE, PR_FATAL },
    ^
In file included from external/e2fsprogs/e2fsck/problem.c:21:0:
external/e2fsprogs/e2fsck/problemP.h:17:12: note: 'second_code' declared here
  problem_t second_code;
            ^
external/e2fsprogs/e2fsck/problem.c:1673:4: warning: missing initializer for field 'second_code' of 'struct e2fsck_problem' [-Wmissing-field-initializers]
    PROMPT_NONE, PR_FATAL },
    ^
In file included from external/e2fsprogs/e2fsck/problem.c:21:0:
external/e2fsprogs/e2fsck/problemP.h:17:12: note: 'second_code' declared here
  problem_t second_code;
            ^
external/e2fsprogs/e2fsck/problem.c:1678:4: warning: missing initializer for field 'second_code' of 'struct e2fsck_problem' [-Wmissing-field-initializers]
    PROMPT_NONE, PR_LATCH_BBITMAP | PR_PREEN_OK | PR_PREEN_NOMSG },
    ^
In file included from external/e2fsprogs/e2fsck/problem.c:21:0:
external/e2fsprogs/e2fsck/problemP.h:17:12: note: 'second_code' declared here
  problem_t second_code;
            ^
external/e2fsprogs/e2fsck/problem.c:1683:4: warning: missing initializer for field 'second_code' of 'struct e2fsck_problem' [-Wmissing-field-initializers]
    PROMPT_NONE, PR_LATCH_BBITMAP | PR_PREEN_OK | PR_PREEN_NOMSG },
    ^
In file included from external/e2fsprogs/e2fsck/problem.c:21:0:
external/e2fsprogs/e2fsck/problemP.h:17:12: note: 'second_code' declared here
  problem_t second_code;
            ^
external/e2fsprogs/e2fsck/problem.c:1688:4: warning: missing initializer for field 'second_code' of 'struct e2fsck_problem' [-Wmissing-field-initializers]
    PROMPT_NONE, PR_LATCH_IBITMAP | PR_PREEN_OK | PR_PREEN_NOMSG },
    ^
In file included from external/e2fsprogs/e2fsck/problem.c:21:0:
external/e2fsprogs/e2fsck/problemP.h:17:12: note: 'second_code' declared here
  problem_t second_code;
            ^
external/e2fsprogs/e2fsck/problem.c:1693:4: warning: missing initializer for field 'second_code' of 'struct e2fsck_problem' [-Wmissing-field-initializers]
    PROMPT_NONE, PR_LATCH_IBITMAP | PR_PREEN_OK | PR_PREEN_NOMSG },
    ^
In file included from external/e2fsprogs/e2fsck/problem.c:21:0:
external/e2fsprogs/e2fsck/problemP.h:17:12: note: 'second_code' declared here
  problem_t second_code;
            ^
external/e2fsprogs/e2fsck/problem.c:1698:4: warning: missing initializer for field 'second_code' of 'struct e2fsck_problem' [-Wmissing-field-initializers]
    PROMPT_FIX, PR_PREEN_OK },
    ^
In file included from external/e2fsprogs/e2fsck/problem.c:21:0:
external/e2fsprogs/e2fsck/problemP.h:17:12: note: 'second_code' declared here
  problem_t second_code;
            ^
external/e2fsprogs/e2fsck/problem.c:1703:4: warning: missing initializer for field 'second_code' of 'struct e2fsck_problem' [-Wmissing-field-initializers]
    PROMPT_FIX, PR_PREEN_OK },
    ^
In file included from external/e2fsprogs/e2fsck/problem.c:21:0:
external/e2fsprogs/e2fsck/problemP.h:17:12: note: 'second_code' declared here
  problem_t second_code;
            ^
external/e2fsprogs/e2fsck/problem.c:1710:4: warning: missing initializer for field 'second_code' of 'struct e2fsck_problem' [-Wmissing-field-initializers]
    PROMPT_NULL, PR_PREEN_OK | PR_NO_OK },
    ^
In file included from external/e2fsprogs/e2fsck/problem.c:21:0:
external/e2fsprogs/e2fsck/problemP.h:17:12: note: 'second_code' declared here
  problem_t second_code;
            ^
external/e2fsprogs/e2fsck/problem.c:1715:4: warning: missing initializer for field 'second_code' of 'struct e2fsck_problem' [-Wmissing-field-initializers]
    PROMPT_NULL, PR_PREEN_OK },
    ^
In file included from external/e2fsprogs/e2fsck/problem.c:21:0:
external/e2fsprogs/e2fsck/problemP.h:17:12: note: 'second_code' declared here
  problem_t second_code;
            ^
external/e2fsprogs/e2fsck/problem.c:1727:2: warning: missing initializer for field 'flags' of 'struct latch_descr' [-Wmissing-field-initializers]
  { PR_LATCH_BLOCK, PR_1_INODE_BLOCK_LATCH, 0 },
  ^
In file included from external/e2fsprogs/e2fsck/problem.c:21:0:
external/e2fsprogs/e2fsck/problemP.h:26:7: note: 'flags' declared here
  int  flags;
       ^
external/e2fsprogs/e2fsck/problem.c:1728:2: warning: missing initializer for field 'flags' of 'struct latch_descr' [-Wmissing-field-initializers]
  { PR_LATCH_BBLOCK, PR_1_INODE_BBLOCK_LATCH, 0 },
  ^
In file included from external/e2fsprogs/e2fsck/problem.c:21:0:
external/e2fsprogs/e2fsck/problemP.h:26:7: note: 'flags' declared here
  int  flags;
       ^
external/e2fsprogs/e2fsck/problem.c:1729:2: warning: missing initializer for field 'flags' of 'struct latch_descr' [-Wmissing-field-initializers]
  { PR_LATCH_IBITMAP, PR_5_INODE_BITMAP_HEADER, PR_5_INODE_BITMAP_END },
  ^
In file included from external/e2fsprogs/e2fsck/problem.c:21:0:
external/e2fsprogs/e2fsck/problemP.h:26:7: note: 'flags' declared here
  int  flags;
       ^
external/e2fsprogs/e2fsck/problem.c:1730:2: warning: missing initializer for field 'flags' of 'struct latch_descr' [-Wmissing-field-initializers]
  { PR_LATCH_BBITMAP, PR_5_BLOCK_BITMAP_HEADER, PR_5_BLOCK_BITMAP_END },
  ^
In file included from external/e2fsprogs/e2fsck/problem.c:21:0:
external/e2fsprogs/e2fsck/problemP.h:26:7: note: 'flags' declared here
  int  flags;
       ^
external/e2fsprogs/e2fsck/problem.c:1731:2: warning: missing initializer for field 'flags' of 'struct latch_descr' [-Wmissing-field-initializers]
  { PR_LATCH_RELOC, PR_0_RELOCATE_HINT, 0 },
  ^
In file included from external/e2fsprogs/e2fsck/problem.c:21:0:
external/e2fsprogs/e2fsck/problemP.h:26:7: note: 'flags' declared here
  int  flags;
       ^
external/e2fsprogs/e2fsck/problem.c:1732:2: warning: missing initializer for field 'flags' of 'struct latch_descr' [-Wmissing-field-initializers]
  { PR_LATCH_DBLOCK, PR_1B_DUP_BLOCK_HEADER, PR_1B_DUP_BLOCK_END },
  ^
In file included from external/e2fsprogs/e2fsck/problem.c:21:0:
external/e2fsprogs/e2fsck/problemP.h:26:7: note: 'flags' declared here
  int  flags;
       ^
external/e2fsprogs/e2fsck/problem.c:1733:2: warning: missing initializer for field 'flags' of 'struct latch_descr' [-Wmissing-field-initializers]
  { PR_LATCH_LOW_DTIME, PR_1_ORPHAN_LIST_REFUGEES, 0 },
  ^
In file included from external/e2fsprogs/e2fsck/problem.c:21:0:
external/e2fsprogs/e2fsck/problemP.h:26:7: note: 'flags' declared here
  int  flags;
       ^
external/e2fsprogs/e2fsck/problem.c:1734:2: warning: missing initializer for field 'flags' of 'struct latch_descr' [-Wmissing-field-initializers]
  { PR_LATCH_TOOBIG, PR_1_INODE_TOOBIG, 0 },
  ^
In file included from external/e2fsprogs/e2fsck/problem.c:21:0:
external/e2fsprogs/e2fsck/problemP.h:26:7: note: 'flags' declared here
  int  flags;
       ^
external/e2fsprogs/e2fsck/problem.c:1735:2: warning: missing initializer for field 'flags' of 'struct latch_descr' [-Wmissing-field-initializers]
  { PR_LATCH_OPTIMIZE_DIR, PR_3A_OPTIMIZE_DIR_HEADER, PR_3A_OPTIMIZE_DIR_END },
  ^
In file included from external/e2fsprogs/e2fsck/problem.c:21:0:
external/e2fsprogs/e2fsck/problemP.h:26:7: note: 'flags' declared here
  int  flags;
       ^
external/e2fsprogs/e2fsck/problem.c:1736:2: warning: missing initializer for field 'flags' of 'struct latch_descr' [-Wmissing-field-initializers]
  { PR_LATCH_BG_CHECKSUM, PR_0_GDT_CSUM_LATCH, 0 },
  ^
In file included from external/e2fsprogs/e2fsck/problem.c:21:0:
external/e2fsprogs/e2fsck/problemP.h:26:7: note: 'flags' declared here
  int  flags;
       ^
external/e2fsprogs/e2fsck/problem.c:1737:2: warning: missing initializer for field 'flags' of 'struct latch_descr' [-Wmissing-field-initializers]
  { -1, 0, 0 },
  ^
In file included from external/e2fsprogs/e2fsck/problem.c:21:0:
external/e2fsprogs/e2fsck/problemP.h:26:7: note: 'flags' declared here
  int  flags;
       ^
[36mtarget thumb C:[0m e2fsck <= external/e2fsprogs/e2fsck/region.c
[36mtarget thumb C:[0m e2fsck <= external/e2fsprogs/e2fsck/sigcatcher.c
[36mtarget thumb C:[0m libext2_blkid <= external/e2fsprogs/lib/blkid/cache.c
[36mtarget thumb C:[0m libext2_blkid <= external/e2fsprogs/lib/blkid/dev.c
[36mtarget thumb C:[0m libext2_blkid <= external/e2fsprogs/lib/blkid/devname.c
[36mtarget thumb C:[0m libext2_blkid <= external/e2fsprogs/lib/blkid/devno.c
[36mtarget thumb C:[0m libext2_blkid <= external/e2fsprogs/lib/blkid/getsize.c
[36mtarget thumb C:[0m libext2_blkid <= external/e2fsprogs/lib/blkid/llseek.c
[36mtarget thumb C:[0m libext2_blkid <= external/e2fsprogs/lib/blkid/probe.c
[36mtarget thumb C:[0m libext2_blkid <= external/e2fsprogs/lib/blkid/probe_exfat.c
[36mtarget thumb C:[0m libext2_blkid <= external/e2fsprogs/lib/blkid/read.c
external/e2fsprogs/lib/blkid/probe.c: In function 'probe_jfs':
external/e2fsprogs/lib/blkid/probe.c:866:31: warning: comparison between signed and unsigned integer expressions [-Wsign-compare]
  if (blkid_le32(js->js_bsize) != (1 << blkid_le16(js->js_l2bsize)))
                               ^
external/e2fsprogs/lib/blkid/probe.c:869:32: warning: comparison between signed and unsigned integer expressions [-Wsign-compare]
  if (blkid_le32(js->js_pbsize) != (1 << blkid_le16(js->js_l2pbsize)))
                                ^
external/e2fsprogs/lib/blkid/probe.c: In function 'blkid_verify':
external/e2fsprogs/lib/blkid/probe.c:1545:19: warning: comparison between signed and unsigned integer expressions [-Wsign-compare]
      (st.st_mtime <= dev->bid_time) &&
                   ^
external/e2fsprogs/lib/blkid/probe_exfat.c: In function 'probe_exfat':
external/e2fsprogs/lib/blkid/probe_exfat.c:177:3: warning: pointer targets in passing argument 1 of 'unicode_16le_to_utf8' differ in signedness [-Wpointer-sign]
   unicode_16le_to_utf8(utf8_label, sizeof(utf8_label), label->name, label->length * 2);
   ^
external/e2fsprogs/lib/blkid/probe_exfat.c:128:13: note: expected 'unsigned char *' but argument is of type 'char *'
 static void unicode_16le_to_utf8(unsigned char *str, int out_len,
             ^
[36mtarget thumb C:[0m libext2_blkid <= external/e2fsprogs/lib/blkid/resolve.c
[36mtarget thumb C:[0m libext2_blkid <= external/e2fsprogs/lib/blkid/save.c
external/e2fsprogs/lib/blkid/read.c: In function 'blkid_read_cache':
external/e2fsprogs/lib/blkid/read.c:398:19: warning: comparison between signed and unsigned integer expressions [-Wsign-compare]
  if ((st.st_mtime == cache->bic_ftime) ||
                   ^
[36mtarget thumb C:[0m libext2_blkid <= external/e2fsprogs/lib/blkid/tag.c
[36mtarget thumb C:[0m libext2_blkid <= external/e2fsprogs/lib/blkid/version.c
[36mtarget thumb C:[0m simg2img_twrp <= system/core/libsparse/simg2img.c
[36mtarget thumb C:[0m simg2img_twrp <= system/core/libsparse/sparse_crc32.c
[36mtarget asm:[0m linker <= bionic/linker/arch/arm/begin.S
[36mtarget thumb C++:[0m linker <= bionic/linker/debugger.cpp
[36mtarget thumb C++:[0m linker <= bionic/linker/dlfcn.cpp
[36mtarget thumb C++:[0m linker <= bionic/linker/linker.cpp
[36mtarget thumb C++:[0m linker <= bionic/linker/linker_allocator.cpp
[36mtarget thumb C++:[0m linker <= bionic/linker/linker_environ.cpp
[36mtarget thumb C++:[0m linker <= bionic/linker/linker_phdr.cpp
[36mtarget thumb C++:[0m linker <= bionic/linker/rt.cpp
[36mtarget thumb C:[0m linker <= bionic/linker/linker_libc_support.c
[36mtarget thumb C++:[0m libbacktrace <= system/core/libbacktrace/BacktraceImpl.cpp
[36mtarget thumb C++:[0m libbacktrace <= system/core/libbacktrace/BacktraceMap.cpp
[36mtarget thumb C++:[0m libbacktrace <= system/core/libbacktrace/BacktraceThread.cpp
[36mtarget thumb C++:[0m libbacktrace <= system/core/libbacktrace/UnwindCurrent.cpp
[36mtarget thumb C++:[0m libbacktrace <= system/core/libbacktrace/UnwindMap.cpp
[36mtarget thumb C++:[0m libbacktrace <= system/core/libbacktrace/UnwindPtrace.cpp
[36mtarget thumb C:[0m libbacktrace <= system/core/libbacktrace/thread_utils.c
[36mtarget thumb C++:[0m libutils <= system/core/libutils/BasicHashtable.cpp
[36mtarget thumb C++:[0m libutils <= system/core/libutils/BlobCache.cpp
[36mtarget thumb C++:[0m libutils <= system/core/libutils/CallStack.cpp
[36mtarget thumb C++:[0m libutils <= system/core/libutils/FileMap.cpp
[36mtarget thumb C++:[0m libutils <= system/core/libutils/JenkinsHash.cpp
[36mtarget thumb C++:[0m libutils <= system/core/libutils/LinearAllocator.cpp
[36mtarget thumb C++:[0m libutils <= system/core/libutils/LinearTransform.cpp
[36mtarget thumb C++:[0m libutils <= system/core/libutils/Log.cpp
[36mtarget thumb C++:[0m libutils <= system/core/libutils/NativeHandle.cpp
[36mtarget thumb C++:[0m libutils <= system/core/libutils/Printer.cpp
[36mtarget thumb C++:[0m libutils <= system/core/libutils/ProcessCallStack.cpp
[36mtarget thumb C++:[0m libutils <= system/core/libutils/PropertyMap.cpp
[36mtarget thumb C++:[0m libutils <= system/core/libutils/RefBase.cpp
[36mtarget thumb C++:[0m libutils <= system/core/libutils/SharedBuffer.cpp
[36mtarget thumb C++:[0m libutils <= system/core/libutils/Static.cpp
[36mtarget thumb C++:[0m libutils <= system/core/libutils/StopWatch.cpp
[36mtarget thumb C++:[0m libutils <= system/core/libutils/String8.cpp
[36mtarget thumb C++:[0m libutils <= system/core/libutils/String16.cpp
[36mtarget thumb C++:[0m libutils <= system/core/libutils/SystemClock.cpp
[36mtarget thumb C++:[0m libutils <= system/core/libutils/Threads.cpp
[36mtarget thumb C++:[0m libutils <= system/core/libutils/Timers.cpp
[36mtarget thumb C++:[0m libutils <= system/core/libutils/Tokenizer.cpp
[36mtarget thumb C++:[0m libutils <= system/core/libutils/Unicode.cpp
[36mtarget thumb C++:[0m libutils <= system/core/libutils/VectorImpl.cpp
[36mtarget thumb C++:[0m libutils <= system/core/libutils/misc.cpp
[36mtarget thumb C++:[0m libutils <= system/core/libutils/Looper.cpp
[36mtarget thumb C++:[0m libutils <= system/core/libutils/Trace.cpp
[36mtarget thumb C++:[0m libminuitwrp <= bootable/recovery/minuitwrp/graphics.cpp
[36mtarget thumb C++:[0m libminuitwrp <= bootable/recovery/minuitwrp/graphics_fbdev.cpp
[36mtarget thumb C++:[0m libminuitwrp <= bootable/recovery/minuitwrp/resources.cpp
[36mtarget thumb C++:[0m libminuitwrp <= bootable/recovery/minuitwrp/graphics_overlay.cpp
[36mtarget thumb C++:[0m libminuitwrp <= bootable/recovery/minuitwrp/truetype.cpp
[36mtarget thumb C++:[0m libminuitwrp <= bootable/recovery/minuitwrp/graphics_utils.cpp
[36mtarget thumb C++:[0m libminuitwrp <= bootable/recovery/minuitwrp/events.cpp
[36mtarget thumb C++:[0m libminuitwrp <= bootable/recovery/minuitwrp/graphics_adf.cpp
bootable/recovery/minuitwrp/truetype.cpp:394:18: warning: comparison of integers of different signs: 'unsigned int' and 'int' [-Wsign-compare]
    for(y = 0; y < glyph->bitmap.rows; ++y)
               ~ ^ ~~~~~~~~~~~~~~~~~~
1 warning generated.
bootable/recovery/minuitwrp/events.cpp:781:17: warning: unused parameter 'timeout' [-Wunused-parameter]
int ev_wait(int timeout)
                ^
bootable/recovery/minuitwrp/events.cpp:791:22: warning: unused parameter 'fd' [-Wunused-parameter]
int ev_get_input(int fd, short revents, struct input_event *ev)
                     ^
bootable/recovery/minuitwrp/events.cpp:791:32: warning: unused parameter 'revents' [-Wunused-parameter]
int ev_get_input(int fd, short revents, struct input_event *ev)
                               ^
bootable/recovery/minuitwrp/events.cpp:791:61: warning: unused parameter 'ev' [-Wunused-parameter]
int ev_get_input(int fd, short revents, struct input_event *ev)
                                                            ^
4 warnings generated.
[36mtarget StaticLib:[0m libpixelflinger_twrp (/builds/out/target/product/trlteduoszh/obj/STATIC_LIBRARIES/libpixelflinger_twrp_intermediates/libpixelflinger_twrp.a)
[36mtarget thumb C:[0m libminadbd <= bootable/recovery/minadbd.old/adb.c
[36mtarget StaticLib:[0m libadf (/builds/out/target/product/trlteduoszh/obj/STATIC_LIBRARIES/libadf_intermediates/libadf.a)
[36mtarget thumb C:[0m libminadbd <= bootable/recovery/minadbd.old/fdevent.c
[36mtarget thumb C:[0m libminadbd <= bootable/recovery/minadbd.old/fuse_adb_provider.c
[36mtarget thumb C:[0m libminadbd <= bootable/recovery/minadbd.old/transport.c
[36mtarget thumb C:[0m libminadbd <= bootable/recovery/minadbd.old/transport_usb.c
[36mtarget thumb C:[0m libminadbd <= bootable/recovery/minadbd.old/sockets.c
[36mtarget thumb C:[0m libminadbd <= bootable/recovery/minadbd.old/services.c
[36mtarget thumb C:[0m libminadbd <= bootable/recovery/minadbd.old/usb_linux_client.c
bootable/recovery/minadbd.old/services.c: In function 'sideload_host_service':
bootable/recovery/minadbd.old/services.c:55:5: warning: format '%lu' expects argument of type 'long unsigned int', but argument 3 has type 'uint32_t' [-Wformat=]
     printf("sideload-host file size %llu block size %lu\n", file_size, block_size);
     ^
[36mtarget thumb C:[0m libminadbd <= bootable/recovery/minadbd.old/utils.c
[36mtarget thumb C:[0m libfusesideload <= bootable/recovery/fuse_sideload.c
[36mtarget thumb C:[0m libminzip <= bootable/recovery/minzip/Hash.c
[36mtarget thumb C:[0m libminzip <= bootable/recovery/minzip/SysUtil.c
[36mtarget thumb C:[0m libminzip <= bootable/recovery/minzip/DirUtil.c
[36mtarget thumb C:[0m libminzip <= bootable/recovery/minzip/Inlines.c
[36mtarget thumb C:[0m libminzip <= bootable/recovery/minzip/Zip.c
[36mtarget thumb C:[0m libselinux <= external/libselinux/src/booleans.c
[36mtarget thumb C:[0m libselinux <= external/libselinux/src/canonicalize_context.c
[36mtarget thumb C:[0m libselinux <= external/libselinux/src/disable.c
[36mtarget thumb C:[0m libselinux <= external/libselinux/src/enabled.c
[36mtarget thumb C:[0m libselinux <= external/libselinux/src/fgetfilecon.c
[36mtarget thumb C:[0m libselinux <= external/libselinux/src/fsetfilecon.c
[36mtarget thumb C:[0m libselinux <= external/libselinux/src/getenforce.c
[36mtarget thumb C:[0m libselinux <= external/libselinux/src/getfilecon.c
[36mtarget thumb C:[0m libselinux <= external/libselinux/src/getpeercon.c
[36mtarget thumb C:[0m libselinux <= external/libselinux/src/lgetfilecon.c
[36mtarget thumb C:[0m libselinux <= external/libselinux/src/load_policy.c
[36mtarget thumb C:[0m libselinux <= external/libselinux/src/lsetfilecon.c
[36mtarget thumb C:[0m libselinux <= external/libselinux/src/policyvers.c
[36mtarget thumb C:[0m libselinux <= external/libselinux/src/procattr.c
[36mtarget thumb C:[0m libselinux <= external/libselinux/src/setenforce.c
[36mtarget thumb C:[0m libselinux <= external/libselinux/src/setfilecon.c
[36mtarget thumb C:[0m libselinux <= external/libselinux/src/context.c
[36mtarget thumb C:[0m libselinux <= external/libselinux/src/mapping.c
[36mtarget thumb C:[0m libselinux <= external/libselinux/src/stringrep.c
[36mtarget thumb C:[0m libselinux <= external/libselinux/src/compute_create.c
[36mtarget thumb C:[0m libselinux <= external/libselinux/src/compute_av.c
[36mtarget thumb C:[0m libselinux <= external/libselinux/src/avc.c
[36mtarget thumb C:[0m libselinux <= external/libselinux/src/avc_internal.c
[36mtarget thumb C:[0m libselinux <= external/libselinux/src/avc_sidtab.c
[36mtarget thumb C:[0m libselinux <= external/libselinux/src/get_initial_context.c
[36mtarget thumb C:[0m libselinux <= external/libselinux/src/checkAccess.c
[36mtarget thumb C:[0m libselinux <= external/libselinux/src/sestatus.c
[36mtarget thumb C:[0m libselinux <= external/libselinux/src/deny_unknown.c
[36mtarget thumb C:[0m libselinux <= external/libselinux/src/callbacks.c
[36mtarget thumb C:[0m libselinux <= external/libselinux/src/check_context.c
[36mtarget thumb C:[0m libselinux <= external/libselinux/src/freecon.c
[36mtarget thumb C:[0m libselinux <= external/libselinux/src/init.c
[36mtarget thumb C:[0m libselinux <= external/libselinux/src/label.c
[36mtarget thumb C:[0m libselinux <= external/libselinux/src/label_file.c
[36mtarget thumb C:[0m libselinux <= external/libselinux/src/label_android_property.c
[36mtarget thumb C:[0m libselinux <= external/libselinux/src/android.c
[36mtarget StaticLib:[0m libmincrypt (/builds/out/target/product/trlteduoszh/obj/STATIC_LIBRARIES/libmincrypt_intermediates/libmincrypt.a)
[36mtarget thumb C:[0m libblkid <= bootable/recovery/libblkid/src/cache.c
[36mtarget thumb C:[0m libblkid <= bootable/recovery/libblkid/src/config.c
[36mtarget thumb C:[0m libblkid <= bootable/recovery/libblkid/src/dev.c
[36mtarget thumb C:[0m libblkid <= bootable/recovery/libblkid/src/devname.c
[36mtarget thumb C:[0m libblkid <= bootable/recovery/libblkid/src/devno.c
[36mtarget thumb C:[0m libblkid <= bootable/recovery/libblkid/src/encode.c
[36mtarget thumb C:[0m libblkid <= bootable/recovery/libblkid/src/evaluate.c
[36mtarget thumb C:[0m libblkid <= bootable/recovery/libblkid/src/getsize.c
[36mtarget thumb C:[0m libblkid <= bootable/recovery/libblkid/src/init.c
[36mtarget thumb C:[0m libblkid <= bootable/recovery/libblkid/src/llseek.c
[36mtarget thumb C:[0m libblkid <= bootable/recovery/libblkid/src/probe.c
[36mtarget thumb C:[0m libblkid <= bootable/recovery/libblkid/src/read.c
bootable/recovery/libblkid/src/probe.c: In function 'blkid_probe_get_probername':
bootable/recovery/libblkid/src/probe.c:347:39: warning: comparison between signed and unsigned integer expressions [-Wsign-compare]
  if (chn && chn->idx >= 0 && chn->idx < chn->driver->nidinfos)
                                       ^
[36mtarget thumb C:[0m libblkid <= bootable/recovery/libblkid/src/resolve.c
[36mtarget thumb C:[0m libblkid <= bootable/recovery/libblkid/src/save.c
bootable/recovery/libblkid/src/read.c: In function 'blkid_read_cache':
bootable/recovery/libblkid/src/read.c:413:19: warning: comparison between signed and unsigned integer expressions [-Wsign-compare]
  if ((st.st_mtime == cache->bic_ftime) ||
                   ^
[36mtarget thumb C:[0m libblkid <= bootable/recovery/libblkid/src/tag.c
[36mtarget thumb C:[0m libblkid <= bootable/recovery/libblkid/src/verify.c
[36mtarget thumb C:[0m libblkid <= bootable/recovery/libblkid/src/version.c
bootable/recovery/libblkid/src/verify.c: In function 'blkid_verify':
bootable/recovery/libblkid/src/verify.c:96:18: warning: comparison between signed and unsigned integer expressions [-Wsign-compare]
      st.st_mtime <= dev->bid_time &&
                  ^
[36mtarget thumb C:[0m libblkid <= bootable/recovery/libblkid/src/partitions/aix.c
[36mtarget thumb C:[0m libblkid <= bootable/recovery/libblkid/src/partitions/bsd.c
[36mtarget thumb C:[0m libblkid <= bootable/recovery/libblkid/src/partitions/dos.c
[36mtarget thumb C:[0m libblkid <= bootable/recovery/libblkid/src/partitions/gpt.c
[36mtarget thumb C:[0m libblkid <= bootable/recovery/libblkid/src/partitions/mac.c
[36mtarget thumb C:[0m libblkid <= bootable/recovery/libblkid/src/partitions/minix.c
[36mtarget thumb C:[0m libblkid <= bootable/recovery/libblkid/src/partitions/partitions.c
[36mtarget thumb C:[0m libblkid <= bootable/recovery/libblkid/src/partitions/sgi.c
[36mtarget thumb C:[0m libblkid <= bootable/recovery/libblkid/src/partitions/solaris_x86.c
[36mtarget thumb C:[0m libblkid <= bootable/recovery/libblkid/src/partitions/sun.c
[36mtarget thumb C:[0m libblkid <= bootable/recovery/libblkid/src/partitions/ultrix.c
[36mtarget thumb C:[0m libblkid <= bootable/recovery/libblkid/src/partitions/unixware.c
[36mtarget thumb C:[0m libblkid <= bootable/recovery/libblkid/src/superblocks/adaptec_raid.c
[36mtarget thumb C:[0m libblkid <= bootable/recovery/libblkid/src/superblocks/bcache.c
[36mtarget thumb C:[0m libblkid <= bootable/recovery/libblkid/src/superblocks/befs.c
[36mtarget thumb C:[0m libblkid <= bootable/recovery/libblkid/src/superblocks/bfs.c
[36mtarget thumb C:[0m libblkid <= bootable/recovery/libblkid/src/superblocks/btrfs.c
[36mtarget thumb C:[0m libblkid <= bootable/recovery/libblkid/src/superblocks/cramfs.c
[36mtarget thumb C:[0m libblkid <= bootable/recovery/libblkid/src/superblocks/ddf_raid.c
[36mtarget thumb C:[0m libblkid <= bootable/recovery/libblkid/src/superblocks/drbd.c
[36mtarget thumb C:[0m libblkid <= bootable/recovery/libblkid/src/superblocks/drbdproxy_datalog.c
[36mtarget thumb C:[0m libblkid <= bootable/recovery/libblkid/src/superblocks/exfat.c
[36mtarget thumb C:[0m libblkid <= bootable/recovery/libblkid/src/superblocks/ext.c
[36mtarget thumb C:[0m libblkid <= bootable/recovery/libblkid/src/superblocks/f2fs.c
[36mtarget thumb C:[0m libblkid <= bootable/recovery/libblkid/src/superblocks/gfs.c
[36mtarget thumb C:[0m libblkid <= bootable/recovery/libblkid/src/superblocks/hfs.c
[36mtarget thumb C:[0m libblkid <= bootable/recovery/libblkid/src/superblocks/highpoint_raid.c
[36mtarget thumb C:[0m libblkid <= bootable/recovery/libblkid/src/superblocks/hpfs.c
[36mtarget thumb C:[0m libblkid <= bootable/recovery/libblkid/src/superblocks/iso9660.c
[36mtarget thumb C:[0m libblkid <= bootable/recovery/libblkid/src/superblocks/isw_raid.c
[36mtarget thumb C:[0m libblkid <= bootable/recovery/libblkid/src/superblocks/jfs.c
[36mtarget thumb C:[0m libblkid <= bootable/recovery/libblkid/src/superblocks/jmicron_raid.c
[36mtarget thumb C:[0m libblkid <= bootable/recovery/libblkid/src/superblocks/linux_raid.c
[36mtarget thumb C:[0m libblkid <= bootable/recovery/libblkid/src/superblocks/lsi_raid.c
[36mtarget thumb C:[0m libblkid <= bootable/recovery/libblkid/src/superblocks/luks.c
[36mtarget thumb C:[0m libblkid <= bootable/recovery/libblkid/src/superblocks/lvm.c
[36mtarget thumb C:[0m libblkid <= bootable/recovery/libblkid/src/superblocks/minix.c
[36mtarget thumb C:[0m libblkid <= bootable/recovery/libblkid/src/superblocks/netware.c
[36mtarget thumb C:[0m libblkid <= bootable/recovery/libblkid/src/superblocks/nilfs.c
bootable/recovery/libblkid/src/superblocks/minix.c: In function 'probe_minix':
bootable/recovery/libblkid/src/superblocks/minix.c:73:66: warning: unused parameter 'mag' [-Wunused-parameter]
 static int probe_minix(blkid_probe pr, const struct blkid_idmag *mag)
                                                                  ^
[36mtarget thumb C:[0m libblkid <= bootable/recovery/libblkid/src/superblocks/ntfs.c
bootable/recovery/libblkid/src/superblocks/nilfs.c: In function 'probe_nilfs2':
bootable/recovery/libblkid/src/superblocks/nilfs.c:87:67: warning: unused parameter 'mag' [-Wunused-parameter]
 static int probe_nilfs2(blkid_probe pr, const struct blkid_idmag *mag)
                                                                   ^
[36mtarget thumb C:[0m libblkid <= bootable/recovery/libblkid/src/superblocks/nvidia_raid.c
[36mtarget thumb C:[0m libblkid <= bootable/recovery/libblkid/src/superblocks/ocfs.c
[36mtarget thumb C:[0m libblkid <= bootable/recovery/libblkid/src/superblocks/promise_raid.c
[36mtarget thumb C:[0m libblkid <= bootable/recovery/libblkid/src/superblocks/refs.c
[36mtarget thumb C:[0m libblkid <= bootable/recovery/libblkid/src/superblocks/reiserfs.c
[36mtarget thumb C:[0m libblkid <= bootable/recovery/libblkid/src/superblocks/romfs.c
[36mtarget thumb C:[0m libblkid <= bootable/recovery/libblkid/src/superblocks/silicon_raid.c
[36mtarget thumb C:[0m libblkid <= bootable/recovery/libblkid/src/superblocks/squashfs.c
[36mtarget thumb C:[0m libblkid <= bootable/recovery/libblkid/src/superblocks/superblocks.c
[36mtarget thumb C:[0m libblkid <= bootable/recovery/libblkid/src/superblocks/swap.c
[36mtarget thumb C:[0m libblkid <= bootable/recovery/libblkid/src/superblocks/sysv.c
[36mtarget thumb C:[0m libblkid <= bootable/recovery/libblkid/src/superblocks/ubifs.c
[36mtarget thumb C:[0m libblkid <= bootable/recovery/libblkid/src/superblocks/udf.c
[36mtarget thumb C:[0m libblkid <= bootable/recovery/libblkid/src/superblocks/ufs.c
[36mtarget thumb C:[0m libblkid <= bootable/recovery/libblkid/src/superblocks/vfat.c
[36mtarget thumb C:[0m libblkid <= bootable/recovery/libblkid/src/superblocks/via_raid.c
[36mtarget thumb C:[0m libblkid <= bootable/recovery/libblkid/src/superblocks/vmfs.c
[36mtarget thumb C:[0m libblkid <= bootable/recovery/libblkid/src/superblocks/vxfs.c
[36mtarget thumb C:[0m libblkid <= bootable/recovery/libblkid/src/superblocks/xfs.c
[36mtarget thumb C:[0m libblkid <= bootable/recovery/libblkid/src/superblocks/zfs.c
[36mtarget thumb C:[0m libblkid <= bootable/recovery/libblkid/src/topology/dm.c
bootable/recovery/libblkid/src/superblocks/xfs.c: In function 'xfs_verify_sb':
bootable/recovery/libblkid/src/superblocks/xfs.c:141:24: warning: comparison between signed and unsigned integer expressions [-Wsign-compare]
      sbp->sb_blocksize != (1 << sbp->sb_blocklog)  ||
                        ^
bootable/recovery/libblkid/src/superblocks/xfs.c: In function 'probe_xfs_log':
bootable/recovery/libblkid/src/superblocks/xfs.c:244:68: warning: unused parameter 'mag' [-Wunused-parameter]
 static int probe_xfs_log(blkid_probe pr, const struct blkid_idmag *mag)
                                                                    ^
[36mtarget thumb C:[0m libblkid <= bootable/recovery/libblkid/src/topology/evms.c
[36mtarget thumb C:[0m libblkid <= bootable/recovery/libblkid/src/topology/ioctl.c
[36mtarget thumb C:[0m libblkid <= bootable/recovery/libblkid/src/topology/lvm.c
[36mtarget thumb C:[0m libblkid <= bootable/recovery/libblkid/src/topology/md.c
bootable/recovery/libblkid/src/topology/ioctl.c:34:2: warning: missing initializer for field 'set_int' of 'struct topology_val' [-Wmissing-field-initializers]
  { BLKIOMIN, blkid_topology_set_minimum_io_size },
  ^
bootable/recovery/libblkid/src/topology/ioctl.c:30:8: note: 'set_int' declared here
  int (*set_int)(blkid_probe, int);
        ^
bootable/recovery/libblkid/src/topology/ioctl.c:35:2: warning: missing initializer for field 'set_int' of 'struct topology_val' [-Wmissing-field-initializers]
  { BLKIOOPT, blkid_topology_set_optimal_io_size },
  ^
bootable/recovery/libblkid/src/topology/ioctl.c:30:8: note: 'set_int' declared here
  int (*set_int)(blkid_probe, int);
        ^
bootable/recovery/libblkid/src/topology/ioctl.c:36:2: warning: missing initializer for field 'set_int' of 'struct topology_val' [-Wmissing-field-initializers]
  { BLKPBSZGET, blkid_topology_set_physical_sector_size }
  ^
bootable/recovery/libblkid/src/topology/ioctl.c:30:8: note: 'set_int' declared here
  int (*set_int)(blkid_probe, int);
        ^
[36mtarget thumb C:[0m libblkid <= bootable/recovery/libblkid/src/topology/sysfs.c
[36mtarget thumb C:[0m libblkid <= bootable/recovery/libblkid/src/topology/topology.c
bootable/recovery/libblkid/src/topology/sysfs.c:37:2: warning: missing initializer for field 'set_int' of 'struct topology_val' [-Wmissing-field-initializers]
  { "queue/minimum_io_size", blkid_topology_set_minimum_io_size },
  ^
bootable/recovery/libblkid/src/topology/sysfs.c:33:8: note: 'set_int' declared here
  int (*set_int)(blkid_probe, int);
        ^
bootable/recovery/libblkid/src/topology/sysfs.c:38:2: warning: missing initializer for field 'set_int' of 'struct topology_val' [-Wmissing-field-initializers]
  { "queue/optimal_io_size", blkid_topology_set_optimal_io_size },
  ^
bootable/recovery/libblkid/src/topology/sysfs.c:33:8: note: 'set_int' declared here
  int (*set_int)(blkid_probe, int);
        ^
bootable/recovery/libblkid/src/topology/sysfs.c:39:2: warning: missing initializer for field 'set_int' of 'struct topology_val' [-Wmissing-field-initializers]
  { "queue/physical_block_size", blkid_topology_set_physical_sector_size },
  ^
bootable/recovery/libblkid/src/topology/sysfs.c:33:8: note: 'set_int' declared here
  int (*set_int)(blkid_probe, int);
        ^
[36mtarget thumb C:[0m toolbox_recovery <= system/core/toolbox/toolbox.c
bootable/recovery/libblkid/src/topology/topology.c: In function 'topology_set_value':
bootable/recovery/libblkid/src/topology/topology.c:221:20: warning: pointer of type 'void *' used in arithmetic [-Wpointer-arith]
   memcpy(chn->data + structoff, &data, sizeof(data));
                    ^
[36mtarget thumb C:[0m toolbox_recovery <= system/core/toolbox/start.c
[36mtarget thumb C:[0m toolbox_recovery <= system/core/toolbox/stop.c
[36mtarget thumb C:[0m toolbox_recovery <= system/core/toolbox/getprop.c
[36mtarget thumb C:[0m toolbox_recovery <= system/core/toolbox/setprop.c
[36mtarget thumb C:[0m toolbox_recovery <= system/core/toolbox/load_policy.c
[36mtarget thumb C:[0m toolbox_recovery <= system/core/toolbox/setenforce.c
[36mtarget thumb C:[0m toolbox_recovery <= system/core/toolbox/r.c
[36mtarget thumb C:[0m toolbox_recovery <= system/core/toolbox/dynarray.c
[36mtarget thumb C:[0m toolbox_recovery <= system/core/toolbox/pwcache.c
[36mtarget thumb C:[0m toolbox_recovery <= system/core/toolbox/upstream-netbsd/lib/libc/gen/getbsize.c
[36mtarget thumb C:[0m toolbox_recovery <= system/core/toolbox/upstream-netbsd/lib/libc/gen/humanize_number.c
[36mtarget thumb C:[0m toolbox_recovery <= system/core/toolbox/upstream-netbsd/lib/libc/stdlib/strsuftoll.c
[36mtarget thumb C:[0m toolbox_recovery <= system/core/toolbox/upstream-netbsd/lib/libc/string/swab.c
[36mtarget thumb C:[0m toolbox_recovery <= system/core/toolbox/upstream-netbsd/lib/libutil/raise_default_signal.c
[36mtarget StaticLib:[0m libusbhost (/builds/out/target/product/trlteduoszh/obj/STATIC_LIBRARIES/libusbhost_intermediates/libusbhost.a)
[36mtarget thumb C++:[0m libtwrpmtp <= bootable/recovery/mtp/btree.cpp
[36mtarget thumb C++:[0m libtwrpmtp <= bootable/recovery/mtp/MtpDataPacket.cpp
[36mtarget thumb C++:[0m libtwrpmtp <= bootable/recovery/mtp/MtpDebug.cpp
[36mtarget thumb C++:[0m libtwrpmtp <= bootable/recovery/mtp/MtpDevice.cpp
[36mtarget thumb C++:[0m libtwrpmtp <= bootable/recovery/mtp/MtpDeviceInfo.cpp
[36mtarget thumb C++:[0m libtwrpmtp <= bootable/recovery/mtp/MtpEventPacket.cpp
[36mtarget thumb C++:[0m libtwrpmtp <= bootable/recovery/mtp/MtpObjectInfo.cpp
[36mtarget thumb C++:[0m libtwrpmtp <= bootable/recovery/mtp/MtpPacket.cpp
[36mtarget thumb C++:[0m libtwrpmtp <= bootable/recovery/mtp/MtpProperty.cpp
[36mtarget thumb C++:[0m libtwrpmtp <= bootable/recovery/mtp/MtpRequestPacket.cpp
[36mtarget thumb C++:[0m libtwrpmtp <= bootable/recovery/mtp/MtpResponsePacket.cpp
[36mtarget thumb C++:[0m libtwrpmtp <= bootable/recovery/mtp/MtpServer.cpp
[36mtarget thumb C++:[0m libtwrpmtp <= bootable/recovery/mtp/MtpStorage.cpp
[36mtarget thumb C++:[0m libtwrpmtp <= bootable/recovery/mtp/MtpStorageInfo.cpp
[36mtarget thumb C++:[0m libtwrpmtp <= bootable/recovery/mtp/MtpStringBuffer.cpp
bootable/recovery/mtp/MtpStorage.cpp:158:22: warning: unused parameter 'storageID' [-Wunused-parameter]
 MtpObjectHandleList* MtpStorage::getObjectList(MtpStorageID storageID, MtpObjectHandle parent) {
                      ^
bootable/recovery/mtp/MtpStorage.cpp:216:17: warning: unused parameter 'size' [-Wunused-parameter]
 MtpObjectHandle MtpStorage::beginSendObject(const char* path,
                 ^
bootable/recovery/mtp/MtpStorage.cpp:216:17: warning: unused parameter 'modified' [-Wunused-parameter]
bootable/recovery/mtp/MtpStorage.cpp:251:6: warning: unused parameter 'format' [-Wunused-parameter]
 void MtpStorage::endSendObject(const char* path, MtpObjectHandle handle, MtpObjectFormat format, bool succeeded)
      ^
bootable/recovery/mtp/MtpStorage.cpp:251:6: warning: unused parameter 'succeeded' [-Wunused-parameter]
bootable/recovery/mtp/MtpStorage.cpp:348:6: warning: unused parameter 'groupCode' [-Wunused-parameter]
 void MtpStorage::queryNodeProperties(std::vector<MtpStorage::PropEntry>& results, Node* node, uint32_t property, int groupCode, MtpStorageID storageID)
      ^
bootable/recovery/mtp/MtpStorage.cpp:420:5: warning: unused parameter 'depth' [-Wunused-parameter]
 int MtpStorage::getObjectPropertyList(MtpObjectHandle handle, uint32_t format, uint32_t property, int groupCode, int depth, MtpDataPacket& packet) {
     ^
bootable/recovery/mtp/MtpStorage.cpp:851:6: warning: unused parameter 'thread_type' [-Wunused-parameter]
 void MtpStorage::unlockMutex(int thread_type) {
      ^
[36mtarget thumb C++:[0m libtwrpmtp <= bootable/recovery/mtp/MtpUtils.cpp
[36mtarget thumb C++:[0m libtwrpmtp <= bootable/recovery/mtp/mtp_MtpServer.cpp
[36mtarget thumb C++:[0m libtwrpmtp <= bootable/recovery/mtp/twrpMtp.cpp
[36mtarget thumb C++:[0m libtwrpmtp <= bootable/recovery/mtp/mtp_MtpDatabase.cpp
[36mtarget thumb C++:[0m libtwrpmtp <= bootable/recovery/mtp/node.cpp
bootable/recovery/mtp/mtp_MtpDatabase.cpp:247:22: warning: unused parameter 'format' [-Wunused-parameter]
 MtpObjectHandleList* MyMtpDatabase::getObjectList(MtpStorageID storageID,
                      ^
bootable/recovery/mtp/mtp_MtpDatabase.cpp:256:5: warning: unused parameter 'format' [-Wunused-parameter]
 int MyMtpDatabase::getNumObjects(MtpStorageID storageID,
     ^
bootable/recovery/mtp/mtp_MtpDatabase.cpp:626:17: warning: unused parameter 'property' [-Wunused-parameter]
 MtpResponseCode MyMtpDatabase::setDevicePropertyValue(MtpDeviceProperty property, MtpDataPacket& packet) {
                 ^
bootable/recovery/mtp/mtp_MtpDatabase.cpp:626:17: warning: unused parameter 'packet' [-Wunused-parameter]
bootable/recovery/mtp/mtp_MtpDatabase.cpp:632:17: warning: unused parameter 'property' [-Wunused-parameter]
 MtpResponseCode MyMtpDatabase::resetDeviceProperty(MtpDeviceProperty property) {
                 ^
bootable/recovery/mtp/mtp_MtpDatabase.cpp:664:7: warning: unused parameter 'handle' [-Wunused-parameter]
 void* MyMtpDatabase::getThumbnail(MtpObjectHandle handle, size_t& outThumbSize) {
       ^
bootable/recovery/mtp/mtp_MtpDatabase.cpp:770:17: warning: unused parameter 'handle' [-Wunused-parameter]
 MtpResponseCode MyMtpDatabase::setObjectReferences(MtpObjectHandle handle,
                 ^
[36mtarget thumb C:[0m make_ext4fs <= system/extras/ext4_utils/make_ext4fs_main.c
[36mtarget thumb C:[0m make_ext4fs <= system/extras/ext4_utils/canned_fs_config.c
[36mtarget thumb C:[0m openaes <= bootable/recovery/openaes/src/oaes.c
[36mtarget thumb C:[0m mkfs.f2fs <= external/f2fs-tools/lib/libf2fs_io.c
system/extras/ext4_utils/canned_fs_config.c: In function 'canned_fs_config':
system/extras/ext4_utils/canned_fs_config.c:83:45: warning: unused parameter 'dir' [-Wunused-parameter]
 void canned_fs_config(const char* path, int dir,
                                             ^
bootable/recovery/openaes/src/oaes.c: In function 'main':
bootable/recovery/openaes/src/oaes.c:127:18: warning: comparison between signed and unsigned integer expressions [-Wsign-compare]
  for( _i = 2; _i < argc; _i++ )
                  ^
bootable/recovery/openaes/src/oaes.c:141:11: warning: comparison between signed and unsigned integer expressions [-Wsign-compare]
    if( _i >= argc )
           ^
bootable/recovery/openaes/src/oaes.c:162:11: warning: comparison between signed and unsigned integer expressions [-Wsign-compare]
    if( _i >= argc )
           ^
bootable/recovery/openaes/src/oaes.c:176:11: warning: comparison between signed and unsigned integer expressions [-Wsign-compare]
    if( _i >= argc )
           ^
bootable/recovery/openaes/src/oaes.c:253:3: warning: suggest parentheses around assignment used as truth value [-Wparentheses]
   fread(_buf_in, sizeof(uint8_t), _read_len, _f_in) )
   ^
[36mtarget thumb C:[0m mkfs.f2fs <= external/f2fs-tools/mkfs/f2fs_format_main.c
[36mtarget StaticLib:[0m libf2fs_fmt (/builds/out/target/product/trlteduoszh/obj/STATIC_LIBRARIES/libf2fs_fmt_intermediates/libf2fs_fmt.a)
[36mtarget StaticLib:[0m libext2_uuid_static (/builds/out/target/product/trlteduoszh/obj/STATIC_LIBRARIES/libext2_uuid_static_intermediates/libext2_uuid_static.a)
[32mInstall: /builds/out/target/product/trlteduoszh/recovery/root/twres//twrp[0m
[32mInstall: /builds/out/target/product/trlteduoszh/recovery/root/sbin/permissive.sh[0m
[32mInstall: /builds/out/target/product/trlteduoszh/fake_packages/busybox_symlinks-timestamp[0m
[32mInstall: /builds/out/target/product/trlteduoszh/recovery/root/license/openaes/../openaes/LICENSE[0m
[32mInstall: /builds/out/target/product/trlteduoszh/recovery/root/supersu/install-recovery.sh[0m
[32mInstall: /builds/out/target/product/trlteduoszh/recovery/root/supersu/99SuperSUDaemon[0m
[32mInstall: /builds/out/target/product/trlteduoszh/recovery/root/supersu/Superuser.apk[0m
[32mInstall: /builds/out/target/product/trlteduoszh/recovery/root/supersu/chattr.pie[0m
[32mInstall: /builds/out/target/product/trlteduoszh/recovery/root/supersu/libsupol.so[0m
[32mInstall: /builds/out/target/product/trlteduoszh/recovery/root/supersu/su[0m
[32mInstall: /builds/out/target/product/trlteduoszh/recovery/root/supersu/supolicy[0m
[32mInstall: /builds/out/target/product/trlteduoszh/root/init.recovery.usb.rc[0m
[32mInstall: /builds/out/target/product/trlteduoszh/recovery/root/supersu/install-supersu.sh[0m
[36mtarget StaticLib:[0m libguitwrp (/builds/out/target/product/trlteduoszh/obj/STATIC_LIBRARIES/libguitwrp_intermediates/libguitwrp.a)
[36mtarget thumb C:[0m mount.exfat_static <= external/exfat/main.c
[36mtarget StaticLib:[0m libz (/builds/out/target/product/trlteduoszh/obj/STATIC_LIBRARIES/libz_intermediates/libz.a)
[36mtarget StaticLib:[0m libexfat_mount (/builds/out/target/product/trlteduoszh/obj/STATIC_LIBRARIES/libexfat_mount_intermediates/libexfat_mount.a)
[36mtarget StaticLib:[0m libexfat_fsck (/builds/out/target/product/trlteduoszh/obj/STATIC_LIBRARIES/libexfat_fsck_intermediates/libexfat_fsck.a)
[36mtarget StaticLib:[0m libexfat_mkfs (/builds/out/target/product/trlteduoszh/obj/STATIC_LIBRARIES/libexfat_mkfs_intermediates/libexfat_mkfs.a)
[36mtarget StaticLib:[0m libexfat (/builds/out/target/product/trlteduoszh/obj/STATIC_LIBRARIES/libexfat_intermediates/libexfat.a)
[36mtarget StaticLib:[0m libfuse (/builds/out/target/product/trlteduoszh/obj/STATIC_LIBRARIES/libfuse_intermediates/libfuse.a)
[36mtarget thumb C:[0m init <= system/core/init/builtins.c
[36mtarget thumb C:[0m init <= system/core/init/init.c
[36mtarget thumb C:[0m init <= system/core/init/devices.c
[36mtarget thumb C:[0m init <= system/core/init/property_service.c
system/core/init/devices.c: In function 'handle_generic_device_event':
system/core/init/devices.c:808:10: warning: 'kernel_logger' is deprecated (declared at system/core/init/devices.c:717) [-Wdeprecated-declarations]
          kernel_logger();
          ^
[36mtarget thumb C:[0m init <= system/core/init/util.c
[36mtarget thumb C:[0m init <= system/core/init/parser.c
[36mtarget thumb C:[0m init <= system/core/init/keychords.c
[36mtarget thumb C:[0m init <= system/core/init/signal_handler.c
[36mtarget thumb C:[0m init <= system/core/init/init_parser.c
[36mtarget thumb C:[0m init <= system/core/init/ueventd.c
[36mtarget thumb C:[0m init <= system/core/init/ueventd_parser.c
[36mtarget thumb C:[0m init <= system/core/init/watchdogd.c
[36mtarget thumb C:[0m init <= system/core/init/vendor_init.c
[36mtarget thumb C:[0m libfs_mgr <= system/core/fs_mgr/fs_mgr.c
[36mtarget thumb C:[0m libfs_mgr <= system/core/fs_mgr/fs_mgr_verity.c
[36mtarget thumb C:[0m libfs_mgr <= system/core/fs_mgr/fs_mgr_fstab.c
[36mtarget thumb C:[0m libfs_mgr <= system/core/fs_mgr/fs_mgr_format.c
[36mtarget thumb C:[0m libext4_utils_static <= system/extras/ext4_utils/make_ext4fs.c
[36mtarget StaticLib:[0m liblogwrap (/builds/out/target/product/trlteduoszh/obj/STATIC_LIBRARIES/liblogwrap_intermediates/liblogwrap.a)
[36mtarget thumb C:[0m libext4_utils_static <= system/extras/ext4_utils/ext4fixup.c
[36mtarget thumb C:[0m libext4_utils_static <= system/extras/ext4_utils/ext4_utils.c
[36mtarget thumb C:[0m libext4_utils_static <= system/extras/ext4_utils/allocate.c
[36mtarget thumb C:[0m libext4_utils_static <= system/extras/ext4_utils/contents.c
[36mtarget thumb C:[0m libext4_utils_static <= system/extras/ext4_utils/extent.c
[36mtarget thumb C:[0m libext4_utils_static <= system/extras/ext4_utils/indirect.c
[36mtarget thumb C:[0m libext4_utils_static <= system/extras/ext4_utils/uuid.c
[36mtarget thumb C:[0m libext4_utils_static <= system/extras/ext4_utils/sha1.c
[36mtarget thumb C:[0m libext4_utils_static <= system/extras/ext4_utils/wipe.c
[36mtarget thumb C:[0m libext4_utils_static <= system/extras/ext4_utils/crc16.c
[36mtarget thumb C:[0m libext4_utils_static <= system/extras/ext4_utils/ext4_sb.c
[36mtarget StaticLib:[0m libsparse_static (/builds/out/target/product/trlteduoszh/obj/STATIC_LIBRARIES/libsparse_static_intermediates/libsparse_static.a)
[32mInstall: /builds/out/target/product/trlteduoszh/root/init.environ.rc[0m
[32mInstall: /builds/out/target/product/trlteduoszh/root/init.rc[0m
mkdir -p /builds/out/target/product/trlteduoszh/root/sbin /builds/out/target/product/trlteduoszh/root/dev /builds/out/target/product/trlteduoszh/root/proc /builds/out/target/product/trlteduoszh/root/sys /builds/out/target/product/trlteduoszh/root/system /builds/out/target/product/trlteduoszh/root/data
[36mtarget thumb C++:[0m healthd <= system/core/healthd/healthd.cpp
[36mtarget thumb C++:[0m healthd <= system/core/healthd/healthd_mode_android.cpp
[36mtarget thumb C++:[0m healthd <= system/core/healthd/healthd_mode_charger.cpp
[36mtarget thumb C++:[0m healthd <= system/core/healthd/BatteryMonitor.cpp
[36mtarget thumb C++:[0m healthd <= system/core/healthd/BatteryPropertiesRegistrar.cpp
[36mtarget StaticLib:[0m libbatteryservice (/builds/out/target/product/trlteduoszh/obj/STATIC_LIBRARIES/libbatteryservice_intermediates/libbatteryservice.a)
[36mtarget thumb C:[0m libminui <= bootable/recovery/minui.old/graphics_overlay.c
[36mtarget StaticLib:[0m libbinder (/builds/out/target/product/trlteduoszh/obj/STATIC_LIBRARIES/libbinder_intermediates/libbinder.a)
[36mtarget thumb C:[0m libminui <= bootable/recovery/minui.old/events.c
bootable/recovery/minui.old/graphics_overlay.c: In function 'target_has_overlay':
bootable/recovery/minui.old/graphics_overlay.c:290:31: warning: unused parameter 'version' [-Wunused-parameter]
 bool target_has_overlay(char *version) {
                               ^
bootable/recovery/minui.old/graphics_overlay.c: In function 'alloc_ion_mem':
bootable/recovery/minui.old/graphics_overlay.c:298:32: warning: unused parameter 'size' [-Wunused-parameter]
 int alloc_ion_mem(unsigned int size)
                                ^
bootable/recovery/minui.old/graphics_overlay.c: In function 'allocate_overlay':
bootable/recovery/minui.old/graphics_overlay.c:303:26: warning: unused parameter 'fd' [-Wunused-parameter]
 int allocate_overlay(int fd, GGLSurface gr_fb[])
                          ^
bootable/recovery/minui.old/graphics_overlay.c:303:41: warning: unused parameter 'gr_fb' [-Wunused-parameter]
 int allocate_overlay(int fd, GGLSurface gr_fb[])
                                         ^
bootable/recovery/minui.old/graphics_overlay.c: In function 'free_overlay':
bootable/recovery/minui.old/graphics_overlay.c:308:22: warning: unused parameter 'fd' [-Wunused-parameter]
 int free_overlay(int fd)
                      ^
bootable/recovery/minui.old/graphics_overlay.c: In function 'overlay_display_frame':
bootable/recovery/minui.old/graphics_overlay.c:313:31: warning: unused parameter 'fd' [-Wunused-parameter]
 int overlay_display_frame(int fd, GGLubyte* data, size_t size)
                               ^
bootable/recovery/minui.old/graphics_overlay.c:313:45: warning: unused parameter 'data' [-Wunused-parameter]
 int overlay_display_frame(int fd, GGLubyte* data, size_t size)
                                             ^
bootable/recovery/minui.old/graphics_overlay.c:313:58: warning: unused parameter 'size' [-Wunused-parameter]
 int overlay_display_frame(int fd, GGLubyte* data, size_t size)
                                                          ^
[36mtarget thumb C:[0m libminui <= bootable/recovery/minui.old/resources.c
[36mtarget thumb C:[0m libminui <= bootable/recovery/minui.old/graphics.c
bootable/recovery/minui.old/resources.c: In function 'res_create_localized_surface':
bootable/recovery/minui.old/resources.c:407:13: warning: passing argument 3 of 'png_get_IHDR' makes pointer from integer without a cast [enabled by default]
             &color_type, NULL, NULL, NULL);
             ^
In file included from external/libpng/png.h:462:0,
                 from bootable/recovery/minui.old/resources.c:32:
external/libpng/png.h:2170:30: note: expected 'png_uint_32 *' but argument is of type 'size_t'
 PNG_EXPORT(143, png_uint_32, png_get_IHDR, (png_const_structrp png_ptr,
                              ^
external/libpng/pngconf.h:309:70: note: in definition of macro 'PNG_FUNCTION'
 #  define PNG_FUNCTION(type, name, args, attributes) attributes type name args
                                                                      ^
external/libpng/pngconf.h:333:4: note: in expansion of macro 'PNG_EXPORTA'
    PNG_EXPORTA(ordinal, type, name, args, PNG_EMPTY)
    ^
external/libpng/png.h:2170:1: note: in expansion of macro 'PNG_EXPORT'
 PNG_EXPORT(143, png_uint_32, png_get_IHDR, (png_const_structrp png_ptr,
 ^
bootable/recovery/minui.old/resources.c:407:13: warning: passing argument 4 of 'png_get_IHDR' makes pointer from integer without a cast [enabled by default]
             &color_type, NULL, NULL, NULL);
             ^
In file included from external/libpng/png.h:462:0,
                 from bootable/recovery/minui.old/resources.c:32:
external/libpng/png.h:2170:30: note: expected 'png_uint_32 *' but argument is of type 'size_t'
 PNG_EXPORT(143, png_uint_32, png_get_IHDR, (png_const_structrp png_ptr,
                              ^
external/libpng/pngconf.h:309:70: note: in definition of macro 'PNG_FUNCTION'
 #  define PNG_FUNCTION(type, name, args, attributes) attributes type name args
                                                                      ^
external/libpng/pngconf.h:333:4: note: in expansion of macro 'PNG_EXPORTA'
    PNG_EXPORTA(ordinal, type, name, args, PNG_EMPTY)
    ^
external/libpng/png.h:2170:1: note: in expansion of macro 'PNG_EXPORT'
 PNG_EXPORT(143, png_uint_32, png_get_IHDR, (png_const_structrp png_ptr,
 ^
bootable/recovery/minui.old/resources.c:409:26: warning: initialization makes pointer from integer without a cast [enabled by default]
     png_byte* channels = png_get_channels(png_ptr, info_ptr);
                          ^
bootable/recovery/minui.old/resources.c:413:21: warning: comparison between pointer and integer [enabled by default]
           (channels == 1 && color_type == PNG_COLOR_TYPE_GRAY))) {
                     ^
bootable/recovery/minui.old/resources.c:420:19: warning: comparison between signed and unsigned integer expressions [-Wsign-compare]
     for (y = 0; y < height; ++y) {
                   ^
bootable/recovery/minui.old/resources.c:425:21: warning: pointer targets in initialization differ in signedness [-Wpointer-sign]
         char* loc = row+5;
                     ^
bootable/recovery/minui.old/resources.c:427:19: warning: comparison between signed and unsigned integer expressions [-Wsign-compare]
         if (y+1+h >= height || matches_locale(loc)) {
                   ^
bootable/recovery/minui.old/resources.c:406:17: warning: 'width' may be used uninitialized in this function [-Wmaybe-uninitialized]
     png_get_IHDR(png_ptr, info_ptr, width, height, &bit_depth,
                 ^
bootable/recovery/minui.old/resources.c:406:17: warning: 'height' may be used uninitialized in this function [-Wmaybe-uninitialized]
[36mtarget StaticLib:[0m libpixelflinger_static (/builds/out/target/product/trlteduoszh/obj/STATIC_LIBRARIES/libpixelflinger_static_intermediates/libpixelflinger_static.a)
[36mtarget StaticLib:[0m libpng (/builds/out/target/product/trlteduoszh/obj/STATIC_LIBRARIES/libpng_intermediates/libpng.a)
[36mtarget StaticLib:[0m libstdc++ (/builds/out/target/product/trlteduoszh/obj/STATIC_LIBRARIES/libstdc++_intermediates/libstdc++.a)
[32mInstall: /builds/out/target/product/trlteduoszh/root/seapp_contexts[0m
[32mInstall: /builds/out/target/product/trlteduoszh/root/service_contexts[0m
[36mtarget StaticLib:[0m libhealthd.default (/builds/out/target/product/trlteduoszh/obj/STATIC_LIBRARIES/libhealthd.default_intermediates/libhealthd.default.a)
make[1]: Entering directory `/builds/omni-5.1/kernel/samsung/trlteduoszh'
[36mtarget StaticLib:[0m libcompiler_rt-extras (/builds/out/target/product/trlteduoszh/obj/STATIC_LIBRARIES/libcompiler_rt-extras_intermediates/libcompiler_rt-extras.a)
[33mpreparing StaticLib:[0m libc_common [including  /builds/out/target/product/trlteduoszh/obj/STATIC_LIBRARIES/libc_aeabi_intermediates/libc_aeabi.a]
[36mtarget StaticLib:[0m libcutils (/builds/out/target/product/trlteduoszh/obj/STATIC_LIBRARIES/libcutils_intermediates/libcutils.a)
[36mtarget Symbolic:[0m libz (/builds/out/target/product/trlteduoszh/symbols/system/lib/libz.so)
[33mpreparing StaticLib:[0m libc_common [including  /builds/out/target/product/trlteduoszh/obj/STATIC_LIBRARIES/libc_bionic_intermediates/libc_bionic.a]
[33mpreparing StaticLib:[0m libselinux [including  /builds/out/target/product/trlteduoszh/obj/STATIC_LIBRARIES/libpcre_intermediates/libpcre.a]
[36mtarget StaticLib:[0m libutils (/builds/out/target/product/trlteduoszh/obj/STATIC_LIBRARIES/libutils_intermediates/libutils.a)
[32mInstall: /builds/out/target/product/trlteduoszh/root/file_contexts[0m
[36mtarget StaticLib:[0m libfs_mgr (/builds/out/target/product/trlteduoszh/obj/STATIC_LIBRARIES/libfs_mgr_intermediates/libfs_mgr.a)
[36mtarget StaticLib:[0m libext4_utils_static (/builds/out/target/product/trlteduoszh/obj/STATIC_LIBRARIES/libext4_utils_static_intermediates/libext4_utils_static.a)
[36mtarget StaticLib:[0m libselinux (/builds/out/target/product/trlteduoszh/obj/STATIC_LIBRARIES/libselinux_intermediates/libselinux.a)
[32mInstall: /builds/out/target/product/trlteduoszh/root/property_contexts[0m
[32mInstall: /builds/out/target/product/trlteduoszh/root/selinux_version[0m
[33mpreparing StaticLib:[0m libminui [including  /builds/out/target/product/trlteduoszh/obj/STATIC_LIBRARIES/libpixelflinger_static_intermediates/libpixelflinger_static.a]
[36mtarget SharedLib:[0m libdl (/builds/out/target/product/trlteduoszh/obj/SHARED_LIBRARIES/libdl_intermediates/LINKED/libdl.so)
[36mtarget Strip:[0m libz (/builds/out/target/product/trlteduoszh/obj/lib/libz.so)
[36mtarget Symbolic:[0m libdl (/builds/out/target/product/trlteduoszh/symbols/system/lib/libdl.so)
[32mInstall: /builds/out/target/product/trlteduoszh/system/lib/libz.so[0m
[36mtarget StaticLib:[0m libminui (/builds/out/target/product/trlteduoszh/obj/STATIC_LIBRARIES/libminui_intermediates/libminui.a)
[36mtarget Strip:[0m libdl (/builds/out/target/product/trlteduoszh/obj/lib/libdl.so)
[32mInstall: /builds/out/target/product/trlteduoszh/system/lib/libdl.so[0m
[33mpreparing StaticLib:[0m libc_common [including  /builds/out/target/product/trlteduoszh/obj/STATIC_LIBRARIES/libc_cxa_intermediates/libc_cxa.a]
[33mpreparing StaticLib:[0m libc_common [including  /builds/out/target/product/trlteduoszh/obj/STATIC_LIBRARIES/libc_dns_intermediates/libc_dns.a]
[33mpreparing StaticLib:[0m libc_common [including  /builds/out/target/product/trlteduoszh/obj/STATIC_LIBRARIES/libc_freebsd_intermediates/libc_freebsd.a]
  GEN     /builds/out/target/product/trlteduoszh/obj/KERNEL_OBJ/Makefile
[33mpreparing StaticLib:[0m libc_common [including  /builds/out/target/product/trlteduoszh/obj/STATIC_LIBRARIES/libc_gdtoa_intermediates/libc_gdtoa.a]
[33mpreparing StaticLib:[0m libc_common [including  /builds/out/target/product/trlteduoszh/obj/STATIC_LIBRARIES/libc_malloc_intermediates/libc_malloc.a]
[33mpreparing StaticLib:[0m libc_common [including  /builds/out/target/product/trlteduoszh/obj/STATIC_LIBRARIES/libc_netbsd_intermediates/libc_netbsd.a]
[33mpreparing StaticLib:[0m libc_common [including  /builds/out/target/product/trlteduoszh/obj/STATIC_LIBRARIES/libc_openbsd_intermediates/libc_openbsd.a]
arch/arm/configs/twrp_n9100_defconfig:879:warning: override: reassigning to symbol LEDS_MAX77828
arch/arm/configs/twrp_n9100_defconfig:890:warning: override: reassigning to symbol INPUT_GPIO
arch/arm/configs/twrp_n9100_defconfig:933:warning: override: reassigning to symbol WLAN_REGION_CODE
arch/arm/configs/twrp_n9100_defconfig:934:warning: override: reassigning to symbol EXT2_FS_XATTR
arch/arm/configs/twrp_n9100_defconfig:937:warning: override: reassigning to symbol EXT4_FS_SECURITY
arch/arm/configs/twrp_n9100_defconfig:938:warning: override: reassigning to symbol AUDIT
arch/arm/configs/twrp_n9100_defconfig:940:warning: override: reassigning to symbol SECURITY
arch/arm/configs/twrp_n9100_defconfig:941:warning: override: reassigning to symbol LSM_MMAP_MIN_ADDR
arch/arm/configs/twrp_n9100_defconfig:942:warning: override: reassigning to symbol SECURITY_NETWORK
arch/arm/configs/twrp_n9100_defconfig:943:warning: override: reassigning to symbol SECURITY_SELINUX
arch/arm/configs/twrp_n9100_defconfig:946:warning: symbol value 'y' invalid for SECURITY_SELINUX_CHECKREQPROT_VALUE
arch/arm/configs/twrp_n9100_defconfig:948:warning: override: reassigning to symbol NF_CONNTRACK_SECMARK
arch/arm/configs/twrp_n9100_defconfig:949:warning: override: reassigning to symbol NETFILTER_XT_TARGET_CONNSECMARK
arch/arm/configs/twrp_n9100_defconfig:951:warning: override: reassigning to symbol IP_NF_SECURITY
KCONFIG_SELINUX((null))
KCONFIG_LOG_SELINUX((null))
KCONFIG_TIMA((null))
KCONFIG_DMVERITY((null))
KCONFIG_VARIANT(arch/arm/configs/twrp_n9100_defconfig)
arch/arm/configs/twrp_n9100_defconfig:1:warning: override: reassigning to symbol ARM_PATCH_PHYS_VIRT
arch/arm/configs/twrp_n9100_defconfig:2:warning: override: reassigning to symbol DEFERRED_INITCALLS
arch/arm/configs/twrp_n9100_defconfig:3:warning: override: reassigning to symbol SYSVIPC
arch/arm/configs/twrp_n9100_defconfig:4:warning: override: reassigning to symbol AUDIT
arch/arm/configs/twrp_n9100_defconfig:5:warning: override: reassigning to symbol NO_HZ
arch/arm/configs/twrp_n9100_defconfig:6:warning: override: reassigning to symbol HIGH_RES_TIMERS
arch/arm/configs/twrp_n9100_defconfig:7:warning: override: reassigning to symbol RCU_FAST_NO_HZ
arch/arm/configs/twrp_n9100_defconfig:8:warning: override: reassigning to symbol IKCONFIG
arch/arm/configs/twrp_n9100_defconfig:9:warning: override: reassigning to symbol IKCONFIG_PROC
arch/arm/configs/twrp_n9100_defconfig:10:warning: override: reassigning to symbol CGROUPS
arch/arm/configs/twrp_n9100_defconfig:11:warning: override: reassigning to symbol CGROUP_FREEZER
arch/arm/configs/twrp_n9100_defconfig:12:warning: override: reassigning to symbol CGROUP_CPUACCT
arch/arm/configs/twrp_n9100_defconfig:13:warning: override: reassigning to symbol RESOURCE_COUNTERS
arch/arm/configs/twrp_n9100_defconfig:14:warning: override: reassigning to symbol CGROUP_SCHED
arch/arm/configs/twrp_n9100_defconfig:15:warning: override: reassigning to symbol RT_GROUP_SCHED
arch/arm/configs/twrp_n9100_defconfig:16:warning: override: reassigning to symbol NAMESPACES
arch/arm/configs/twrp_n9100_defconfig:17:warning: override: reassigning to symbol KERNEL_LZO
arch/arm/configs/twrp_n9100_defconfig:17:warning: override: KERNEL_LZO changes choice state
arch/arm/configs/twrp_n9100_defconfig:18:warning: override: reassigning to symbol UTS_NS
arch/arm/configs/twrp_n9100_defconfig:19:warning: override: reassigning to symbol IPC_NS
arch/arm/configs/twrp_n9100_defconfig:20:warning: override: reassigning to symbol PID_NS
arch/arm/configs/twrp_n9100_defconfig:21:warning: override: reassigning to symbol RELAY
arch/arm/configs/twrp_n9100_defconfig:22:warning: override: reassigning to symbol BLK_DEV_INITRD
arch/arm/configs/twrp_n9100_defconfig:23:warning: override: reassigning to symbol RD_BZIP2
arch/arm/configs/twrp_n9100_defconfig:24:warning: override: reassigning to symbol RD_LZMA
arch/arm/configs/twrp_n9100_defconfig:25:warning: override: reassigning to symbol CC_OPTIMIZE_FOR_SIZE
arch/arm/configs/twrp_n9100_defconfig:26:warning: override: reassigning to symbol PANIC_TIMEOUT
arch/arm/configs/twrp_n9100_defconfig:27:warning: override: reassigning to symbol KALLSYMS_ALL
arch/arm/configs/twrp_n9100_defconfig:28:warning: override: reassigning to symbol EMBEDDED
arch/arm/configs/twrp_n9100_defconfig:29:warning: override: reassigning to symbol SLUB_DEBUG
arch/arm/configs/twrp_n9100_defconfig:30:warning: override: reassigning to symbol PROFILING
arch/arm/configs/twrp_n9100_defconfig:31:warning: override: reassigning to symbol KPROBES
arch/arm/configs/twrp_n9100_defconfig:32:warning: override: reassigning to symbol MODULES
arch/arm/configs/twrp_n9100_defconfig:33:warning: override: reassigning to symbol MODULE_UNLOAD
arch/arm/configs/twrp_n9100_defconfig:34:warning: override: reassigning to symbol MODULE_FORCE_UNLOAD
arch/arm/configs/twrp_n9100_defconfig:35:warning: override: reassigning to symbol MODVERSIONS
arch/arm/configs/twrp_n9100_defconfig:36:warning: override: reassigning to symbol PARTITION_ADVANCED
arch/arm/configs/twrp_n9100_defconfig:37:warning: override: reassigning to symbol IOSCHED_TEST
arch/arm/configs/twrp_n9100_defconfig:38:warning: override: reassigning to symbol DEFAULT_CFQ
arch/arm/configs/twrp_n9100_defconfig:38:warning: override: DEFAULT_CFQ changes choice state
arch/arm/configs/twrp_n9100_defconfig:39:warning: override: reassigning to symbol ARCH_MSM
arch/arm/configs/twrp_n9100_defconfig:39:warning: override: ARCH_MSM changes choice state
arch/arm/configs/twrp_n9100_defconfig:40:warning: override: reassigning to symbol ARCH_APQ8084
arch/arm/configs/twrp_n9100_defconfig:41:warning: override: reassigning to symbol MSM_KRAIT_TBB_ABORT_HANDLER
arch/arm/configs/twrp_n9100_defconfig:42:warning: override: reassigning to symbol MSM_STACKED_MEMORY
arch/arm/configs/twrp_n9100_defconfig:43:warning: override: reassigning to symbol CPU_HAS_L2_PMU
arch/arm/configs/twrp_n9100_defconfig:44:warning: override: reassigning to symbol MSM_SMD
arch/arm/configs/twrp_n9100_defconfig:45:warning: override: reassigning to symbol MSM_PCIE
arch/arm/configs/twrp_n9100_defconfig:46:warning: override: reassigning to symbol MSM_SMP2P
arch/arm/configs/twrp_n9100_defconfig:47:warning: override: reassigning to symbol MSM_SMP2P_TEST
arch/arm/configs/twrp_n9100_defconfig:49:warning: override: reassigning to symbol MSM_QMI_INTERFACE
arch/arm/configs/twrp_n9100_defconfig:50:warning: override: reassigning to symbol MSM_SUBSYSTEM_RESTART
arch/arm/configs/twrp_n9100_defconfig:51:warning: override: reassigning to symbol MSM_SYSMON_COMM
arch/arm/configs/twrp_n9100_defconfig:52:warning: override: reassigning to symbol MSM_PIL_SSR_GENERIC
arch/arm/configs/twrp_n9100_defconfig:53:warning: override: reassigning to symbol MSM_BUSPM_DEV
arch/arm/configs/twrp_n9100_defconfig:54:warning: override: reassigning to symbol MSM_TZ_LOG
arch/arm/configs/twrp_n9100_defconfig:55:warning: override: reassigning to symbol MSM_DIRECT_SCLK_ACCESS
arch/arm/configs/twrp_n9100_defconfig:56:warning: override: reassigning to symbol MSM_BUS_SCALING
arch/arm/configs/twrp_n9100_defconfig:57:warning: override: reassigning to symbol MSM_WATCHDOG_V2
arch/arm/configs/twrp_n9100_defconfig:58:warning: override: reassigning to symbol MSM_MEMORY_DUMP
arch/arm/configs/twrp_n9100_defconfig:59:warning: override: reassigning to symbol MSM_DLOAD_MODE
arch/arm/configs/twrp_n9100_defconfig:60:warning: override: reassigning to symbol MSM_JTAG
arch/arm/configs/twrp_n9100_defconfig:61:warning: override: reassigning to symbol MSM_RUN_QUEUE_STATS
arch/arm/configs/twrp_n9100_defconfig:62:warning: override: reassigning to symbol MSM_ADSP_LOADER
arch/arm/configs/twrp_n9100_defconfig:63:warning: override: reassigning to symbol MSM_IPC_ROUTER_SMD_XPRT
arch/arm/configs/twrp_n9100_defconfig:64:warning: override: reassigning to symbol MSM_IPC_ROUTER_HSIC_XPRT
arch/arm/configs/twrp_n9100_defconfig:65:warning: override: reassigning to symbol MSM_OCMEM
arch/arm/configs/twrp_n9100_defconfig:66:warning: override: reassigning to symbol MSM_OCMEM_LOCAL_POWER_CTRL
arch/arm/configs/twrp_n9100_defconfig:67:warning: override: reassigning to symbol SENSORS_SSC
arch/arm/configs/twrp_n9100_defconfig:68:warning: override: reassigning to symbol MSM_CACHE_ERP
arch/arm/configs/twrp_n9100_defconfig:69:warning: override: reassigning to symbol MSM_L1_ERR_PANIC
arch/arm/configs/twrp_n9100_defconfig:70:warning: override: reassigning to symbol MSM_L1_ERR_LOG
arch/arm/configs/twrp_n9100_defconfig:71:warning: override: reassigning to symbol MSM_L2_ERP_PRINT_ACCESS_ERRORS
arch/arm/configs/twrp_n9100_defconfig:72:warning: override: reassigning to symbol MSM_L2_ERP_PORT_PANIC
arch/arm/configs/twrp_n9100_defconfig:73:warning: override: reassigning to symbol MSM_L2_ERP_1BIT_PANIC
arch/arm/configs/twrp_n9100_defconfig:74:warning: override: reassigning to symbol MSM_L2_ERP_2BIT_PANIC
arch/arm/configs/twrp_n9100_defconfig:75:warning: override: reassigning to symbol MSM_HSIC_SYSMON
arch/arm/configs/twrp_n9100_defconfig:76:warning: override: reassigning to symbol MSM_ENABLE_WDOG_DEBUG_CONTROL
arch/arm/configs/twrp_n9100_defconfig:77:warning: override: reassigning to symbol MSM_BOOT_STATS
arch/arm/configs/twrp_n9100_defconfig:78:warning: override: reassigning to symbol MSM_XPU_ERR_FATAL
arch/arm/configs/twrp_n9100_defconfig:79:warning: override: reassigning to symbol STRICT_MEMORY_RWX
arch/arm/configs/twrp_n9100_defconfig:80:warning: override: reassigning to symbol PCI
arch/arm/configs/twrp_n9100_defconfig:81:warning: override: reassigning to symbol PCI_MSI
arch/arm/configs/twrp_n9100_defconfig:82:warning: override: reassigning to symbol SMP
arch/arm/configs/twrp_n9100_defconfig:83:warning: override: reassigning to symbol SMP_ON_UP
arch/arm/configs/twrp_n9100_defconfig:84:warning: override: reassigning to symbol SCHED_MC
arch/arm/configs/twrp_n9100_defconfig:85:warning: override: reassigning to symbol PREEMPT
arch/arm/configs/twrp_n9100_defconfig:85:warning: override: PREEMPT changes choice state
arch/arm/configs/twrp_n9100_defconfig:86:warning: override: reassigning to symbol AEABI
arch/arm/configs/twrp_n9100_defconfig:87:warning: override: reassigning to symbol HIGHMEM
arch/arm/configs/twrp_n9100_defconfig:88:warning: override: reassigning to symbol ENABLE_VMALLOC_SAVING
arch/arm/configs/twrp_n9100_defconfig:88:warning: override: ENABLE_VMALLOC_SAVING changes choice state
arch/arm/configs/twrp_n9100_defconfig:89:warning: override: reassigning to symbol CC_STACKPROTECTOR
arch/arm/configs/twrp_n9100_defconfig:90:warning: override: reassigning to symbol CP_ACCESS
arch/arm/configs/twrp_n9100_defconfig:91:warning: override: reassigning to symbol CPU_FREQ
arch/arm/configs/twrp_n9100_defconfig:92:warning: override: reassigning to symbol CPU_FREQ_GOV_POWERSAVE
arch/arm/configs/twrp_n9100_defconfig:93:warning: override: reassigning to symbol CPU_FREQ_GOV_USERSPACE
arch/arm/configs/twrp_n9100_defconfig:94:warning: override: reassigning to symbol CPU_FREQ_GOV_ONDEMAND
arch/arm/configs/twrp_n9100_defconfig:95:warning: override: reassigning to symbol CPU_FREQ_GOV_INTERACTIVE
arch/arm/configs/twrp_n9100_defconfig:96:warning: override: reassigning to symbol CPU_FREQ_GOV_CONSERVATIVE
arch/arm/configs/twrp_n9100_defconfig:97:warning: override: reassigning to symbol CPU_BOOST
arch/arm/configs/twrp_n9100_defconfig:98:warning: override: reassigning to symbol CPU_IDLE
arch/arm/configs/twrp_n9100_defconfig:99:warning: override: reassigning to symbol VFP
arch/arm/configs/twrp_n9100_defconfig:100:warning: override: reassigning to symbol NEON
arch/arm/configs/twrp_n9100_defconfig:101:warning: override: reassigning to symbol CORE_DUMP_DEFAULT_ELF_HEADERS
arch/arm/configs/twrp_n9100_defconfig:102:warning: override: reassigning to symbol PM_AUTOSLEEP
arch/arm/configs/twrp_n9100_defconfig:103:warning: override: reassigning to symbol PM_WAKELOCKS
arch/arm/configs/twrp_n9100_defconfig:104:warning: override: reassigning to symbol PM_WAKELOCKS_LIMIT
arch/arm/configs/twrp_n9100_defconfig:105:warning: override: reassigning to symbol PM_WAKELOCKS_GC
arch/arm/configs/twrp_n9100_defconfig:106:warning: override: reassigning to symbol PM_RUNTIME
arch/arm/configs/twrp_n9100_defconfig:107:warning: override: reassigning to symbol SEC_PM_DEBUG
arch/arm/configs/twrp_n9100_defconfig:108:warning: override: reassigning to symbol SUSPEND_TIME
arch/arm/configs/twrp_n9100_defconfig:109:warning: override: reassigning to symbol NET
arch/arm/configs/twrp_n9100_defconfig:110:warning: override: reassigning to symbol PACKET
arch/arm/configs/twrp_n9100_defconfig:111:warning: override: reassigning to symbol UNIX
arch/arm/configs/twrp_n9100_defconfig:112:warning: override: reassigning to symbol XFRM_USER
arch/arm/configs/twrp_n9100_defconfig:113:warning: override: reassigning to symbol XFRM_STATISTICS
arch/arm/configs/twrp_n9100_defconfig:114:warning: override: reassigning to symbol NET_KEY
arch/arm/configs/twrp_n9100_defconfig:115:warning: override: reassigning to symbol INET
arch/arm/configs/twrp_n9100_defconfig:116:warning: override: reassigning to symbol IP_ADVANCED_ROUTER
arch/arm/configs/twrp_n9100_defconfig:117:warning: override: reassigning to symbol IP_MULTIPLE_TABLES
arch/arm/configs/twrp_n9100_defconfig:118:warning: override: reassigning to symbol IP_ROUTE_VERBOSE
arch/arm/configs/twrp_n9100_defconfig:119:warning: override: reassigning to symbol IP_PNP
arch/arm/configs/twrp_n9100_defconfig:120:warning: override: reassigning to symbol IP_PNP_DHCP
arch/arm/configs/twrp_n9100_defconfig:121:warning: override: reassigning to symbol IP_MULTICAST
arch/arm/configs/twrp_n9100_defconfig:122:warning: override: reassigning to symbol INET_AH
arch/arm/configs/twrp_n9100_defconfig:123:warning: override: reassigning to symbol INET_ESP
arch/arm/configs/twrp_n9100_defconfig:124:warning: override: reassigning to symbol INET_IPCOMP
arch/arm/configs/twrp_n9100_defconfig:125:warning: override: reassigning to symbol CRYPTO_GCM
arch/arm/configs/twrp_n9100_defconfig:126:warning: override: reassigning to symbol INET_XFRM_MODE_TRANSPORT
arch/arm/configs/twrp_n9100_defconfig:127:warning: override: reassigning to symbol INET_XFRM_MODE_TUNNEL
arch/arm/configs/twrp_n9100_defconfig:128:warning: override: reassigning to symbol INET_XFRM_MODE_BEET
arch/arm/configs/twrp_n9100_defconfig:129:warning: override: reassigning to symbol INET6_XFRM_MODE_TRANSPORT
arch/arm/configs/twrp_n9100_defconfig:130:warning: override: reassigning to symbol INET6_XFRM_MODE_TUNNEL
arch/arm/configs/twrp_n9100_defconfig:131:warning: override: reassigning to symbol INET6_XFRM_MODE_BEET
arch/arm/configs/twrp_n9100_defconfig:132:warning: override: reassigning to symbol NETFILTER_XTABLES
arch/arm/configs/twrp_n9100_defconfig:133:warning: override: reassigning to symbol INET_LRO
arch/arm/configs/twrp_n9100_defconfig:134:warning: override: reassigning to symbol IPV6
arch/arm/configs/twrp_n9100_defconfig:135:warning: override: reassigning to symbol IPV6_PRIVACY
arch/arm/configs/twrp_n9100_defconfig:136:warning: override: reassigning to symbol IPV6_ROUTER_PREF
arch/arm/configs/twrp_n9100_defconfig:137:warning: override: reassigning to symbol IPV6_ROUTE_INFO
arch/arm/configs/twrp_n9100_defconfig:138:warning: override: reassigning to symbol IPV6_OPTIMISTIC_DAD
arch/arm/configs/twrp_n9100_defconfig:139:warning: override: reassigning to symbol INET6_AH
arch/arm/configs/twrp_n9100_defconfig:140:warning: override: reassigning to symbol INET6_ESP
arch/arm/configs/twrp_n9100_defconfig:141:warning: override: reassigning to symbol INET6_IPCOMP
arch/arm/configs/twrp_n9100_defconfig:142:warning: override: reassigning to symbol IPV6_MIP6
arch/arm/configs/twrp_n9100_defconfig:143:warning: override: reassigning to symbol IPV6_MULTIPLE_TABLES
arch/arm/configs/twrp_n9100_defconfig:144:warning: override: reassigning to symbol IPV6_SUBTREES
arch/arm/configs/twrp_n9100_defconfig:145:warning: override: reassigning to symbol NETFILTER
arch/arm/configs/twrp_n9100_defconfig:146:warning: override: reassigning to symbol NF_CONNTRACK
arch/arm/configs/twrp_n9100_defconfig:147:warning: override: reassigning to symbol NF_CONNTRACK_SECMARK
arch/arm/configs/twrp_n9100_defconfig:148:warning: override: reassigning to symbol NF_CONNTRACK_EVENTS
arch/arm/configs/twrp_n9100_defconfig:149:warning: override: reassigning to symbol NF_CT_PROTO_DCCP
arch/arm/configs/twrp_n9100_defconfig:150:warning: override: reassigning to symbol NF_CT_PROTO_SCTP
arch/arm/configs/twrp_n9100_defconfig:151:warning: override: reassigning to symbol NF_CT_PROTO_UDPLITE
arch/arm/configs/twrp_n9100_defconfig:152:warning: override: reassigning to symbol NF_CONNTRACK_AMANDA
arch/arm/configs/twrp_n9100_defconfig:153:warning: override: reassigning to symbol NF_CONNTRACK_FTP
arch/arm/configs/twrp_n9100_defconfig:154:warning: override: reassigning to symbol NF_CONNTRACK_H323
arch/arm/configs/twrp_n9100_defconfig:155:warning: override: reassigning to symbol NF_CONNTRACK_IRC
arch/arm/configs/twrp_n9100_defconfig:156:warning: override: reassigning to symbol NF_CONNTRACK_NETBIOS_NS
arch/arm/configs/twrp_n9100_defconfig:157:warning: override: reassigning to symbol NF_CONNTRACK_PPTP
arch/arm/configs/twrp_n9100_defconfig:158:warning: override: reassigning to symbol NF_CONNTRACK_SANE
arch/arm/configs/twrp_n9100_defconfig:159:warning: override: reassigning to symbol NF_CONNTRACK_TFTP
arch/arm/configs/twrp_n9100_defconfig:160:warning: override: reassigning to symbol NF_CT_NETLINK
arch/arm/configs/twrp_n9100_defconfig:161:warning: override: reassigning to symbol NETFILTER_TPROXY
arch/arm/configs/twrp_n9100_defconfig:162:warning: override: reassigning to symbol NETFILTER_XT_TARGET_CLASSIFY
arch/arm/configs/twrp_n9100_defconfig:163:warning: override: reassigning to symbol NETFILTER_XT_TARGET_CONNMARK
arch/arm/configs/twrp_n9100_defconfig:164:warning: override: reassigning to symbol NETFILTER_XT_TARGET_CONNSECMARK
arch/arm/configs/twrp_n9100_defconfig:165:warning: override: reassigning to symbol NETFILTER_XT_TARGET_LOG
arch/arm/configs/twrp_n9100_defconfig:166:warning: override: reassigning to symbol NETFILTER_XT_TARGET_MARK
arch/arm/configs/twrp_n9100_defconfig:167:warning: override: reassigning to symbol NETFILTER_XT_TARGET_NFLOG
arch/arm/configs/twrp_n9100_defconfig:168:warning: override: reassigning to symbol NETFILTER_XT_TARGET_NFQUEUE
arch/arm/configs/twrp_n9100_defconfig:169:warning: override: reassigning to symbol NETFILTER_XT_TARGET_NOTRACK
arch/arm/configs/twrp_n9100_defconfig:170:warning: override: reassigning to symbol NETFILTER_XT_TARGET_TPROXY
arch/arm/configs/twrp_n9100_defconfig:171:warning: override: reassigning to symbol NETFILTER_XT_TARGET_TRACE
arch/arm/configs/twrp_n9100_defconfig:172:warning: override: reassigning to symbol NETFILTER_XT_TARGET_SECMARK
arch/arm/configs/twrp_n9100_defconfig:173:warning: override: reassigning to symbol NETFILTER_XT_TARGET_TCPMSS
arch/arm/configs/twrp_n9100_defconfig:174:warning: override: reassigning to symbol NETFILTER_XT_TARGET_IDLETIMER
arch/arm/configs/twrp_n9100_defconfig:175:warning: override: reassigning to symbol NETFILTER_XT_TARGET_TEE
arch/arm/configs/twrp_n9100_defconfig:176:warning: override: reassigning to symbol NETFILTER_XT_MATCH_COMMENT
arch/arm/configs/twrp_n9100_defconfig:177:warning: override: reassigning to symbol NETFILTER_XT_MATCH_CONNLIMIT
arch/arm/configs/twrp_n9100_defconfig:178:warning: override: reassigning to symbol NETFILTER_XT_MATCH_CONNMARK
arch/arm/configs/twrp_n9100_defconfig:179:warning: override: reassigning to symbol NETFILTER_XT_MATCH_CONNTRACK
arch/arm/configs/twrp_n9100_defconfig:180:warning: override: reassigning to symbol NETFILTER_XT_MATCH_DSCP
arch/arm/configs/twrp_n9100_defconfig:181:warning: override: reassigning to symbol NETFILTER_XT_MATCH_HASHLIMIT
arch/arm/configs/twrp_n9100_defconfig:182:warning: override: reassigning to symbol NETFILTER_XT_MATCH_HELPER
arch/arm/configs/twrp_n9100_defconfig:183:warning: override: reassigning to symbol NETFILTER_XT_MATCH_IPRANGE
arch/arm/configs/twrp_n9100_defconfig:184:warning: override: reassigning to symbol NETFILTER_XT_MATCH_LENGTH
arch/arm/configs/twrp_n9100_defconfig:185:warning: override: reassigning to symbol NETFILTER_XT_MATCH_LIMIT
arch/arm/configs/twrp_n9100_defconfig:186:warning: override: reassigning to symbol NETFILTER_XT_MATCH_MAC
arch/arm/configs/twrp_n9100_defconfig:187:warning: override: reassigning to symbol NETFILTER_XT_MATCH_MARK
arch/arm/configs/twrp_n9100_defconfig:188:warning: override: reassigning to symbol NETFILTER_XT_MATCH_MULTIPORT
arch/arm/configs/twrp_n9100_defconfig:189:warning: override: reassigning to symbol NETFILTER_XT_MATCH_POLICY
arch/arm/configs/twrp_n9100_defconfig:190:warning: override: reassigning to symbol NETFILTER_XT_MATCH_PKTTYPE
arch/arm/configs/twrp_n9100_defconfig:191:warning: override: reassigning to symbol NETFILTER_XT_MATCH_QTAGUID
arch/arm/configs/twrp_n9100_defconfig:192:warning: override: reassigning to symbol NETFILTER_XT_MATCH_QUOTA
arch/arm/configs/twrp_n9100_defconfig:193:warning: override: reassigning to symbol NETFILTER_XT_MATCH_QUOTA2
arch/arm/configs/twrp_n9100_defconfig:194:warning: override: reassigning to symbol NETFILTER_XT_MATCH_QUOTA2_LOG
arch/arm/configs/twrp_n9100_defconfig:195:warning: override: reassigning to symbol NETFILTER_XT_MATCH_SOCKET
arch/arm/configs/twrp_n9100_defconfig:196:warning: override: reassigning to symbol NETFILTER_XT_MATCH_STATE
arch/arm/configs/twrp_n9100_defconfig:197:warning: override: reassigning to symbol NETFILTER_XT_MATCH_STATISTIC
arch/arm/configs/twrp_n9100_defconfig:198:warning: override: reassigning to symbol NETFILTER_XT_MATCH_STRING
arch/arm/configs/twrp_n9100_defconfig:199:warning: override: reassigning to symbol NETFILTER_XT_MATCH_TIME
arch/arm/configs/twrp_n9100_defconfig:200:warning: override: reassigning to symbol NETFILTER_XT_MATCH_U32
arch/arm/configs/twrp_n9100_defconfig:201:warning: override: reassigning to symbol NF_CONNTRACK_IPV4
arch/arm/configs/twrp_n9100_defconfig:202:warning: override: reassigning to symbol IP_NF_IPTABLES
arch/arm/configs/twrp_n9100_defconfig:203:warning: override: reassigning to symbol IP_NF_MATCH_AH
arch/arm/configs/twrp_n9100_defconfig:204:warning: override: reassigning to symbol IP_NF_MATCH_ECN
arch/arm/configs/twrp_n9100_defconfig:205:warning: override: reassigning to symbol IP_NF_MATCH_TTL
arch/arm/configs/twrp_n9100_defconfig:206:warning: override: reassigning to symbol IP_NF_FILTER
arch/arm/configs/twrp_n9100_defconfig:207:warning: override: reassigning to symbol IP_NF_TARGET_REJECT
arch/arm/configs/twrp_n9100_defconfig:208:warning: override: reassigning to symbol IP_NF_TARGET_REJECT_SKERR
arch/arm/configs/twrp_n9100_defconfig:209:warning: override: reassigning to symbol NF_NAT_IPV4
arch/arm/configs/twrp_n9100_defconfig:210:warning: override: reassigning to symbol IP_NF_TARGET_MASQUERADE
arch/arm/configs/twrp_n9100_defconfig:211:warning: override: reassigning to symbol IP_NF_TARGET_NETMAP
arch/arm/configs/twrp_n9100_defconfig:212:warning: override: reassigning to symbol IP_NF_TARGET_REDIRECT
arch/arm/configs/twrp_n9100_defconfig:213:warning: override: reassigning to symbol IP_NF_MANGLE
arch/arm/configs/twrp_n9100_defconfig:214:warning: override: reassigning to symbol IP_NF_RAW
arch/arm/configs/twrp_n9100_defconfig:215:warning: override: reassigning to symbol IP_NF_SECURITY
arch/arm/configs/twrp_n9100_defconfig:216:warning: override: reassigning to symbol IP_NF_ARPTABLES
arch/arm/configs/twrp_n9100_defconfig:217:warning: override: reassigning to symbol IP_NF_ARPFILTER
arch/arm/configs/twrp_n9100_defconfig:218:warning: override: reassigning to symbol IP_NF_ARP_MANGLE
arch/arm/configs/twrp_n9100_defconfig:219:warning: override: reassigning to symbol NF_CONNTRACK_IPV6
arch/arm/configs/twrp_n9100_defconfig:220:warning: override: reassigning to symbol IP6_NF_IPTABLES
arch/arm/configs/twrp_n9100_defconfig:221:warning: override: reassigning to symbol IP6_NF_FILTER
arch/arm/configs/twrp_n9100_defconfig:222:warning: override: reassigning to symbol IP6_NF_TARGET_REJECT
arch/arm/configs/twrp_n9100_defconfig:223:warning: override: reassigning to symbol IP6_NF_TARGET_REJECT_SKERR
arch/arm/configs/twrp_n9100_defconfig:224:warning: override: reassigning to symbol IP6_NF_MANGLE
arch/arm/configs/twrp_n9100_defconfig:225:warning: override: reassigning to symbol IP6_NF_RAW
arch/arm/configs/twrp_n9100_defconfig:226:warning: override: reassigning to symbol BRIDGE_NF_EBTABLES
arch/arm/configs/twrp_n9100_defconfig:227:warning: override: reassigning to symbol BRIDGE_EBT_BROUTE
arch/arm/configs/twrp_n9100_defconfig:228:warning: override: reassigning to symbol L2TP
arch/arm/configs/twrp_n9100_defconfig:229:warning: override: reassigning to symbol L2TP_DEBUGFS
arch/arm/configs/twrp_n9100_defconfig:230:warning: override: reassigning to symbol L2TP_V3
arch/arm/configs/twrp_n9100_defconfig:231:warning: override: reassigning to symbol BRIDGE
arch/arm/configs/twrp_n9100_defconfig:232:warning: override: reassigning to symbol NET_SCHED
arch/arm/configs/twrp_n9100_defconfig:233:warning: override: reassigning to symbol NET_SCH_HTB
arch/arm/configs/twrp_n9100_defconfig:234:warning: override: reassigning to symbol NET_SCH_PRIO
arch/arm/configs/twrp_n9100_defconfig:235:warning: override: reassigning to symbol NET_CLS_FW
arch/arm/configs/twrp_n9100_defconfig:236:warning: override: reassigning to symbol NET_CLS_U32
arch/arm/configs/twrp_n9100_defconfig:237:warning: override: reassigning to symbol CLS_U32_MARK
arch/arm/configs/twrp_n9100_defconfig:238:warning: override: reassigning to symbol NET_CLS_FLOW
arch/arm/configs/twrp_n9100_defconfig:239:warning: override: reassigning to symbol NET_EMATCH
arch/arm/configs/twrp_n9100_defconfig:240:warning: override: reassigning to symbol NET_EMATCH_CMP
arch/arm/configs/twrp_n9100_defconfig:241:warning: override: reassigning to symbol NET_EMATCH_NBYTE
arch/arm/configs/twrp_n9100_defconfig:242:warning: override: reassigning to symbol NET_EMATCH_U32
arch/arm/configs/twrp_n9100_defconfig:243:warning: override: reassigning to symbol NET_EMATCH_META
arch/arm/configs/twrp_n9100_defconfig:244:warning: override: reassigning to symbol NET_EMATCH_TEXT
arch/arm/configs/twrp_n9100_defconfig:245:warning: override: reassigning to symbol NET_CLS_ACT
arch/arm/configs/twrp_n9100_defconfig:246:warning: override: reassigning to symbol RMNET_DATA
arch/arm/configs/twrp_n9100_defconfig:247:warning: override: reassigning to symbol RMNET_DATA_FC
arch/arm/configs/twrp_n9100_defconfig:248:warning: override: reassigning to symbol RMNET_DATA_DEBUG_PKT
arch/arm/configs/twrp_n9100_defconfig:249:warning: override: reassigning to symbol BT
arch/arm/configs/twrp_n9100_defconfig:250:warning: override: reassigning to symbol BT_BCM4358
arch/arm/configs/twrp_n9100_defconfig:251:warning: override: reassigning to symbol MSM_BT_POWER
arch/arm/configs/twrp_n9100_defconfig:252:warning: override: reassigning to symbol NET_VENDOR_ATHEROS
arch/arm/configs/twrp_n9100_defconfig:253:warning: override: reassigning to symbol ATL1C
arch/arm/configs/twrp_n9100_defconfig:257:warning: override: reassigning to symbol NET_CORE
arch/arm/configs/twrp_n9100_defconfig:258:warning: override: reassigning to symbol WIRELESS
arch/arm/configs/twrp_n9100_defconfig:259:warning: override: reassigning to symbol WIRELESS_EXT_SYSFS
arch/arm/configs/twrp_n9100_defconfig:260:warning: override: reassigning to symbol WEXT_CORE
arch/arm/configs/twrp_n9100_defconfig:261:warning: override: reassigning to symbol WEXT_PROC
arch/arm/configs/twrp_n9100_defconfig:262:warning: override: reassigning to symbol CFG80211
arch/arm/configs/twrp_n9100_defconfig:263:warning: override: reassigning to symbol CFG80211_WEXT
arch/arm/configs/twrp_n9100_defconfig:264:warning: override: reassigning to symbol CFG80211_DEFAULT_PS
arch/arm/configs/twrp_n9100_defconfig:265:warning: override: reassigning to symbol CFG80211_ALLOW_RECONNECT
arch/arm/configs/twrp_n9100_defconfig:266:warning: override: reassigning to symbol BROADCOM_WIFI
arch/arm/configs/twrp_n9100_defconfig:267:warning: override: reassigning to symbol WLAN
arch/arm/configs/twrp_n9100_defconfig:268:warning: override: reassigning to symbol WIFI_CONTROL_FUNC
arch/arm/configs/twrp_n9100_defconfig:269:warning: override: reassigning to symbol BCM4358
arch/arm/configs/twrp_n9100_defconfig:270:warning: override: reassigning to symbol BCMDHD_FW_PATH
arch/arm/configs/twrp_n9100_defconfig:271:warning: override: reassigning to symbol BCMDHD_NVRAM_PATH
arch/arm/configs/twrp_n9100_defconfig:272:warning: override: reassigning to symbol BROADCOM_WIFI_RESERVED_MEM
arch/arm/configs/twrp_n9100_defconfig:273:warning: override: reassigning to symbol WLAN_REGION_CODE
arch/arm/configs/twrp_n9100_defconfig:274:warning: override: reassigning to symbol CFG80211_REG_NOT_UPDATED
arch/arm/configs/twrp_n9100_defconfig:276:warning: override: reassigning to symbol BCMDHD_PCIE
arch/arm/configs/twrp_n9100_defconfig:277:warning: override: reassigning to symbol RFKILL
arch/arm/configs/twrp_n9100_defconfig:278:warning: override: reassigning to symbol NFC_QNCI
arch/arm/configs/twrp_n9100_defconfig:279:warning: override: reassigning to symbol IPC_ROUTER
arch/arm/configs/twrp_n9100_defconfig:280:warning: override: reassigning to symbol IPC_ROUTER_SECURITY
arch/arm/configs/twrp_n9100_defconfig:281:warning: override: reassigning to symbol CMA
arch/arm/configs/twrp_n9100_defconfig:282:warning: override: reassigning to symbol BLK_DEV_LOOP
arch/arm/configs/twrp_n9100_defconfig:283:warning: override: reassigning to symbol BLK_DEV_RAM
arch/arm/configs/twrp_n9100_defconfig:284:warning: override: reassigning to symbol BLK_DEV_RAM_SIZE
arch/arm/configs/twrp_n9100_defconfig:285:warning: override: reassigning to symbol UID_STAT
arch/arm/configs/twrp_n9100_defconfig:286:warning: override: reassigning to symbol HAPTIC_ISA1200
arch/arm/configs/twrp_n9100_defconfig:287:warning: override: reassigning to symbol QSEECOM
arch/arm/configs/twrp_n9100_defconfig:288:warning: override: reassigning to symbol QPNP_MISC
arch/arm/configs/twrp_n9100_defconfig:289:warning: override: reassigning to symbol SEC_MISC
arch/arm/configs/twrp_n9100_defconfig:290:warning: override: reassigning to symbol TI_DRV2667
arch/arm/configs/twrp_n9100_defconfig:291:warning: override: reassigning to symbol APQ8084_DOCKING_STATION
arch/arm/configs/twrp_n9100_defconfig:292:warning: override: reassigning to symbol SCSI_TGT
arch/arm/configs/twrp_n9100_defconfig:293:warning: override: reassigning to symbol BLK_DEV_SD
arch/arm/configs/twrp_n9100_defconfig:294:warning: override: reassigning to symbol CHR_DEV_SG
arch/arm/configs/twrp_n9100_defconfig:295:warning: override: reassigning to symbol CHR_DEV_SCH
arch/arm/configs/twrp_n9100_defconfig:296:warning: override: reassigning to symbol SCSI_MULTI_LUN
arch/arm/configs/twrp_n9100_defconfig:297:warning: override: reassigning to symbol SCSI_CONSTANTS
arch/arm/configs/twrp_n9100_defconfig:298:warning: override: reassigning to symbol SCSI_LOGGING
arch/arm/configs/twrp_n9100_defconfig:299:warning: override: reassigning to symbol SCSI_SCAN_ASYNC
arch/arm/configs/twrp_n9100_defconfig:300:warning: override: reassigning to symbol SCSI_UFSHCD
arch/arm/configs/twrp_n9100_defconfig:301:warning: override: reassigning to symbol SCSI_UFSHCD_PLATFORM
arch/arm/configs/twrp_n9100_defconfig:302:warning: override: reassigning to symbol SCSI_UFS_MSM
arch/arm/configs/twrp_n9100_defconfig:303:warning: override: reassigning to symbol SCSI_UFS_TEST
arch/arm/configs/twrp_n9100_defconfig:304:warning: override: reassigning to symbol ATA
arch/arm/configs/twrp_n9100_defconfig:305:warning: override: reassigning to symbol SATA_AHCI_MSM
arch/arm/configs/twrp_n9100_defconfig:306:warning: override: reassigning to symbol MD
arch/arm/configs/twrp_n9100_defconfig:307:warning: override: reassigning to symbol BLK_DEV_DM
arch/arm/configs/twrp_n9100_defconfig:308:warning: override: reassigning to symbol DM_CRYPT
arch/arm/configs/twrp_n9100_defconfig:309:warning: override: reassigning to symbol DM_UEVENT
arch/arm/configs/twrp_n9100_defconfig:310:warning: override: reassigning to symbol NETDEVICES
arch/arm/configs/twrp_n9100_defconfig:311:warning: override: reassigning to symbol DUMMY
arch/arm/configs/twrp_n9100_defconfig:312:warning: override: reassigning to symbol TUN
arch/arm/configs/twrp_n9100_defconfig:313:warning: override: reassigning to symbol KS8851
arch/arm/configs/twrp_n9100_defconfig:314:warning: override: reassigning to symbol PPP
arch/arm/configs/twrp_n9100_defconfig:315:warning: override: reassigning to symbol PPP_BSDCOMP
arch/arm/configs/twrp_n9100_defconfig:316:warning: override: reassigning to symbol PPP_DEFLATE
arch/arm/configs/twrp_n9100_defconfig:317:warning: override: reassigning to symbol PPP_FILTER
arch/arm/configs/twrp_n9100_defconfig:318:warning: override: reassigning to symbol PPP_MPPE
arch/arm/configs/twrp_n9100_defconfig:319:warning: override: reassigning to symbol PPP_MULTILINK
arch/arm/configs/twrp_n9100_defconfig:320:warning: override: reassigning to symbol PPPOE
arch/arm/configs/twrp_n9100_defconfig:321:warning: override: reassigning to symbol PPPOL2TP
arch/arm/configs/twrp_n9100_defconfig:322:warning: override: reassigning to symbol PPPOLAC
arch/arm/configs/twrp_n9100_defconfig:323:warning: override: reassigning to symbol PPPOPNS
arch/arm/configs/twrp_n9100_defconfig:324:warning: override: reassigning to symbol PPP_ASYNC
arch/arm/configs/twrp_n9100_defconfig:325:warning: override: reassigning to symbol PPP_SYNC_TTY
arch/arm/configs/twrp_n9100_defconfig:326:warning: override: reassigning to symbol SLIP
arch/arm/configs/twrp_n9100_defconfig:327:warning: override: reassigning to symbol SLIP_COMPRESSED
arch/arm/configs/twrp_n9100_defconfig:328:warning: override: reassigning to symbol SLIP_MODE_SLIP6
arch/arm/configs/twrp_n9100_defconfig:329:warning: override: reassigning to symbol USB_USBNET
arch/arm/configs/twrp_n9100_defconfig:330:warning: override: reassigning to symbol USB_NET_SMSC75XX
arch/arm/configs/twrp_n9100_defconfig:331:warning: override: reassigning to symbol USB_NET_SMSC95XX
arch/arm/configs/twrp_n9100_defconfig:332:warning: override: reassigning to symbol MSM_RMNET_USB
arch/arm/configs/twrp_n9100_defconfig:333:warning: override: reassigning to symbol CLD_LL_CORE
arch/arm/configs/twrp_n9100_defconfig:334:warning: override: reassigning to symbol INPUT_EVDEV
arch/arm/configs/twrp_n9100_defconfig:335:warning: override: reassigning to symbol INPUT_EVBUG
arch/arm/configs/twrp_n9100_defconfig:336:warning: override: reassigning to symbol INPUT_KEYRESET
arch/arm/configs/twrp_n9100_defconfig:337:warning: override: reassigning to symbol KEYBOARD_GPIO
arch/arm/configs/twrp_n9100_defconfig:338:warning: override: reassigning to symbol INPUT_MOUSE
arch/arm/configs/twrp_n9100_defconfig:339:warning: override: reassigning to symbol INPUT_JOYSTICK
arch/arm/configs/twrp_n9100_defconfig:340:warning: override: reassigning to symbol JOYSTICK_XPAD
arch/arm/configs/twrp_n9100_defconfig:341:warning: override: reassigning to symbol JOYSTICK_XPAD_FF
arch/arm/configs/twrp_n9100_defconfig:342:warning: override: reassigning to symbol JOYSTICK_XPAD_LEDS
arch/arm/configs/twrp_n9100_defconfig:343:warning: override: reassigning to symbol INPUT_TABLET
arch/arm/configs/twrp_n9100_defconfig:344:warning: override: reassigning to symbol TABLET_USB_ACECAD
arch/arm/configs/twrp_n9100_defconfig:345:warning: override: reassigning to symbol TABLET_USB_AIPTEK
arch/arm/configs/twrp_n9100_defconfig:346:warning: override: reassigning to symbol TABLET_USB_GTCO
arch/arm/configs/twrp_n9100_defconfig:347:warning: override: reassigning to symbol TABLET_USB_HANWANG
arch/arm/configs/twrp_n9100_defconfig:348:warning: override: reassigning to symbol TABLET_USB_KBTAB
arch/arm/configs/twrp_n9100_defconfig:349:warning: override: reassigning to symbol TABLET_USB_WACOM
arch/arm/configs/twrp_n9100_defconfig:350:warning: override: reassigning to symbol INPUT_TOUCHSCREEN
arch/arm/configs/twrp_n9100_defconfig:351:warning: override: reassigning to symbol INPUT_MISC
arch/arm/configs/twrp_n9100_defconfig:352:warning: override: reassigning to symbol INPUT_KEYCHORD
arch/arm/configs/twrp_n9100_defconfig:353:warning: override: reassigning to symbol INPUT_UINPUT
arch/arm/configs/twrp_n9100_defconfig:354:warning: override: reassigning to symbol INPUT_GPIO
arch/arm/configs/twrp_n9100_defconfig:355:warning: override: reassigning to symbol VT
arch/arm/configs/twrp_n9100_defconfig:356:warning: override: reassigning to symbol LEGACY_PTYS
arch/arm/configs/twrp_n9100_defconfig:357:warning: override: reassigning to symbol DEVMEM
arch/arm/configs/twrp_n9100_defconfig:358:warning: override: reassigning to symbol DEVKMEM
arch/arm/configs/twrp_n9100_defconfig:359:warning: override: reassigning to symbol SERIAL_MSM_HS
arch/arm/configs/twrp_n9100_defconfig:360:warning: override: reassigning to symbol SERIAL_MSM_HS_LENTIS
arch/arm/configs/twrp_n9100_defconfig:361:warning: override: reassigning to symbol SERIAL_MSM_HSL
arch/arm/configs/twrp_n9100_defconfig:362:warning: override: reassigning to symbol SERIAL_MSM_HSL_CONSOLE
arch/arm/configs/twrp_n9100_defconfig:363:warning: override: reassigning to symbol SERIAL_MSM_SMD
arch/arm/configs/twrp_n9100_defconfig:364:warning: override: reassigning to symbol DIAG_CHAR
arch/arm/configs/twrp_n9100_defconfig:365:warning: override: reassigning to symbol HW_RANDOM
arch/arm/configs/twrp_n9100_defconfig:366:warning: override: reassigning to symbol HW_RANDOM_MSM
arch/arm/configs/twrp_n9100_defconfig:367:warning: override: reassigning to symbol MSM_SMD_PKT
arch/arm/configs/twrp_n9100_defconfig:368:warning: override: reassigning to symbol MSM_ADSPRPC
arch/arm/configs/twrp_n9100_defconfig:369:warning: override: reassigning to symbol I2C
arch/arm/configs/twrp_n9100_defconfig:370:warning: override: reassigning to symbol I2C_CHARDEV
arch/arm/configs/twrp_n9100_defconfig:371:warning: override: reassigning to symbol I2C_QUP
arch/arm/configs/twrp_n9100_defconfig:372:warning: override: reassigning to symbol I2C_GPIO
arch/arm/configs/twrp_n9100_defconfig:373:warning: override: reassigning to symbol SLIMBUS_MSM_NGD
arch/arm/configs/twrp_n9100_defconfig:374:warning: override: reassigning to symbol SPI
arch/arm/configs/twrp_n9100_defconfig:375:warning: override: reassigning to symbol SPI_QUP
arch/arm/configs/twrp_n9100_defconfig:376:warning: override: reassigning to symbol SPI_SPIDEV
arch/arm/configs/twrp_n9100_defconfig:377:warning: override: reassigning to symbol SPMI
arch/arm/configs/twrp_n9100_defconfig:378:warning: override: reassigning to symbol SPMI_MSM_PMIC_ARB
arch/arm/configs/twrp_n9100_defconfig:379:warning: override: reassigning to symbol MSM_QPNP_INT
arch/arm/configs/twrp_n9100_defconfig:380:warning: override: reassigning to symbol DEBUG_GPIO
arch/arm/configs/twrp_n9100_defconfig:381:warning: override: reassigning to symbol GPIO_SYSFS
arch/arm/configs/twrp_n9100_defconfig:382:warning: override: reassigning to symbol GPIO_QPNP_PIN
arch/arm/configs/twrp_n9100_defconfig:383:warning: override: reassigning to symbol GPIO_QPNP_PIN_DEBUG
arch/arm/configs/twrp_n9100_defconfig:384:warning: override: reassigning to symbol SENSORS_EPM_ADC
arch/arm/configs/twrp_n9100_defconfig:385:warning: override: reassigning to symbol SENSORS_QPNP_ADC_VOLTAGE
arch/arm/configs/twrp_n9100_defconfig:386:warning: override: reassigning to symbol SENSORS_QPNP_ADC_CURRENT
arch/arm/configs/twrp_n9100_defconfig:387:warning: override: reassigning to symbol THERMAL
arch/arm/configs/twrp_n9100_defconfig:388:warning: override: reassigning to symbol THERMAL_TSENS8974
arch/arm/configs/twrp_n9100_defconfig:389:warning: override: reassigning to symbol THERMAL_MONITOR
arch/arm/configs/twrp_n9100_defconfig:390:warning: override: reassigning to symbol THERMAL_QPNP
arch/arm/configs/twrp_n9100_defconfig:391:warning: override: reassigning to symbol THERMAL_QPNP_ADC_TM
arch/arm/configs/twrp_n9100_defconfig:392:warning: override: reassigning to symbol WCD9320_CODEC
arch/arm/configs/twrp_n9100_defconfig:393:warning: override: reassigning to symbol REGULATOR_FIXED_VOLTAGE
arch/arm/configs/twrp_n9100_defconfig:394:warning: override: reassigning to symbol REGULATOR_PROXY_CONSUMER
arch/arm/configs/twrp_n9100_defconfig:395:warning: override: reassigning to symbol REGULATOR_STUB
arch/arm/configs/twrp_n9100_defconfig:396:warning: override: reassigning to symbol REGULATOR_QPNP
arch/arm/configs/twrp_n9100_defconfig:397:warning: override: reassigning to symbol MEDIA_SUPPORT
arch/arm/configs/twrp_n9100_defconfig:398:warning: override: reassigning to symbol MEDIA_CAMERA_SUPPORT
arch/arm/configs/twrp_n9100_defconfig:399:warning: override: reassigning to symbol MEDIA_ANALOG_TV_SUPPORT
arch/arm/configs/twrp_n9100_defconfig:400:warning: override: reassigning to symbol MEDIA_DIGITAL_TV_SUPPORT
arch/arm/configs/twrp_n9100_defconfig:401:warning: override: reassigning to symbol MEDIA_RADIO_SUPPORT
arch/arm/configs/twrp_n9100_defconfig:402:warning: override: reassigning to symbol MEDIA_CONTROLLER
arch/arm/configs/twrp_n9100_defconfig:403:warning: override: reassigning to symbol VIDEO_V4L2_SUBDEV_API
arch/arm/configs/twrp_n9100_defconfig:404:warning: override: reassigning to symbol VIDEOBUF2_MSM_MEM
arch/arm/configs/twrp_n9100_defconfig:405:warning: override: reassigning to symbol MEDIA_USB_SUPPORT
arch/arm/configs/twrp_n9100_defconfig:406:warning: override: reassigning to symbol USB_VIDEO_CLASS
arch/arm/configs/twrp_n9100_defconfig:407:warning: override: reassigning to symbol V4L_PLATFORM_DRIVERS
arch/arm/configs/twrp_n9100_defconfig:408:warning: override: reassigning to symbol MSMB_CAMERA
arch/arm/configs/twrp_n9100_defconfig:409:warning: override: reassigning to symbol MSMB_JPEG
arch/arm/configs/twrp_n9100_defconfig:410:warning: override: reassigning to symbol MSM_CAMERA_SENSOR
arch/arm/configs/twrp_n9100_defconfig:411:warning: override: reassigning to symbol MSM_CPP
arch/arm/configs/twrp_n9100_defconfig:412:warning: override: reassigning to symbol MSM_CCI
arch/arm/configs/twrp_n9100_defconfig:413:warning: override: reassigning to symbol MSM_CSI31_HEADER
arch/arm/configs/twrp_n9100_defconfig:414:warning: override: reassigning to symbol MSM_CSIPHY
arch/arm/configs/twrp_n9100_defconfig:415:warning: override: reassigning to symbol MSM_CSID
arch/arm/configs/twrp_n9100_defconfig:416:warning: override: reassigning to symbol MSM_EEPROM
arch/arm/configs/twrp_n9100_defconfig:417:warning: override: reassigning to symbol MSM_ISPIF
arch/arm/configs/twrp_n9100_defconfig:418:warning: override: reassigning to symbol MSM_VIDC_V4L2
arch/arm/configs/twrp_n9100_defconfig:419:warning: override: reassigning to symbol MSM_WFD
arch/arm/configs/twrp_n9100_defconfig:420:warning: override: reassigning to symbol DVB_MPQ
arch/arm/configs/twrp_n9100_defconfig:421:warning: override: reassigning to symbol DVB_MPQ_DEMUX
arch/arm/configs/twrp_n9100_defconfig:422:warning: override: reassigning to symbol TSPP
arch/arm/configs/twrp_n9100_defconfig:423:warning: override: reassigning to symbol MSM_VPU
arch/arm/configs/twrp_n9100_defconfig:424:warning: override: reassigning to symbol ION
arch/arm/configs/twrp_n9100_defconfig:425:warning: override: reassigning to symbol ION_MSM
arch/arm/configs/twrp_n9100_defconfig:426:warning: override: reassigning to symbol MSM_KGSL
arch/arm/configs/twrp_n9100_defconfig:427:warning: override: reassigning to symbol KGSL_PER_PROCESS_PAGE_TABLE
arch/arm/configs/twrp_n9100_defconfig:428:warning: override: reassigning to symbol FB
arch/arm/configs/twrp_n9100_defconfig:429:warning: override: reassigning to symbol FB_VIRTUAL
arch/arm/configs/twrp_n9100_defconfig:430:warning: override: reassigning to symbol FB_MSM
arch/arm/configs/twrp_n9100_defconfig:431:warning: override: reassigning to symbol FB_MSM_BACKLIGHT
arch/arm/configs/twrp_n9100_defconfig:432:warning: override: reassigning to symbol FB_MSM_MDSS
arch/arm/configs/twrp_n9100_defconfig:432:warning: override: FB_MSM_MDSS changes choice state
arch/arm/configs/twrp_n9100_defconfig:433:warning: override: reassigning to symbol FB_MSM_MDSS_WRITEBACK
arch/arm/configs/twrp_n9100_defconfig:434:warning: override: reassigning to symbol FB_MSM_MDSS_HDMI_PANEL
arch/arm/configs/twrp_n9100_defconfig:435:warning: override: reassigning to symbol FB_MSM_MDSS_FENCE_DBG
arch/arm/configs/twrp_n9100_defconfig:437:warning: override: reassigning to symbol FB_MSM_MDSS_HDMI_MHL_SII8334
arch/arm/configs/twrp_n9100_defconfig:438:warning: override: reassigning to symbol FB_MSM_MDSS_DSI_DBG
arch/arm/configs/twrp_n9100_defconfig:443:warning: override: reassigning to symbol FB_MSM_MDSS_SAMSUNG
arch/arm/configs/twrp_n9100_defconfig:445:warning: override: reassigning to symbol BACKLIGHT_LCD_SUPPORT
arch/arm/configs/twrp_n9100_defconfig:446:warning: override: reassigning to symbol LCD_CLASS_DEVICE
arch/arm/configs/twrp_n9100_defconfig:447:warning: override: reassigning to symbol BACKLIGHT_CLASS_DEVICE
arch/arm/configs/twrp_n9100_defconfig:449:warning: override: reassigning to symbol MDNIE_LITE_TUNING
arch/arm/configs/twrp_n9100_defconfig:450:warning: override: reassigning to symbol BACKLIGHT_GENERIC
arch/arm/configs/twrp_n9100_defconfig:451:warning: override: reassigning to symbol SII8620_MHL_TX
arch/arm/configs/twrp_n9100_defconfig:452:warning: override: reassigning to symbol SOUND
arch/arm/configs/twrp_n9100_defconfig:453:warning: override: reassigning to symbol SND
arch/arm/configs/twrp_n9100_defconfig:454:warning: override: reassigning to symbol SND_USB_AUDIO
arch/arm/configs/twrp_n9100_defconfig:455:warning: override: reassigning to symbol SND_SOC
arch/arm/configs/twrp_n9100_defconfig:456:warning: override: reassigning to symbol SND_SOC_APQ8084
arch/arm/configs/twrp_n9100_defconfig:457:warning: override: reassigning to symbol SND_SOC_MSM_HDMI_CODEC_RX
arch/arm/configs/twrp_n9100_defconfig:458:warning: override: reassigning to symbol UHID
arch/arm/configs/twrp_n9100_defconfig:459:warning: override: reassigning to symbol HID_A4TECH
arch/arm/configs/twrp_n9100_defconfig:460:warning: override: reassigning to symbol HID_ACRUX
arch/arm/configs/twrp_n9100_defconfig:461:warning: override: reassigning to symbol HID_ACRUX_FF
arch/arm/configs/twrp_n9100_defconfig:462:warning: override: reassigning to symbol HID_APPLE
arch/arm/configs/twrp_n9100_defconfig:463:warning: override: reassigning to symbol HID_BELKIN
arch/arm/configs/twrp_n9100_defconfig:464:warning: override: reassigning to symbol HID_CHERRY
arch/arm/configs/twrp_n9100_defconfig:465:warning: override: reassigning to symbol HID_CHICONY
arch/arm/configs/twrp_n9100_defconfig:466:warning: override: reassigning to symbol HID_PRODIKEYS
arch/arm/configs/twrp_n9100_defconfig:467:warning: override: reassigning to symbol HID_CYPRESS
arch/arm/configs/twrp_n9100_defconfig:468:warning: override: reassigning to symbol HID_DRAGONRISE
arch/arm/configs/twrp_n9100_defconfig:469:warning: override: reassigning to symbol DRAGONRISE_FF
arch/arm/configs/twrp_n9100_defconfig:470:warning: override: reassigning to symbol HID_EMS_FF
arch/arm/configs/twrp_n9100_defconfig:471:warning: override: reassigning to symbol HID_ELECOM
arch/arm/configs/twrp_n9100_defconfig:472:warning: override: reassigning to symbol HID_EZKEY
arch/arm/configs/twrp_n9100_defconfig:473:warning: override: reassigning to symbol HID_HOLTEK
arch/arm/configs/twrp_n9100_defconfig:474:warning: override: reassigning to symbol HID_KEYTOUCH
arch/arm/configs/twrp_n9100_defconfig:475:warning: override: reassigning to symbol HID_KYE
arch/arm/configs/twrp_n9100_defconfig:476:warning: override: reassigning to symbol HID_UCLOGIC
arch/arm/configs/twrp_n9100_defconfig:477:warning: override: reassigning to symbol HID_WALTOP
arch/arm/configs/twrp_n9100_defconfig:478:warning: override: reassigning to symbol HID_GYRATION
arch/arm/configs/twrp_n9100_defconfig:479:warning: override: reassigning to symbol HID_TWINHAN
arch/arm/configs/twrp_n9100_defconfig:480:warning: override: reassigning to symbol HID_KENSINGTON
arch/arm/configs/twrp_n9100_defconfig:481:warning: override: reassigning to symbol HID_LCPOWER
arch/arm/configs/twrp_n9100_defconfig:482:warning: override: reassigning to symbol HID_LOGITECH
arch/arm/configs/twrp_n9100_defconfig:483:warning: override: reassigning to symbol HID_LOGITECH_DJ
arch/arm/configs/twrp_n9100_defconfig:484:warning: override: reassigning to symbol LOGITECH_FF
arch/arm/configs/twrp_n9100_defconfig:485:warning: override: reassigning to symbol LOGIRUMBLEPAD2_FF
arch/arm/configs/twrp_n9100_defconfig:486:warning: override: reassigning to symbol LOGIG940_FF
arch/arm/configs/twrp_n9100_defconfig:487:warning: override: reassigning to symbol HID_MAGICMOUSE
arch/arm/configs/twrp_n9100_defconfig:488:warning: override: reassigning to symbol HID_MICROSOFT
arch/arm/configs/twrp_n9100_defconfig:489:warning: override: reassigning to symbol HID_MONTEREY
arch/arm/configs/twrp_n9100_defconfig:490:warning: override: reassigning to symbol HID_MULTITOUCH
arch/arm/configs/twrp_n9100_defconfig:491:warning: override: reassigning to symbol HID_ORTEK
arch/arm/configs/twrp_n9100_defconfig:492:warning: override: reassigning to symbol HID_PANTHERLORD
arch/arm/configs/twrp_n9100_defconfig:493:warning: override: reassigning to symbol PANTHERLORD_FF
arch/arm/configs/twrp_n9100_defconfig:494:warning: override: reassigning to symbol HID_PETALYNX
arch/arm/configs/twrp_n9100_defconfig:495:warning: override: reassigning to symbol HID_PICOLCD
arch/arm/configs/twrp_n9100_defconfig:496:warning: override: reassigning to symbol HID_PRIMAX
arch/arm/configs/twrp_n9100_defconfig:497:warning: override: reassigning to symbol HID_ROCCAT
arch/arm/configs/twrp_n9100_defconfig:498:warning: override: reassigning to symbol HID_SAITEK
arch/arm/configs/twrp_n9100_defconfig:499:warning: override: reassigning to symbol HID_SAMSUNG
arch/arm/configs/twrp_n9100_defconfig:500:warning: override: reassigning to symbol HID_SYNAPTICS_BT
arch/arm/configs/twrp_n9100_defconfig:501:warning: override: reassigning to symbol HID_SONY
arch/arm/configs/twrp_n9100_defconfig:502:warning: override: reassigning to symbol HID_SPEEDLINK
arch/arm/configs/twrp_n9100_defconfig:503:warning: override: reassigning to symbol HID_SUNPLUS
arch/arm/configs/twrp_n9100_defconfig:504:warning: override: reassigning to symbol HID_GREENASIA
arch/arm/configs/twrp_n9100_defconfig:505:warning: override: reassigning to symbol HID
arch/arm/configs/twrp_n9100_defconfig:506:warning: override: reassigning to symbol HIDRAW
arch/arm/configs/twrp_n9100_defconfig:507:warning: override: reassigning to symbol HID_OVR
arch/arm/configs/twrp_n9100_defconfig:508:warning: override: reassigning to symbol GREENASIA_FF
arch/arm/configs/twrp_n9100_defconfig:509:warning: override: reassigning to symbol HID_SMARTJOYPLUS
arch/arm/configs/twrp_n9100_defconfig:510:warning: override: reassigning to symbol SMARTJOYPLUS_FF
arch/arm/configs/twrp_n9100_defconfig:511:warning: override: reassigning to symbol HID_TIVO
arch/arm/configs/twrp_n9100_defconfig:512:warning: override: reassigning to symbol HID_TOPSEED
arch/arm/configs/twrp_n9100_defconfig:513:warning: override: reassigning to symbol HID_THRUSTMASTER
arch/arm/configs/twrp_n9100_defconfig:514:warning: override: reassigning to symbol HID_WACOM
arch/arm/configs/twrp_n9100_defconfig:515:warning: override: reassigning to symbol HID_WIIMOTE
arch/arm/configs/twrp_n9100_defconfig:516:warning: override: reassigning to symbol HID_ZAGG
arch/arm/configs/twrp_n9100_defconfig:517:warning: override: reassigning to symbol HID_ZEROPLUS
arch/arm/configs/twrp_n9100_defconfig:518:warning: override: reassigning to symbol HID_ZYDACRON
arch/arm/configs/twrp_n9100_defconfig:519:warning: override: reassigning to symbol USB_HIDDEV
arch/arm/configs/twrp_n9100_defconfig:520:warning: override: reassigning to symbol USB_ANNOUNCE_NEW_DEVICES
arch/arm/configs/twrp_n9100_defconfig:521:warning: override: reassigning to symbol USB_XHCI_HCD
arch/arm/configs/twrp_n9100_defconfig:522:warning: override: reassigning to symbol USB_XHCI_MSM_HSIC
arch/arm/configs/twrp_n9100_defconfig:523:warning: override: reassigning to symbol USB_EHCI_HCD
arch/arm/configs/twrp_n9100_defconfig:524:warning: override: reassigning to symbol USB_EHCI_EHSET
arch/arm/configs/twrp_n9100_defconfig:525:warning: override: reassigning to symbol USB_ACM
arch/arm/configs/twrp_n9100_defconfig:526:warning: override: reassigning to symbol USB_STORAGE
arch/arm/configs/twrp_n9100_defconfig:527:warning: override: reassigning to symbol USB_STORAGE_DATAFAB
arch/arm/configs/twrp_n9100_defconfig:528:warning: override: reassigning to symbol USB_STORAGE_FREECOM
arch/arm/configs/twrp_n9100_defconfig:529:warning: override: reassigning to symbol USB_STORAGE_ISD200
arch/arm/configs/twrp_n9100_defconfig:530:warning: override: reassigning to symbol USB_STORAGE_USBAT
arch/arm/configs/twrp_n9100_defconfig:531:warning: override: reassigning to symbol USB_STORAGE_SDDR09
arch/arm/configs/twrp_n9100_defconfig:532:warning: override: reassigning to symbol USB_STORAGE_SDDR55
arch/arm/configs/twrp_n9100_defconfig:533:warning: override: reassigning to symbol USB_STORAGE_JUMPSHOT
arch/arm/configs/twrp_n9100_defconfig:534:warning: override: reassigning to symbol USB_STORAGE_ALAUDA
arch/arm/configs/twrp_n9100_defconfig:535:warning: override: reassigning to symbol USB_STORAGE_ONETOUCH
arch/arm/configs/twrp_n9100_defconfig:536:warning: override: reassigning to symbol USB_STORAGE_KARMA
arch/arm/configs/twrp_n9100_defconfig:537:warning: override: reassigning to symbol USB_STORAGE_CYPRESS_ATACB
arch/arm/configs/twrp_n9100_defconfig:538:warning: override: reassigning to symbol USB_STORAGE_ENE_UB6250
arch/arm/configs/twrp_n9100_defconfig:539:warning: override: reassigning to symbol USB_EHSET_TEST_FIXTURE
arch/arm/configs/twrp_n9100_defconfig:540:warning: override: reassigning to symbol USB_STORAGE_DETECT
arch/arm/configs/twrp_n9100_defconfig:541:warning: override: reassigning to symbol USB_HOST_NOTIFY
arch/arm/configs/twrp_n9100_defconfig:542:warning: override: reassigning to symbol USB_NOTIFY_LAYER
arch/arm/configs/twrp_n9100_defconfig:543:warning: override: reassigning to symbol USB_NOTIFIER
arch/arm/configs/twrp_n9100_defconfig:544:warning: override: reassigning to symbol USB_EXTERNAL_NOTIFY
arch/arm/configs/twrp_n9100_defconfig:545:warning: override: reassigning to symbol USB_SERIAL
arch/arm/configs/twrp_n9100_defconfig:546:warning: override: reassigning to symbol USB_SERIAL_CSVT
arch/arm/configs/twrp_n9100_defconfig:547:warning: override: reassigning to symbol USB_SERIAL_PL2303
arch/arm/configs/twrp_n9100_defconfig:548:warning: override: reassigning to symbol USB_QCOM_DIAG_BRIDGE
arch/arm/configs/twrp_n9100_defconfig:549:warning: override: reassigning to symbol USB_QCOM_MDM_BRIDGE
arch/arm/configs/twrp_n9100_defconfig:550:warning: override: reassigning to symbol USB_QCOM_KS_BRIDGE
arch/arm/configs/twrp_n9100_defconfig:551:warning: override: reassigning to symbol USB_QCOM_IPC_BRIDGE
arch/arm/configs/twrp_n9100_defconfig:552:warning: override: reassigning to symbol USB_PHY
arch/arm/configs/twrp_n9100_defconfig:553:warning: override: reassigning to symbol USB_GADGET
arch/arm/configs/twrp_n9100_defconfig:554:warning: override: reassigning to symbol USB_GADGET_DEBUG_FILES
arch/arm/configs/twrp_n9100_defconfig:557:warning: override: reassigning to symbol SND_RAWMIDI
arch/arm/configs/twrp_n9100_defconfig:559:warning: override: reassigning to symbol USB_CI13XXX_MSM
arch/arm/configs/twrp_n9100_defconfig:560:warning: override: reassigning to symbol USB_DWC3_MSM
arch/arm/configs/twrp_n9100_defconfig:561:warning: override: reassigning to symbol USB_G_ANDROID
arch/arm/configs/twrp_n9100_defconfig:561:warning: override: USB_G_ANDROID changes choice state
arch/arm/configs/twrp_n9100_defconfig:563:warning: override: reassigning to symbol USB_ANDROID_SAMSUNG_COMPOSITE
arch/arm/configs/twrp_n9100_defconfig:564:warning: override: reassigning to symbol USB_ANDROID_SAMSUNG_SIDESYNC
arch/arm/configs/twrp_n9100_defconfig:565:warning: override: reassigning to symbol USB_ANDROID_SAMSUNG_USB30_MENU
arch/arm/configs/twrp_n9100_defconfig:566:warning: override: reassigning to symbol USB_NCM_FOR_MIRRORLINK
arch/arm/configs/twrp_n9100_defconfig:567:warning: override: reassigning to symbol USB_DUN_SUPPORT
arch/arm/configs/twrp_n9100_defconfig:568:warning: override: reassigning to symbol USB_NCM_SUPPORT_MTU_CHANGE
arch/arm/configs/twrp_n9100_defconfig:569:warning: override: reassigning to symbol MMC
arch/arm/configs/twrp_n9100_defconfig:570:warning: override: reassigning to symbol MMC_PERF_PROFILING
arch/arm/configs/twrp_n9100_defconfig:571:warning: override: reassigning to symbol MMC_UNSAFE_RESUME
arch/arm/configs/twrp_n9100_defconfig:572:warning: override: reassigning to symbol MMC_CLKGATE
arch/arm/configs/twrp_n9100_defconfig:573:warning: override: reassigning to symbol MMC_PARANOID_SD_INIT
arch/arm/configs/twrp_n9100_defconfig:574:warning: override: reassigning to symbol MMC_BLOCK_MINORS
arch/arm/configs/twrp_n9100_defconfig:575:warning: override: reassigning to symbol MMC_BLOCK_BOUNCE
arch/arm/configs/twrp_n9100_defconfig:576:warning: override: reassigning to symbol MMC_TEST
arch/arm/configs/twrp_n9100_defconfig:577:warning: override: reassigning to symbol MMC_SUPPORT_BKOPS_MODE
arch/arm/configs/twrp_n9100_defconfig:578:warning: override: reassigning to symbol MMC_BKOPS_NODE_UID
arch/arm/configs/twrp_n9100_defconfig:579:warning: override: reassigning to symbol MMC_BKOPS_NODE_GID
arch/arm/configs/twrp_n9100_defconfig:580:warning: override: reassigning to symbol MMC_BLOCK_TEST
arch/arm/configs/twrp_n9100_defconfig:581:warning: override: reassigning to symbol MMC_BLOCK_DEFERRED_RESUME
arch/arm/configs/twrp_n9100_defconfig:582:warning: override: reassigning to symbol MMC_SDHCI
arch/arm/configs/twrp_n9100_defconfig:583:warning: override: reassigning to symbol MMC_SDHCI_PLTFM
arch/arm/configs/twrp_n9100_defconfig:584:warning: override: reassigning to symbol MMC_MSM
arch/arm/configs/twrp_n9100_defconfig:585:warning: override: reassigning to symbol MMC_SDHCI_MSM
arch/arm/configs/twrp_n9100_defconfig:586:warning: override: reassigning to symbol LEDS_QPNP
arch/arm/configs/twrp_n9100_defconfig:587:warning: override: reassigning to symbol LEDS_TRIGGERS
arch/arm/configs/twrp_n9100_defconfig:588:warning: override: reassigning to symbol LEDS_TRIGGER_BACKLIGHT
arch/arm/configs/twrp_n9100_defconfig:589:warning: override: reassigning to symbol LEDS_TRIGGER_DEFAULT_ON
arch/arm/configs/twrp_n9100_defconfig:590:warning: override: reassigning to symbol SWITCH
arch/arm/configs/twrp_n9100_defconfig:591:warning: override: reassigning to symbol RTC_CLASS
arch/arm/configs/twrp_n9100_defconfig:592:warning: override: reassigning to symbol RTC_DRV_QPNP
arch/arm/configs/twrp_n9100_defconfig:593:warning: override: reassigning to symbol ESOC
arch/arm/configs/twrp_n9100_defconfig:594:warning: override: reassigning to symbol ESOC_DEV
arch/arm/configs/twrp_n9100_defconfig:595:warning: override: reassigning to symbol ESOC_CLIENT
arch/arm/configs/twrp_n9100_defconfig:596:warning: override: reassigning to symbol ESOC_MDM_4x
arch/arm/configs/twrp_n9100_defconfig:597:warning: override: reassigning to symbol ESOC_MDM_DRV
arch/arm/configs/twrp_n9100_defconfig:598:warning: override: reassigning to symbol UIO
arch/arm/configs/twrp_n9100_defconfig:599:warning: override: reassigning to symbol UIO_MSM_SHAREDMEM
arch/arm/configs/twrp_n9100_defconfig:600:warning: override: reassigning to symbol STAGING
arch/arm/configs/twrp_n9100_defconfig:601:warning: override: reassigning to symbol ANDROID
arch/arm/configs/twrp_n9100_defconfig:602:warning: override: reassigning to symbol ANDROID_BINDER_IPC
arch/arm/configs/twrp_n9100_defconfig:603:warning: override: reassigning to symbol ASHMEM
arch/arm/configs/twrp_n9100_defconfig:604:warning: override: reassigning to symbol ANDROID_LOGGER
arch/arm/configs/twrp_n9100_defconfig:605:warning: override: reassigning to symbol ANDROID_TIMED_GPIO
arch/arm/configs/twrp_n9100_defconfig:606:warning: override: reassigning to symbol ANDROID_LOW_MEMORY_KILLER
arch/arm/configs/twrp_n9100_defconfig:607:warning: override: reassigning to symbol OOM_SCAN_WA_PREVENT_WRONG_SEARCH
arch/arm/configs/twrp_n9100_defconfig:608:warning: override: reassigning to symbol SEC_OOM_KILLER
arch/arm/configs/twrp_n9100_defconfig:609:warning: override: reassigning to symbol ANDROID_INTF_ALARM_DEV
arch/arm/configs/twrp_n9100_defconfig:610:warning: override: reassigning to symbol MSM_SSBI
arch/arm/configs/twrp_n9100_defconfig:611:warning: override: reassigning to symbol SPS
arch/arm/configs/twrp_n9100_defconfig:612:warning: override: reassigning to symbol USB_BAM
arch/arm/configs/twrp_n9100_defconfig:613:warning: override: reassigning to symbol SPS_SUPPORT_BAMDMA
arch/arm/configs/twrp_n9100_defconfig:614:warning: override: reassigning to symbol SPS_SUPPORT_NDP_BAM
arch/arm/configs/twrp_n9100_defconfig:615:warning: override: reassigning to symbol QPNP_POWER_ON
arch/arm/configs/twrp_n9100_defconfig:616:warning: override: reassigning to symbol QPNP_CLKDIV
arch/arm/configs/twrp_n9100_defconfig:617:warning: override: reassigning to symbol QPNP_USB_DETECT
arch/arm/configs/twrp_n9100_defconfig:618:warning: override: reassigning to symbol QCA1530
arch/arm/configs/twrp_n9100_defconfig:619:warning: override: reassigning to symbol REMOTE_SPINLOCK_MSM
arch/arm/configs/twrp_n9100_defconfig:620:warning: override: reassigning to symbol MSM_IOMMU_V1
arch/arm/configs/twrp_n9100_defconfig:621:warning: override: reassigning to symbol IOMMU_PGTABLES_L2
arch/arm/configs/twrp_n9100_defconfig:622:warning: override: reassigning to symbol IOMMU_LPAE
arch/arm/configs/twrp_n9100_defconfig:623:warning: override: reassigning to symbol PWM
arch/arm/configs/twrp_n9100_defconfig:624:warning: override: reassigning to symbol PWM_QPNP
arch/arm/configs/twrp_n9100_defconfig:625:warning: override: reassigning to symbol PHY_MSM_SATA
arch/arm/configs/twrp_n9100_defconfig:626:warning: override: reassigning to symbol MSM_SMEM
arch/arm/configs/twrp_n9100_defconfig:627:warning: override: reassigning to symbol MSM_SMEM_LOGGING
arch/arm/configs/twrp_n9100_defconfig:628:warning: override: reassigning to symbol EXT2_FS
arch/arm/configs/twrp_n9100_defconfig:629:warning: override: reassigning to symbol EXT2_FS_XATTR
arch/arm/configs/twrp_n9100_defconfig:630:warning: override: reassigning to symbol EXT3_FS
arch/arm/configs/twrp_n9100_defconfig:631:warning: override: reassigning to symbol EXT3_DEFAULTS_TO_ORDERED
arch/arm/configs/twrp_n9100_defconfig:632:warning: override: reassigning to symbol EXT4_FS
arch/arm/configs/twrp_n9100_defconfig:633:warning: override: reassigning to symbol EXT4_FS_SECURITY
arch/arm/configs/twrp_n9100_defconfig:634:warning: override: reassigning to symbol FUSE_FS
arch/arm/configs/twrp_n9100_defconfig:635:warning: override: reassigning to symbol MSDOS_FS
arch/arm/configs/twrp_n9100_defconfig:636:warning: override: reassigning to symbol VFAT_FS
arch/arm/configs/twrp_n9100_defconfig:637:warning: override: reassigning to symbol SDCARD_FS
arch/arm/configs/twrp_n9100_defconfig:638:warning: override: reassigning to symbol EXFAT_FS
arch/arm/configs/twrp_n9100_defconfig:639:warning: override: reassigning to symbol SCFS
arch/arm/configs/twrp_n9100_defconfig:640:warning: override: reassigning to symbol SCFS_LOWER_PAGECACHE_INVALIDATION
arch/arm/configs/twrp_n9100_defconfig:641:warning: override: reassigning to symbol CRYPTO_LZO
arch/arm/configs/twrp_n9100_defconfig:642:warning: override: reassigning to symbol TMPFS
arch/arm/configs/twrp_n9100_defconfig:643:warning: override: reassigning to symbol TMPFS_POSIX_ACL
arch/arm/configs/twrp_n9100_defconfig:644:warning: override: reassigning to symbol PSTORE
arch/arm/configs/twrp_n9100_defconfig:645:warning: override: reassigning to symbol F2FS_FS
arch/arm/configs/twrp_n9100_defconfig:646:warning: override: reassigning to symbol F2FS_FS_SECURITY
arch/arm/configs/twrp_n9100_defconfig:647:warning: override: reassigning to symbol NLS_CODEPAGE_437
arch/arm/configs/twrp_n9100_defconfig:648:warning: override: reassigning to symbol NLS_ASCII
arch/arm/configs/twrp_n9100_defconfig:649:warning: override: reassigning to symbol NLS_ISO8859_1
arch/arm/configs/twrp_n9100_defconfig:650:warning: override: reassigning to symbol PRINTK_TIME
arch/arm/configs/twrp_n9100_defconfig:651:warning: override: reassigning to symbol MAGIC_SYSRQ
arch/arm/configs/twrp_n9100_defconfig:652:warning: override: reassigning to symbol SYSRQ_SCHED_DEBUG
arch/arm/configs/twrp_n9100_defconfig:653:warning: override: reassigning to symbol PANIC_ON_RT_THROTTLING
arch/arm/configs/twrp_n9100_defconfig:654:warning: override: reassigning to symbol SCHEDSTATS
arch/arm/configs/twrp_n9100_defconfig:655:warning: override: reassigning to symbol TIMER_STATS
arch/arm/configs/twrp_n9100_defconfig:656:warning: override: reassigning to symbol DEBUG_PREEMPT
arch/arm/configs/twrp_n9100_defconfig:657:warning: override: reassigning to symbol DEBUG_INFO
arch/arm/configs/twrp_n9100_defconfig:658:warning: override: reassigning to symbol DEBUG_MEMORY_INIT
arch/arm/configs/twrp_n9100_defconfig:659:warning: override: reassigning to symbol IPC_LOGGING
arch/arm/configs/twrp_n9100_defconfig:660:warning: override: reassigning to symbol ENABLE_DEFAULT_TRACERS
arch/arm/configs/twrp_n9100_defconfig:661:warning: override: reassigning to symbol CPU_FREQ_SWITCH_PROFILER
arch/arm/configs/twrp_n9100_defconfig:662:warning: override: reassigning to symbol DYNAMIC_DEBUG
arch/arm/configs/twrp_n9100_defconfig:663:warning: override: reassigning to symbol DEBUG_USER
arch/arm/configs/twrp_n9100_defconfig:664:warning: override: reassigning to symbol PID_IN_CONTEXTIDR
arch/arm/configs/twrp_n9100_defconfig:665:warning: override: reassigning to symbol KEYS
arch/arm/configs/twrp_n9100_defconfig:666:warning: override: reassigning to symbol SECURITY
arch/arm/configs/twrp_n9100_defconfig:667:warning: override: reassigning to symbol SECURITY_NETWORK
arch/arm/configs/twrp_n9100_defconfig:668:warning: override: reassigning to symbol LSM_MMAP_MIN_ADDR
arch/arm/configs/twrp_n9100_defconfig:669:warning: override: reassigning to symbol SECURITY_SELINUX
arch/arm/configs/twrp_n9100_defconfig:670:warning: override: reassigning to symbol CRYPTO_NULL
arch/arm/configs/twrp_n9100_defconfig:671:warning: override: reassigning to symbol CRYPTO_XCBC
arch/arm/configs/twrp_n9100_defconfig:672:warning: override: reassigning to symbol CRYPTO_MD4
arch/arm/configs/twrp_n9100_defconfig:673:warning: override: reassigning to symbol CRYPTO_TWOFISH
arch/arm/configs/twrp_n9100_defconfig:674:warning: override: reassigning to symbol CRYPTO_DEV_QCRYPTO
arch/arm/configs/twrp_n9100_defconfig:675:warning: override: reassigning to symbol CRYPTO_DEV_QCE
arch/arm/configs/twrp_n9100_defconfig:676:warning: override: reassigning to symbol CRYPTO_DEV_QCEDEV
arch/arm/configs/twrp_n9100_defconfig:681:warning: override: reassigning to symbol CRYPTO
arch/arm/configs/twrp_n9100_defconfig:682:warning: override: reassigning to symbol CRYPTO_SHA1
arch/arm/configs/twrp_n9100_defconfig:683:warning: override: reassigning to symbol CRYPTO_SHA256
arch/arm/configs/twrp_n9100_defconfig:684:warning: override: reassigning to symbol CRYPTO_AES
arch/arm/configs/twrp_n9100_defconfig:685:warning: override: reassigning to symbol CRYPTO_CBC
arch/arm/configs/twrp_n9100_defconfig:686:warning: override: reassigning to symbol ECRYPT_FS
arch/arm/configs/twrp_n9100_defconfig:687:warning: override: reassigning to symbol WTL_ENCRYPTION_FILTER
arch/arm/configs/twrp_n9100_defconfig:688:warning: override: reassigning to symbol KEYS_DEBUG_PROC_KEYS
arch/arm/configs/twrp_n9100_defconfig:689:warning: override: reassigning to symbol SEC_THERMISTOR
arch/arm/configs/twrp_n9100_defconfig:690:warning: override: reassigning to symbol SND_SOC_ES705
arch/arm/configs/twrp_n9100_defconfig:692:warning: override: reassigning to symbol FW_LOADER
arch/arm/configs/twrp_n9100_defconfig:693:warning: override: reassigning to symbol FIRMWARE_IN_KERNEL
arch/arm/configs/twrp_n9100_defconfig:694:warning: override: reassigning to symbol EXTRA_FIRMWARE_DIR
arch/arm/configs/twrp_n9100_defconfig:695:warning: override: reassigning to symbol SEC_SOLUTION
arch/arm/configs/twrp_n9100_defconfig:696:warning: override: reassigning to symbol MSM_EVENT_TIMER
arch/arm/configs/twrp_n9100_defconfig:697:warning: override: reassigning to symbol CPU_FREQ_LIMIT
arch/arm/configs/twrp_n9100_defconfig:698:warning: override: reassigning to symbol CPU_FREQ_LIMIT_USERSPACE
arch/arm/configs/twrp_n9100_defconfig:699:warning: override: reassigning to symbol UID_CPUTIME
arch/arm/configs/twrp_n9100_defconfig:702:warning: override: reassigning to symbol SEC_DEBUG
arch/arm/configs/twrp_n9100_defconfig:703:warning: override: reassigning to symbol SEC_SSR_DEBUG_LEVEL_CHK
arch/arm/configs/twrp_n9100_defconfig:704:warning: override: reassigning to symbol SEC_DEBUG_SCHED_LOG
arch/arm/configs/twrp_n9100_defconfig:705:warning: override: reassigning to symbol SEC_DEBUG_IRQ_EXIT_LOG
arch/arm/configs/twrp_n9100_defconfig:706:warning: override: reassigning to symbol SEC_DEBUG_SUBSYS
arch/arm/configs/twrp_n9100_defconfig:707:warning: override: reassigning to symbol SEC_LOGGER_BUFFER_EXPANSION
arch/arm/configs/twrp_n9100_defconfig:708:warning: override: reassigning to symbol SEC_LOG_LAST_KMSG
arch/arm/configs/twrp_n9100_defconfig:709:warning: override: reassigning to symbol SEC_BSP
arch/arm/configs/twrp_n9100_defconfig:710:warning: override: reassigning to symbol LOGCAT_SIZE
arch/arm/configs/twrp_n9100_defconfig:711:warning: override: reassigning to symbol MIN_DIRTY_THRESH_PAGES
arch/arm/configs/twrp_n9100_defconfig:712:warning: override: reassigning to symbol MSM_RTB
arch/arm/configs/twrp_n9100_defconfig:713:warning: override: reassigning to symbol MSM_RTB_SEPARATE_CPUS
arch/arm/configs/twrp_n9100_defconfig:714:warning: override: reassigning to symbol TTY_WAITQUEUE_DOUBLE_CHECK
arch/arm/configs/twrp_n9100_defconfig:717:warning: override: reassigning to symbol USER_RESET_DEBUG
arch/arm/configs/twrp_n9100_defconfig:727:warning: override: reassigning to symbol CRYPTO_TEST
arch/arm/configs/twrp_n9100_defconfig:729:warning: override: reassigning to symbol CRYPTO_MANAGER_DISABLE_TESTS
arch/arm/configs/twrp_n9100_defconfig:730:warning: override: reassigning to symbol CRYPTO_ANSI_CPRNG
arch/arm/configs/twrp_n9100_defconfig:731:warning: override: reassigning to symbol CRYPTO_FIPS
arch/arm/configs/twrp_n9100_defconfig:732:warning: override: reassigning to symbol CRYPTO_SHA512
arch/arm/configs/twrp_n9100_defconfig:733:warning: override: reassigning to symbol LOG_BUF_SHIFT
arch/arm/configs/twrp_n9100_defconfig:734:warning: override: reassigning to symbol CRYPTO_DRBG_MENU
arch/arm/configs/twrp_n9100_defconfig:735:warning: override: reassigning to symbol CRYPTO_DRBG_HMAC
arch/arm/configs/twrp_n9100_defconfig:736:warning: override: reassigning to symbol CRYPTO_DRBG_HASH
arch/arm/configs/twrp_n9100_defconfig:737:warning: override: reassigning to symbol CRYPTO_DRBG_CTR
arch/arm/configs/twrp_n9100_defconfig:738:warning: override: reassigning to symbol CRYPTO_DRBG
arch/arm/configs/twrp_n9100_defconfig:740:warning: override: reassigning to symbol ARM_ERRATA_754327
arch/arm/configs/twrp_n9100_defconfig:743:warning: override: reassigning to symbol MUIC_SUPPORT_RUSTPROOF
arch/arm/configs/twrp_n9100_defconfig:744:warning: override: reassigning to symbol MOBICORE_SUPPORT
arch/arm/configs/twrp_n9100_defconfig:745:warning: override: reassigning to symbol MOBICORE_API
arch/arm/configs/twrp_n9100_defconfig:748:warning: override: reassigning to symbol SDP
arch/arm/configs/twrp_n9100_defconfig:749:warning: override: reassigning to symbol SDP_CACHE_CLEANUP
arch/arm/configs/twrp_n9100_defconfig:750:warning: override: reassigning to symbol DLP
arch/arm/configs/twrp_n9100_defconfig:752:warning: override: reassigning to symbol OF_SUBCMDLINE_PARSE
arch/arm/configs/twrp_n9100_defconfig:753:warning: override: reassigning to symbol SECCOMP
arch/arm/configs/twrp_n9100_defconfig:756:warning: override: reassigning to symbol TZ_ICCC
arch/arm/configs/twrp_n9100_defconfig:757:warning: override: reassigning to symbol SEC_TRLTE_PROJECT
arch/arm/configs/twrp_n9100_defconfig:758:warning: override: reassigning to symbol SEC_TRLTE_CHNDUOS
arch/arm/configs/twrp_n9100_defconfig:763:warning: override: reassigning to symbol RTC_AUTO_PWRON
arch/arm/configs/twrp_n9100_defconfig:764:warning: override: reassigning to symbol RTC_AUTO_PWRON_PARAM
arch/arm/configs/twrp_n9100_defconfig:769:warning: override: reassigning to symbol EXTCON
arch/arm/configs/twrp_n9100_defconfig:770:warning: override: reassigning to symbol EXTCON_MAX77828
arch/arm/configs/twrp_n9100_defconfig:771:warning: override: reassigning to symbol MFD_MAX77828
arch/arm/configs/twrp_n9100_defconfig:772:warning: override: reassigning to symbol EXTCON_MAX77843
arch/arm/configs/twrp_n9100_defconfig:773:warning: override: reassigning to symbol MFD_MAX77843
arch/arm/configs/twrp_n9100_defconfig:774:warning: override: reassigning to symbol MUIC_SUPPORT_HMT_DETECTION
arch/arm/configs/twrp_n9100_defconfig:775:warning: override: reassigning to symbol MUIC_SUPPORT_DESK_DOCK
arch/arm/configs/twrp_n9100_defconfig:776:warning: override: reassigning to symbol MUIC_SUPPORT_SMART_DOCK
arch/arm/configs/twrp_n9100_defconfig:777:warning: override: reassigning to symbol MUIC_SUPPORT_QC_CHARGER
arch/arm/configs/twrp_n9100_defconfig:778:warning: override: reassigning to symbol MOTOR_DRV_MAX77828
arch/arm/configs/twrp_n9100_defconfig:779:warning: override: reassigning to symbol MOTOR_DRV_MAX77843
arch/arm/configs/twrp_n9100_defconfig:780:warning: override: reassigning to symbol SS_VIBRATOR
arch/arm/configs/twrp_n9100_defconfig:781:warning: override: reassigning to symbol LEDS_MAX77828
arch/arm/configs/twrp_n9100_defconfig:785:warning: override: reassigning to symbol GPIO_PCAL6416A
arch/arm/configs/twrp_n9100_defconfig:790:warning: override: reassigning to symbol SENSORS_HALL
arch/arm/configs/twrp_n9100_defconfig:791:warning: override: reassigning to symbol W1
arch/arm/configs/twrp_n9100_defconfig:792:warning: override: reassigning to symbol W1_MASTER_GPIO_MSM
arch/arm/configs/twrp_n9100_defconfig:793:warning: override: reassigning to symbol W1_SLAVE_DS28EL35
arch/arm/configs/twrp_n9100_defconfig:794:warning: override: reassigning to symbol W1_WORKQUEUE
arch/arm/configs/twrp_n9100_defconfig:795:warning: override: reassigning to symbol W1_FAST_CHECK
arch/arm/configs/twrp_n9100_defconfig:796:warning: override: reassigning to symbol W1_SN
arch/arm/configs/twrp_n9100_defconfig:800:warning: override: reassigning to symbol SMB350_CHARGER
arch/arm/configs/twrp_n9100_defconfig:801:warning: override: reassigning to symbol BATTERY_BQ28400
arch/arm/configs/twrp_n9100_defconfig:803:warning: override: reassigning to symbol FUELGAUGE_DUMMY
arch/arm/configs/twrp_n9100_defconfig:807:warning: override: reassigning to symbol QPNP_CHARGER
arch/arm/configs/twrp_n9100_defconfig:808:warning: override: reassigning to symbol QPNP_BMS
arch/arm/configs/twrp_n9100_defconfig:809:warning: override: reassigning to symbol FUELGAUGE_MAX77843
arch/arm/configs/twrp_n9100_defconfig:810:warning: override: reassigning to symbol FUELGAUGE_MAX77843_COULOMB_COUNTING
arch/arm/configs/twrp_n9100_defconfig:811:warning: override: reassigning to symbol CHARGER_MAX77843
arch/arm/configs/twrp_n9100_defconfig:812:warning: override: reassigning to symbol SAMSUNG_LPM_MODE
arch/arm/configs/twrp_n9100_defconfig:813:warning: override: reassigning to symbol BATTERY_SAMSUNG
arch/arm/configs/twrp_n9100_defconfig:814:warning: override: reassigning to symbol BATTERY_SAMSUNG_DATA_FILE
arch/arm/configs/twrp_n9100_defconfig:815:warning: override: reassigning to symbol AFC_CHARGER_MODE
arch/arm/configs/twrp_n9100_defconfig:816:warning: override: reassigning to symbol BATTERY_SWELLING
arch/arm/configs/twrp_n9100_defconfig:820:warning: override: reassigning to symbol NFC_DUAL
arch/arm/configs/twrp_n9100_defconfig:821:warning: override: reassigning to symbol SEC_NFC_I2C
arch/arm/configs/twrp_n9100_defconfig:822:warning: override: reassigning to symbol SEC_NFC
arch/arm/configs/twrp_n9100_defconfig:823:warning: override: reassigning to symbol SEC_NFC_PRODUCT_N5
arch/arm/configs/twrp_n9100_defconfig:823:warning: override: SEC_NFC_PRODUCT_N5 changes choice state
arch/arm/configs/twrp_n9100_defconfig:824:warning: override: reassigning to symbol NFC_N5_8084_USE_BBCLK2
arch/arm/configs/twrp_n9100_defconfig:825:warning: override: reassigning to symbol SEC_NFC_MARGINTIME
arch/arm/configs/twrp_n9100_defconfig:826:warning: override: reassigning to symbol NFC_PN547
arch/arm/configs/twrp_n9100_defconfig:827:warning: override: reassigning to symbol NFC_PN547_8084_USE_BBCLK2
arch/arm/configs/twrp_n9100_defconfig:831:warning: override: reassigning to symbol PANEL_S6E3HA2_AMS567DJ01_WQHD
arch/arm/configs/twrp_n9100_defconfig:835:warning: override: reassigning to symbol TOUCHSCREEN_SYNAPTICS_I2C_RMI_G
arch/arm/configs/twrp_n9100_defconfig:836:warning: override: reassigning to symbol TOUCHSCREEN_STM
arch/arm/configs/twrp_n9100_defconfig:837:warning: override: reassigning to symbol KEYBOARD_CYPRESS_TOUCHKEY_T
arch/arm/configs/twrp_n9100_defconfig:838:warning: override: reassigning to symbol INPUT_WACOM
arch/arm/configs/twrp_n9100_defconfig:839:warning: override: reassigning to symbol INPUT_BOOSTER
arch/arm/configs/twrp_n9100_defconfig:840:warning: override: reassigning to symbol WACOM_LCD_FREQ_COMPENSATE
arch/arm/configs/twrp_n9100_defconfig:841:warning: override: reassigning to symbol SEC_STRING_ENABLE
arch/arm/configs/twrp_n9100_defconfig:845:warning: override: reassigning to symbol SENSORS_FINGERPRINT
arch/arm/configs/twrp_n9100_defconfig:846:warning: override: reassigning to symbol SENSORS_FINGERPRINT_SYSFS
arch/arm/configs/twrp_n9100_defconfig:847:warning: override: reassigning to symbol SENSORS_VFS61XX
arch/arm/configs/twrp_n9100_defconfig:848:warning: override: reassigning to symbol SENSORS_VFS61XX_KO
arch/arm/configs/twrp_n9100_defconfig:851:warning: override: reassigning to symbol SENSORS_SSP
arch/arm/configs/twrp_n9100_defconfig:852:warning: override: reassigning to symbol SENSORS_SYSFS
arch/arm/configs/twrp_n9100_defconfig:853:warning: override: reassigning to symbol SENSORS_SSP_ATMEL
arch/arm/configs/twrp_n9100_defconfig:854:warning: override: reassigning to symbol SENSORS_SSP_SENSORHUB
arch/arm/configs/twrp_n9100_defconfig:855:warning: override: reassigning to symbol SENSORS_SSP_FACTORY
arch/arm/configs/twrp_n9100_defconfig:856:warning: override: reassigning to symbol SENSORS_SSP_ICM20610
arch/arm/configs/twrp_n9100_defconfig:857:warning: override: reassigning to symbol SENSORS_SSP_LPS25H
arch/arm/configs/twrp_n9100_defconfig:858:warning: override: reassigning to symbol SENSORS_SSP_AK09911C
arch/arm/configs/twrp_n9100_defconfig:859:warning: override: reassigning to symbol SENSORS_SSP_TMG399X
arch/arm/configs/twrp_n9100_defconfig:860:warning: override: reassigning to symbol SENSORS_SSP_MOBEAM
arch/arm/configs/twrp_n9100_defconfig:861:warning: override: reassigning to symbol SENSORS_SSP_ATUC128L5HAR
arch/arm/configs/twrp_n9100_defconfig:862:warning: override: reassigning to symbol IIO
arch/arm/configs/twrp_n9100_defconfig:863:warning: override: reassigning to symbol IIO_BUFFER
arch/arm/configs/twrp_n9100_defconfig:864:warning: override: reassigning to symbol IIO_KFIFO_BUF
arch/arm/configs/twrp_n9100_defconfig:865:warning: override: reassigning to symbol IIO_TRIGGER
arch/arm/configs/twrp_n9100_defconfig:868:warning: override: reassigning to symbol SENSORS_MAX86902
arch/arm/configs/twrp_n9100_defconfig:869:warning: override: reassigning to symbol SENSORS_MAX_NOTCHFILTER
arch/arm/configs/twrp_n9100_defconfig:870:warning: override: reassigning to symbol SENSORS_ADPD142
arch/arm/configs/twrp_n9100_defconfig:871:warning: override: reassigning to symbol AVERAGE
arch/arm/configs/twrp_n9100_defconfig:876:warning: override: reassigning to symbol S5K2P2XX
arch/arm/configs/twrp_n9100_defconfig:877:warning: override: reassigning to symbol COMPANION
arch/arm/configs/twrp_n9100_defconfig:878:warning: override: reassigning to symbol OIS
arch/arm/configs/twrp_n9100_defconfig:879:warning: override: reassigning to symbol LEDS_MAX77828
arch/arm/configs/twrp_n9100_defconfig:880:warning: override: reassigning to symbol LEDS_MIC2873
arch/arm/configs/twrp_n9100_defconfig:883:warning: override: reassigning to symbol LEDS_MAX77828_RGB
arch/arm/configs/twrp_n9100_defconfig:884:warning: override: reassigning to symbol LEDS_MAX77843_RGB
arch/arm/configs/twrp_n9100_defconfig:886:warning: override: reassigning to symbol SEC_FPGA_ICE40XX
arch/arm/configs/twrp_n9100_defconfig:889:warning: override: reassigning to symbol SAMSUNG_JACK
arch/arm/configs/twrp_n9100_defconfig:890:warning: override: reassigning to symbol INPUT_GPIO
arch/arm/configs/twrp_n9100_defconfig:893:warning: override: reassigning to symbol SEC_MHL_SII8620
arch/arm/configs/twrp_n9100_defconfig:896:warning: override: reassigning to symbol REGULATOR_MAX77826
arch/arm/configs/twrp_n9100_defconfig:897:warning: override: reassigning to symbol REGULATOR_S2MPB01
arch/arm/configs/twrp_n9100_defconfig:900:warning: override: reassigning to symbol SWAP
arch/arm/configs/twrp_n9100_defconfig:901:warning: override: reassigning to symbol FRONTSWAP
arch/arm/configs/twrp_n9100_defconfig:902:warning: override: reassigning to symbol ZSMALLOC_NEW
arch/arm/configs/twrp_n9100_defconfig:903:warning: override: reassigning to symbol PGTABLE_MAPPING
arch/arm/configs/twrp_n9100_defconfig:904:warning: override: reassigning to symbol ZSWAP
arch/arm/configs/twrp_n9100_defconfig:905:warning: override: reassigning to symbol DIRECT_RECLAIM_FILE_PAGES_ONLY
arch/arm/configs/twrp_n9100_defconfig:906:warning: override: reassigning to symbol INCREASE_MAXIMUM_SWAPPINESS
arch/arm/configs/twrp_n9100_defconfig:907:warning: override: reassigning to symbol FIX_INACTIVE_RATIO
arch/arm/configs/twrp_n9100_defconfig:908:warning: override: reassigning to symbol TIGHT_PGDAT_BALANCE
arch/arm/configs/twrp_n9100_defconfig:909:warning: override: reassigning to symbol VNSWAP
arch/arm/configs/twrp_n9100_defconfig:910:warning: override: reassigning to symbol SWAP_ENABLE_READAHEAD
arch/arm/configs/twrp_n9100_defconfig:913:warning: override: reassigning to symbol SEC_MODEM
arch/arm/configs/twrp_n9100_defconfig:914:warning: override: reassigning to symbol GSM_MODEM_SPRD6500
arch/arm/configs/twrp_n9100_defconfig:915:warning: override: reassigning to symbol GSM_MODEM_GG_DUOS
arch/arm/configs/twrp_n9100_defconfig:916:warning: override: reassigning to symbol SEC_DUAL_MODEM_MODE
arch/arm/configs/twrp_n9100_defconfig:917:warning: override: reassigning to symbol LINK_DEVICE_SPI
arch/arm/configs/twrp_n9100_defconfig:918:warning: override: reassigning to symbol WORKQUEUE_FRONT
arch/arm/configs/twrp_n9100_defconfig:919:warning: override: reassigning to symbol SWITCH_DUAL_MODEM
arch/arm/configs/twrp_n9100_defconfig:920:warning: override: reassigning to symbol SIM_SLOT_SWITCH
arch/arm/configs/twrp_n9100_defconfig:921:warning: override: reassigning to symbol SEC_MIF_UART_SWITCH
arch/arm/configs/twrp_n9100_defconfig:924:warning: override: reassigning to symbol SND_SOC_MAX98504
arch/arm/configs/twrp_n9100_defconfig:925:warning: override: reassigning to symbol SND_SOC_MAXIM_DSM
arch/arm/configs/twrp_n9100_defconfig:927:warning: override: reassigning to symbol SND_SOC_3MIC_SUPPORT
arch/arm/configs/twrp_n9100_defconfig:929:warning: override: reassigning to symbol SND_SOC_VEQ_SUPPORT
arch/arm/configs/twrp_n9100_defconfig:933:warning: override: reassigning to symbol WLAN_REGION_CODE
arch/arm/configs/twrp_n9100_defconfig:934:warning: override: reassigning to symbol EXT2_FS_XATTR
arch/arm/configs/twrp_n9100_defconfig:935:warning: override: reassigning to symbol EXT2_FS_SECURITY
arch/arm/configs/twrp_n9100_defconfig:937:warning: override: reassigning to symbol EXT4_FS_SECURITY
arch/arm/configs/twrp_n9100_defconfig:938:warning: override: reassigning to symbol AUDIT
arch/arm/configs/twrp_n9100_defconfig:939:warning: override: reassigning to symbol AUDITSYSCALL
arch/arm/configs/twrp_n9100_defconfig:940:warning: override: reassigning to symbol SECURITY
arch/arm/configs/twrp_n9100_defconfig:941:warning: override: reassigning to symbol LSM_MMAP_MIN_ADDR
arch/arm/configs/twrp_n9100_defconfig:942:warning: override: reassigning to symbol SECURITY_NETWORK
arch/arm/configs/twrp_n9100_defconfig:943:warning: override: reassigning to symbol SECURITY_SELINUX
arch/arm/configs/twrp_n9100_defconfig:944:warning: override: reassigning to symbol SECURITY_SELINUX_DEVELOP
arch/arm/configs/twrp_n9100_defconfig:945:warning: override: reassigning to symbol SECURITY_SELINUX_AVC_STATS
arch/arm/configs/twrp_n9100_defconfig:946:warning: symbol value 'y' invalid for SECURITY_SELINUX_CHECKREQPROT_VALUE
arch/arm/configs/twrp_n9100_defconfig:947:warning: override: reassigning to symbol NETWORK_SECMARK
arch/arm/configs/twrp_n9100_defconfig:948:warning: override: reassigning to symbol NF_CONNTRACK_SECMARK
arch/arm/configs/twrp_n9100_defconfig:949:warning: override: reassigning to symbol NETFILTER_XT_TARGET_CONNSECMARK
arch/arm/configs/twrp_n9100_defconfig:950:warning: override: reassigning to symbol NETFILTER_ADVANCED
arch/arm/configs/twrp_n9100_defconfig:951:warning: override: reassigning to symbol IP_NF_SECURITY
arch/arm/configs/twrp_n9100_defconfig:952:warning: override: reassigning to symbol DEFAULT_SECURITY
arch/arm/configs/twrp_n9100_defconfig:953:warning: override: reassigning to symbol DEFAULT_SECURITY
arch/arm/configs/twrp_n9100_defconfig:954:warning: override: reassigning to symbol SDCARD_FS_XATTR
arch/arm/configs/twrp_n9100_defconfig:955:warning: override: reassigning to symbol ECRYPT_FS_VIRTUAL_FAT_XATTR
arch/arm/configs/twrp_n9100_defconfig:956:warning: override: reassigning to symbol FAT_VIRTUAL_XATTR
arch/arm/configs/twrp_n9100_defconfig:957:warning: override: reassigning to symbol EXFAT_VIRTUAL_XATTR
KCONFIG_DEBUG((null))
#
# configuration written to .config
#
make[1]: Leaving directory `/builds/omni-5.1/kernel/samsung/trlteduoszh'
make[1]: Entering directory `/builds/omni-5.1/kernel/samsung/trlteduoszh'
[33mpreparing StaticLib:[0m libc_common [including  /builds/out/target/product/trlteduoszh/obj/STATIC_LIBRARIES/libc_stack_protector_intermediates/libc_stack_protector.a]
[33mpreparing StaticLib:[0m libc_common [including  /builds/out/target/product/trlteduoszh/obj/STATIC_LIBRARIES/libc_syscalls_intermediates/libc_syscalls.a]
[33mpreparing StaticLib:[0m libc_common [including  /builds/out/target/product/trlteduoszh/obj/STATIC_LIBRARIES/libc_tzcode_intermediates/libc_tzcode.a]
[33mpreparing StaticLib:[0m libc_common [including  /builds/out/target/product/trlteduoszh/obj/STATIC_LIBRARIES/libjemalloc_intermediates/libjemalloc.a]
[36mtarget StaticLib:[0m libc_common (/builds/out/target/product/trlteduoszh/obj/STATIC_LIBRARIES/libc_common_intermediates/libc_common.a)
[36mtarget SharedLib:[0m libc (/builds/out/target/product/trlteduoszh/obj/SHARED_LIBRARIES/libc_intermediates/LINKED/libc.so)
[33mpreparing StaticLib:[0m libc_nomalloc [including  /builds/out/target/product/trlteduoszh/obj/STATIC_LIBRARIES/libc_common_intermediates/libc_common.a]
[33mpreparing StaticLib:[0m libc [including  /builds/out/target/product/trlteduoszh/obj/STATIC_LIBRARIES/libc_common_intermediates/libc_common.a]
  CHK     include/generated/uapi/linux/version.h
  UPD     include/generated/uapi/linux/version.h
  WRAP    arch/arm/include/generated/asm/auxvec.h
  WRAP    arch/arm/include/generated/asm/bitsperlong.h
  WRAP    arch/arm/include/generated/asm/cputime.h
  WRAP    arch/arm/include/generated/asm/current.h
  WRAP    arch/arm/include/generated/asm/emergency-restart.h
  WRAP    arch/arm/include/generated/asm/errno.h
  WRAP    arch/arm/include/generated/asm/exec.h
  WRAP    arch/arm/include/generated/asm/ioctl.h
  WRAP    arch/arm/include/generated/asm/ipcbuf.h
  WRAP    arch/arm/include/generated/asm/irq_regs.h
  WRAP    arch/arm/include/generated/asm/kdebug.h
  WRAP    arch/arm/include/generated/asm/local.h
  WRAP    arch/arm/include/generated/asm/local64.h
  WRAP    arch/arm/include/generated/asm/msgbuf.h
  WRAP    arch/arm/include/generated/asm/param.h
  WRAP    arch/arm/include/generated/asm/parport.h
  WRAP    arch/arm/include/generated/asm/poll.h
  WRAP    arch/arm/include/generated/asm/resource.h
  WRAP    arch/arm/include/generated/asm/sections.h
  WRAP    arch/arm/include/generated/asm/segment.h
  WRAP    arch/arm/include/generated/asm/sembuf.h
  WRAP    arch/arm/include/generated/asm/serial.h
  WRAP    arch/arm/include/generated/asm/shmbuf.h
  WRAP    arch/arm/include/generated/asm/siginfo.h
  WRAP    arch/arm/include/generated/asm/sizes.h
  WRAP    arch/arm/include/generated/asm/socket.h
  WRAP    arch/arm/include/generated/asm/sockios.h
  WRAP    arch/arm/include/generated/asm/termbits.h
  WRAP    arch/arm/include/generated/asm/termios.h
  WRAP    arch/arm/include/generated/asm/timex.h
  WRAP    arch/arm/include/generated/asm/trace_clock.h
  WRAP    arch/arm/include/generated/asm/types.h
  WRAP    arch/arm/include/generated/asm/unaligned.h
[36mtarget Symbolic:[0m libc (/builds/out/target/product/trlteduoszh/symbols/system/lib/libc.so)
[36mtarget Strip (keep symbols):[0m libc (/builds/out/target/product/trlteduoszh/obj/lib/libc.so)
[36mtarget SharedLib:[0m libm (/builds/out/target/product/trlteduoszh/obj/SHARED_LIBRARIES/libm_intermediates/LINKED/libm.so)
  HOSTCC  scripts/unifdef
[36mtarget SharedLib:[0m libstdc++ (/builds/out/target/product/trlteduoszh/obj/SHARED_LIBRARIES/libstdc++_intermediates/LINKED/libstdc++.so)
[32mInstall: /builds/out/target/product/trlteduoszh/system/lib/libc.so[0m
[36mtarget SharedLib:[0m libext2_uuid (/builds/out/target/product/trlteduoszh/obj/SHARED_LIBRARIES/libext2_uuid_intermediates/LINKED/libext2_uuid.so)
[36mtarget SharedLib:[0m libext2_com_err (/builds/out/target/product/trlteduoszh/obj/SHARED_LIBRARIES/libext2_com_err_intermediates/LINKED/libext2_com_err.so)
[36mtarget SharedLib:[0m libext2_e2p (/builds/out/target/product/trlteduoszh/obj/SHARED_LIBRARIES/libext2_e2p_intermediates/LINKED/libext2_e2p.so)
[36mtarget Symbolic:[0m libm (/builds/out/target/product/trlteduoszh/symbols/system/lib/libm.so)
[36mtarget Symbolic:[0m libstdc++ (/builds/out/target/product/trlteduoszh/symbols/system/lib/libstdc++.so)
[36mtarget Symbolic:[0m libext2_uuid (/builds/out/target/product/trlteduoszh/symbols/system/lib/libext2_uuid.so)
[36mtarget Symbolic:[0m libext2_com_err (/builds/out/target/product/trlteduoszh/symbols/system/lib/libext2_com_err.so)
[36mtarget Symbolic:[0m libext2_e2p (/builds/out/target/product/trlteduoszh/symbols/system/lib/libext2_e2p.so)
[36mtarget Strip:[0m libm (/builds/out/target/product/trlteduoszh/obj/lib/libm.so)
[36mtarget Strip:[0m libstdc++ (/builds/out/target/product/trlteduoszh/obj/lib/libstdc++.so)
[32mInstall: /builds/out/target/product/trlteduoszh/system/lib/libm.so[0m
[32mInstall: /builds/out/target/product/trlteduoszh/system/lib/libstdc++.so[0m
[36mtarget Executable:[0m pigz (/builds/out/target/product/trlteduoszh/obj/RECOVERY_EXECUTABLES/pigz_intermediates/LINKED/pigz)
[36mtarget SharedLib:[0m libstlport (/builds/out/target/product/trlteduoszh/obj/SHARED_LIBRARIES/libstlport_intermediates/LINKED/libstlport.so)
[36mtarget Executable:[0m fsck.fat (/builds/out/target/product/trlteduoszh/obj/RECOVERY_EXECUTABLES/fsck.fat_intermediates/LINKED/fsck.fat)
[36mtarget Executable:[0m fatlabel (/builds/out/target/product/trlteduoszh/obj/RECOVERY_EXECUTABLES/fatlabel_intermediates/LINKED/fatlabel)
[36mtarget Executable:[0m mkfs.fat (/builds/out/target/product/trlteduoszh/obj/RECOVERY_EXECUTABLES/mkfs.fat_intermediates/LINKED/mkfs.fat)
[36mtarget Strip:[0m libext2_uuid (/builds/out/target/product/trlteduoszh/obj/lib/libext2_uuid.so)
[36mtarget Strip:[0m libext2_com_err (/builds/out/target/product/trlteduoszh/obj/lib/libext2_com_err.so)
[36mtarget Strip:[0m libext2_e2p (/builds/out/target/product/trlteduoszh/obj/lib/libext2_e2p.so)
[36mtarget SharedLib:[0m libext2_profile (/builds/out/target/product/trlteduoszh/obj/SHARED_LIBRARIES/libext2_profile_intermediates/LINKED/libext2_profile.so)
[32mInstall: /builds/out/target/product/trlteduoszh/system/lib/libext2_uuid.so[0m
[32mInstall: /builds/out/target/product/trlteduoszh/system/lib/libext2_com_err.so[0m
[32mInstall: /builds/out/target/product/trlteduoszh/system/lib/libext2_e2p.so[0m
[36mtarget SharedLib:[0m libsparse (/builds/out/target/product/trlteduoszh/obj/SHARED_LIBRARIES/libsparse_intermediates/LINKED/libsparse.so)
[36mtarget SharedLib:[0m libgccdemangle (/builds/out/target/product/trlteduoszh/obj/SHARED_LIBRARIES/libgccdemangle_intermediates/LINKED/libgccdemangle.so)
[36mtarget SharedLib:[0m libunwind (/builds/out/target/product/trlteduoszh/obj/SHARED_LIBRARIES/libunwind_intermediates/LINKED/libunwind.so)
[36mtarget SharedLib:[0m libpng (/builds/out/target/product/trlteduoszh/obj/SHARED_LIBRARIES/libpng_intermediates/LINKED/libpng.so)
  INSTALL include/../../drivers/staging/android/linux (2 files)
  INSTALL include/../../drivers/staging/android/uapi (0 file)
  INSTALL include/asm-generic (35 files)
[36mtarget SharedLib:[0m libmincrypttwrp (/builds/out/target/product/trlteduoszh/obj/SHARED_LIBRARIES/libmincrypttwrp_intermediates/LINKED/libmincrypttwrp.so)
[36mtarget SharedLib:[0m libpcre (/builds/out/target/product/trlteduoszh/obj/SHARED_LIBRARIES/libpcre_intermediates/LINKED/libpcre.so)
[36mtarget SharedLib:[0m libutil-linux (/builds/out/target/product/trlteduoszh/obj/SHARED_LIBRARIES/libutil-linux_intermediates/LINKED/libutil-linux.so)
  INSTALL include/drm (18 files)
[36mtarget SharedLib:[0m libnetd_client (/builds/out/target/product/trlteduoszh/obj/SHARED_LIBRARIES/libnetd_client_intermediates/LINKED/libnetd_client.so)
  INSTALL include/linux/byteorder (2 files)
[36mtarget Executable:[0m orscmd (/builds/out/target/product/trlteduoszh/obj/RECOVERY_EXECUTABLES/orscmd_intermediates/LINKED/twrp)
  INSTALL include/linux/caif (2 files)
  INSTALL include/media (18 files)
  INSTALL include/linux/can (5 files)
  INSTALL include/linux/dvb (8 files)
  INSTALL include/linux/hdlc (1 file)
  INSTALL include/linux/hsi (1 file)
  INSTALL include/linux/isdn (1 file)
  INSTALL include/mtd (5 files)
  INSTALL include/linux/mfd/wcd9xxx (3 files)
  INSTALL include/rdma (6 files)
  INSTALL include/linux/mfd (1 file)
  INSTALL include/linux/mmc (3 files)
  INSTALL include/scsi/fc (4 files)
  INSTALL include/linux/netfilter/ipset (4 files)
  INSTALL include/scsi/ufs (2 files)
  INSTALL include/linux/netfilter (78 files)
  INSTALL include/scsi (3 files)
  INSTALL include/sound (18 files)
  INSTALL include/video (5 files)
[36mtarget SharedLib:[0m libopenaes (/builds/out/target/product/trlteduoszh/obj/SHARED_LIBRARIES/libopenaes_intermediates/LINKED/libopenaes.so)
  INSTALL include/linux/netfilter_arp (2 files)
  INSTALL include/xen (2 files)
  INSTALL include/linux/netfilter_bridge (18 files)
[36mtarget Executable:[0m fsck.f2fs (/builds/out/target/product/trlteduoszh/obj/EXECUTABLES/fsck.f2fs_intermediates/LINKED/fsck.f2fs)
  INSTALL include/linux/netfilter_ipv4 (11 files)
  INSTALL include/uapi (0 file)
[36mtarget SharedLib:[0m libcrecovery (/builds/out/target/product/trlteduoszh/obj/SHARED_LIBRARIES/libcrecovery_intermediates/LINKED/libcrecovery.so)
  INSTALL include/linux/netfilter_ipv6 (12 files)
  INSTALL include/linux/nfsd (5 files)
[36mtarget SharedLib:[0m liblog (/builds/out/target/product/trlteduoszh/obj/SHARED_LIBRARIES/liblog_intermediates/LINKED/liblog.so)
  INSTALL include/linux/raid (2 files)
  INSTALL include/linux/spi (1 file)
  INSTALL include/linux/sunrpc (1 file)
[36mtarget SharedLib:[0m libmmcutils (/builds/out/target/product/trlteduoszh/obj/SHARED_LIBRARIES/libmmcutils_intermediates/LINKED/libmmcutils.so)
  INSTALL include/linux/tc_act (7 files)
  INSTALL include/linux/tc_ematch (4 files)
[36mtarget Symbolic:[0m pigz (/builds/out/target/product/trlteduoszh/symbols/recovery/root/sbin/pigz)
[36mtarget Symbolic:[0m libstlport (/builds/out/target/product/trlteduoszh/symbols/system/lib/libstlport.so)
  INSTALL include/linux/usb (12 files)
  INSTALL include/linux/wimax (1 file)
[36mtarget Symbolic:[0m fsck.fat (/builds/out/target/product/trlteduoszh/symbols/recovery/root/sbin/fsck.fat)
  INSTALL include/linux (442 files)
[36mtarget Symbolic:[0m fatlabel (/builds/out/target/product/trlteduoszh/symbols/recovery/root/sbin/fatlabel)
[36mtarget Symbolic:[0m mkfs.fat (/builds/out/target/product/trlteduoszh/symbols/recovery/root/sbin/mkfs.fat)
[36mtarget SharedLib:[0m libext2_blkid (/builds/out/target/product/trlteduoszh/obj/SHARED_LIBRARIES/libext2_blkid_intermediates/LINKED/libext2_blkid.so)
[36mtarget Symbolic:[0m libext2_profile (/builds/out/target/product/trlteduoszh/symbols/system/lib/libext2_profile.so)
[36mtarget Symbolic:[0m libsparse (/builds/out/target/product/trlteduoszh/symbols/system/lib/libsparse.so)
[36mtarget Symbolic:[0m libgccdemangle (/builds/out/target/product/trlteduoszh/symbols/system/lib/libgccdemangle.so)
[36mtarget Symbolic:[0m libunwind (/builds/out/target/product/trlteduoszh/symbols/system/lib/libunwind.so)
[36mtarget Symbolic:[0m libpng (/builds/out/target/product/trlteduoszh/symbols/system/lib/libpng.so)
[36mtarget Symbolic:[0m libmincrypttwrp (/builds/out/target/product/trlteduoszh/symbols/system/lib/libmincrypttwrp.so)
[36mtarget Symbolic:[0m libpcre (/builds/out/target/product/trlteduoszh/symbols/system/lib/libpcre.so)
[36mtarget Symbolic:[0m libutil-linux (/builds/out/target/product/trlteduoszh/symbols/system/lib/libutil-linux.so)
[36mtarget Symbolic:[0m libnetd_client (/builds/out/target/product/trlteduoszh/symbols/system/lib/libnetd_client.so)
[36mtarget Symbolic:[0m orscmd (/builds/out/target/product/trlteduoszh/symbols/recovery/root/sbin/twrp)
[36mtarget Symbolic:[0m libopenaes (/builds/out/target/product/trlteduoszh/symbols/system/lib/libopenaes.so)
[36mtarget Symbolic:[0m fsck.f2fs (/builds/out/target/product/trlteduoszh/symbols/system/bin/fsck.f2fs)
[36mtarget Symbolic:[0m libcrecovery (/builds/out/target/product/trlteduoszh/symbols/system/lib/libcrecovery.so)
[36mtarget Symbolic:[0m liblog (/builds/out/target/product/trlteduoszh/symbols/system/lib/liblog.so)
[36mtarget Symbolic:[0m libmmcutils (/builds/out/target/product/trlteduoszh/symbols/system/lib/libmmcutils.so)
[36mtarget Strip:[0m pigz (/builds/out/target/product/trlteduoszh/obj/RECOVERY_EXECUTABLES/pigz_intermediates/pigz)
[36mtarget Strip:[0m libstlport (/builds/out/target/product/trlteduoszh/obj/lib/libstlport.so)
[36mtarget Strip:[0m fsck.fat (/builds/out/target/product/trlteduoszh/obj/RECOVERY_EXECUTABLES/fsck.fat_intermediates/fsck.fat)
[36mtarget Strip:[0m fatlabel (/builds/out/target/product/trlteduoszh/obj/RECOVERY_EXECUTABLES/fatlabel_intermediates/fatlabel)
[36mtarget Strip:[0m mkfs.fat (/builds/out/target/product/trlteduoszh/obj/RECOVERY_EXECUTABLES/mkfs.fat_intermediates/mkfs.fat)
[36mtarget Symbolic:[0m libext2_blkid (/builds/out/target/product/trlteduoszh/symbols/system/lib/libext2_blkid.so)
[36mtarget Strip:[0m libext2_profile (/builds/out/target/product/trlteduoszh/obj/lib/libext2_profile.so)
[36mtarget Strip:[0m libsparse (/builds/out/target/product/trlteduoszh/obj/lib/libsparse.so)
[36mtarget Strip:[0m libgccdemangle (/builds/out/target/product/trlteduoszh/obj/lib/libgccdemangle.so)
[36mtarget Strip:[0m libunwind (/builds/out/target/product/trlteduoszh/obj/lib/libunwind.so)
[32mInstall: /builds/out/target/product/trlteduoszh/system/lib/libgccdemangle.so[0m
[32mInstall: /builds/out/target/product/trlteduoszh/system/lib/libunwind.so[0m
[36mtarget Strip:[0m libpng (/builds/out/target/product/trlteduoszh/obj/lib/libpng.so)
[36mtarget Strip:[0m libmincrypttwrp (/builds/out/target/product/trlteduoszh/obj/lib/libmincrypttwrp.so)
[36mtarget Strip:[0m libpcre (/builds/out/target/product/trlteduoszh/obj/lib/libpcre.so)
[36mtarget SharedLib:[0m libtwadbbu (/builds/out/target/product/trlteduoszh/obj/SHARED_LIBRARIES/libtwadbbu_intermediates/LINKED/libtwadbbu.so)
[36mtarget Strip:[0m libutil-linux (/builds/out/target/product/trlteduoszh/obj/lib/libutil-linux.so)
[36mtarget Strip:[0m libnetd_client (/builds/out/target/product/trlteduoszh/obj/lib/libnetd_client.so)
[36mtarget Strip:[0m orscmd (/builds/out/target/product/trlteduoszh/obj/RECOVERY_EXECUTABLES/orscmd_intermediates/twrp)
[36mtarget Strip:[0m libopenaes (/builds/out/target/product/trlteduoszh/obj/lib/libopenaes.so)
[36mtarget Strip:[0m fsck.f2fs (/builds/out/target/product/trlteduoszh/obj/EXECUTABLES/fsck.f2fs_intermediates/fsck.f2fs)
[36mtarget Strip:[0m libcrecovery (/builds/out/target/product/trlteduoszh/obj/lib/libcrecovery.so)
[36mtarget Strip:[0m liblog (/builds/out/target/product/trlteduoszh/obj/lib/liblog.so)
[36mtarget Strip:[0m libmmcutils (/builds/out/target/product/trlteduoszh/obj/lib/libmmcutils.so)
[32mInstall: /builds/out/target/product/trlteduoszh/system/lib/libcrecovery.so[0m
[32mInstall: /builds/out/target/product/trlteduoszh/system/lib/liblog.so[0m
[32mInstall: /builds/out/target/product/trlteduoszh/system/lib/libmmcutils.so[0m
[32mInstall: /builds/out/target/product/trlteduoszh/recovery/root/sbin/pigz[0m
[36mtarget Executable:[0m twrpbu (/builds/out/target/product/trlteduoszh/obj/RECOVERY_EXECUTABLES/twrpbu_intermediates/LINKED/bu)
[32mInstall: /builds/out/target/product/trlteduoszh/system/lib/libstlport.so[0m
[32mInstall: /builds/out/target/product/trlteduoszh/recovery/root/sbin/fsck.fat[0m
[32mInstall: /builds/out/target/product/trlteduoszh/recovery/root/sbin/fatlabel[0m
[32mInstall: /builds/out/target/product/trlteduoszh/recovery/root/sbin/mkfs.fat[0m
[36mtarget Strip:[0m libext2_blkid (/builds/out/target/product/trlteduoszh/obj/lib/libext2_blkid.so)
[32mInstall: /builds/out/target/product/trlteduoszh/system/lib/libext2_profile.so[0m
[36mtarget Executable:[0m simg2img_twrp (/builds/out/target/product/trlteduoszh/obj/EXECUTABLES/simg2img_twrp_intermediates/LINKED/simg2img)
[32mInstall: /builds/out/target/product/trlteduoszh/system/lib/libsparse.so[0m
[36mtarget SharedLib:[0m libunwind-ptrace (/builds/out/target/product/trlteduoszh/obj/SHARED_LIBRARIES/libunwind-ptrace_intermediates/LINKED/libunwind-ptrace.so)
[32mInstall: /builds/out/target/product/trlteduoszh/system/lib/libpng.so[0m
[36mtarget SharedLib:[0m libft2 (/builds/out/target/product/trlteduoszh/obj/SHARED_LIBRARIES/libft2_intermediates/LINKED/libft2.so)
[32mInstall: /builds/out/target/product/trlteduoszh/system/lib/libmincrypttwrp.so[0m
[36mtarget SharedLib:[0m libselinux (/builds/out/target/product/trlteduoszh/obj/SHARED_LIBRARIES/libselinux_intermediates/LINKED/libselinux.so)
[32mInstall: /builds/out/target/product/trlteduoszh/system/lib/libpcre.so[0m
[36mtarget Symbolic:[0m libtwadbbu (/builds/out/target/product/trlteduoszh/symbols/system/lib/libtwadbbu.so)
[32mInstall: /builds/out/target/product/trlteduoszh/system/lib/libutil-linux.so[0m
[36mtarget SharedLib:[0m libblkid (/builds/out/target/product/trlteduoszh/obj/SHARED_LIBRARIES/libblkid_intermediates/LINKED/libblkid.so)
[32mInstall: /builds/out/target/product/trlteduoszh/system/lib/libnetd_client.so[0m
[32mInstall: /builds/out/target/product/trlteduoszh/recovery/root/sbin/twrp[0m
[36mtarget Executable:[0m openaes (/builds/out/target/product/trlteduoszh/obj/RECOVERY_EXECUTABLES/openaes_intermediates/LINKED/openaes)
[32mInstall: /builds/out/target/product/trlteduoszh/system/lib/libopenaes.so[0m
[32mInstall: /builds/out/target/product/trlteduoszh/system/bin/fsck.f2fs[0m
Symlink: /builds/out/target/product/trlteduoszh/recovery/root/sbin/unpigz -> pigz
[36mtarget SharedLib:[0m libbmlutils (/builds/out/target/product/trlteduoszh/obj/SHARED_LIBRARIES/libbmlutils_intermediates/LINKED/libbmlutils.so)
[36mtarget SharedLib:[0m libcutils (/builds/out/target/product/trlteduoszh/obj/SHARED_LIBRARIES/libcutils_intermediates/LINKED/libcutils.so)
[36mtarget Symbolic:[0m twrpbu (/builds/out/target/product/trlteduoszh/symbols/recovery/root/sbin/bu)
[36mtarget SharedLib:[0m libext2fs (/builds/out/target/product/trlteduoszh/obj/SHARED_LIBRARIES/libext2fs_intermediates/LINKED/libext2fs.so)
[32mInstall: /builds/out/target/product/trlteduoszh/system/lib/libext2_blkid.so[0m
[36mtarget Symbolic:[0m simg2img_twrp (/builds/out/target/product/trlteduoszh/symbols/recovery/root/sbin/simg2img)
[36mtarget Symbolic:[0m libunwind-ptrace (/builds/out/target/product/trlteduoszh/symbols/system/lib/libunwind-ptrace.so)
[36mtarget Symbolic:[0m libft2 (/builds/out/target/product/trlteduoszh/symbols/system/lib/libft2.so)
[36mtarget Symbolic:[0m libselinux (/builds/out/target/product/trlteduoszh/symbols/system/lib/libselinux.so)
[36mtarget Strip:[0m libtwadbbu (/builds/out/target/product/trlteduoszh/obj/lib/libtwadbbu.so)
[36mtarget Symbolic:[0m libblkid (/builds/out/target/product/trlteduoszh/symbols/system/lib/libblkid.so)
[36mtarget Symbolic:[0m openaes (/builds/out/target/product/trlteduoszh/symbols/recovery/root/sbin/openaes)
Fake: /builds/out/target/product/trlteduoszh/obj/FAKE/unpigz_symlink_intermediates/unpigz_symlink-timestamp
[36mtarget Symbolic:[0m libbmlutils (/builds/out/target/product/trlteduoszh/symbols/system/lib/libbmlutils.so)
[36mtarget Symbolic:[0m libcutils (/builds/out/target/product/trlteduoszh/symbols/system/lib/libcutils.so)
[36mtarget Strip:[0m twrpbu (/builds/out/target/product/trlteduoszh/obj/RECOVERY_EXECUTABLES/twrpbu_intermediates/bu)
[36mtarget Symbolic:[0m libext2fs (/builds/out/target/product/trlteduoszh/symbols/system/lib/libext2fs.so)
[36mtarget Strip:[0m simg2img_twrp (/builds/out/target/product/trlteduoszh/obj/EXECUTABLES/simg2img_twrp_intermediates/simg2img)
[36mtarget Strip:[0m libunwind-ptrace (/builds/out/target/product/trlteduoszh/obj/lib/libunwind-ptrace.so)
[36mtarget Strip:[0m libft2 (/builds/out/target/product/trlteduoszh/obj/lib/libft2.so)
[36mtarget Strip:[0m libselinux (/builds/out/target/product/trlteduoszh/obj/lib/libselinux.so)
[32mInstall: /builds/out/target/product/trlteduoszh/system/lib/libtwadbbu.so[0m
[36mtarget Strip:[0m libblkid (/builds/out/target/product/trlteduoszh/obj/lib/libblkid.so)
[36mtarget SharedLib:[0m libext4_utils (/builds/out/target/product/trlteduoszh/obj/SHARED_LIBRARIES/libext4_utils_intermediates/LINKED/libext4_utils.so)
[36mtarget Strip:[0m openaes (/builds/out/target/product/trlteduoszh/obj/RECOVERY_EXECUTABLES/openaes_intermediates/openaes)
[32mInstall: /builds/out/target/product/trlteduoszh/fake_packages/unpigz_symlink-timestamp[0m
[36mtarget Strip:[0m libbmlutils (/builds/out/target/product/trlteduoszh/obj/lib/libbmlutils.so)
[36mtarget Strip:[0m libcutils (/builds/out/target/product/trlteduoszh/obj/lib/libcutils.so)
[32mInstall: /builds/out/target/product/trlteduoszh/system/lib/libbmlutils.so[0m
[32mInstall: /builds/out/target/product/trlteduoszh/system/lib/libcutils.so[0m
[32mInstall: /builds/out/target/product/trlteduoszh/recovery/root/sbin/bu[0m
[36mtarget Executable:[0m busybox (/builds/out/target/product/trlteduoszh/obj/EXECUTABLES/busybox_intermediates/LINKED/busybox)
[36mtarget Strip:[0m libext2fs (/builds/out/target/product/trlteduoszh/obj/lib/libext2fs.so)
[32mInstall: /builds/out/target/product/trlteduoszh/recovery/root/sbin/simg2img[0m
[36mtarget SharedLib:[0m libusbhost (/builds/out/target/product/trlteduoszh/obj/SHARED_LIBRARIES/libusbhost_intermediates/LINKED/libusbhost.so)
[36mtarget SharedLib:[0m libbacktrace (/builds/out/target/product/trlteduoszh/obj/SHARED_LIBRARIES/libbacktrace_intermediates/LINKED/libbacktrace.so)
[32mInstall: /builds/out/target/product/trlteduoszh/system/lib/libunwind-ptrace.so[0m
[32mInstall: /builds/out/target/product/trlteduoszh/system/lib/libft2.so[0m
[36mtarget SharedLib:[0m libfusesideload (/builds/out/target/product/trlteduoszh/obj/SHARED_LIBRARIES/libfusesideload_intermediates/LINKED/libfusesideload.so)
[36mtarget SharedLib:[0m libminzip (/builds/out/target/product/trlteduoszh/obj/SHARED_LIBRARIES/libminzip_intermediates/LINKED/libminzip.so)
[32mInstall: /builds/out/target/product/trlteduoszh/system/lib/libselinux.so[0m
[36mtarget SharedLib:[0m libtar (/builds/out/target/product/trlteduoszh/obj/SHARED_LIBRARIES/libtar_intermediates/LINKED/libtar.so)
[32mInstall: /builds/out/target/product/trlteduoszh/system/lib/libblkid.so[0m
[36mtarget Executable:[0m toolbox_recovery (/builds/out/target/product/trlteduoszh/obj/EXECUTABLES/toolbox_recovery_intermediates/LINKED/toolbox)
[36mtarget Symbolic:[0m libext4_utils (/builds/out/target/product/trlteduoszh/symbols/system/lib/libext4_utils.so)
[32mInstall: /builds/out/target/product/trlteduoszh/recovery/root/sbin/openaes[0m
[36mtarget Executable:[0m reboot (/builds/out/target/product/trlteduoszh/obj/EXECUTABLES/reboot_intermediates/LINKED/reboot)
[36mtarget SharedLib:[0m libmtdutils (/builds/out/target/product/trlteduoszh/obj/SHARED_LIBRARIES/libmtdutils_intermediates/LINKED/libmtdutils.so)
[36mtarget Symbolic:[0m busybox (/builds/out/target/product/trlteduoszh/symbols/system/xbin/busybox)
[36mtarget SharedLib:[0m libext2_quota (/builds/out/target/product/trlteduoszh/obj/SHARED_LIBRARIES/libext2_quota_intermediates/LINKED/libext2_quota.so)
[32mInstall: /builds/out/target/product/trlteduoszh/system/lib/libext2fs.so[0m
[36mtarget Executable:[0m resize2fs (/builds/out/target/product/trlteduoszh/obj/EXECUTABLES/resize2fs_intermediates/LINKED/resize2fs)
[36mtarget Symbolic:[0m libusbhost (/builds/out/target/product/trlteduoszh/symbols/system/lib/libusbhost.so)
[36mtarget Symbolic:[0m libbacktrace (/builds/out/target/product/trlteduoszh/symbols/system/lib/libbacktrace.so)
[36mtarget Symbolic:[0m libfusesideload (/builds/out/target/product/trlteduoszh/symbols/system/lib/libfusesideload.so)
[36mtarget Symbolic:[0m libminzip (/builds/out/target/product/trlteduoszh/symbols/system/lib/libminzip.so)
[36mtarget Symbolic:[0m libtar (/builds/out/target/product/trlteduoszh/symbols/system/lib/libtar.so)
[36mtarget Symbolic:[0m toolbox_recovery (/builds/out/target/product/trlteduoszh/symbols/recovery/root/sbin/toolbox)
[36mtarget Strip:[0m libext4_utils (/builds/out/target/product/trlteduoszh/obj/lib/libext4_utils.so)
[36mtarget Symbolic:[0m reboot (/builds/out/target/product/trlteduoszh/symbols/system/bin/reboot)
[36mtarget Symbolic:[0m libmtdutils (/builds/out/target/product/trlteduoszh/symbols/system/lib/libmtdutils.so)
[36mtarget Strip:[0m busybox (/builds/out/target/product/trlteduoszh/obj/EXECUTABLES/busybox_intermediates/busybox)
[36mtarget Symbolic:[0m libext2_quota (/builds/out/target/product/trlteduoszh/symbols/system/lib/libext2_quota.so)
[36mtarget Symbolic:[0m resize2fs (/builds/out/target/product/trlteduoszh/symbols/system/bin/resize2fs)
[36mtarget Strip:[0m libusbhost (/builds/out/target/product/trlteduoszh/obj/lib/libusbhost.so)
[36mtarget Strip:[0m libbacktrace (/builds/out/target/product/trlteduoszh/obj/lib/libbacktrace.so)
[36mtarget Strip:[0m libfusesideload (/builds/out/target/product/trlteduoszh/obj/lib/libfusesideload.so)
[36mtarget Strip:[0m libminzip (/builds/out/target/product/trlteduoszh/obj/lib/libminzip.so)
[36mtarget Strip:[0m libtar (/builds/out/target/product/trlteduoszh/obj/lib/libtar.so)
[36mtarget Strip:[0m toolbox_recovery (/builds/out/target/product/trlteduoszh/obj/EXECUTABLES/toolbox_recovery_intermediates/toolbox)
[32mInstall: /builds/out/target/product/trlteduoszh/system/lib/libext4_utils.so[0m
[36mtarget Executable:[0m make_ext4fs (/builds/out/target/product/trlteduoszh/obj/EXECUTABLES/make_ext4fs_intermediates/LINKED/make_ext4fs)
[36mtarget Strip:[0m reboot (/builds/out/target/product/trlteduoszh/obj/EXECUTABLES/reboot_intermediates/reboot)
[36mtarget Strip:[0m libmtdutils (/builds/out/target/product/trlteduoszh/obj/lib/libmtdutils.so)
[32mInstall: /builds/out/target/product/trlteduoszh/system/xbin/busybox[0m
[36mtarget Strip:[0m libext2_quota (/builds/out/target/product/trlteduoszh/obj/lib/libext2_quota.so)
[36mtarget Strip:[0m resize2fs (/builds/out/target/product/trlteduoszh/obj/EXECUTABLES/resize2fs_intermediates/resize2fs)
[32mInstall: /builds/out/target/product/trlteduoszh/system/lib/libusbhost.so[0m
[36mtarget SharedLib:[0m libutils (/builds/out/target/product/trlteduoszh/obj/SHARED_LIBRARIES/libutils_intermediates/LINKED/libutils.so)
[32mInstall: /builds/out/target/product/trlteduoszh/system/lib/libbacktrace.so[0m
[36mtarget SharedLib:[0m libminadbd (/builds/out/target/product/trlteduoszh/obj/SHARED_LIBRARIES/libminadbd_intermediates/LINKED/libminadbd.so)
[32mInstall: /builds/out/target/product/trlteduoszh/system/lib/libfusesideload.so[0m
[32mInstall: /builds/out/target/product/trlteduoszh/system/lib/libminzip.so[0m
[32mInstall: /builds/out/target/product/trlteduoszh/system/lib/libtar.so[0m
[32mInstall: /builds/out/target/product/trlteduoszh/recovery/root/sbin/toolbox[0m
[36mtarget SharedLib:[0m libaosprecovery (/builds/out/target/product/trlteduoszh/obj/SHARED_LIBRARIES/libaosprecovery_intermediates/LINKED/libaosprecovery.so)
[36mtarget Symbolic:[0m make_ext4fs (/builds/out/target/product/trlteduoszh/symbols/system/bin/make_ext4fs)
[32mInstall: /builds/out/target/product/trlteduoszh/system/bin/reboot[0m
Symlink: /builds/out/target/product/trlteduoszh/recovery/root/sbin/start -> toolbox
Symlink: /builds/out/target/product/trlteduoszh/recovery/root/sbin/stop -> toolbox
Symlink: /builds/out/target/product/trlteduoszh/recovery/root/sbin/getprop -> toolbox
Symlink: /builds/out/target/product/trlteduoszh/recovery/root/sbin/setprop -> toolbox
Symlink: /builds/out/target/product/trlteduoszh/recovery/root/sbin/load_policy -> toolbox
Symlink: /builds/out/target/product/trlteduoszh/recovery/root/sbin/r -> toolbox
[36mtarget SharedLib:[0m libflashutils (/builds/out/target/product/trlteduoszh/obj/SHARED_LIBRARIES/libflashutils_intermediates/LINKED/libflashutils.so)
[32mInstall: /builds/out/target/product/trlteduoszh/system/lib/libmtdutils.so[0m
[36mtarget Executable:[0m e2fsck (/builds/out/target/product/trlteduoszh/obj/EXECUTABLES/e2fsck_intermediates/LINKED/e2fsck)
[32mInstall: /builds/out/target/product/trlteduoszh/system/lib/libext2_quota.so[0m
[36mtarget Executable:[0m mke2fs (/builds/out/target/product/trlteduoszh/obj/EXECUTABLES/mke2fs_intermediates/LINKED/mke2fs)
[36mtarget Executable:[0m tune2fs (/builds/out/target/product/trlteduoszh/obj/EXECUTABLES/tune2fs_intermediates/LINKED/tune2fs)
[32mInstall: /builds/out/target/product/trlteduoszh/system/bin/resize2fs[0m
[36mtarget Symbolic:[0m libutils (/builds/out/target/product/trlteduoszh/symbols/system/lib/libutils.so)
[36mtarget Symbolic:[0m libminadbd (/builds/out/target/product/trlteduoszh/symbols/system/lib/libminadbd.so)
[36mtarget Symbolic:[0m libaosprecovery (/builds/out/target/product/trlteduoszh/symbols/system/lib/libaosprecovery.so)
[36mtarget Strip:[0m make_ext4fs (/builds/out/target/product/trlteduoszh/obj/EXECUTABLES/make_ext4fs_intermediates/make_ext4fs)
Fake: /builds/out/target/product/trlteduoszh/obj/FAKE/toolbox_symlinks_intermediates/toolbox_symlinks-timestamp
[36mtarget Symbolic:[0m libflashutils (/builds/out/target/product/trlteduoszh/symbols/system/lib/libflashutils.so)
[36mtarget Symbolic:[0m e2fsck (/builds/out/target/product/trlteduoszh/symbols/system/bin/e2fsck)
[36mtarget Symbolic:[0m mke2fs (/builds/out/target/product/trlteduoszh/symbols/system/bin/mke2fs)
[36mtarget Symbolic:[0m tune2fs (/builds/out/target/product/trlteduoszh/symbols/system/bin/tune2fs)
[36mtarget Strip:[0m libutils (/builds/out/target/product/trlteduoszh/obj/lib/libutils.so)
[36mtarget Strip:[0m libminadbd (/builds/out/target/product/trlteduoszh/obj/lib/libminadbd.so)
[36mtarget Strip:[0m libaosprecovery (/builds/out/target/product/trlteduoszh/obj/lib/libaosprecovery.so)
[32mInstall: /builds/out/target/product/trlteduoszh/system/bin/make_ext4fs[0m
[32mInstall: /builds/out/target/product/trlteduoszh/fake_packages/toolbox_symlinks-timestamp[0m
[36mtarget Strip:[0m libflashutils (/builds/out/target/product/trlteduoszh/obj/lib/libflashutils.so)
[36mtarget Strip:[0m e2fsck (/builds/out/target/product/trlteduoszh/obj/EXECUTABLES/e2fsck_intermediates/e2fsck)
[36mtarget Strip:[0m mke2fs (/builds/out/target/product/trlteduoszh/obj/EXECUTABLES/mke2fs_intermediates/mke2fs)
[36mtarget Strip:[0m tune2fs (/builds/out/target/product/trlteduoszh/obj/EXECUTABLES/tune2fs_intermediates/tune2fs)
[32mInstall: /builds/out/target/product/trlteduoszh/system/lib/libutils.so[0m
[36mtarget SharedLib:[0m libminuitwrp (/builds/out/target/product/trlteduoszh/obj/SHARED_LIBRARIES/libminuitwrp_intermediates/LINKED/libminuitwrp.so)
[32mInstall: /builds/out/target/product/trlteduoszh/system/lib/libminadbd.so[0m
[36mtarget SharedLib:[0m libtwrpmtp (/builds/out/target/product/trlteduoszh/obj/SHARED_LIBRARIES/libtwrpmtp_intermediates/LINKED/libtwrpmtp.so)
[32mInstall: /builds/out/target/product/trlteduoszh/system/lib/libaosprecovery.so[0m
[36mtarget Executable:[0m dump_image (/builds/out/target/product/trlteduoszh/obj/RECOVERY_EXECUTABLES/dump_image_intermediates/LINKED/dump_image)
[32mInstall: /builds/out/target/product/trlteduoszh/system/lib/libflashutils.so[0m
[36mtarget Executable:[0m erase_image (/builds/out/target/product/trlteduoszh/obj/RECOVERY_EXECUTABLES/erase_image_intermediates/LINKED/erase_image)
  INSTALL include/asm (33 files)
[36mtarget Executable:[0m flash_image (/builds/out/target/product/trlteduoszh/obj/RECOVERY_EXECUTABLES/flash_image_intermediates/LINKED/flash_image)
[32mInstall: /builds/out/target/product/trlteduoszh/system/bin/e2fsck[0m
[32mInstall: /builds/out/target/product/trlteduoszh/system/bin/mke2fs[0m
[32mInstall: /builds/out/target/product/trlteduoszh/system/bin/tune2fs[0m
[36mtarget Symbolic:[0m libminuitwrp (/builds/out/target/product/trlteduoszh/symbols/system/lib/libminuitwrp.so)
[36mtarget Symbolic:[0m libtwrpmtp (/builds/out/target/product/trlteduoszh/symbols/system/lib/libtwrpmtp.so)
[36mtarget Symbolic:[0m dump_image (/builds/out/target/product/trlteduoszh/symbols/recovery/root/sbin/dump_image)
[36mtarget Symbolic:[0m erase_image (/builds/out/target/product/trlteduoszh/symbols/recovery/root/sbin/erase_image)
[36mtarget Symbolic:[0m flash_image (/builds/out/target/product/trlteduoszh/symbols/recovery/root/sbin/flash_image)
[36mtarget Strip:[0m libminuitwrp (/builds/out/target/product/trlteduoszh/obj/lib/libminuitwrp.so)
[36mtarget Strip:[0m libtwrpmtp (/builds/out/target/product/trlteduoszh/obj/lib/libtwrpmtp.so)
make[1]: Leaving directory `/builds/omni-5.1/kernel/samsung/trlteduoszh'
[36mtarget Strip:[0m dump_image (/builds/out/target/product/trlteduoszh/obj/RECOVERY_EXECUTABLES/dump_image_intermediates/dump_image)
[36mtarget Strip:[0m erase_image (/builds/out/target/product/trlteduoszh/obj/RECOVERY_EXECUTABLES/erase_image_intermediates/erase_image)
[32mInstall: /builds/out/target/product/trlteduoszh/system/lib/libminuitwrp.so[0m
[36mtarget Strip:[0m flash_image (/builds/out/target/product/trlteduoszh/obj/RECOVERY_EXECUTABLES/flash_image_intermediates/flash_image)
make  -C kernel/samsung/trlteduoszh O=/builds/out/target/product/trlteduoszh/obj/KERNEL_OBJ ARCH=arm CROSS_COMPILE="/builds/omni-5.1/prebuilts/misc/linux-x86/ccache/ccache arm-eabi-" zImage
[32mInstall: /builds/out/target/product/trlteduoszh/system/lib/libtwrpmtp.so[0m
make[1]: Entering directory `/builds/omni-5.1/kernel/samsung/trlteduoszh'
[32mInstall: /builds/out/target/product/trlteduoszh/recovery/root/sbin/dump_image[0m
[32mInstall: /builds/out/target/product/trlteduoszh/recovery/root/sbin/erase_image[0m
[32mInstall: /builds/out/target/product/trlteduoszh/recovery/root/sbin/flash_image[0m
[36mtarget StaticLib:[0m libc (/builds/out/target/product/trlteduoszh/obj/STATIC_LIBRARIES/libc_intermediates/libc.a)
[36mtarget StaticExecutable:[0m mkfs.f2fs (/builds/out/target/product/trlteduoszh/obj/EXECUTABLES/mkfs.f2fs_intermediates/LINKED/mkfs.f2fs)
[36mtarget StaticExecutable:[0m mount.exfat_static (/builds/out/target/product/trlteduoszh/obj/RECOVERY_EXECUTABLES/mount.exfat_static_intermediates/LINKED/mount.exfat)
[36mtarget StaticLib:[0m libc_nomalloc (/builds/out/target/product/trlteduoszh/obj/STATIC_LIBRARIES/libc_nomalloc_intermediates/libc_nomalloc.a)
[36mtarget StaticExecutable:[0m init (/builds/out/target/product/trlteduoszh/obj/EXECUTABLES/init_intermediates/LINKED/init)
[36mtarget StaticExecutable:[0m adbd (/builds/out/target/product/trlteduoszh/obj/EXECUTABLES/adbd_intermediates/LINKED/adbd)
[36mtarget StaticExecutable:[0m healthd (/builds/out/target/product/trlteduoszh/obj/EXECUTABLES/healthd_intermediates/LINKED/healthd)
[36mtarget StaticExecutable:[0m linker (/builds/out/target/product/trlteduoszh/obj/EXECUTABLES/linker_intermediates/LINKED/linker)
[36mtarget Symbolic:[0m mkfs.f2fs (/builds/out/target/product/trlteduoszh/symbols/root/sbin/mkfs.f2fs)
[36mtarget Symbolic:[0m mount.exfat_static (/builds/out/target/product/trlteduoszh/symbols/recovery/root/sbin/mount.exfat)
[36mtarget Symbolic:[0m init (/builds/out/target/product/trlteduoszh/symbols/init)
[36mtarget Symbolic:[0m adbd (/builds/out/target/product/trlteduoszh/symbols/sbin/adbd)
[36mtarget Strip:[0m mkfs.f2fs (/builds/out/target/product/trlteduoszh/obj/EXECUTABLES/mkfs.f2fs_intermediates/mkfs.f2fs)
target PrefixSymbols: linker (/builds/out/target/product/trlteduoszh/obj/EXECUTABLES/linker_intermediates/LINKED/linker)
[36mtarget Strip:[0m mount.exfat_static (/builds/out/target/product/trlteduoszh/obj/RECOVERY_EXECUTABLES/mount.exfat_static_intermediates/mount.exfat)
[36mtarget Strip:[0m init (/builds/out/target/product/trlteduoszh/obj/EXECUTABLES/init_intermediates/init)
[36mtarget Strip:[0m adbd (/builds/out/target/product/trlteduoszh/obj/EXECUTABLES/adbd_intermediates/adbd)
[36mtarget Symbolic:[0m healthd (/builds/out/target/product/trlteduoszh/symbols/sbin/healthd)
[36mtarget Symbolic:[0m linker (/builds/out/target/product/trlteduoszh/symbols/system/bin/linker)
[32mInstall: /builds/out/target/product/trlteduoszh/root/sbin/mkfs.f2fs[0m
[32mInstall: /builds/out/target/product/trlteduoszh/recovery/root/sbin/mount.exfat[0m
[32mInstall: /builds/out/target/product/trlteduoszh/root/init[0m
[32mInstall: /builds/out/target/product/trlteduoszh/root/sbin/adbd[0m
Symlink: /builds/out/target/product/trlteduoszh/recovery/root/sbin/fsck.exfat -> mount.exfat
[36mtarget Strip:[0m healthd (/builds/out/target/product/trlteduoszh/obj/EXECUTABLES/healthd_intermediates/healthd)
[36mtarget Strip (keep symbols):[0m linker (/builds/out/target/product/trlteduoszh/obj/EXECUTABLES/linker_intermediates/linker)
Symlink: /builds/out/target/product/trlteduoszh/recovery/root/sbin/mkfs.exfat -> mount.exfat
Symlink: /builds/out/target/product/trlteduoszh/root/sbin/ueventd -> ../init
Symlink: /builds/out/target/product/trlteduoszh/root/sbin/watchdogd -> ../init
[32mInstall: /builds/out/target/product/trlteduoszh/system/bin/linker[0m
[32mInstall: /builds/out/target/product/trlteduoszh/root/sbin/healthd[0m
bootable/recovery/prebuilt/relink.sh /builds/out/target/product/trlteduoszh/recovery/root/sbin /builds/out/target/product/trlteduoszh/recovery/root/sbin/dump_image /builds/out/target/product/trlteduoszh/recovery/root/sbin/flash_image /builds/out/target/product/trlteduoszh/recovery/root/sbin/erase_image /builds/out/target/product/trlteduoszh/recovery/root/sbin/bu /builds/out/target/product/trlteduoszh/system/xbin/busybox /builds/out/target/product/trlteduoszh/recovery/root/sbin/pigz /builds/out/target/product/trlteduoszh/recovery/root/sbin/fsck.fat /builds/out/target/product/trlteduoszh/recovery/root/sbin/fatlabel /builds/out/target/product/trlteduoszh/recovery/root/sbin/mkfs.fat /builds/out/target/product/trlteduoszh/system/bin/e2fsck /builds/out/target/product/trlteduoszh/system/bin/mke2fs /builds/out/target/product/trlteduoszh/system/bin/tune2fs /builds/out/target/product/trlteduoszh/system/bin/resize2fs /builds/out/target/product/trlteduoszh/recovery/root/sbin/simg2img /builds/out/target/product/trlteduoszh/system/bin/linker /builds/out/target/product/trlteduoszh/system/lib/libc.so /builds/out/target/product/trlteduoszh/system/lib/libcutils.so /builds/out/target/product/trlteduoszh/system/lib/libcrecovery.so /builds/out/target/product/trlteduoszh/system/lib/libusbhost.so /builds/out/target/product/trlteduoszh/system/lib/libutils.so /builds/out/target/product/trlteduoszh/system/lib/libdl.so /builds/out/target/product/trlteduoszh/system/lib/libext2_com_err.so /builds/out/target/product/trlteduoszh/system/lib/libext2_e2p.so /builds/out/target/product/trlteduoszh/system/lib/libext2fs.so /builds/out/target/product/trlteduoszh/system/lib/libext2_profile.so /builds/out/target/product/trlteduoszh/system/lib/libext2_uuid.so /builds/out/target/product/trlteduoszh/system/lib/libext2_quota.so /builds/out/target/product/trlteduoszh/system/lib/libext2fs.so /builds/out/target/product/trlteduoszh/system/lib/libext2_blkid.so /builds/out/target/product/trlteduoszh/system/lib/libpng.so /builds/out/target/product/trlteduoszh/system/lib/liblog.so /builds/out/target/product/trlteduoszh/system/lib/libm.so /builds/out/target/product/trlteduoszh/system/lib/libstdc++.so /builds/out/target/product/trlteduoszh/system/lib/libz.so /builds/out/target/product/trlteduoszh/system/lib/libminuitwrp.so /builds/out/target/product/trlteduoszh/system/lib/libminadbd.so /builds/out/target/product/trlteduoszh/system/lib/libminzip.so /builds/out/target/product/trlteduoszh/system/lib/libmtdutils.so /builds/out/target/product/trlteduoszh/system/lib/libtar.so /builds/out/target/product/trlteduoszh/system/lib/libtwadbbu.so /builds/out/target/product/trlteduoszh/system/lib/libutil-linux.so /builds/out/target/product/trlteduoszh/system/lib/libblkid.so /builds/out/target/product/trlteduoszh/system/lib/libmmcutils.so /builds/out/target/product/trlteduoszh/system/lib/libbmlutils.so /builds/out/target/product/trlteduoszh/system/lib/libflashutils.so /builds/out/target/product/trlteduoszh/system/lib/libfusesideload.so /builds/out/target/product/trlteduoszh/system/lib/libstlport.so /builds/out/target/product/trlteduoszh/system/lib/libgccdemangle.so /builds/out/target/product/trlteduoszh/system/lib/libbacktrace.so /builds/out/target/product/trlteduoszh/system/lib/libunwind.so /builds/out/target/product/trlteduoszh/system/lib/libunwind-ptrace.so /builds/out/target/product/trlteduoszh/system/lib/libnetd_client.so /builds/out/target/product/trlteduoszh/system/lib/libmincrypttwrp.so /builds/out/target/product/trlteduoszh/recovery/root/sbin/toolbox /builds/out/target/product/trlteduoszh/recovery/root/sbin/twrp /builds/out/target/product/trlteduoszh/system/lib/libtwrpmtp.so /builds/out/target/product/trlteduoszh/system/lib/libext4_utils.so /builds/out/target/product/trlteduoszh/system/lib/libaosprecovery.so /builds/out/target/product/trlteduoszh/system/lib/libselinux.so /builds/out/target/product/trlteduoszh/system/bin/make_ext4fs /builds/out/target/product/trlteduoszh/system/lib/libsparse.so /builds/out/target/product/trlteduoszh/recovery/root/sbin/openaes /builds/out/target/product/trlteduoszh/system/lib/libopenaes.so /builds/out/target/product/trlteduoszh/root/sbin/mkfs.f2fs /builds/out/target/product/trlteduoszh/system/bin/fsck.f2fs /builds/out/target/product/trlteduoszh/system/bin/reboot /builds/out/target/product/trlteduoszh/system/lib/libft2.so /builds/out/target/product/trlteduoszh/system/lib/libpcre.so
Target ram disk: /builds/out/target/product/trlteduoszh/ramdisk.img
  GEN     /builds/out/target/product/trlteduoszh/obj/KERNEL_OBJ/Makefile
scripts/kconfig/conf --silentoldconfig Kconfig
target [32mPrebuilt:[0m teamwin (/builds/out/target/product/trlteduoszh/obj/RECOVERY_EXECUTABLES/teamwin_intermediates/teamwin)
[32mInstall: /builds/out/target/product/trlteduoszh/recovery/root/sbin/teamwin[0m
[36mtarget thumb C++:[0m recovery <= bootable/recovery/twrp.cpp
[36mtarget thumb C++:[0m recovery <= bootable/recovery/fixContexts.cpp
[36mtarget thumb C++:[0m recovery <= bootable/recovery/twrpTar.cpp
bootable/recovery/twrpTar.cpp: In member function 'int twrpTar::createTar()':
bootable/recovery/twrpTar.cpp:964:57: warning: extended initializer lists only available with -std=c++11 or -std=gnu++11 [enabled by default]
     tar_type = { open, close, read, write_tar_no_buffer };
                                                         ^
bootable/recovery/twrpTar.cpp:964:14: warning: extended initializer lists only available with -std=c++11 or -std=gnu++11 [enabled by default]
     tar_type = { open, close, read, write_tar_no_buffer };
              ^
bootable/recovery/twrpTar.cpp:1024:56: warning: extended initializer lists only available with -std=c++11 or -std=gnu++11 [enabled by default]
    tar_type = { open, close, read, write_tar_no_buffer };
                                                        ^
bootable/recovery/twrpTar.cpp:1024:13: warning: extended initializer lists only available with -std=c++11 or -std=gnu++11 [enabled by default]
    tar_type = { open, close, read, write_tar_no_buffer };
             ^
bootable/recovery/twrpTar.cpp:1074:56: warning: extended initializer lists only available with -std=c++11 or -std=gnu++11 [enabled by default]
    tar_type = { open, close, read, write_tar_no_buffer };
                                                        ^
bootable/recovery/twrpTar.cpp:1074:13: warning: extended initializer lists only available with -std=c++11 or -std=gnu++11 [enabled by default]
    tar_type = { open, close, read, write_tar_no_buffer };
             ^
bootable/recovery/twrpTar.cpp:1086:45: warning: extended initializer lists only available with -std=c++11 or -std=gnu++11 [enabled by default]
   tar_type = { open, close, read, write_tar };
                                             ^
bootable/recovery/twrpTar.cpp:1086:12: warning: extended initializer lists only available with -std=c++11 or -std=gnu++11 [enabled by default]
   tar_type = { open, close, read, write_tar };
            ^
bootable/recovery/twrpTar.cpp:1089:56: warning: extended initializer lists only available with -std=c++11 or -std=gnu++11 [enabled by default]
    tar_type = { open, close, read, write_tar_no_buffer };
                                                        ^
bootable/recovery/twrpTar.cpp:1089:13: warning: extended initializer lists only available with -std=c++11 or -std=gnu++11 [enabled by default]
    tar_type = { open, close, read, write_tar_no_buffer };
             ^
[36mtarget thumb C++:[0m recovery <= bootable/recovery/twrpDU.cpp
[36mtarget thumb C++:[0m recovery <= bootable/recovery/twrpDigest.cpp
[36mtarget thumb C++:[0m recovery <= bootable/recovery/find_file.cpp
[36mtarget thumb C++:[0m recovery <= bootable/recovery/infomanager.cpp
[36mtarget thumb C++:[0m recovery <= bootable/recovery/data.cpp
[36mtarget thumb C++:[0m recovery <= bootable/recovery/partition.cpp
[36mtarget thumb C++:[0m recovery <= bootable/recovery/partitionmanager.cpp
In file included from bootable/recovery/partition.cpp:40:0:
bootable/recovery/partition.cpp: In member function 'bool TWPartition::Mount(bool)':
bootable/recovery/twcommon.h:11:54: warning: format '%x' expects argument of type 'unsigned int', but argument 5 has type 'long unsigned int' [-Wformat=]
 #define LOGINFO(...) fprintf(stdout, "I:" __VA_ARGS__)
                                                      ^
bootable/recovery/partition.cpp:1241:5: note: in expansion of macro 'LOGINFO'
     LOGINFO("Actual block device: '%s', current file system: '%s', flags: 0x%8x, options: '%s'\n", Actual_Block_Device.c_str(), Current_File_System.c_str(), flags, Mount_Options.c_str());
     ^
[36mtarget thumb C++:[0m recovery <= bootable/recovery/progresstracking.cpp
[36mtarget thumb C++:[0m recovery <= bootable/recovery/twinstall.cpp
[36mtarget thumb C++:[0m recovery <= bootable/recovery/twrp-functions.cpp
[36mtarget thumb C++:[0m recovery <= bootable/recovery/openrecoveryscript.cpp
[36mtarget thumb C:[0m recovery <= bootable/recovery/digest/md5.c
[36mtarget thumb C:[0m recovery <= bootable/recovery/tarWrite.c
[36mtarget Executable:[0m recovery (/builds/out/target/product/trlteduoszh/obj/EXECUTABLES/recovery_intermediates/LINKED/recovery)
[36mtarget Symbolic:[0m recovery (/builds/out/target/product/trlteduoszh/symbols/recovery/root/sbin/recovery)
[36mtarget Strip:[0m recovery (/builds/out/target/product/trlteduoszh/obj/EXECUTABLES/recovery_intermediates/recovery)
[32mInstall: /builds/out/target/product/trlteduoszh/recovery/root/sbin/recovery[0m
  GEN     /builds/out/target/product/trlteduoszh/obj/KERNEL_OBJ/Makefile
  CHK     include/generated/uapi/linux/version.h
  CHK     include/generated/utsrelease.h
  UPD     include/generated/utsrelease.h
  Using /builds/omni-5.1/kernel/samsung/trlteduoszh as source for kernel
  HOSTCC  scripts/genksyms/genksyms.o
  CC      scripts/mod/empty.o
  HOSTCC  scripts/dtc/checks.o
  HOSTCC  scripts/selinux/genheaders/genheaders
  HOSTCC  scripts/mod/mk_elfconfig
  CC      scripts/mod/devicetable-offsets.s
  HOSTCC  scripts/selinux/mdp/mdp
  MKELF   scripts/mod/elfconfig.h
  GEN     scripts/mod/devicetable-offsets.h
  HOSTCC  scripts/mod/modpost.o
  HOSTCC  scripts/kallsyms
  SHIPPED scripts/genksyms/lex.lex.c
  SHIPPED scripts/genksyms/keywords.hash.c
  HOSTCC  scripts/dtc/data.o
  SHIPPED scripts/genksyms/parse.tab.h
  SHIPPED scripts/genksyms/parse.tab.c
  HOSTCC  scripts/genksyms/lex.lex.o
  SHIPPED scripts/dtc/dtc-lexer.lex.c
  SHIPPED scripts/dtc/dtc-parser.tab.h
  SHIPPED scripts/dtc/dtc-parser.tab.c
  HOSTCC  scripts/dtc/dtc.o
  HOSTCC  scripts/mod/sumversion.o
  HOSTCC  scripts/dtc/flattree.o
  HOSTCC  scripts/genksyms/parse.tab.o
  HOSTCC  scripts/mod/file2alias.o
  HOSTCC  scripts/dtc/fstree.o
  HOSTCC  scripts/sortextable
  HOSTLD  scripts/genksyms/genksyms
  HOSTCC  scripts/dtc/livetree.o
  HOSTCC  scripts/dtc/srcpos.o
  HOSTCC  scripts/dtc/treesource.o
  HOSTCC  scripts/dtc/util.o
  HOSTCC  scripts/dtc/dtc-lexer.lex.o
  HOSTCC  scripts/dtc/dtc-parser.tab.o
  HOSTLD  scripts/mod/modpost
  HOSTLD  scripts/dtc/dtc
  Generating include/generated/mach-types.h
  CC      kernel/bounds.s
  GEN     include/generated/bounds.h
  CC      arch/arm/kernel/asm-offsets.s
  GEN     include/generated/asm-offsets.h
  CALL    /builds/omni-5.1/kernel/samsung/trlteduoszh/scripts/checksyscalls.sh
  CC      init/main.o
  CHK     include/generated/compile.h
  CC      init/do_mounts.o
  UPD     include/generated/compile.h
  HOSTCC  usr/gen_init_cpio
  CC      init/do_mounts_rd.o
  CC      arch/arm/vfp/vfpmodule.o
  AS      arch/arm/vfp/entry.o
  CC      arch/arm/kernel/elf.o
  AS      arch/arm/vfp/vfphw.o
  CC      init/do_mounts_initrd.o
  CC      arch/arm/vfp/vfpsingle.o
  CC      init/initramfs.o
  CC      arch/arm/vfp/vfpdouble.o
  GEN     usr/initramfs_data.cpio
  AS      arch/arm/kernel/entry-armv.o
  LD      arch/arm/vfp/vfp.o
  AS      usr/initramfs_data.o
  LD      arch/arm/vfp/built-in.o
  CC      init/calibrate.o
  LD      usr/built-in.o
  AS      arch/arm/kernel/entry-common.o
  CC      init/init_task.o
  CC      arch/arm/kernel/irq.o
  CC      arch/arm/mm/dma-mapping.o
  CC      arch/arm/kernel/opcodes.o
  CC      arch/arm/mm/extable.o
  CC      arch/arm/kernel/process.o
  CC      init/version.o
  CC      arch/arm/mm/fault.o
  CC      arch/arm/kernel/ptrace.o
  CC      arch/arm/mm/init.o
  CC      arch/arm/kernel/return_address.o
../../../../../../omni-5.1/kernel/samsung/trlteduoszh/arch/arm/kernel/return_address.c:63:2: warning: #warning "TODO: return_address should use unwind tables" [-Wcpp]
 #warning "TODO: return_address should use unwind tables"
  ^
  CC      arch/arm/common/firmware.o
  LD      arch/arm/common/built-in.o
  CC      arch/arm/mm/iomap.o
  CC      arch/arm/kernel/sched_clock.o
  LD      init/mounts.o
  CC      arch/arm/kernel/setup.o
  LD      init/built-in.o
  CC      arch/arm/mm/fault-armv.o
  LD      arch/arm/net/built-in.o
  CC      arch/arm/mm/flush.o
  CC      arch/arm/mm/idmap.o
  CC      arch/arm/kernel/signal.o
  CC      arch/arm/kernel/stacktrace.o
  CC      arch/arm/kernel/sys_arm.o
  CC      arch/arm/crypto/first_file_asm.o
  CC      arch/arm/mm/ioremap.o
  AS      arch/arm/crypto/aes-armv4.o
  CC      arch/arm/kernel/time.o
  CC      arch/arm/mach-msm/io.o
  CC      arch/arm/crypto/aes_glue.o
  AS      arch/arm/crypto/sha1-armv4-large.o
  CC      arch/arm/mach-msm/dma.o
  CC      arch/arm/crypto/sha1_glue.o
  CC      arch/arm/kernel/traps.o
  CC      arch/arm/crypto/last_file_asm.o
  CC      arch/arm/mm/mmap.o
  LD      arch/arm/crypto/aes-arm.o
  LD      arch/arm/crypto/sha1-arm.o
  LD      arch/arm/crypto/built-in.o
  CC      arch/arm/mm/pgd.o
  CC      arch/arm/mach-msm/memory.o
  CC      arch/arm/mm/mmu.o
  CC      arch/arm/mach-msm/board-dt.o
  CC      kernel/fork.o
  CC      arch/arm/mach-msm/nohlt.o
  CC      arch/arm/kernel/atags_parse.o
  CC      arch/arm/kernel/cpuidle.o
  CC      arch/arm/mach-msm/acpuclock.o
  CC      arch/arm/kernel/armksyms.o
  CC      arch/arm/mach-msm/perf_trace_counters.o
  CC      arch/arm/mm/proc-syms.o
  CC      arch/arm/mach-msm/msm-krait-l2-accessors.o
  CC      kernel/exec_domain.o
  CC      arch/arm/mach-msm/perf_event_msm_krait_l2.o
  CC      arch/arm/kernel/module.o
  CC      arch/arm/mm/alignment.o
  CC      arch/arm/mach-msm/krait-scm.o
  CC      arch/arm/kernel/bios32.o
  CC      arch/arm/mm/highmem.o
  CC      arch/arm/mach-msm/perf_debug.o
  AS      arch/arm/mach-msm/headsmp.o
  CC      kernel/panic.o
  CC      arch/arm/mach-msm/platsmp.o
  CC      arch/arm/mach-msm/hotplug.o
  CC      arch/arm/kernel/isa.o
  AS      arch/arm/mach-msm/idle-v7.o
  AS      arch/arm/kernel/sleep.o
  AS      arch/arm/mm/abort-ev7.o
  CC      arch/arm/mach-msm/jtag-fuse.o
  CC      kernel/printk.o
  CC      arch/arm/kernel/suspend.o
  AS      arch/arm/mm/pabort-v7.o
  AS      arch/arm/mm/cache-v7.o
  CC      arch/arm/kernel/smp.o
  CC      arch/arm/mach-msm/jtag.o
  CC      arch/arm/mm/copypage-v6.o
  CC      arch/arm/kernel/smp_tlb.o
  CC      arch/arm/mm/context.o
  CC      arch/arm/kernel/arch_timer.o
  CC      kernel/cpu.o
  CC      arch/arm/kernel/kprobes.o
  AS      arch/arm/mm/tlb-v7.o
  CC      arch/arm/mach-msm/smd.o
  AS      arch/arm/mm/proc-v7.o
  CC      arch/arm/kernel/kprobes-common.o
  LD      arch/arm/mm/built-in.o
  CC      arch/arm/kernel/patch.o
  CC      kernel/exit.o
  CC      arch/arm/kernel/kprobes-arm.o
  CC      kernel/itimer.o
  CC      arch/arm/kernel/unwind.o
  HZFILE  kernel/hz.bc
  CC      kernel/softirq.o
  CC      arch/arm/mach-msm/smd_debug.o
  CC      arch/arm/mach-msm/smd_private.o
  CC      arch/arm/mach-msm/smd_init_dt.o
  CC      arch/arm/kernel/devtree.o
  CC      arch/arm/kernel/swp_emulate.o
  CC      arch/arm/mach-msm/smsm_debug.o
  CC      arch/arm/kernel/hw_breakpoint.o
  CC      kernel/resource.o
  CC      arch/arm/kernel/perf_event.o
  CC      arch/arm/mach-msm/smp2p.o
  CC      mm/filemap.o
  CC      arch/arm/kernel/perf_event_cpu.o
  CC      kernel/sysctl.o
  CC      arch/arm/mach-msm/smp2p_debug.o
  CC      arch/arm/mach-msm/smp2p_gpio.o
  CC      arch/arm/mach-msm/smp2p_loopback.o
  CC      mm/mempool.o
  CC      arch/arm/kernel/topology.o
  CC      arch/arm/mach-msm/smp2p_test.o
  CC      kernel/sysctl_binary.o
  CC      arch/arm/mach-msm/smp2p_gpio_test.o
  CC      arch/arm/kernel/io.o
  CC      mm/oom_kill.o
  CC      kernel/capability.o
  CC      arch/arm/mach-msm/smp2p_spinlock_test.o
  AS      arch/arm/kernel/hyp-stub.o
  CC      arch/arm/mach-msm/scm-boot.o
  AS      arch/arm/kernel/head.o
  LDS     arch/arm/kernel/vmlinux.lds
  LD      arch/arm/kernel/built-in.o
  CC      kernel/ptrace.o
  CC      arch/arm/mach-msm/scm-xpu.o
  CC      mm/fadvise.o
  CC      arch/arm/mach-msm/peripheral-loader.o
  CC      mm/maccess.o
  CC      mm/page_alloc.o
  CC      fs/open.o
  CC      arch/arm/mach-msm/subsys-pil-tz.o
  CC      kernel/timer.o
  CC      arch/arm/mach-msm/scm-pas.o
  CC      mm/page-writeback.o
  CC      fs/read_write.o
  CC      arch/arm/mach-msm/msm_bus/msm_bus_core.o
  CC      kernel/user.o
  CC      arch/arm/mach-msm/msm_bus/msm_bus_fabric.o
  CC      kernel/signal.o
  CC      fs/file_table.o
  CC      mm/readahead.o
  CC      arch/arm/mach-msm/msm_bus/msm_bus_config.o
  CC      kernel/sys.o
  CC      fs/super.o
  CC      mm/swap.o
  CC      arch/arm/mach-msm/msm_bus/msm_bus_arb.o
  CC      kernel/kmod.o
  CC      fs/char_dev.o
  CC      mm/truncate.o
  CC      arch/arm/mach-msm/msm_bus/msm_bus_bimc.o
  CC      arch/arm/mach-msm/msm_bus/msm_bus_noc.o
  CC      arch/arm/mach-msm/msm_bus/msm_bus_of.o
  CC      kernel/workqueue.o
  CC      fs/stat.o
  CC      mm/vmscan.o
  CC      arch/arm/mach-msm/msm_bus/msm_bus_rpm_smd.o
  CC      arch/arm/mach-msm/msm_bus/msm_bus_id.o
  CC      arch/arm/mach-msm/msm_bus/msm_bus_dbg.o
  CC      fs/exec.o
  CC      kernel/pid.o
  CC      mm/shmem.o
  LD      arch/arm/mach-msm/msm_bus/built-in.o
  CC      arch/arm/mach-msm/qdsp6v2/ultrasound/usf.o
  CC      fs/pipe.o
  CC      arch/arm/mach-msm/qdsp6v2/ultrasound/usfcdev.o
  CC      kernel/task_work.o
  CC      arch/arm/mach-msm/qdsp6v2/ultrasound/q6usm_b.o
  CC      kernel/rcupdate.o
  LD      arch/arm/mach-msm/qdsp6v2/ultrasound/built-in.o
  LD      arch/arm/mach-msm/qdsp6v2/built-in.o
  CC      arch/arm/mach-msm/pm-boot.o
  CC      arch/arm/mach-msm/pm-stats.o
  CC      mm/util.o
  CC      arch/arm/mach-msm/pcie.o
  CC      fs/namei.o
  CC      kernel/extable.o
  CC      kernel/params.o
  CC      mm/mmzone.o
  CC      mm/vmstat.o
  CC      arch/arm/mach-msm/pcie_irq.o
  CC      fs/fcntl.o
  CC      kernel/posix-timers.o
  CC      arch/arm/mach-msm/pcie_phy.o
  CC      arch/arm/mach-msm/board-8084-wifi.o
  CC      mm/backing-dev.o
  CC      kernel/kthread.o
  CC      fs/ioctl.o
  CC      arch/arm/mach-msm/spm-v2.o
  CC      arch/arm/mach-msm/spm_devices.o
  CC      kernel/wait.o
  CC      mm/mm_init.o
  CC      arch/arm/mach-msm/keypad-surf-ffa.o
  CC      fs/readdir.o
  CC      arch/arm/mach-msm/boot_stats.o
  CC      kernel/sys_ni.o
  CC      mm/mmu_context.o
  CC      arch/arm/mach-msm/subsystem_notif.o
  CC      kernel/posix-cpu-timers.o
  CC      kernel/mutex.o
  CC      fs/select.o
  CC      arch/arm/mach-msm/subsystem_restart.o
  CC      mm/percpu.o
  CC      kernel/hrtimer.o
  CC      mm/slab_common.o
  CC      fs/dcache.o
  CC      arch/arm/mach-msm/ramdump.o
  CC      kernel/rwsem.o
  CC      mm/compaction.o
  CC      mm/balloon_compaction.o
  CC      kernel/nsproxy.o
  CC      arch/arm/mach-msm/sysmon.o
  CC      fs/inode.o
  CC      kernel/srcu.o
  CC      arch/arm/mach-msm/board-8084.o
  CC      mm/interval_tree.o
  CC      mm/fremap.o
  CC      kernel/semaphore.o
  CC      fs/attr.o
  CC      arch/arm/mach-msm/board-8084-gpiomux.o
  CC      kernel/notifier.o
  CC      arch/arm/mach-msm/clock-8084.o
  CC      mm/highmem.o
  CC      arch/arm/mach-msm/clock-mdss-8974.o
  CC      fs/bad_inode.o
  CC      arch/arm/mach-msm/krait-regulator.o
  CC      kernel/ksysfs.o
  CC      arch/arm/mach-msm/krait-regulator-pmic.o
  CC      fs/file.o
  CC      mm/madvise.o
  CC      kernel/cred.o
  CC      arch/arm/mach-msm/msm-pm.o
  CC      mm/memory.o
  CC      fs/filesystems.o
  CC      kernel/async.o
  CC      mm/mincore.o
  CC      arch/arm/mach-msm/pm-data.o
  CC      mm/mlock.o
  CC      kernel/range.o
  CC      fs/namespace.o
  CC      kernel/groups.o
  CC      arch/arm/mach-msm/lpm_levels.o
  CC      arch/arm/mach-msm/rpm-smd.o
  CC      mm/mmap.o
  CC      fs/seq_file.o
  CC      kernel/lglock.o
  CC      arch/arm/mach-msm/rpm-smd-debug.o
  CC      mm/mprotect.o
  CC      arch/arm/mach-msm/mpm-of.o
  CC      fs/xattr.o
  CC      mm/mremap.o
  CC      kernel/smpboot.o
  CC      mm/msync.o
  CC      mm/rmap.o
  CC      arch/arm/mach-msm/rpm_stats.o
  CC      kernel/cpu/idle.o
  CC      fs/libfs.o
  CC      arch/arm/mach-msm/rpm_master_stat.o
  LD      kernel/cpu/built-in.o
  CC      kernel/events/core.o
  CC      arch/arm/mach-msm/rpm_log.o
  CC      arch/arm/mach-msm/tz_log.o
  CC      mm/vmalloc.o
  CC      arch/arm/mach-msm/event_timer.o
  CC      arch/arm/mach-msm/ocmem.o
  CC      fs/fs-writeback.o
  CC      arch/arm/mach-msm/ocmem_allocator.o
  CC      kernel/events/ring_buffer.o
  CC      arch/arm/mach-msm/ocmem_notifier.o
  CC      kernel/events/callchain.o
  CC      mm/pagewalk.o
  CC      kernel/events/hw_breakpoint.o
  CC      mm/pgtable-generic.o
  CC      arch/arm/mach-msm/ocmem_sched.o
  CC      mm/process_vm_access.o
  CC      arch/arm/mach-msm/ocmem_api.o
  CC      fs/pnode.o
  CC      mm/init-mm.o
  LD      kernel/events/built-in.o
  CC      mm/bootmem.o
  CC      kernel/irq/irqdesc.o
  CC      fs/splice.o
  CC      arch/arm/mach-msm/ocmem_rdm.o
  CC      arch/arm/mach-msm/ocmem_core.o
  CC      mm/memblock.o
  CC      arch/arm/mach-msm/gpiomux-v2.o
  CC      kernel/irq/handle.o
  CC      mm/bounce.o
  CC      arch/arm/mach-msm/gpiomux.o
  CC      kernel/irq/manage.o
  CC      fs/sync.o
  CC      arch/arm/mach-msm/msm_rq_stats.o
  CC      kernel/irq/spurious.o
  CC      arch/arm/mach-msm/restart.o
  CC      mm/page_io.o
  CC      kernel/irq/resend.o
  CC      kernel/irq/chip.o
  CC      mm/swap_state.o
  CC      fs/utimes.o
  CC      mm/swapfile.o
  CC      fs/stack.o
  CC      arch/arm/mach-msm/cache_erp.o
  CC      kernel/irq/dummychip.o
  CC      arch/arm/mach-msm/hsic_sysmon.o
  CC      fs/fs_struct.o
  CC      kernel/irq/devres.o
  CC      mm/frontswap.o
  CC      fs/statfs.o
  CC      arch/arm/mach-msm/wdog_debug.o
  CC      kernel/irq/autoprobe.o
  CC      arch/arm/mach-msm/msm_mem_hole.o
  CC      mm/zswap.o
  CC      arch/arm/mach-msm/devfreq_cpubw.o
  CC      kernel/irq/irqdomain.o
  CC      mm/dmapool.o
  CC      fs/buffer.o
  CC      arch/arm/mach-msm/board-extcon-connector.o
  CC      mm/slub.o
  CC      kernel/irq/proc.o
  CC      kernel/irq/pm.o
  CC      arch/arm/mach-msm/sec_debug.o
  CC      fs/bio.o
  LD      kernel/irq/built-in.o
  CC      mm/migrate.o
  CC      kernel/power/qos.o
  CC      arch/arm/mach-msm/sec_gaf.o
  CC      fs/block_dev.o
  CC      kernel/power/main.o
  CC      mm/page_isolation.o
  CC      mm/zsmalloc.o
  CC      arch/arm/mach-msm/sec_getlog.o
  CC      fs/direct-io.o
  CC      kernel/power/process.o
  CC      arch/arm/mach-msm/sec_bsp.o
  CC      kernel/power/suspend.o
  LD      mm/built-in.o
  CC      arch/arm/mach-msm/sec_thermistor.o
  CC      arch/arm/mach-msm/apq8084-thermistor.o
  CC      kernel/power/autosleep.o
  CC      arch/arm/mach-msm/board-bluetooth-bcm4358.o
  CC      fs/mpage.o
  CC      arch/arm/mach-msm/board-sprd6500-spi.o
  CC      arch/arm/mach-msm/board-sprd6500-modems.o
  CC      kernel/power/wakelock.o
  CC      kernel/power/suspend_time.o
  LD      arch/arm/mach-msm/built-in.o
  CC      kernel/sched/core.o
  CC      kernel/power/poweroff.o
  CC      kernel/power/wakeup_reason.o
  CC      fs/ioprio.o
  CC      fs/proc_namespace.o
  LD      kernel/power/built-in.o
  CC      kernel/time/timekeeping.o
  CC      fs/configfs/inode.o
  CC      fs/configfs/file.o
  CC      fs/configfs/dir.o
  CC      kernel/sched/clock.o
  CC      kernel/sched/cputime.o
  CC      kernel/time/ntp.o
  CC      kernel/time/clocksource.o
  CC      fs/configfs/symlink.o
  CC      ipc/util.o
  CC      fs/configfs/mount.o
  CC      kernel/sched/idle_task.o
  CC      ipc/msgutil.o
  CC      fs/configfs/item.o
  CC      kernel/time/jiffies.o
  CC      kernel/sched/fair.o
  CC      ipc/msg.o
  CC      kernel/sched/rt.o
  CC      ipc/sem.o
  LD      fs/configfs/configfs.o
  CC      kernel/sched/stop_task.o
  LD      fs/configfs/built-in.o
  CC      fs/debugfs/inode.o
  CC      ipc/shm.o
  CC      kernel/time/timer_list.o
  CC      kernel/sched/sched_avg.o
  CC      kernel/time/timeconv.o
  CC      ipc/ipcns_notifier.o
  CC      ipc/syscall.o
  CC      ipc/ipc_sysctl.o
  CC      fs/debugfs/file.o
  CC      kernel/sched/cpupri.o
  CC      kernel/time/posix-clock.o
  LD      ipc/built-in.o
  CC      fs/devpts/inode.o
  CC      kernel/sched/stats.o
  LD      fs/devpts/devpts.o
  CC      kernel/sched/debug.o
  LD      fs/devpts/built-in.o
  CC      kernel/trace/trace_clock.o
  CC      kernel/sched/cpuacct.o
  LD      kernel/sched/built-in.o
  LD      fs/debugfs/debugfs.o
  LD      fs/debugfs/built-in.o
  CC      kernel/time/alarmtimer.o
  CC      kernel/trace/ring_buffer.o
  CC      fs/ecryptfs/dentry.o
  CC      kernel/time/clockevents.o
  CC      fs/ecryptfs/file.o
  CC      kernel/time/tick-common.o
  CC      kernel/trace/trace.o
  CC      fs/ecryptfs/inode.o
  CC      fs/ecryptfs/main.o
  CC      kernel/time/tick-broadcast.o
  CC      kernel/time/tick-oneshot.o
  CC      kernel/freezer.o
  CC      kernel/time/tick-sched.o
  CC      fs/ecryptfs/super.o
  CC      fs/ecryptfs/mmap.o
  CC      fs/ecryptfs/read_write.o
  CC      kernel/trace/trace_output.o
  CC      fs/ecryptfs/crypto.o
  CC      fs/ecryptfs/keystore.o
  CC      fs/ecryptfs/kthread.o
  CC      kernel/time/timer_stats.o
  CC      kernel/trace/trace_stat.o
  CC      fs/ecryptfs/debug.o
  LD      kernel/time/built-in.o
  CC      kernel/trace/trace_printk.o
  CC      fs/exfat/exfat.o
  CC      fs/ecryptfs/ecryptfs_dek.o
  CC      fs/exfat/exfat_api.o
  CC      fs/ecryptfs/mm.o
  CC      security/keys/gc.o
  CC      security/keys/key.o
  CC      fs/ecryptfs/ecryptfs_sdp_chamber.o
  LD      fs/ecryptfs/ecryptfs.o
  LD      fs/ecryptfs/built-in.o
  CC      fs/exfat/exfat_blkdev.o
  CC      kernel/trace/trace_sched_switch.o
  CC      security/keys/keyring.o
  CC      kernel/trace/trace_cpu_freq_switch.o
  CC      security/keys/keyctl.o
  CC      fs/exfat/exfat_cache.o
  CC      kernel/trace/trace_nop.o
  CC      kernel/trace/blktrace.o
  CC      fs/exfat/exfat_data.o
  CC      security/sdp/dek.o
  CC      security/keys/permission.o
  CC      fs/exfat/exfat_global.o
  CC      fs/exfat/exfat_nls.o
  CC      kernel/trace/trace_events.o
  CC      fs/exfat/exfat_oal.o
  CC      fs/exfat/exfat_upcase.o
  CC      security/keys/process_keys.o
  CC      security/sdp/dek_aes.o
  CC      fs/exfat/exfat_xattr.o
  CC      security/keys/request_key.o
  CC      security/sdp/sdp_mm.o
  CC      fs/exfat/exfat_super.o
  CC      kernel/trace/trace_export.o
  LD      fs/exfat/exfat_core.o
  LD      fs/exfat/exfat_fs.o
  LD      fs/exfat/built-in.o
  LD      fs/exofs/built-in.o
  CC      kernel/trace/trace_event_perf.o
  CC      fs/ext2/balloc.o
  CC      security/keys/request_key_auth.o
  CC      fs/ext2/dir.o
  CC      security/sdp/pub_crypto_emul.o
  CC      security/keys/user_defined.o
  CC      fs/ext2/file.o
  CC      security/sdp/dek_sysfs.o
  CC      security/sdp/cache_cleanup.o
  CC      fs/ext2/ialloc.o
  CC      kernel/trace/trace_events_filter.o
  CC      security/sdp/kek_pack.o
  CC      fs/ext2/inode.o
  CC      security/keys/proc.o
  CC      security/sdp/fs_handler.o
  CC      fs/ext2/ioctl.o
  CC      security/keys/sysctl.o
  CC      fs/ext2/namei.o
  CC      security/sdp/sdp_dlp.o
  LD      security/keys/built-in.o
  CC      kernel/trace/trace_kprobe.o
  LD      security/sdp/built-in.o
  CC      fs/ext2/super.o
  CC      kernel/trace/power-traces.o
  CC      fs/ext3/balloc.o
  GEN     security/selinux/flask.h security/selinux/av_permissions.h
  CC      security/selinux/avc.o
  CC      fs/ext2/symlink.o
  CC      fs/ext3/bitmap.o
  CC      fs/ext2/xattr.o
  CC      security/selinux/hooks.o
  CC      fs/ext3/dir.o
  CC      fs/ext2/xattr_user.o
  CC      security/selinux/selinuxfs.o
  CC      fs/ext3/file.o
  CC      fs/ext2/xattr_trusted.o
  CC      fs/ext3/fsync.o
  CC      security/selinux/netlink.o
  CC      fs/ext2/xattr_security.o
  CC      kernel/trace/rpm-traces.o
  LD      fs/ext2/ext2.o
  CC      fs/ext3/ialloc.o
  CC      security/selinux/nlmsgtab.o
  LD      fs/ext2/built-in.o
  CC      fs/ext3/inode.o
  CC      security/selinux/netif.o
  CC      fs/ext3/ioctl.o
  CC      security/selinux/netnode.o
  CC      fs/ext3/namei.o
  CC      crypto/first_file.o
  CC      kernel/trace/trace_probe.o
  CC      crypto/fips_integrity.o
  CC      security/selinux/netport.o
  CC      fs/ext3/super.o
  CC      kernel/trace/msm_rtb.o
  CC      security/selinux/exports.o
  CC      fs/ext3/symlink.o
  CC      fs/ext3/hash.o
  CC      fs/ext3/resize.o
  CC      crypto/api.o
  CC      kernel/trace/ipc_logging.o
  CC      fs/ext3/ext3_jbd.o
  CC      fs/ext3/xattr.o
  CC      security/selinux/ss/ebitmap.o
  CC      fs/ext3/xattr_user.o
  CC      security/selinux/ss/hashtab.o
  CC      kernel/trace/ipc_logging_debug.o
  CC      fs/ext3/xattr_trusted.o
  CC      security/selinux/ss/symtab.o
  LD      fs/ext3/ext3.o
  CC      crypto/cipher.o
  CC      security/selinux/ss/sidtab.o
  LD      fs/ext3/built-in.o
  CC      fs/ext4/balloc.o
  CC      crypto/compress.o
  CC      security/selinux/ss/avtab.o
  CC      fs/ext4/bitmap.o
  CC      crypto/algapi.o
  LD      kernel/trace/built-in.o
  CC      security/selinux/ss/policydb.o
  CC      kernel/profile.o
  CC      fs/ext4/dir.o
  CC      security/selinux/ss/services.o
  CC      fs/ext4/file.o
  CC      security/selinux/ss/conditional.o
  CC      fs/ext4/fsync.o
  CC      security/selinux/ss/mls.o
  CC      fs/ext4/ialloc.o
  CC      crypto/scatterwalk.o
  CC      kernel/stacktrace.o
  CC      security/selinux/ss/status.o
  CC      fs/ext4/inode.o
  LD      security/selinux/selinux.o
  CC      fs/ext4/page-io.o
  LD      security/selinux/built-in.o
  CC      security/tz_iccc/tz_iccc.o
  CC      kernel/futex.o
  CC      fs/ext4/ioctl.o
  LD      security/tz_iccc/built-in.o
  CC      security/commoncap.o
  CC      kernel/rtmutex.o
  CC      fs/ext4/namei.o
  CC      crypto/proc.o
  CC      security/min_addr.o
  CC      fs/ext4/super.o
  CC      crypto/ablkcipher.o
  CC      security/security.o
  CC      fs/ext4/symlink.o
  CC      kernel/smp.o
  CC      fs/ext4/hash.o
  CC      fs/ext4/resize.o
  CC      kernel/spinlock.o
  CC      security/capability.o
  CC      fs/ext4/extents.o
  CC      security/lsm_audit.o
  CC      crypto/blkcipher.o
  CC      fs/ext4/ext4_jbd2.o
  CC      kernel/uid16.o
  LD      security/built-in.o
  CC      fs/ext4/migrate.o
  CC      kernel/module.o
  CC      fs/ext4/mballoc.o
  CC      fs/f2fs/dir.o
  CC      fs/ext4/block_validity.o
  CC      fs/f2fs/file.o
  CC      crypto/ahash.o
  CC      fs/ext4/move_extent.o
  CC      fs/f2fs/inode.o
  CC      fs/ext4/mmp.o
  CC      kernel/kallsyms.o
  CC      fs/f2fs/namei.o
  CC      fs/ext4/indirect.o
  CC      fs/f2fs/hash.o
  CC      fs/ext4/extents_status.o
  CC      fs/f2fs/super.o
  CC      crypto/shash.o
  CC      fs/ext4/xattr.o
  CC      fs/f2fs/checkpoint.o
  CC      kernel/cgroup.o
  CC      fs/ext4/xattr_user.o
  CC      fs/f2fs/gc.o
  CC      fs/ext4/xattr_trusted.o
  CC      fs/f2fs/data.o
  CC      fs/ext4/inline.o
  CC      crypto/algboss.o
  CC      fs/f2fs/node.o
  CC      fs/ext4/xattr_security.o
  CC      crypto/testmgr.o
  CC      fs/f2fs/segment.o
  LD      fs/ext4/ext4.o
  LD      fs/ext4/built-in.o
  CC      fs/f2fs/recovery.o
  CC      crypto/crypto_wq.o
  CC      fs/f2fs/debug.o
  CC      kernel/cgroup_freezer.o
  CC      kernel/res_counter.o
  CC      fs/f2fs/xattr.o
  CC      kernel/stop_machine.o
  CC      fs/f2fs/acl.o
  LD      fs/f2fs/f2fs.o
  CC      kernel/audit.o
  LD      fs/f2fs/built-in.o
  CC      crypto/fips.o
  CC      fs/fat/cache.o
  CC      fs/fat/dir.o
  LD      crypto/crypto_algapi.o
  CC      block/elevator.o
  CC      kernel/auditfilter.o
  CC      crypto/aead.o
  CC      fs/fat/fatent.o
  CC      kernel/auditsc.o
  CC      block/blk-core.o
  LD      crypto/crypto_blkcipher.o
  CC      crypto/chainiv.o
  CC      fs/fat/file.o
  CC      kernel/audit_watch.o
  CC      crypto/eseqiv.o
  CC      kernel/audit_tree.o
  CC      crypto/seqiv.o
  CC      kernel/kprobes.o
  LD      crypto/crypto_hash.o
  CC      crypto/pcompress.o
  CC      block/blk-tag.o
  CC      fs/fat/inode.o
  CC      kernel/seccomp.o
  CC      kernel/rcutree.o
  LD      crypto/cryptomgr.o
  CC      crypto/hmac.o
  CC      crypto/xcbc.o
  CC      fs/fat/misc.o
  CC      block/blk-sysfs.o
  CC      crypto/crypto_null.o
  CC      block/blk-flush.o
  CC      kernel/relay.o
  CC      crypto/md4.o
  CC      crypto/md5.o
  CC      fs/fat/nfs.o
  CC      crypto/sha1_generic.o
  CC      fs/fat/xattr.o
  CC      fs/fat/namei_msdos.o
  CC      kernel/utsname_sysctl.o
  CC      block/blk-settings.o
  CC      fs/fat/namei_vfat.o
  CC      kernel/tracepoint.o
  LD      fs/fat/fat.o
  LD      fs/fat/vfat.o
  LD      fs/fat/msdos.o
  LD      fs/fat/built-in.o
  CC      crypto/sha256_generic.o
  CC      fs/fuse/dev.o
  CC      kernel/elfcore.o
  CC      kernel/irq_work.o
  CC      block/blk-ioc.o
  CC      crypto/sha512_generic.o
  CC      fs/fuse/dir.o
  CC      fs/fuse/file.o
  CC      kernel/cpu_pm.o
  CC      block/blk-map.o
  BC      kernel/timeconst.h
  CC      kernel/time.o
  CC      crypto/gf128mul.o
  CC      fs/fuse/inode.o
  CC      block/blk-exec.o
  CC      crypto/ecb.o
  LD      kernel/built-in.o
  CC      fs/fuse/control.o
  CC      crypto/cbc.o
  LD      fs/fuse/fuse.o
  CC      crypto/ctr.o
  LD      fs/fuse/built-in.o
  CC      fs/jbd/transaction.o
  CC      block/blk-merge.o
  CC      crypto/gcm.o
  CC      fs/jbd/commit.o
  CC      fs/jbd/recovery.o
  CC      crypto/des_generic.o
  CC      fs/jbd/checkpoint.o
  CC      fs/jbd2/transaction.o
  CC      fs/jbd/revoke.o
  CC      crypto/twofish_generic.o
  CC      fs/jbd/journal.o
  CC      block/blk-softirq.o
  CC      crypto/twofish_common.o
  CC      fs/jbd2/commit.o
  CC      fs/jbd2/recovery.o
  CC      crypto/aes_generic.o
  CC      fs/jbd2/checkpoint.o
  CC      block/blk-timeout.o
  LD      fs/jbd/jbd.o
  LD      fs/jbd/built-in.o
  CC      fs/jbd2/revoke.o
  CC      crypto/arc4.o
  CC      crypto/deflate.o
  CC      fs/jbd2/journal.o
  CC      fs/nls/nls_base.o
  CC      crypto/crc32c.o
  CC      crypto/authenc.o
  CC      block/blk-iopoll.o
  CC      fs/nls/nls_cp437.o
  CC      crypto/authencesn.o
  CC      fs/nls/nls_ascii.o
  CC      crypto/lzo.o
  CC      fs/nls/nls_iso8859-1.o
  CC      crypto/rng.o
  CC      fs/nls/nls_utf8.o
  CC      block/blk-lib.o
  LD      fs/nls/built-in.o
  CC      crypto/krng.o
  LD      fs/jbd2/jbd2.o
  LD      fs/jbd2/built-in.o
  CC      block/ioctl.o
  CC      fs/notify/fsnotify.o
  CC      crypto/drbg.o
  CC      crypto/tcrypt.o
  CC      crypto/ghash-generic.o
  CC      fs/notify/notification.o
  CC      crypto/last_file.o
  CC      block/genhd.o
  LD      crypto/crypto.o
  LD      crypto/built-in.o
  CC      fs/notify/group.o
  CC      fs/proc/task_mmu.o
  CC      fs/notify/inode_mark.o
  CC      fs/proc/inode.o
  CC      fs/notify/mark.o
  CC      fs/proc/root.o
  CC      block/scsi_ioctl.o
  LD      drivers/amba/built-in.o
  CC      fs/proc/base.o
  CC      fs/notify/vfsmount_mark.o
  CC      drivers/ata/libata-core.o
  CC      fs/notify/fdinfo.o
  CC      fs/proc/generic.o
  CC      fs/notify/dnotify/dnotify.o
  CC      block/partition-generic.o
  LD      fs/notify/dnotify/built-in.o
  LD      fs/notify/fanotify/built-in.o
  CC      fs/notify/inotify/inotify_fsnotify.o
  CC      fs/notify/inotify/inotify_user.o
  CC      fs/proc/array.o
  LD      fs/notify/inotify/built-in.o
  LD      fs/notify/built-in.o
  CC      fs/proc/fd.o
  CC      block/partitions/check.o
  CC      fs/proc/proc_tty.o
  CC      block/partitions/msdos.o
  CC      fs/proc/cmdline.o
  CC      drivers/ata/libata-scsi.o
  CC      drivers/ata/libata-eh.o
  CC      block/partitions/efi.o
  CC      fs/proc/consoles.o
  CC      fs/proc/cpuinfo.o
  LD      block/partitions/built-in.o
  CC      block/bsg.o
  CC      fs/proc/devices.o
  CC      fs/proc/interrupts.o
  CC      fs/proc/loadavg.o
  CC      block/noop-iosched.o
  CC      fs/proc/meminfo.o
  CC      drivers/ata/libata-transport.o
  LD      drivers/auxdisplay/built-in.o
  CC      fs/proc/stat.o
  CC      fs/pstore/inode.o
  CC      drivers/ata/libata-sff.o
  CC      block/deadline-iosched.o
  CC      fs/proc/uptime.o
  CC      fs/pstore/platform.o
  CC      block/row-iosched.o
  CC      fs/proc/version.o
  CC      fs/proc/softirqs.o
  CC      block/cfq-iosched.o
  LD      fs/pstore/pstore.o
  CC      fs/proc/namespaces.o
  LD      fs/pstore/built-in.o
  CC      fs/proc/self.o
  CC      block/test-iosched.o
  CC      fs/proc/stlog.o
  CC      drivers/ata/libata-pmp.o
  CC      sound/sound_core.o
  LD      block/built-in.o
  CC      drivers/ata/ahci_platform.o
  CC      fs/proc/proc_sysctl.o
  CC      drivers/ata/libahci.o
  MKDIR   firmware/tsp_stm
  LD      sound/arm/built-in.o
  MKDIR   firmware/tkey
  MKDIR   firmware/epen
  MKDIR   firmware/ice40xx
  MK_FW   firmware/ssp_crashed_at.fw.gen.S
  LD      sound/atmel/built-in.o
  IHEX    firmware/ssp_crashed_at.fw
  MK_FW   firmware/ssp_at_tr.fw.gen.S
  IHEX    firmware/ssp_at_tr.fw
  CC      sound/core/compress_offload.o
  MK_FW   firmware/tsp_stm/stm_tr.fw.gen.S
  IHEX    firmware/tsp_stm/stm_tr.fw
  MK_FW   firmware/tkey/tr_cypress_tkey.fw.gen.S
  IHEX    firmware/tkey/tr_cypress_tkey.fw
  MK_FW   firmware/epen/W9012_tr.bin.gen.S
  IHEX    firmware/epen/W9012_tr.bin
  MK_FW   firmware/epen/W9012_tr_239.bin.gen.S
  IHEX    firmware/epen/W9012_tr_239.bin
  MK_FW   firmware/ice40xx/i2c_top_bitmap_1.fw.gen.S
  IHEX    firmware/ice40xx/i2c_top_bitmap_1.fw
  MK_FW   firmware/ice40xx/i2c_top_bitmap_2.fw.gen.S
  IHEX    firmware/ice40xx/i2c_top_bitmap_2.fw
  AS      firmware/ssp_crashed_at.fw.gen.o
  AS      firmware/ssp_at_tr.fw.gen.o
  AS      firmware/tsp_stm/stm_tr.fw.gen.o
  CC      fs/proc/proc_net.o
  AS      firmware/tkey/tr_cypress_tkey.fw.gen.o
  AS      firmware/epen/W9012_tr.bin.gen.o
  CC      sound/core/hwdep.o
  CC      drivers/ata/ahci_msm.o
  AS      firmware/epen/W9012_tr_239.bin.gen.o
  LD      drivers/ata/libata.o
  AS      firmware/ice40xx/i2c_top_bitmap_1.fw.gen.o
  LD      drivers/ata/built-in.o
  AS      firmware/ice40xx/i2c_top_bitmap_2.fw.gen.o
  CC      drivers/base/core.o
  LD      firmware/built-in.o
  CC      fs/proc/kmsg.o
  CC      drivers/base/bus.o
  CC      sound/core/memalloc.o
  CC      fs/proc/page.o
  LD      fs/proc/proc.o
  LD      fs/proc/built-in.o
  LD      fs/quota/built-in.o
  CC      fs/ramfs/inode.o
  CC      fs/scfs/scfs.o
  CC      fs/ramfs/file-mmu.o
  CC      fs/scfs/super.o
  LD      fs/ramfs/ramfs.o
  LD      fs/ramfs/built-in.o
  CC      sound/core/pcm.o
  CC      fs/scfs/file.o
  CC      drivers/base/dd.o
  CC      fs/sdcardfs/dentry.o
  CC      fs/scfs/inode.o
  CC      fs/sdcardfs/file.o
  CC      fs/scfs/mmap.o
  CC      fs/sdcardfs/inode.o
  CC      fs/scfs/compress.o
  CC      sound/core/pcm_native.o
  CC      fs/sdcardfs/main.o
  CC      drivers/base/syscore.o
  LD      fs/scfs/scfs_all.o
  LD      fs/scfs/built-in.o
  CC      fs/sdcardfs/super.o
  CC      fs/sysfs/inode.o
  CC      fs/sdcardfs/lookup.o
  CC      fs/sysfs/file.o
  CC      drivers/base/driver.o
  CC      fs/sdcardfs/mmap.o
  CC      sound/core/pcm_lib.o
  CC      fs/sdcardfs/packagelist.o
  CC      fs/sdcardfs/derived_perm.o
  CC      drivers/base/class.o
  CC      fs/sysfs/dir.o
  CC      fs/sdcardfs/xattr.o
  CC      sound/core/pcm_timer.o
  LD      fs/sdcardfs/sdcardfs.o
  LD      fs/sdcardfs/built-in.o
  CC      sound/core/pcm_misc.o
  CC      drivers/battery/sec_battery.o
  CC      drivers/base/platform.o
  CC      fs/sysfs/symlink.o
  CC      drivers/battery/sec_board-8084.o
  CC      drivers/battery/max77843_fuelgauge.o
  CC      drivers/base/cpu.o
  CC      drivers/battery/max77843_charger.o
  CC      fs/sysfs/mount.o
  CC      sound/core/pcm_memory.o
  LD      drivers/battery/built-in.o
  CC      sound/core/rawmidi.o
  CC      drivers/base/firmware.o
  CC      fs/sysfs/bin.o
  CC      fs/sysfs/group.o
  CC      sound/core/timer.o
  CC      drivers/base/init.o
  CC      drivers/base/map.o
  CC      drivers/base/devres.o
  CC      drivers/block/brd.o
  LD      fs/sysfs/built-in.o
  CC      fs/eventpoll.o
  CC      drivers/block/loop.o
  CC      sound/core/sound.o
  CC      fs/anon_inodes.o
  CC      drivers/base/attribute_container.o
  LD      drivers/block/built-in.o
  CC      drivers/base/transport_class.o
  CC      sound/core/init.o
  CC      fs/signalfd.o
  CC      drivers/base/topology.o
  CC      fs/timerfd.o
  CC      drivers/base/dma-contiguous.o
  CC      fs/eventfd.o
  CC      net/socket.o
  CC      drivers/base/dma-removed.o
  CC      sound/core/memory.o
  CC      fs/aio.o
  CC      sound/core/info.o
  CC      drivers/base/power/sysfs.o
  CC      drivers/base/power/generic_ops.o
  CC      sound/core/control.o
  CC      fs/locks.o
  CC      net/802/p8022.o
  CC      drivers/base/power/common.o
  CC      sound/core/misc.o
  CC      fs/binfmt_script.o
  CC      fs/binfmt_elf.o
  CC      drivers/base/power/qos.o
  CC      fs/mbcache.o
  CC      net/802/psnap.o
  CC      sound/core/device.o
  CC      drivers/base/power/main.o
  CC      fs/posix_acl.o
  CC      sound/core/jack.o
  CC      net/802/stp.o
  CC      drivers/base/power/wakeup.o
  CC      fs/xattr_acl.o
  LD      sound/core/snd.o
  LD      sound/core/snd-hwdep.o
  LD      sound/core/snd-timer.o
  LD      sound/core/snd-pcm.o
  LD      sound/core/snd-page-alloc.o
  LD      sound/core/snd-rawmidi.o
  LD      sound/core/snd-compress.o
  LD      sound/core/built-in.o
  LD      net/802/built-in.o
  CC      net/bluetooth/af_bluetooth.o
  LD      sound/drivers/mpu401/built-in.o
  LD      sound/drivers/opl3/built-in.o
  LD      sound/drivers/opl4/built-in.o
  CC      drivers/base/power/runtime.o
  LD      sound/drivers/pcsp/built-in.o
  LD      sound/drivers/vx/built-in.o
  LD      sound/drivers/built-in.o
  CC      fs/generic_acl.o
  LD      sound/firewire/built-in.o
  LD      sound/i2c/other/built-in.o
  LD      sound/i2c/built-in.o
  CC      fs/coredump.o
  LD      sound/isa/ad1816a/built-in.o
  LD      sound/isa/ad1848/built-in.o
  LD      sound/isa/cs423x/built-in.o
  LD      sound/isa/es1688/built-in.o
  LD      sound/isa/galaxy/built-in.o
  LD      sound/isa/gus/built-in.o
  LD      sound/isa/msnd/built-in.o
  LD      sound/isa/opti9xx/built-in.o
  LD      sound/isa/sb/built-in.o
  LD      sound/isa/wavefront/built-in.o
  CC      drivers/base/power/clock_ops.o
  LD      sound/isa/wss/built-in.o
  LD      sound/isa/built-in.o
  LD      sound/mips/built-in.o
  LD      sound/parisc/built-in.o
  LD      drivers/base/power/built-in.o
  CC      drivers/base/regmap/regmap.o
  LD      sound/pci/ac97/built-in.o
  LD      sound/pci/ali5451/built-in.o
  LD      sound/pci/asihpi/built-in.o
  LD      sound/pci/au88x0/built-in.o
  CC      net/bluetooth/hci_core.o
  LD      sound/pci/aw2/built-in.o
  LD      sound/pci/ca0106/built-in.o
  LD      sound/pci/cs46xx/built-in.o
  LD      sound/pci/cs5535audio/built-in.o
  LD      sound/pci/ctxfi/built-in.o
  LD      sound/pci/echoaudio/built-in.o
  LD      sound/pci/emu10k1/built-in.o
  LD      sound/pci/hda/built-in.o
  CC      fs/drop_caches.o
  LD      sound/pci/ice1712/built-in.o
  LD      sound/pci/korg1212/built-in.o
  LD      sound/pci/lola/built-in.o
  LD      sound/pci/lx6464es/built-in.o
  LD      sound/pci/mixart/built-in.o
  CC      fs/dcookies.o
  LD      sound/pci/nm256/built-in.o
  LD      sound/pci/oxygen/built-in.o
  LD      sound/pci/pcxhr/built-in.o
  LD      sound/pci/riptide/built-in.o
  LD      sound/pci/rme9652/built-in.o
  LD      sound/pci/trident/built-in.o
  LD      sound/pci/vx222/built-in.o
  LD      sound/pci/ymfpci/built-in.o
  LD      sound/pci/built-in.o
  LD      sound/pcmcia/pdaudiocf/built-in.o
  LD      sound/pcmcia/vx/built-in.o
  LD      sound/pcmcia/built-in.o
  CC      drivers/base/regmap/regcache.o
  LD      sound/ppc/built-in.o
  LD      sound/sh/built-in.o
  CC      sound/soc/soc-core.o
  CC      net/bluetooth/hci_conn.o
  LD      fs/built-in.o
  CC      drivers/base/regmap/regcache-rbtree.o
  CC      drivers/base/regmap/regcache-lzo.o
  CC      drivers/base/regmap/regcache-flat.o
  CC      drivers/base/regmap/regmap-debugfs.o
  CC      net/bluetooth/hci_event.o
  CC      drivers/base/regmap/regmap-i2c.o
  CC      drivers/base/regmap/regmap-spi.o
  CC      net/bluetooth/mgmt.o
  CC      sound/soc/soc-dapm.o
  CC      net/bluetooth/hci_sock.o
  CC      sound/soc/soc-jack.o
  CC      net/bluetooth/hci_sysfs.o
  LD      drivers/base/regmap/built-in.o
  CC      drivers/base/dma-mapping.o
  CC      drivers/base/dma-coherent.o
  CC      sound/soc/soc-cache.o
  CC      sound/soc/soc-utils.o
  CC      net/bluetooth/l2cap_core.o
  CC      drivers/base/dma-buf.o
  CC      drivers/base/firmware_class.o
  CC      sound/soc/soc-pcm.o
  CC      drivers/base/module.o
  CC      net/bluetooth/l2cap_sock.o
  CC      net/bluetooth/smp.o
  CC      drivers/base/soc.o
  CC      drivers/base/pinctrl.o
  LD      drivers/base/built-in.o
  CC      sound/soc/soc-compress.o
  LD      arch/arm/lib/built-in.o
  AS      arch/arm/lib/ashldi3.o
  CC      drivers/bluetooth/bluesleep.o
  CC      sound/soc/soc-io.o
  AS      arch/arm/lib/ashrdi3.o
  LD      drivers/bluetooth/built-in.o
  CC      net/bluetooth/sco.o
  LD      drivers/bus/built-in.o
  AS      arch/arm/lib/backtrace.o
  LD      drivers/cdrom/built-in.o
  CC      drivers/char/mem.o
  AS      arch/arm/lib/call_with_stack.o
  CC      net/bluetooth/lib.o
  CC      drivers/char/random.o
  AS      arch/arm/lib/changebit.o
  AS      arch/arm/lib/clear_user.o
  LD      sound/soc/atmel/built-in.o
  LD      sound/soc/au1x/built-in.o
  AS      arch/arm/lib/clearbit.o
  LD      sound/soc/blackfin/built-in.o
  LD      sound/soc/cirrus/built-in.o
  CC      sound/soc/codecs/msm_hdmi_codec_rx.o
  AS      arch/arm/lib/copy_from_user.o
  AS      arch/arm/lib/copy_page.o
  CC      drivers/char/misc.o
  CC      sound/soc/codecs/max98504.o
  CC      net/bluetooth/a2mp.o
  AS      arch/arm/lib/copy_to_user.o
  CC      sound/soc/codecs/maxim_dsm.o
  CC      net/bluetooth/amp.o
  AS      arch/arm/lib/csumipv6.o
  CC      sound/soc/codecs/msm_stub.o
  AS      arch/arm/lib/csumpartial.o
  LD      net/bluetooth/bluetooth.o
  CC      drivers/char/diag/diagchar_core.o
  AS      arch/arm/lib/csumpartialcopy.o
  LD      net/bluetooth/built-in.o
  CC      sound/soc/codecs/wcd_cpe_services.o
  CC      drivers/char/diag/diagchar_hdlc.o
  AS      arch/arm/lib/csumpartialcopyuser.o
  CC      net/bridge/br.o
  CC      sound/soc/codecs/wcd_cpe_core.o
  AS      arch/arm/lib/delay-loop.o
  CC      drivers/char/diag/diagfwd.o
  CC      net/bridge/br_device.o
  CC      arch/arm/lib/delay.o
  CC      drivers/char/diag/diagmem.o
  CC      net/bridge/br_fdb.o
  CC      drivers/char/diag/diagfwd_cntl.o
  CC      net/bridge/br_forward.o
  CC      drivers/char/diag/diag_dci.o
  AS      arch/arm/lib/div64.o
  CC      sound/soc/codecs/wcd9320.o
  CC      drivers/char/diag/diag_masks.o
  CC      net/bridge/br_if.o
  AS      arch/arm/lib/findbit.o
  CC      drivers/char/diag/diag_debugfs.o
  AS      arch/arm/lib/getuser.o
  CC      net/bridge/br_input.o
  AS      arch/arm/lib/io-readsb.o
  CC      drivers/char/diag/diagfwd_bridge.o
  AS      arch/arm/lib/io-readsl.o
  CC      drivers/char/diag/diagfwd_hsic.o
  AS      arch/arm/lib/io-readsw-armv4.o
  CC      drivers/char/diag/diagfwd_smux.o
  AS      arch/arm/lib/io-writesb.o
  CC      sound/soc/codecs/wcd9320-tables.o
  LD      drivers/char/diag/diagchar.o
  AS      arch/arm/lib/io-writesl.o
  LD      drivers/char/diag/built-in.o
  CC      drivers/char/hw_random/core.o
  CC      sound/soc/codecs/wcd9330.o
  AS      arch/arm/lib/io-writesw-armv4.o
  CC      net/bridge/br_ioctl.o
  AS      arch/arm/lib/lib1funcs.o
  CC      net/bridge/br_notify.o
  AS      arch/arm/lib/lshrdi3.o
  AS      arch/arm/lib/memchr.o
  CC      drivers/char/hw_random/msm_rng.o
  CC      net/bridge/br_stp.o
  AS      arch/arm/lib/memcpy.o
  AS      arch/arm/lib/memmove.o
  CC      net/bridge/br_stp_bpdu.o
  CC      sound/soc/codecs/wcd9330-tables.o
  AS      arch/arm/lib/memset.o
  CC      net/bridge/br_stp_if.o
  CC      drivers/char/hw_random/fips_drbg.o
  CC      sound/soc/codecs/wcdcal-hwdep.o
  AS      arch/arm/lib/memzero.o
  CC      drivers/char/hw_random/ctr_drbg.o
  CC      net/bridge/br_stp_timer.o
  AS      arch/arm/lib/muldi3.o
  AS      arch/arm/lib/putuser.o
  CC      drivers/char/hw_random/msm_fips_selftest.o
  CC      net/bridge/br_netlink.o
  LD      drivers/char/hw_random/rng-core.o
  AS      arch/arm/lib/setbit.o
  LD      drivers/char/hw_random/built-in.o
  CC      drivers/char/adsprpc.o
  AS      arch/arm/lib/strchr.o
  CC      sound/soc/codecs/wcd9xxx-resmgr.o
  CC      net/bridge/br_sysfs_if.o
  CC      drivers/char/msm_smd_pkt.o
  AS      arch/arm/lib/strrchr.o
  CC      sound/soc/codecs/wcd9xxx-mbhc.o
  CC      net/bridge/br_sysfs_br.o
  LD      drivers/char/built-in.o
  AS      arch/arm/lib/testchangebit.o
  CC      drivers/clk/clk-devres.o
  AS      arch/arm/lib/testclearbit.o
  CC      net/bridge/br_netfilter.o
  AS      arch/arm/lib/testsetbit.o
  CC      net/bridge/br_multicast.o
  AS      arch/arm/lib/ucmpdi2.o
  CC      drivers/clk/clkdev.o
  AR      arch/arm/lib/lib.a
  CC      net/bridge/br_mdb.o
  CC      sound/soc/codecs/wcd9xxx-common.o
  CC      sound/soc/codecs/audience/es705.o
  CC      net/bridge/netfilter/ebtables.o
  CC      drivers/clk/clk.o
  CC      drivers/clk/qcom/clock.o
  LD      sound/sparc/built-in.o
  CC      sound/soc/codecs/audience/es705-platform.o
  CC      drivers/clk/qcom/clock-dummy.o
  CC      net/bridge/netfilter/ebtable_broute.o
  CC      sound/soc/codecs/audience/es705-slim.o
  LD      sound/spi/built-in.o
  CC      drivers/clk/qcom/clock-generic.o
  LD      sound/synth/built-in.o
  CC      sound/soc/codecs/audience/es705-i2s.o
  LD      net/bridge/netfilter/built-in.o
  LD      net/bridge/bridge.o
  CC      drivers/clk/qcom/clock-local2.o
  LD      net/bridge/built-in.o
  CC      drivers/clk/qcom/clock-pll.o
  CC      net/core/sock.o
  CC      net/core/request_sock.o
  CC      drivers/clk/qcom/clock-rpm.o
  CC      drivers/clk/qcom/clock-voter.o
  CC      sound/soc/codecs/audience/es705-i2c.o
  CC      drivers/clk/qcom/clock-debug.o
  CC      sound/soc/codecs/audience/es705-spi.o
  CC      drivers/clk/qcom/clock-krait.o
  CC      sound/soc/codecs/audience/es705-cdev.o
  CC      drivers/clk/qcom/clock-krait-8974.o
  CC      drivers/clk/qcom/gdsc.o
  CC      sound/soc/codecs/audience/es705-uart.o
  LD      drivers/clk/qcom/mdss/built-in.o
  CC      sound/soc/codecs/audience/es705-uart-common.o
  LD      drivers/clk/qcom/built-in.o
  CC      net/ethernet/eth.o
  LD      drivers/clk/built-in.o
  CC      net/core/skbuff.o
  CC      drivers/clocksource/clksrc-of.o
  LD      sound/soc/codecs/audience/snd-soc-es705.o
  LD      sound/soc/codecs/audience/built-in.o
  CC      drivers/clocksource/arm_arch_timer.o
  LD      sound/soc/codecs/snd-soc-max98504.o
  LD      sound/soc/codecs/snd-soc-maxim-dsm.o
  LD      sound/soc/codecs/snd-soc-wcd9320.o
  LD      sound/soc/codecs/snd-soc-wcd9330.o
  LD      sound/soc/codecs/snd-soc-wcd9xxx.o
  LD      sound/soc/codecs/snd-soc-wcd-cpe.o
  LD      sound/soc/codecs/snd-soc-msm-stub.o
  LD      sound/soc/codecs/built-in.o
  LD      sound/soc/davinci/built-in.o
  LD      sound/soc/dwc/built-in.o
  LD      sound/soc/fsl/built-in.o
  LD      sound/soc/generic/built-in.o
  LD      sound/soc/jz4740/built-in.o
  LD      sound/soc/kirkwood/built-in.o
  LD      sound/soc/mid-x86/built-in.o
  CC      sound/soc/msm/apq8084.o
  LD      drivers/clocksource/built-in.o
  CC      drivers/cpufreq/cpufreq.o
  LD      net/ethernet/built-in.o
  CC      net/core/iovec.o
  LD      sound/soc/mxs/built-in.o
  CC      sound/usb/card.o
  CC      sound/usb/clock.o
  CC      drivers/cpufreq/freq_table.o
  CC      sound/usb/endpoint.o
  CC      sound/soc/msm/apq8084-i2s.o
  CC      sound/usb/format.o
  CC      sound/soc/msm/msm-cpe-lsm.o
  CC      net/core/datagram.o
  CC      sound/usb/helper.o
  CC      drivers/cpufreq/cpufreq_stats.o
  CC      sound/soc/msm/msm-pcm-hostless.o
  CC      sound/usb/mixer.o
  CC      sound/soc/msm/msm-dai-fe.o
  CC      sound/usb/mixer_quirks.o
  CC      sound/usb/pcm.o
  CC      sound/soc/msm/qdsp6v2/audio_ocmem.o
  CC      drivers/cpufreq/cpufreq_limit.o
  CC      sound/usb/proc.o
  CC      net/core/stream.o
  CC      sound/soc/msm/qdsp6v2/msm-dai-q6-v2.o
  CC      drivers/cpufreq/cpufreq_performance.o
  CC      sound/usb/quirks.o
  CC      sound/soc/msm/qdsp6v2/msm-pcm-q6-v2.o
  CC      drivers/cpufreq/cpufreq_powersave.o
  CC      sound/usb/stream.o
  CC      drivers/cpufreq/cpufreq_userspace.o
  CC      sound/soc/msm/qdsp6v2/msm-pcm-routing-v2.o
  CC      sound/usb/midi.o
  CC      drivers/cpufreq/cpufreq_ondemand.o
  CC      sound/soc/msm/qdsp6v2/msm-compress-q6-v2.o
  CC      net/core/scm.o
  CC      sound/soc/msm/qdsp6v2/msm-compr-q6-v2.o
  CC      sound/soc/msm/qdsp6v2/msm-multi-ch-pcm-q6-v2.o
  LD      sound/usb/6fire/built-in.o
  LD      sound/usb/caiaq/built-in.o
  LD      sound/usb/misc/built-in.o
  CC      drivers/cpufreq/cpufreq_conservative.o
  LD      sound/usb/usx2y/built-in.o
  LD      sound/usb/snd-usb-audio.o
  CC      sound/soc/msm/qdsp6v2/msm-pcm-lpa-v2.o
  LD      sound/usb/snd-usbmidi-lib.o
  LD      sound/usb/built-in.o
  CC      drivers/cpufreq/cpufreq_interactive.o
  CC      net/core/gen_stats.o
  CC      sound/soc/msm/qdsp6v2/msm-pcm-afe-v2.o
  CC      drivers/cpufreq/cpufreq_governor.o
  CC      drivers/cpufreq/cpu-boost.o
  CC      sound/soc/msm/qdsp6v2/msm-pcm-voip-v2.o
  CC      sound/last.o
  CC      sound/soc/msm/qdsp6v2/msm-pcm-voice-v2.o
  LD      sound/soc/nuc900/built-in.o
  CC      drivers/cpufreq/qcom-cpufreq.o
  CC      sound/soc/msm/qdsp6v2/msm-dai-q6-hdmi-v2.o
  CC      net/core/gen_estimator.o
  CC      drivers/cpufreq/cpufreq_persistent_stats.o
  LD      sound/soc/msm/snd-soc-qdsp6v2.o
  LD      sound/soc/msm/snd-soc-apq8084.o
  CC      sound/soc/msm/qdsp6v2/msm-lsm-client.o
  LD      sound/soc/msm/snd-soc-cpe.o
  LD      sound/soc/msm/snd-soc-hostless-pcm.o
  LD      drivers/cpufreq/built-in.o
  CC      sound/soc/msm/qdsp6v2/msm-pcm-host-voice-v2.o
  CC      drivers/cpuidle/cpuidle.o
  CC      sound/soc/msm/qdsp6v2/msm-audio-effects-q6-v2.o
  CC      net/ipc_router/ipc_router_core.o
  CC      sound/soc/msm/qdsp6v2/msm-pcm-loopback-v2.o
  CC      net/ipc_router/ipc_router_socket.o
  CC      sound/soc/msm/qdsp6v2/msm-pcm-routing-devdep.o
  CC      net/core/net_namespace.o
  CC      drivers/cpuidle/driver.o
  CC      net/ipc_router/ipc_router_security.o
  CC      sound/soc/msm/qdsp6v2/msm-pcm-dtmf-v2.o
  CC      sound/soc/msm/qdsp6v2/msm-dai-stub-v2.o
  CC      sound/soc/msm/qdsp6v2/msm-dolby-dap-config.o
  CC      drivers/cpuidle/governor.o
  CC      drivers/cpuidle/sysfs.o
  CC      sound/soc/msm/qdsp6v2/msm-ds2-dap-config.o
  CC      net/core/secure_seq.o
  CC      drivers/cpuidle/governors/ladder.o
  CC      sound/soc/msm/qdsp6v2/msm-dts-srs-tm-config.o
  CC      drivers/cpuidle/governors/menu.o
  CC      sound/soc/msm/qdsp6v2/msm-qti-pp-config.o
  LD      net/ipc_router/built-in.o
  LD      drivers/cpuidle/governors/built-in.o
  LD      drivers/cpuidle/built-in.o
  LD      drivers/crypto/built-in.o
  CC      net/core/flow_dissector.o
  CC      drivers/devfreq/devfreq.o
  CC      net/ipv4/route.o
  CC      sound/soc/msm/qdsp6v2/q6adm.o
  CC      sound/soc/msm/qdsp6v2/q6afe.o
  CC      drivers/devfreq/governor_simpleondemand.o
  CC      drivers/devfreq/governor_performance.o
  CC      drivers/devfreq/governor_powersave.o
  CC      drivers/devfreq/governor_userspace.o
  CC      drivers/devfreq/governor_msm_adreno_tz.o
  CC      sound/soc/msm/qdsp6v2/q6asm.o
  CC      net/core/sysctl_net_core.o
  CC      net/ipv4/inetpeer.o
  CC      drivers/devfreq/governor_msm_cpufreq.o
  CC      sound/soc/msm/qdsp6v2/q6audio-v2.o
  CC      net/core/dev.o
  CC      drivers/devfreq/krait-l2pm.o
  CC      sound/soc/msm/qdsp6v2/q6voice.o
  CC      drivers/devfreq/governor_bw_hwmon.o
  CC      drivers/devfreq/governor_cache_hwmon.o
  LD      drivers/devfreq/built-in.o
  CC      drivers/esoc/esoc_bus.o
  CC      net/ipv4/protocol.o
  CC      sound/soc/msm/qdsp6v2/q6core.o
  CC      drivers/esoc/esoc_dev.o
  CC      sound/soc/msm/qdsp6v2/audio_acdb.o
  CC      drivers/esoc/esoc_client.o
  CC      net/core/ethtool.o
  CC      net/ipv4/ip_input.o
  CC      drivers/esoc/esoc-mdm-4x.o
  CC      sound/soc/msm/qdsp6v2/rtac.o
  CC      drivers/esoc/esoc-mdm-drv.o
  CC      sound/soc/msm/qdsp6v2/q6lsm.o
  LD      drivers/esoc/built-in.o
  CC      drivers/extcon/extcon-class.o
  CC      sound/soc/msm/qdsp6v2/audio_slimslave.o
  LD      sound/soc/msm/qdsp6v2/ocmem-audio.o
  CC      net/core/dev_addr_lists.o
  LD      sound/soc/msm/qdsp6v2/snd-soc-qdsp6v2.o
  LD      sound/soc/msm/qdsp6v2/built-in.o
  CC      net/ipv4/ip_fragment.o
  LD      sound/soc/msm/built-in.o
  CC      drivers/extcon/extcon-max77828.o
  LD      sound/soc/omap/built-in.o
  LD      sound/soc/pxa/built-in.o
  CC      drivers/extcon/extcon-max77843.o
  LD      sound/soc/s6000/built-in.o
  LD      sound/soc/samsung/built-in.o
  LD      sound/soc/sh/built-in.o
  LD      sound/soc/tegra/built-in.o
  LD      sound/soc/txx9/built-in.o
  LD      sound/soc/ux500/built-in.o
  LD      sound/soc/snd-soc-core.o
  LD      drivers/extcon/built-in.o
  CC      drivers/fingerprint/fingerprint_sysfs.o
  LD      sound/soc/built-in.o
  CC      net/core/dst.o
  LD      sound/soundcore.o
  LD      sound/built-in.o
  CC      net/ipv4/ip_forward.o
  CC      drivers/fingerprint/vfs61xx.o
  CC      net/ipv4/ip_options.o
  CC      net/core/netevent.o
  LD      drivers/fingerprint/built-in.o
  LD      drivers/firewire/built-in.o
  LD      drivers/firmware/built-in.o
  CC      drivers/gpio/devres.o
  CC      net/ipv6/af_inet6.o
  CC      drivers/gpio/gpiolib.o
  CC      net/ipv4/ip_output.o
  CC      net/core/neighbour.o
  CC      net/ipv6/anycast.o
  CC      drivers/gpio/gpiolib-of.o
  CC      net/ipv6/ip6_output.o
  CC      net/core/rtnetlink.o
  CC      net/ipv4/ip_sockglue.o
  CC      drivers/gpio/gpio-msm-common.o
  CC      net/ipv6/ip6_input.o
  CC      drivers/gpio/gpio-msm-v3.o
  CC      net/ipv6/addrconf.o
  CC      drivers/gpio/gpio-pcal6416a.o
  CC      net/core/utils.o
  CC      net/ipv4/inet_hashtables.o
  CC      drivers/gpio/qpnp-pin.o
  CC      net/ipv6/addrlabel.o
  LD      drivers/gpio/built-in.o
  CC      net/ipv4/inet_timewait_sock.o
  CC      net/core/link_watch.o
  LD      drivers/gpu/drm/i2c/built-in.o
  LD      drivers/gpu/drm/built-in.o
  CC      drivers/gpu/gpu_sysfs/gpu_sysfs_main.o
  CC      net/ipv6/route.o
  CC      drivers/gpu/gpu_sysfs/gpu_sysfs_util.o
  CC      drivers/gpu/gpu_sysfs/gpu_sysfs_target_kgsl.o
  LD      drivers/gpu/gpu_sysfs/gpu_sysfs.o
  LD      drivers/gpu/gpu_sysfs/built-in.o
  CC      net/ipv4/inet_connection_sock.o
  CC      drivers/gpu/msm/adreno_ringbuffer.o
  CC      net/core/filter.o
  CC      drivers/gpu/msm/adreno_drawctxt.o
  CC      drivers/gpu/msm/adreno_dispatch.o
  CC      net/ipv6/ip6_fib.o
  CC      drivers/gpu/msm/adreno_snapshot.o
  CC      net/ipv6/ipv6_sockglue.o
  CC      drivers/gpu/msm/adreno_coresight.o
  CC      drivers/gpu/msm/adreno_trace.o
  CC      net/ipv4/tcp.o
  CC      net/core/sock_diag.o
  CC      drivers/gpu/msm/adreno_a3xx.o
  CC      drivers/gpu/msm/adreno_a4xx.o
  CC      drivers/gpu/msm/adreno_a3xx_trace.o
  CC      net/ipv6/ndisc.o
  CC      drivers/gpu/msm/adreno_a3xx_snapshot.o
  CC      drivers/gpu/msm/adreno_a4xx_snapshot.o
  CC      net/ipv4/tcp_input.o
  CC      drivers/gpu/msm/adreno.o
  CC      net/core/dev_ioctl.o
  CC      drivers/gpu/msm/adreno_cp_parser.o
  CC      drivers/gpu/msm/adreno_debugfs.o
  CC      net/ipv6/udp.o
  CC      drivers/gpu/msm/adreno_profile.o
  CC      net/core/flow.o
  CC      drivers/gpu/msm/kgsl.o
  CC      net/ipv4/tcp_output.o
  CC      net/ipv6/udplite.o
  CC      net/core/net-sysfs.o
  CC      net/ipv6/raw.o
  CC      drivers/gpu/msm/kgsl_trace.o
  CC      net/ipv4/tcp_timer.o
  CC      net/core/net-procfs.o
  CC      net/ipv6/icmp.o
  CC      net/core/fib_rules.o
  CC      drivers/gpu/msm/kgsl_sharedmem.o
  CC      net/ipv4/tcp_ipv4.o
  CC      net/ipv6/mcast.o
  CC      net/core/net-traces.o
  CC      net/ipv6/reassembly.o
  CC      drivers/gpu/msm/kgsl_pwrctrl.o
  CC      net/ipv4/tcp_minisocks.o
  CC      drivers/gpu/msm/kgsl_pwrscale.o
  CC      net/ipv6/tcp_ipv6.o
  LD      net/core/built-in.o
  CC      net/ipv6/ping.o
  CC      drivers/gpu/msm/kgsl_mmu.o
  CC      net/ipv4/tcp_cong.o
  CC      net/ipv4/tcp_metrics.o
  CC      drivers/gpu/msm/kgsl_iommu.o
  CC      net/ipv6/exthdrs.o
  CC      drivers/gpu/msm/kgsl_snapshot.o
  CC      net/ipv6/datagram.o
  CC      net/ipv4/tcp_fastopen.o
  CC      drivers/gpu/msm/kgsl_events.o
  CC      net/ipv4/datagram.o
  CC      drivers/gpu/msm/kgsl_debugfs.o
  CC      net/ipv6/ip6_flowlabel.o
  CC      net/key/af_key.o
  CC      drivers/gpu/msm/kgsl_sync.o
  LD      net/key/built-in.o
  LD      drivers/gpu/msm/msm_kgsl_core.o
  LD      drivers/gpu/msm/msm_adreno.o
  CC      net/ipv4/raw.o
  LD      drivers/gpu/msm/built-in.o
  CC      lib/bcd.o
  CC      drivers/gpu/vga/vgaarb.o
  CC      net/ipv6/inet6_connection_sock.o
  CC      lib/div64.o
  CC      lib/sort.o
  CC      net/ipv4/udp.o
  LD      drivers/gpu/vga/built-in.o
  LD      drivers/gpu/built-in.o
  CC      lib/parser.o
  CC      drivers/gud/MobiCoreDriver/logging.o
  CC      net/ipv6/sysctl_net_ipv6.o
  CC      drivers/gud/MobiCoreDriver/ops.o
  CC      net/ipv6/xfrm6_policy.o
  CC      lib/halfmd4.o
  CC      drivers/gud/MobiCoreDriver/mem.o
  CC      net/ipv6/xfrm6_state.o
  CC      drivers/gud/MobiCoreDriver/api.o
  CC      lib/debug_locks.o
  CC      net/ipv4/udplite.o
  CC      net/ipv6/xfrm6_input.o
  CC      lib/random32.o
  CC      drivers/gud/MobiCoreDriver/pm.o
  CC      drivers/gud/MobiCoreDriver/main.o
  CC      lib/bust_spinlocks.o
  CC      drivers/gud/MobiCoreKernelApi/main.o
  CC      lib/hexdump.o
  CC      net/ipv4/arp.o
  CC      drivers/gud/MobiCoreKernelApi/clientlib.o
  CC      lib/kasprintf.o
  CC      net/ipv6/xfrm6_output.o
  CC      lib/bitmap.o
  CC      net/ipv4/icmp.o
  CC      lib/scatterlist.o
  CC      drivers/gud/MobiCoreKernelApi/device.o
  CC      net/ipv6/netfilter.o
  CC      drivers/gud/MobiCoreKernelApi/session.o
  CC      drivers/gud/MobiCoreKernelApi/connection.o
  LD      drivers/gud/mcKernelApi.o
  LD      drivers/gud/mcDrvModule.o
  LD      drivers/gud/built-in.o
  CC      lib/gcd.o
  CC      drivers/hid/hid-lg.o
  CC      net/ipv4/devinet.o
  CC      drivers/hid/hid-lgff.o
  CC      lib/lcm.o
  CC      net/ipv6/fib6_rules.o
  CC      drivers/hid/hid-lg2ff.o
  CC      lib/list_sort.o
  CC      drivers/hid/hid-lg3ff.o
  CC      net/ipv6/proc.o
  CC      drivers/hid/hid-lg4ff.o
  CC      net/ipv6/ah6.o
  CC      drivers/hid/hid-picolcd_core.o
  CC      lib/uuid.o
  CC      drivers/hid/hid-picolcd_debugfs.o
  CC      net/ipv6/esp6.o
  CC      net/ipv4/af_inet.o
  CC      drivers/hid/hid-wiimote-core.o
  CC      lib/flex_array.o
  CC      net/ipv6/ipcomp6.o
  CC      drivers/hid/hid-wiimote-ext.o
  CC      net/ipv6/xfrm6_tunnel.o
  CC      drivers/hid/hid-wiimote-debug.o
  CC      lib/iovec.o
  CC      drivers/hid/hid-debug.o
  CC      lib/bsearch.o
  CC      net/ipv4/igmp.o
  CC      lib/find_last_bit.o
  CC      drivers/hid/hid-core.o
  CC      lib/find_next_bit.o
  CC      net/ipv6/tunnel6.o
  CC      lib/llist.o
  CC      lib/memweight.o
  CC      net/ipv4/fib_frontend.o
  CC      drivers/hid/hid-input.o
  CC      lib/kfifo.o
  CC      net/ipv6/xfrm6_mode_transport.o
  CC      net/ipv6/xfrm6_mode_tunnel.o
  CC      drivers/hid/hidraw.o
  CC      lib/string_helpers.o
  CC      net/ipv6/xfrm6_mode_beet.o
  CC      lib/kstrtox.o
  CC      net/ipv6/mip6.o
  CC      net/ipv4/fib_semantics.o
  CC      net/ipv6/netfilter/ip6_tables.o
  CC      net/ipv4/fib_trie.o
  CC      drivers/hid/uhid.o
  CC      lib/pci_iomap.o
  CC      drivers/hid/hid-generic.o
  CC      drivers/hid/hid-a4tech.o
  CC      drivers/hid/hid-axff.o
  CC      drivers/hid/hid-apple.o
  CC      lib/iomap_copy.o
  CC      drivers/hid/hid-belkin.o
  CC      net/ipv6/netfilter/ip6table_filter.o
  CC      lib/devres.o
  CC      drivers/hid/hid-cherry.o
  CC      net/ipv4/inet_fragment.o
  CC      net/ipv6/netfilter/ip6table_mangle.o
  CC      drivers/hid/hid-chicony.o
  CC      drivers/hid/hid-cypress.o
  CC      net/ipv6/netfilter/ip6table_raw.o
  CC      lib/hweight.o
  CC      drivers/hid/hid-dr.o
  CC      net/ipv6/netfilter/nf_conntrack_l3proto_ipv6.o
  CC      drivers/hid/hid-emsff.o
  CC      lib/bitrev.o
  CC      drivers/hid/hid-elecom.o
  CC      net/ipv6/netfilter/nf_conntrack_proto_icmpv6.o
  CC      net/ipv4/ping.o
  CC      drivers/hid/hid-ezkey.o
  CC      net/ipv6/netfilter/nf_defrag_ipv6_hooks.o
  CC      lib/crc-ccitt.o
  CC      drivers/hid/hid-gyration.o
  CC      drivers/hid/hid-holtek-kbd.o
  CC      drivers/hid/hid-holtekff.o
  CC      lib/crc16.o
  CC      drivers/hid/hid-kensington.o
  CC      drivers/hid/hid-keytouch.o
  CC      net/ipv4/ip_tunnel.o
  CC      drivers/hid/hid-kye.o
  HOSTCC  lib/gen_crc32table
  CC      net/ipv6/netfilter/nf_conntrack_reasm.o
  CC      drivers/hid/hid-lcpower.o
  LD      drivers/hid/hid-logitech.o
  CC      net/ipv6/netfilter/ip6t_REJECT.o
  CC      drivers/hid/hid-logitech-dj.o
  CC      lib/libcrc32c.o
  LD      net/ipv6/netfilter/nf_conntrack_ipv6.o
  LD      net/ipv6/netfilter/nf_defrag_ipv6.o
  CC      drivers/hid/hid-magicmouse.o
  LD      net/ipv6/netfilter/built-in.o
  CC      net/ipv6/sit.o
  CC      drivers/hid/hid-microsoft.o
  CC      lib/genalloc.o
  CC      drivers/hid/hid-monterey.o
  CC      net/ipv6/addrconf_core.o
  CC      net/ipv4/sysctl_net_ipv4.o
  CC      drivers/hid/hid-multitouch.o
  CC      net/ipv4/sysfs_net_ipv4.o
  CC      drivers/hid/hid-ortek.o
  CC      lib/lzo/lzo1x_compress.o
  CC      net/ipv4/proc.o
  CC      drivers/hid/hid-prodikeys.o
  CC      drivers/hid/hid-pl.o
  CC      net/ipv4/fib_rules.o
  CC      lib/lzo/lzo1x_decompress_safe.o
  CC      drivers/hid/hid-petalynx.o
  CC      net/ipv6/exthdrs_core.o
  LD      drivers/hid/hid-picolcd.o
  CC      drivers/hid/hid-primax.o
  CC      drivers/hid/hid-roccat.o
  LD      lib/lzo/lzo_compress.o
  LD      lib/lzo/lzo_decompress.o
  LD      lib/lzo/built-in.o
  CC      lib/zlib_deflate/deflate.o
  CC      lib/zlib_deflate/deftree.o
  CC      net/ipv4/ah4.o
  CC      lib/zlib_deflate/deflate_syms.o
  CC      net/ipv4/esp4.o
  CC      net/ipv6/ip6_checksum.o
  CC      drivers/hid/hid-roccat-common.o
  CC      net/ipv4/ipcomp.o
  LD      lib/zlib_deflate/zlib_deflate.o
  LD      lib/zlib_deflate/built-in.o
  CC      lib/zlib_inflate/inffast.o
  CC      net/ipv4/xfrm4_tunnel.o
  CC      lib/zlib_inflate/inflate.o
  CC      net/ipv4/xfrm4_mode_beet.o
  CC      lib/zlib_inflate/infutil.o
  CC      net/ipv4/tunnel4.o
  CC      drivers/hid/hid-roccat-arvo.o
  CC      lib/zlib_inflate/inftrees.o
  CC      lib/zlib_inflate/inflate_syms.o
  CC      net/ipv6/ip6_icmp.o
  CC      drivers/hid/hid-roccat-isku.o
  CC      drivers/hid/hid-roccat-kone.o
  LD      lib/zlib_inflate/zlib_inflate.o
  LD      lib/zlib_inflate/built-in.o
  CC      lib/textsearch.o
  CC      drivers/hid/hid-roccat-koneplus.o
  CC      drivers/hid/hid-roccat-konepure.o
  CC      lib/ts_kmp.o
  CC      drivers/hid/hid-roccat-kovaplus.o
  CC      net/ipv4/xfrm4_mode_transport.o
  CC      lib/ts_bm.o
  CC      drivers/hid/hid-roccat-lua.o
  CC      net/ipv4/xfrm4_mode_tunnel.o
  CC      net/ipv6/output_core.o
  CC      lib/ts_fsm.o
  CC      drivers/hid/hid-roccat-pyra.o
  CC      lib/percpu_counter.o
  CC      drivers/hid/hid-roccat-savu.o
  CC      drivers/hid/hid-saitek.o
  CC      drivers/hid/hid-ovr.o
  CC      lib/audit.o
  CC      drivers/hid/hid-samsung.o
  CC      lib/syscall.o
  CC      net/ipv4/ipconfig.o
  CC      net/ipv6/protocol.o
  CC      drivers/hid/hid-sjoy.o
  CC      net/ipv4/netfilter.o
  CC      drivers/hid/hid-sony.o
  CC      lib/dynamic_debug.o
  CC      drivers/hid/hid-speedlink.o
  CC      drivers/hid/hid-sunplus.o
  CC      drivers/hid/hid-gaff.o
  CC      drivers/hid/hid-tmff.o
  CC      net/ipv6/ip6_offload.o
  CC      drivers/hid/hid-tivo.o
  CC      net/ipv4/netfilter/nf_conntrack_l3proto_ipv4_compat.o
  CC      net/ipv6/tcpv6_offload.o
  CC      drivers/hid/hid-topseed.o
  CC      lib/nlattr.o
  CC      net/ipv4/netfilter/nf_conntrack_l3proto_ipv4.o
  CC      drivers/hid/hid-twinhan.o
  CC      net/ipv6/udp_offload.o
  CC      drivers/hid/hid-uclogic.o
  CC      drivers/hid/hid-zagg.o
  CC      net/ipv6/exthdrs_offload.o
  CC      drivers/hid/hid-zpff.o
  CC      net/ipv6/inet6_hashtables.o
  CC      lib/average.o
  CC      drivers/hid/hid-zydacron.o
  CC      drivers/hid/hid-waltop.o
  CC      lib/cpu_rmap.o
  CC      net/ipv4/netfilter/nf_conntrack_proto_icmp.o
  LD      drivers/hid/hid-wiimote.o
  CC      drivers/hid/hid-synaptics-bt.o
  CC      net/ipv4/netfilter/nf_nat_l3proto_ipv4.o
  CC      drivers/hid/usbhid/hid-core.o
  CC      lib/dynamic_queue_limits.o
  LD      net/ipv6/ipv6.o
  LD      net/ipv6/built-in.o
  CC      lib/qmi_encdec.o
  CC      drivers/hid/usbhid/hid-quirks.o
  CC      drivers/hid/usbhid/hiddev.o
  CC      net/ipv4/netfilter/nf_nat_proto_icmp.o
  CC      net/ipv4/netfilter/nf_defrag_ipv4.o
  CC      lib/strncpy_from_user.o
  CC      net/l2tp/l2tp_core.o
  LD      drivers/hid/usbhid/usbhid.o
  LD      drivers/hid/usbhid/built-in.o
  LD      drivers/hid/hid.o
  LD      drivers/hid/built-in.o
  CC      lib/strnlen_user.o
  LD      drivers/hsi/clients/built-in.o
  LD      drivers/hsi/built-in.o
  CC      drivers/hwmon/hwmon.o
  CC      lib/argv_split.o
  CC      net/ipv4/netfilter/nf_nat_h323.o
  CC      net/ipv4/netfilter/nf_nat_pptp.o
  CC      net/l2tp/l2tp_ppp.o
  CC      drivers/hwmon/epm_adc.o
  CC      lib/bug.o
  CC      net/ipv4/netfilter/nf_nat_proto_gre.o
  CC      drivers/hwmon/qpnp-adc-voltage.o
  CC      lib/cmdline.o
  CC      net/l2tp/l2tp_netlink.o
  CC      lib/cpumask.o
  CC      drivers/hwmon/qpnp-adc-common.o
  CC      lib/ctype.o
  CC      lib/dec_and_lock.o
  CC      net/ipv4/netfilter/ip_tables.o
  CC      lib/decompress.o
  CC      net/l2tp/l2tp_debugfs.o
  CC      drivers/hwmon/qpnp-adc-current.o
  CC      lib/decompress_bunzip2.o
  LD      net/l2tp/built-in.o
  CC      lib/decompress_inflate.o
  CC      drivers/hwspinlock/hwspinlock_core.o
  CC      lib/decompress_unlzma.o
  CC      lib/dump_stack.o
  LD      drivers/hwmon/built-in.o
  CC      drivers/hwspinlock/msm_remote_spinlock.o
  CC      net/ipv4/netfilter/iptable_filter.o
  CC      drivers/i2c/i2c-boardinfo.o
  CC      net/ipv4/netfilter/iptable_mangle.o
  LD      drivers/hwspinlock/built-in.o
  CC      lib/earlycpio.o
  CC      drivers/i2c/i2c-core.o
  CC      lib/extable.o
  CC      net/ipv4/netfilter/iptable_nat.o
  CC      lib/flex_proportions.o
  LD      drivers/idle/built-in.o
  CC      net/ipv4/netfilter/iptable_raw.o
  CC      net/llc/llc_core.o
  CC      lib/idr.o
  CC      net/ipv4/netfilter/iptable_security.o
  CC      drivers/i2c/i2c-dev.o
  CC      drivers/i2c/algos/i2c-algo-bit.o
  CC      net/ipv4/netfilter/ipt_ah.o
  CC      lib/int_sqrt.o
  CC      net/ipv4/netfilter/ipt_MASQUERADE.o
  CC      lib/ioremap.o
  CC      net/ipv4/netfilter/ipt_REJECT.o
  CC      net/llc/llc_input.o
  LD      drivers/i2c/algos/built-in.o
  CC      net/ipv4/netfilter/arp_tables.o
  CC      drivers/i2c/busses/i2c-gpio.o
  CC      drivers/i2c/busses/i2c-qup.o
  CC      lib/irq_regs.o
  CC      lib/is_single_threaded.o
  CC      net/llc/llc_output.o
  CC      lib/klist.o
  LD      drivers/i2c/busses/built-in.o
  LD      drivers/i2c/muxes/built-in.o
  LD      drivers/i2c/built-in.o
  CC      net/ipv4/netfilter/arpt_mangle.o
  CC      drivers/iio/industrialio-core.o
  CC      net/ipv4/netfilter/arptable_filter.o
  CC      lib/kobject.o
  LD      net/ipv4/netfilter/nf_conntrack_ipv4.o
  LD      net/ipv4/netfilter/nf_nat_ipv4.o
  LD      net/ipv4/netfilter/built-in.o
  CC      net/ipv4/inet_diag.o
  LD      net/llc/llc.o
  LD      net/llc/built-in.o
  CC      lib/kobject_uevent.o
  CC      drivers/iio/industrialio-event.o
  CC      drivers/input/input.o
  CC      drivers/iio/inkern.o
  CC      drivers/input/input-compat.o
  CC      lib/md5.o
  CC      net/ipv4/tcp_diag.o
  CC      net/ipv4/tcp_cubic.o
  CC      lib/plist.o
  CC      drivers/iio/industrialio-buffer.o
  CC      drivers/input/input-mt.o
  CC      lib/prio_heap.o
  CC      net/ipv4/xfrm4_policy.o
  CC      lib/proportions.o
  CC      net/ipv4/xfrm4_state.o
  CC      lib/radix-tree.o
  CC      drivers/input/ff-core.o
  CC      net/ipv4/xfrm4_input.o
  CC      drivers/iio/industrialio-trigger.o
  CC      lib/ratelimit.o
  CC      drivers/iio/kfifo_buf.o
  CC      drivers/input/ff-memless.o
  CC      lib/rbtree.o
  LD      drivers/iio/accel/built-in.o
  LD      drivers/iio/adc/built-in.o
  LD      drivers/iio/amplifiers/built-in.o
  CC      drivers/input/mousedev.o
  CC      lib/reciprocal_div.o
  CC      net/ipv4/xfrm4_output.o
  LD      drivers/iio/common/hid-sensors/built-in.o
  LD      drivers/iio/common/st_sensors/built-in.o
  LD      drivers/iio/common/built-in.o
  LD      drivers/iio/dac/built-in.o
  LD      drivers/iio/frequency/built-in.o
  CC      drivers/input/evdev.o
  LD      drivers/iio/gyro/built-in.o
  LD      drivers/iio/imu/inv_mpu6050/built-in.o
  LD      drivers/iio/imu/built-in.o
  LD      drivers/iio/light/built-in.o
  LD      drivers/iio/magnetometer/built-in.o
  LD      drivers/iio/industrialio.o
  CC      lib/rwsem-spinlock.o
  LD      drivers/iio/built-in.o
  CC      drivers/input/joystick/xpad.o
  CC      drivers/input/keyboard/atkbd.o
  LD      drivers/input/joystick/built-in.o
  CC      drivers/input/keyboard/gpio_keys.o
  CC      net/netfilter/core.o
  CC      drivers/input/keyboard/cypress_touchkey_t/cypress-touchkey.o
  LD      net/ipv4/built-in.o
  CC      lib/sha1.o
  CC      drivers/input/keyboard/cypress_touchkey_t/cy8cmbr_swd.o
  CC      drivers/input/keyboard/cypress_touchkey_t/SWD_PacketLayer.o
  CC      lib/show_mem.o
  CC      drivers/input/keyboard/cypress_touchkey_t/SWD_UpperPacketLayer.o
  CC      lib/string.o
  CC      drivers/input/misc/gpio_event.o
  LD      drivers/input/keyboard/cypress_touchkey_t/built-in.o
  CC      net/netfilter/nf_log.o
  LD      drivers/input/keyboard/built-in.o
  CC      drivers/input/misc/gpio_matrix.o
  CC      lib/timerqueue.o
  CC      drivers/input/serio/serio.o
  CC      drivers/input/misc/gpio_input.o
  CC      drivers/input/misc/gpio_output.o
  CC      lib/vsprintf.o
  CC      drivers/input/misc/gpio_axis.o
  CC      drivers/input/misc/keychord.o
  CC      drivers/input/serio/serport.o
  CC      drivers/input/misc/uinput.o
  CC      net/netfilter/nf_queue.o
  LD      drivers/input/misc/built-in.o
  CC      drivers/input/serio/libps2.o
  CC      drivers/input/touchscreen/stm/fts_ts.o
  CC      drivers/input/touchscreen/stm/fts_fwu.o
  GEN     lib/crc32table.h
  AR      lib/lib.a
  CC      lib/crc32.o
  LD      drivers/input/serio/built-in.o
  CC      drivers/input/keyreset.o
  LD      drivers/input/touchscreen/stm/built-in.o
  CC      drivers/input/touchscreen/wacom/wacom_i2c.o
  CC      net/netlink/af_netlink.o
  CC      drivers/input/touchscreen/wacom/wacom_i2c_flash.o
  CC      drivers/input/touchscreen/wacom/wacom_sec_fac.o
  CC      net/netfilter/nf_sockopt.o
  LD      lib/built-in.o
  LD      drivers/input/touchscreen/wacom/built-in.o
  LD      drivers/input/touchscreen/built-in.o
  CC      net/netfilter/nf_conntrack_core.o
  CC      drivers/input/keycombo.o
  CC      drivers/input/input_booster.o
  LD      drivers/input/input-core.o
  LD      drivers/input/built-in.o
  CC      drivers/iommu/iommu.o
  CC      net/netfilter/nf_conntrack_standalone.o
  CC      net/netlink/genetlink.o
  CC      drivers/iommu/of_iommu.o
  CC      net/netfilter/nf_conntrack_expect.o
  CC      drivers/iommu/msm_iommu.o
  CC      net/netfilter/nf_conntrack_helper.o
  LD      net/netlink/built-in.o
  CC      drivers/irqchip/irqchip.o
  CC      drivers/irqchip/irq-gic.o
  CC      drivers/iommu/msm_iommu_domains.o
  CC      drivers/irqchip/irq-msm.o
  CC      drivers/iommu/msm_iommu-v1.o
  CC      drivers/irqchip/msm_show_resume_irq.o
  LD      drivers/irqchip/built-in.o
  CC      drivers/leds/led-core.o
  CC      net/packet/af_packet.o
  CC      drivers/iommu/msm_iommu_dev-v1.o
  CC      net/netfilter/nf_conntrack_proto.o
  CC      drivers/iommu/msm_iommu_sec.o
  CC      drivers/leds/led-class.o
  CC      drivers/iommu/msm_iommu_pagetable_lpae.o
  LD      drivers/iommu/built-in.o
  CC      drivers/leds/led-triggers.o
  CC      net/netfilter/nf_conntrack_l3proto_generic.o
  LD      drivers/lguest/built-in.o
  CC      net/rfkill/core.o
  LD      net/packet/built-in.o
  CC      net/netfilter/nf_conntrack_proto_generic.o
  LD      drivers/macintosh/built-in.o
  CC      drivers/leds/leds-qpnp.o
  CC      net/netfilter/nf_conntrack_proto_tcp.o
  CC      drivers/leds/leds-max77828-rgb.o
  CC      drivers/leds/leds-max77843-rgb.o
  LD      net/rfkill/rfkill.o
  LD      net/rfkill/built-in.o
  CC      net/rmnet_data/rmnet_data_main.o
  CC      net/rmnet_data/rmnet_data_config.o
  CC      net/netfilter/nf_conntrack_proto_udp.o
  CC      net/rmnet_data/rmnet_data_vnd.o
  CC      drivers/leds/leds-max77828.o
  CC      net/rmnet_data/rmnet_data_handlers.o
  CC      drivers/md/dm-uevent.o
  CC      net/rmnet_data/rmnet_map_data.o
  CC      net/rmnet_data/rmnet_map_command.o
  CC      drivers/leds/leds-mic2873.o
  CC      net/rmnet_data/rmnet_data_stats.o
  CC      net/netfilter/nf_conntrack_extend.o
  LD      net/rmnet_data/rmnet_data.o
  LD      net/rmnet_data/built-in.o
  CC      net/netfilter/nf_conntrack_acct.o
  CC      drivers/md/dm.o
  CC      drivers/leds/trigger/ledtrig-backlight.o
  CC      drivers/leds/trigger/ledtrig-default-on.o
  LD      drivers/leds/trigger/built-in.o
  LD      drivers/leds/built-in.o
  CC      net/netfilter/nf_conntrack_ecache.o
  CC      drivers/md/dm-table.o
  CC      net/sched/sch_generic.o
  CC      net/unix/af_unix.o
  CC      net/netfilter/nf_conntrack_h323_main.o
  CC      net/unix/garbage.o
  CC      drivers/md/dm-target.o
  CC      net/sched/sch_mq.o
  CC      net/unix/sysctl_net_unix.o
  CC      net/sched/sch_api.o
  LD      net/unix/unix.o
  LD      net/unix/built-in.o
  CC      drivers/md/dm-linear.o
  CC      net/netfilter/nf_conntrack_h323_asn1.o
  CC      net/sched/sch_blackhole.o
  CC      net/netfilter/nf_nat_core.o
  CC      drivers/md/dm-stripe.o
  CC      drivers/md/dm-ioctl.o
  CC      net/sched/cls_api.o
  CC      net/wireless/core.o
  CC      drivers/md/dm-io.o
  CC      net/netfilter/nf_nat_proto_unknown.o
  CC      net/sched/act_api.o
  CC      net/netfilter/nf_nat_proto_common.o
  CC      drivers/md/dm-kcopyd.o
  CC      net/wireless/sysfs.o
  CC      net/wireless/radiotap.o
  CC      net/sched/sch_fifo.o
  CC      net/netfilter/nf_nat_proto_udp.o
  CC      drivers/md/dm-sysfs.o
  CC      net/netfilter/nf_nat_proto_tcp.o
  CC      drivers/md/dm-builtin.o
  CC      net/netfilter/nf_nat_helper.o
  CC      net/wireless/util.o
  CC      net/sched/sch_htb.o
  CC      drivers/md/dm-crypt.o
  CC      net/sched/sch_prio.o
  LD      drivers/md/dm-mod.o
  CC      net/netfilter/nfnetlink_queue_core.o
  CC      net/sched/cls_u32.o
  LD      drivers/md/built-in.o
  CC      net/netfilter/nfnetlink.o
  CC      net/sched/cls_fw.o
  LD      drivers/media/common/b2c2/built-in.o
  LD      drivers/media/common/saa7146/built-in.o
  LD      drivers/media/common/siano/built-in.o
  LD      drivers/media/common/built-in.o
  CC      drivers/media/dvb-core/dvbdev.o
  CC      net/sched/cls_flow.o
  CC      net/wireless/reg.o
  CC      net/sched/ematch.o
  CC      drivers/media/dvb-core/dmxdev.o
  LD      net/netfilter/nfnetlink_queue.o
  CC      net/netfilter/nfnetlink_log.o
  CC      net/wireless/scan.o
  CC      drivers/media/dvb-core/dvb_demux.o
  CC      net/sched/em_cmp.o
  CC      net/sched/em_nbyte.o
  CC      net/sched/em_u32.o
  LD      net/netfilter/nf_conntrack.o
  CC      net/netfilter/nf_conntrack_proto_dccp.o
  CC      drivers/media/dvb-core/dvb_filter.o
  CC      net/sched/em_meta.o
  CC      net/wireless/nl80211.o
  CC      net/netfilter/nf_conntrack_proto_gre.o
  CC      net/sched/em_text.o
  LD      net/sched/built-in.o
  CC      drivers/media/dvb-core/dvb_ca_en50221.o
  CC      net/netfilter/nf_conntrack_proto_sctp.o
  CC      net/netfilter/nf_conntrack_proto_udplite.o
  CC      drivers/media/dvb-core/dvb_frontend.o
  CC      net/netfilter/nf_conntrack_netlink.o
  CC      drivers/mfd/mfd-core.o
  CC      net/netfilter/nf_conntrack_amanda.o
  CC      net/wireless/mlme.o
  CC      drivers/mfd/wcd9xxx-core.o
  CC      drivers/media/dvb-core/dvb_net.o
  CC      net/netfilter/nf_conntrack_ftp.o
  CC      drivers/mfd/wcd9xxx-irq.o
  CC      net/wireless/ibss.o
  CC      drivers/media/dvb-core/dvb_ringbuffer.o
  CC      drivers/mfd/wcd9xxx-slimslave.o
  CC      drivers/media/dvb-core/dvb_math.o
  LD      drivers/media/dvb-core/dvb-core.o
  CC      drivers/mfd/wcd9xxx-core-resource.o
  LD      drivers/media/dvb-core/built-in.o
  LD      net/netfilter/nf_conntrack_h323.o
  LD      drivers/media/dvb-frontends/built-in.o
  LD      drivers/media/firewire/built-in.o
  CC      net/netfilter/nf_conntrack_irc.o
  LD      drivers/media/i2c/soc_camera/built-in.o
  CC      net/wireless/sme.o
  LD      drivers/media/i2c/built-in.o
  LD      drivers/media/mmc/siano/built-in.o
  LD      drivers/media/mmc/built-in.o
  LD      drivers/media/parport/built-in.o
  LD      drivers/media/pci/b2c2/built-in.o
  LD      drivers/media/pci/ddbridge/built-in.o
  LD      drivers/media/pci/dm1105/built-in.o
  LD      drivers/media/pci/mantis/built-in.o
  CC      drivers/mfd/max77828.o
  LD      drivers/media/pci/ngene/built-in.o
  LD      drivers/media/pci/pluto2/built-in.o
  LD      drivers/media/pci/pt1/built-in.o
  LD      drivers/media/pci/saa7146/built-in.o
  LD      drivers/media/pci/ttpci/built-in.o
  LD      drivers/media/pci/built-in.o
  LD      drivers/media/platform/davinci/built-in.o
  LD      drivers/media/platform/msm/broadcast/built-in.o
  CC      drivers/media/platform/msm/camera_v2/msm.o
  CC      drivers/media/platform/msm/camera_v2/cam_dummy.o
  CC      net/netfilter/nf_conntrack_broadcast.o
  CC      drivers/media/platform/msm/camera_v2/camera/camera.o
  CC      drivers/mfd/max77828-irq.o
  CC      net/wireless/chan.o
  CC      drivers/mfd/max77843.o
  LD      drivers/media/platform/msm/camera_v2/camera/built-in.o
  CC      drivers/media/platform/msm/camera_v2/isp/msm_isp.o
  CC      drivers/media/platform/msm/camera_v2/isp/msm_buf_mgr.o
  CC      drivers/media/platform/msm/camera_v2/isp/msm_isp_util.o
  CC      net/netfilter/nf_conntrack_netbios_ns.o
  CC      drivers/media/platform/msm/camera_v2/isp/msm_isp_axi_util.o
  CC      drivers/mfd/max77843-irq.o
  CC      net/netfilter/nf_conntrack_pptp.o
  CC      drivers/media/platform/msm/camera_v2/isp/msm_isp_stats_util.o
  LD      drivers/mfd/built-in.o
  CC      net/netfilter/nf_conntrack_sane.o
  CC      drivers/media/platform/msm/camera_v2/isp/msm_isp44.o
  CC      net/wireless/ethtool.o
  LD      drivers/media/radio/built-in.o
  CC      drivers/media/platform/msm/camera_v2/ispif/msm_ispif.o
  CC      net/wireless/mesh.o
  LD      drivers/media/platform/msm/camera_v2/ispif/built-in.o
  CC      drivers/media/platform/msm/camera_v2/jpeg_10/msm_jpeg_dev.o
  CC      net/wireless/ap.o
  CC      drivers/media/platform/msm/camera_v2/jpeg_10/msm_jpeg_sync.o
  CC      net/wireless/trace.o
  CC      net/netfilter/nf_conntrack_tftp.o
  CC      drivers/media/platform/msm/camera_v2/jpeg_10/msm_jpeg_core.o
  LD      drivers/media/platform/msm/camera_v2/isp/built-in.o
  CC      net/wireless/wext-compat.o
  CC      net/wireless/wext-sme.o
  CC      drivers/media/platform/msm/camera_v2/jpeg_10/msm_jpeg_hw.o
  CC      drivers/media/platform/msm/camera_v2/jpeg_10/msm_jpeg_platform.o
  LD      net/netfilter/nf_nat.o
  CC      net/netfilter/nf_nat_proto_dccp.o
  LD      drivers/media/platform/msm/camera_v2/jpeg_10/built-in.o
  CC      drivers/media/platform/msm/camera_v2/msm_buf_mgr/msm_generic_buf_mgr.o
  CC      drivers/media/platform/msm/camera_v2/msm_vb2/msm_vb2.o
  CC      net/netfilter/nf_nat_proto_udplite.o
  LD      drivers/media/platform/msm/camera_v2/msm_buf_mgr/built-in.o
  LD      drivers/media/platform/msm/camera_v2/msm_vb2/built-in.o
  CC      drivers/media/platform/msm/camera_v2/pproc/cpp/msm_cpp.o
  LD      drivers/media/platform/msm/dvb/built-in.o
  CC      net/netfilter/nf_nat_proto_sctp.o
  LD      drivers/media/platform/msm/dvb/adapter/built-in.o
  LD      drivers/media/platform/msm/dvb/demux/built-in.o
  CC      drivers/media/platform/msm/vidc/msm_v4l2_vidc.o
  LD      drivers/media/platform/msm/camera_v2/pproc/cpp/built-in.o
  LD      drivers/media/platform/msm/camera_v2/pproc/built-in.o
  CC      net/wireless/wext-core.o
  CC      net/netfilter/nf_nat_amanda.o
  CC      drivers/media/platform/msm/camera_v2/sensor/actuator/msm_actuator.o
  CC      drivers/media/platform/msm/vidc/msm_vidc_common.o
  CC      net/netfilter/nf_nat_ftp.o
  CC      drivers/media/platform/msm/vidc/msm_vidc.o
  LD      drivers/media/platform/msm/camera_v2/sensor/actuator/built-in.o
  CC      drivers/media/platform/msm/camera_v2/sensor/cci/msm_cci.o
  CC      net/netfilter/nf_nat_irc.o
  LD      drivers/media/platform/msm/camera_v2/sensor/cci/built-in.o
  CC      drivers/media/platform/msm/camera_v2/sensor/csid/msm_csid.o
  CC      net/netfilter/nf_nat_tftp.o
  LD      drivers/media/platform/msm/camera_v2/sensor/csid/built-in.o
  CC      drivers/media/platform/msm/camera_v2/sensor/csiphy/msm_csiphy.o
  CC      net/netfilter/nf_tproxy_core.o
  CC      net/wireless/wext-proc.o
  LD      drivers/media/platform/msm/camera_v2/sensor/csiphy/built-in.o
  CC      drivers/media/platform/msm/camera_v2/sensor/eeprom/msm_eeprom.o
  CC      net/wireless/wext-spy.o
  LD      drivers/media/platform/msm/camera_v2/sensor/eeprom/built-in.o
  CC      drivers/media/platform/msm/vidc/msm_vdec.o
  CC      drivers/media/platform/msm/camera_v2/sensor/external/msm_companion.o
  CC      drivers/media/platform/msm/vidc/msm_venc.o
  CC      drivers/media/platform/msm/camera_v2/sensor/external/msm_ois.o
  CC      drivers/media/platform/msm/vidc/msm_smem.o
  CC      net/netfilter/x_tables.o
  LD      drivers/media/platform/msm/camera_v2/sensor/external/built-in.o
  CC      drivers/media/platform/msm/camera_v2/sensor/flash/msm_led_flash.o
  CC      drivers/media/platform/msm/vidc/msm_vidc_debug.o
  CC      drivers/media/platform/msm/vidc/msm_vidc_res_parse.o
  CC      net/wireless/wext-priv.o
  CC      drivers/media/platform/msm/camera_v2/sensor/flash/msm_led_trigger.o
  CC      drivers/media/platform/msm/vidc/venus_hfi.o
  LD      net/wireless/cfg80211.o
  LD      drivers/media/platform/msm/camera_v2/sensor/flash/built-in.o
  CC      drivers/media/platform/msm/camera_v2/sensor/io/msm_camera_io_util.o
  LD      net/wireless/built-in.o
  CC      drivers/media/platform/msm/vidc/hfi_response_handler.o
  CC      net/netfilter/xt_tcpudp.o
  CC      drivers/media/platform/msm/camera_v2/sensor/io/msm_camera_cci_i2c.o
  CC      drivers/media/platform/msm/vidc/hfi_packetization.o
  CC      drivers/media/platform/msm/camera_v2/sensor/io/msm_camera_qup_i2c.o
  CC      net/netfilter/xt_mark.o
  CC      drivers/misc/ice40xx.o
  CC      drivers/media/platform/msm/vidc/vidc_hfi.o
  CC      drivers/media/platform/msm/camera_v2/sensor/io/msm_camera_i2c_mux.o
  CC      net/netfilter/xt_connmark.o
  CC      drivers/misc/uid_stat.o
  CC      drivers/media/platform/msm/vidc/q6_hfi.o
  CC      drivers/media/platform/msm/camera_v2/sensor/io/msm_camera_spi.o
  CC      net/netfilter/xt_nat.o
  LD      drivers/misc/carma/built-in.o
  LD      drivers/misc/cb710/built-in.o
  CC      drivers/misc/dualwave/dualwave.o
  LD      drivers/media/platform/msm/vidc/built-in.o
  CC      drivers/media/platform/msm/camera_v2/sensor/io/msm_camera_dt_util.o
  CC      net/netfilter/xt_CLASSIFY.o
  LD      drivers/misc/eeprom/built-in.o
  CC      net/netfilter/xt_CONNSECMARK.o
  LD      drivers/media/platform/msm/camera_v2/sensor/io/built-in.o
  CC      drivers/media/platform/msm/camera_v2/sensor/msm_sensor_init.o
  CC      net/xfrm/xfrm_policy.o
  CC      net/netfilter/xt_CT.o
  CC      drivers/media/platform/msm/camera_v2/sensor/msm_sensor_driver.o
  CC      net/netfilter/xt_LOG.o
  CC      drivers/media/platform/msm/camera_v2/sensor/msm_sensor.o
  CC      net/netfilter/xt_NETMAP.o
  CC      drivers/media/platform/msm/camera_v2/sensor/ncp6335b.o
  LD      drivers/misc/dualwave/built-in.o
  LD      drivers/misc/lis3lv02d/built-in.o
  CC      drivers/misc/modem_if/sipc4_modem.o
  CC      net/netfilter/xt_NFLOG.o
  CC      drivers/misc/modem_if/sipc4_io_device.o
  CC      net/netfilter/xt_NFQUEUE.o
  CC      net/xfrm/xfrm_state.o
  CC      drivers/misc/modem_if/modem_net_flowcontrol_device.o
  CC      net/netfilter/xt_REDIRECT.o
  CC      drivers/media/platform/msm/camera_v2/sensor/fan53555.o
  CC      drivers/misc/modem_if/modem_utils.o
  CC      net/netfilter/xt_SECMARK.o
  CC      drivers/misc/modem_if/modem_modemctl_device_sc6500.o
  CC      net/netfilter/xt_TPROXY.o
  CC      drivers/misc/modem_if/modem_net_flowcontrol_device_duos.o
  CC      net/netfilter/xt_TCPMSS.o
  CC      drivers/misc/modem_if/modem_link_device_spi.o
  CC      net/netfilter/xt_TEE.o
  LD      drivers/media/platform/msm/camera_v2/sensor/built-in.o
  CC      net/netfilter/xt_TRACE.o
  LD      drivers/media/platform/msm/camera_v2/built-in.o
  CC      net/xfrm/xfrm_hash.o
  CC      net/netfilter/xt_IDLETIMER.o
  CC      net/xfrm/xfrm_input.o
  CC      drivers/media/platform/msm/vpu/vpu_v4l2.o
  CC      net/netfilter/xt_comment.o
  CC      drivers/media/platform/msm/vpu/vpu_ioctl.o
  CC      drivers/media/platform/msm/vpu/vpu_configuration.o
  CC      net/netfilter/xt_connlimit.o
  LD      drivers/misc/modem_if/built-in.o
  CC      drivers/misc/qcom/qdsp6v2/aac_in.o
  CC      drivers/media/platform/msm/vpu/vpu_translate.o
  CC      net/netfilter/xt_conntrack.o
  CC      drivers/misc/qcom/qdsp6v2/qcelp_in.o
  CC      drivers/media/platform/msm/vpu/vpu_vb2_queue.o
  CC      net/netfilter/xt_dscp.o
  CC      net/xfrm/xfrm_output.o
  CC      drivers/misc/qcom/qdsp6v2/evrc_in.o
  CC      drivers/media/platform/msm/vpu/vpu_resources.o
  CC      net/netfilter/xt_ecn.o
  CC      drivers/media/platform/msm/vpu/vpu_channel.o
  CC      drivers/misc/qcom/qdsp6v2/amrnb_in.o
  CC      net/netfilter/xt_hashlimit.o
  CC      drivers/misc/qcom/qdsp6v2/audio_utils.o
  CC      drivers/media/platform/msm/vpu/vpu_hfi.o
  CC      drivers/misc/qcom/qdsp6v2/audio_wma.o
  CC      net/netfilter/xt_helper.o
  CC      drivers/media/platform/msm/vpu/vpu_bus_clock.o
  CC      drivers/misc/qcom/qdsp6v2/audio_wmapro.o
  CC      net/netfilter/xt_hl.o
  CC      drivers/media/platform/msm/vpu/vpu_debug.o
  CC      net/xfrm/xfrm_sysctl.o
  CC      drivers/misc/qcom/qdsp6v2/audio_aac.o
  CC      net/netfilter/xt_iprange.o
  LD      drivers/media/platform/msm/vpu/built-in.o
  CC      drivers/misc/qcom/qdsp6v2/audio_multi_aac.o
  CC      net/xfrm/xfrm_replay.o
  LD      drivers/media/platform/msm/built-in.o
  CC      net/netfilter/xt_length.o
  CC      drivers/misc/qcom/qdsp6v2/audio_utils_aio.o
  LD      drivers/media/platform/built-in.o
  CC      net/netfilter/xt_limit.o
  CC      drivers/misc/qcom/qdsp6v2/q6audio_v2.o
  LD      drivers/media/rc/keymaps/built-in.o
  LD      drivers/media/rc/built-in.o
  CC      drivers/media/tuners/tuner-xc2028.o
  CC      net/netfilter/xt_mac.o
  CC      drivers/misc/qcom/qdsp6v2/q6audio_v2_aio.o
  CC      net/netfilter/xt_multiport.o
  CC      drivers/misc/qcom/qdsp6v2/audio_mp3.o
  CC      net/xfrm/xfrm_proc.o
  CC      drivers/misc/qcom/qdsp6v2/audio_amrnb.o
  CC      net/netfilter/xt_pkttype.o
  CC      net/xfrm/xfrm_algo.o
  CC      drivers/media/tuners/tuner-simple.o
  CC      drivers/misc/qcom/qdsp6v2/audio_amrwb.o
  CC      net/netfilter/xt_policy.o
  CC      drivers/misc/qcom/qdsp6v2/audio_amrwbplus.o
  CC      net/netfilter/xt_qtaguid_print.o
  CC      drivers/misc/qcom/qdsp6v2/audio_evrc.o
  CC      drivers/misc/qcom/qdsp6v2/audio_qcelp.o
  CC      net/netfilter/xt_qtaguid.o
  CC      drivers/media/tuners/tuner-types.o
  CC      drivers/misc/qcom/qdsp6v2/amrwb_in.o
  CC      net/netfilter/xt_quota.o
  LD      drivers/misc/qcom/qdsp6v2/built-in.o
  CC      net/xfrm/xfrm_user.o
  CC      net/netfilter/xt_quota2.o
  LD      drivers/misc/qcom/built-in.o
  CC      drivers/media/tuners/mt20xx.o
  LD      drivers/misc/ti-st/built-in.o
  CC      net/xfrm/xfrm_ipcomp.o
  CC      drivers/misc/isa1200.o
  CC      net/netfilter/xt_socket.o
  CC      drivers/misc/sec_jack.o
  CC      drivers/misc/pn547.o
  CC      drivers/misc/sec_nfc.o
  CC      drivers/misc/sec_param.o
  CC      drivers/media/tuners/tda8290.o
  LD      net/xfrm/built-in.o
  CC      net/netfilter/xt_state.o
  CC      net/netfilter/xt_statistic.o
  CC      drivers/media/tuners/tea5767.o
  CC      drivers/misc/sec_misc.o
  CC      net/netfilter/xt_string.o
  CC      drivers/mmc/card/block.o
  CC      drivers/misc/qseecom.o
  CC      net/netfilter/xt_time.o
  CC      net/netfilter/xt_u32.o
  CC      drivers/media/tuners/tea5761.o
  CC      net/netfilter/interceptor/ip_selector_db.o
  CC      net/netfilter/interceptor/ip_selector_match.o
  CC      drivers/mmc/card/queue.o
  CC      net/netfilter/interceptor/kernelspd_main.o
  CC      net/netfilter/interceptor/kernelspd_hooks.o
  CC      drivers/misc/tzic.o
  CC      drivers/media/tuners/tda9887.o
  CC      net/netfilter/interceptor/kernelspd_procfs.o
  CC      drivers/misc/ti_drv2667.o
  CC      net/netfilter/interceptor/ipsec_boundary.o
  CC      net/netfilter/interceptor/debug_filter.o
  CC      drivers/misc/qpnp-misc.o
  CC      net/netfilter/interceptor/debug_strf.o
  CC      drivers/mmc/card/mmc_block_test.o
  CC      drivers/misc/apq8084_dock.o
  CC      net/netfilter/interceptor/debug_linux.o
  CC      net/netfilter/interceptor/debug_strbuf_stack.o
  LD      drivers/mmc/card/mmc_block.o
  LD      drivers/mmc/card/built-in.o
  LD      net/netfilter/interceptor/vpnclient.o
  CC      drivers/mmc/core/core.o
  LD      net/netfilter/interceptor/built-in.o
  LD      net/netfilter/netfilter.o
  CC      drivers/media/tuners/tda827x.o
  LD      net/netfilter/built-in.o
  CC      drivers/misc/uid_cputime.o
  LD      drivers/misc/built-in.o
  CC      drivers/mmc/core/bus.o
  CC      net/sysctl_net.o
  CC      drivers/media/tuners/tda18271-maps.o
  CC      net/activity_stats.o
  CC      drivers/media/tuners/tda18271-common.o
  CC      drivers/media/tuners/tda18271-fe.o
  CC      drivers/mmc/core/host.o
  LD      drivers/media/usb/b2c2/built-in.o
  LD      drivers/media/usb/dvb-usb/built-in.o
  LD      drivers/media/usb/dvb-usb-v2/built-in.o
  LD      drivers/media/usb/gspca/built-in.o
  LD      drivers/media/usb/s2255/built-in.o
  LD      drivers/media/usb/siano/built-in.o
  LD      drivers/media/usb/stkwebcam/built-in.o
  LD      drivers/media/usb/ttusb-budget/built-in.o
  LD      drivers/media/usb/ttusb-dec/built-in.o
  LD      net/built-in.o
  CC      drivers/media/usb/uvc/uvc_driver.o
  CC      drivers/media/tuners/xc5000.o
  CC      drivers/media/usb/uvc/uvc_queue.o
  CC      drivers/mmc/core/mmc.o
  CC      drivers/media/usb/uvc/uvc_v4l2.o
  CC      drivers/mmc/core/mmc_ops.o
  CC      drivers/media/usb/uvc/uvc_video.o
  CC      drivers/media/usb/uvc/uvc_ctrl.o
  CC      drivers/media/tuners/xc4000.o
  CC      drivers/media/usb/uvc/uvc_status.o
  CC      drivers/media/usb/uvc/uvc_isight.o
  CC      drivers/mmc/core/sd.o
  CC      drivers/mmc/core/sd_ops.o
  CC      drivers/media/usb/uvc/uvc_debugfs.o
  CC      drivers/media/usb/uvc/uvc_entity.o
  CC      drivers/media/tuners/mc44s803.o
  CC      drivers/media/v4l2-core/v4l2-dev.o
  LD      drivers/media/usb/uvc/uvcvideo.o
  LD      drivers/media/usb/uvc/built-in.o
  LD      drivers/media/usb/zr364xx/built-in.o
  LD      drivers/media/usb/built-in.o
  CC      drivers/media/v4l2-core/v4l2-ioctl.o
  LD      drivers/media/tuners/tda18271.o
  LD      drivers/media/tuners/built-in.o
  CC      drivers/mmc/core/sdio.o
  CC      drivers/mmc/host/sdhci.o
  CC      drivers/mmc/host/msm_sdcc.o
  CC      drivers/media/v4l2-core/v4l2-device.o
  CC      drivers/media/media-device.o
  CC      drivers/mmc/core/sdio_ops.o
  CC      drivers/mmc/core/sdio_bus.o
  CC      drivers/mmc/host/sdhci-pltfm.o
  CC      drivers/mmc/host/sdhci-msm.o
  CC      drivers/media/v4l2-core/v4l2-fh.o
  CC      drivers/motor/max77828_haptic.o
  CC      drivers/mmc/core/sdio_cis.o
  LD      drivers/mmc/host/built-in.o
  CC      drivers/mmc/core/sdio_io.o
  CC      drivers/net/dummy.o
  CC      drivers/net/mii.o
  CC      drivers/media/v4l2-core/v4l2-event.o
  CC      drivers/mmc/core/sdio_irq.o
  CC      drivers/motor/max77843_haptic.o
  CC      drivers/media/v4l2-core/v4l2-ctrls.o
  CC      drivers/net/Space.o
  CC      drivers/mmc/core/quirks.o
  CC      drivers/motor/ss_vibrator.o
  CC      drivers/net/loopback.o
  LD      drivers/motor/built-in.o
  CC      drivers/mmc/core/slot-gpio.o
  CC      drivers/media/v4l2-core/v4l2-subdev.o
  CC      drivers/net/phy/phy.o
  LD      drivers/net/ethernet/3com/built-in.o
  LD      drivers/net/ethernet/8390/built-in.o
  LD      drivers/net/ethernet/adaptec/built-in.o
  LD      drivers/net/ethernet/alteon/built-in.o
  LD      drivers/net/ethernet/amd/built-in.o
  LD      drivers/net/ethernet/atheros/built-in.o
  CC      drivers/mmc/core/debugfs.o
  LD      drivers/net/ethernet/atheros/atl1c/built-in.o
  LD      drivers/net/ethernet/broadcom/built-in.o
  LD      drivers/net/ethernet/brocade/built-in.o
  LD      drivers/net/ethernet/cadence/built-in.o
  CC      drivers/media/v4l2-core/v4l2-of.o
  LD      drivers/net/ethernet/chelsio/built-in.o
  LD      drivers/mmc/core/mmc_core.o
  LD      drivers/net/ethernet/cirrus/built-in.o
  LD      drivers/net/ethernet/cisco/built-in.o
  LD      drivers/net/ethernet/dec/built-in.o
  LD      drivers/mmc/core/built-in.o
  LD      drivers/net/ethernet/dlink/built-in.o
  LD      drivers/net/ethernet/emulex/built-in.o
  LD      drivers/mmc/built-in.o
  LD      drivers/net/ethernet/faraday/built-in.o
  LD      drivers/net/ethernet/hp/built-in.o
  LD      drivers/net/ethernet/i825xx/built-in.o
  CC      drivers/net/phy/phy_device.o
  LD      drivers/net/ethernet/intel/built-in.o
  CC      drivers/media/v4l2-core/v4l2-common.o
  LD      drivers/net/ethernet/marvell/built-in.o
  LD      drivers/net/ethernet/mellanox/built-in.o
  LD      drivers/net/ethernet/micrel/built-in.o
  LD      drivers/net/ethernet/microchip/built-in.o
  LD      drivers/net/ethernet/msm/built-in.o
  LD      drivers/net/ethernet/myricom/built-in.o
  LD      drivers/net/ethernet/natsemi/built-in.o
  LD      drivers/net/ethernet/neterion/built-in.o
  CC      drivers/net/phy/mdio_bus.o
  LD      drivers/net/ethernet/nvidia/built-in.o
  LD      drivers/net/ethernet/oki-semi/built-in.o
  LD      drivers/net/ethernet/packetengines/built-in.o
  LD      drivers/net/ethernet/qlogic/built-in.o
  LD      drivers/net/ethernet/rdc/built-in.o
  LD      drivers/net/ethernet/realtek/built-in.o
  LD      drivers/net/ethernet/seeq/built-in.o
  LD      drivers/net/ethernet/silan/built-in.o
  LD      drivers/net/ethernet/sis/built-in.o
  LD      drivers/net/ethernet/smsc/built-in.o
  LD      drivers/net/ethernet/stmicro/built-in.o
  LD      drivers/net/ethernet/sun/built-in.o
  LD      drivers/net/ethernet/tehuti/built-in.o
  LD      drivers/net/ethernet/ti/built-in.o
  LD      drivers/net/ethernet/via/built-in.o
  LD      drivers/net/ethernet/wiznet/built-in.o
  LD      drivers/net/ethernet/built-in.o
  CC      drivers/media/v4l2-core/videobuf2-core.o
  LD      drivers/nfc/built-in.o
  CC      drivers/of/base.o
  CC      drivers/net/ppp/ppp_generic.o
  LD      drivers/net/phy/libphy.o
  LD      drivers/net/phy/built-in.o
  CC      drivers/net/ppp/ppp_async.o
  CC      drivers/net/ppp/bsd_comp.o
  CC      drivers/of/fdt.o
  CC      drivers/media/v4l2-core/videobuf2-memops.o
  CC      drivers/of/address.o
  CC      drivers/media/media-devnode.o
  CC      drivers/net/ppp/ppp_deflate.o
  CC      drivers/of/irq.o
  CC      drivers/pci/access.o
  CC      drivers/net/ppp/ppp_mppe.o
  CC      drivers/media/v4l2-core/videobuf2-vmalloc.o
  CC      drivers/net/ppp/ppp_synctty.o
  CC      drivers/of/device.o
  CC      drivers/net/ppp/pppox.o
  CC      drivers/pci/bus.o
  CC      drivers/media/v4l2-core/videobuf2-dma-contig.o
  CC      drivers/of/platform.o
  CC      drivers/of/of_i2c.o
  CC      drivers/pci/probe.o
  CC      drivers/media/v4l2-core/videobuf2-dma-sg.o
  CC      drivers/net/ppp/pppoe.o
  CC      drivers/of/of_net.o
  CC      drivers/net/ppp/pppolac.o
  LD      drivers/media/v4l2-core/videodev.o
  CC      drivers/pci/host-bridge.o
  LD      drivers/media/v4l2-core/built-in.o
  CC      drivers/media/media-entity.o
  CC      drivers/net/ppp/pppopns.o
  LD      drivers/net/ppp/built-in.o
  CC      drivers/net/slip/slip.o
  CC      drivers/pci/remove.o
  CC      drivers/net/slip/slhc.o
  LD      drivers/media/media.o
  LD      drivers/media/built-in.o
  CC      drivers/of/of_mdio.o
  CC      drivers/pci/pci.o
  CC      drivers/phy/phy-core.o
  CC      drivers/phy/phy-msm-sata.o
  CC      drivers/of/of_pci.o
  LD      drivers/net/slip/built-in.o
  LD      drivers/phy/built-in.o
  CC      drivers/of/of_pci_irq.o
  CC      drivers/net/usb/asix_devices.o
  CC      drivers/pci/pci-driver.o
  CC      drivers/net/usb/asix_common.o
  CC      drivers/net/usb/ax88172a.o
  CC      drivers/pci/search.o
  CC      drivers/of/of_spmi.o
  CC      drivers/net/usb/rmnet_usb_ctrl.o
  CC      drivers/net/usb/rmnet_usb_data.o
  CC      drivers/of/of_slimbus.o
  CC      drivers/of/of_batterydata.o
  CC      drivers/net/usb/ax88179_178a.o
  CC      drivers/pci/pci-sysfs.o
  CC      drivers/pinctrl/core.o
  LD      drivers/of/built-in.o
  CC      drivers/pinctrl/pinmux.o
  CC      drivers/net/usb/cdc_ether.o
  CC      drivers/pci/rom.o
  CC      drivers/platform/msm/ssbi.o
  CC      drivers/pinctrl/pinconf.o
  CC      drivers/pci/setup-res.o
  CC      drivers/platform/msm/usb_bam.o
  CC      drivers/net/usb/smsc75xx.o
  CC      drivers/net/usb/smsc9500.o
  CC      drivers/pinctrl/devicetree.o
  CC      drivers/pci/irq.o
  CC      drivers/net/usb/smscusbnet.o
  CC      drivers/pinctrl/pinconf-generic.o
  CC      drivers/platform/msm/sps/bam.o
  CC      drivers/platform/msm/sps/sps_bam.o
  CC      drivers/pci/vpd.o
  CC      drivers/pinctrl/pinctrl-msm.o
  CC      drivers/platform/msm/sps/sps.o
  CC      drivers/net/usb/net1080.o
  CC      drivers/pinctrl/pinctrl-msm-tlmm-v3.o
  CC      drivers/pci/setup-bus.o
  CC      drivers/net/usb/cdc_subset.o
  CC      drivers/platform/msm/sps/sps_dma.o
  LD      drivers/pinctrl/built-in.o
  CC      drivers/pci/aspm-brcm.o
  CC      drivers/net/usb/zaurus.o
  CC      drivers/net/usb/usbnet.o
  CC      drivers/platform/msm/sps/sps_map.o
  CC      drivers/platform/msm/qpnp-power-on.o
  CC      drivers/platform/msm/sps/sps_mem.o
  CC      drivers/pci/proc.o
  CC      drivers/platform/msm/sps/sps_rm.o
  LD      drivers/platform/msm/sps/built-in.o
  CC      drivers/pci/slot.o
  CC      drivers/pci/quirks.o
  CC      drivers/platform/msm/qpnp-clkdiv.o
  CC      drivers/net/usb/cdc_ncm.o
  CC      drivers/pci/msi.o
  CC      drivers/net/wireless/bcmdhd4358/dhd_pno.o
  CC      drivers/platform/msm/qpnp-usbdetect.o
  CC      drivers/platform/msm/qca1530.o
  CC      drivers/net/wireless/bcmdhd4358/dhd_common.o
  LD      drivers/platform/msm/built-in.o
  LD      drivers/net/usb/rmnet_usb.o
  LD      drivers/platform/built-in.o
  LD      drivers/net/usb/asix.o
  LD      drivers/net/usb/built-in.o
  CC      drivers/pci/setup-irq.o
  CC      drivers/net/wireless/bcmdhd4358/dhd_ip.o
  CC      drivers/pci/syscall.o
  CC      drivers/power/power_supply_core.o
  CC      drivers/pwm/core.o
  CC      drivers/net/wireless/bcmdhd4358/dhd_custom_gpio.o
  CC      drivers/pci/of.o
  LD      drivers/pci/built-in.o
  CC      drivers/net/wireless/bcmdhd4358/dhd_custom_sec.o
  CC      drivers/net/wireless/bcmdhd4358/dhd_linux.o
  CC      drivers/power/power_supply_sysfs.o
  CC      drivers/power/power_supply_leds.o
  CC      drivers/pwm/pwm-qpnp.o
  CC      drivers/net/wireless/bcmdhd4358/dhd_linux_sched.o
  CC      drivers/net/tun.o
  LD      drivers/power/power_supply.o
  LD      drivers/power/built-in.o
  CC      drivers/net/wireless/bcmdhd4358/dhd_cfg80211.o
  CC      drivers/net/wireless/bcmdhd4358/dhd_linux_wq.o
  LD      drivers/pwm/built-in.o
  CC      drivers/net/wireless/bcmdhd4358/aiutils.o
  CC      drivers/regulator/core.o
  CC      drivers/regulator/dummy.o
  CC      drivers/net/wireless/bcmdhd4358/bcmevent.o
  CC      drivers/regulator/fixed-helper.o
  CC      drivers/regulator/of_regulator.o
  CC      drivers/net/wireless/bcmdhd4358/bcmutils.o
  CC      drivers/rtc/rtc-lib.o
  CC      drivers/net/wireless/bcmdhd4358/bcmwifi_channels.o
  CC      drivers/net/wireless/bcmdhd4358/hndpmu.o
  CC      drivers/scsi/scsi.o
  CC      drivers/net/wireless/bcmdhd4358/linux_osl.o
  CC      drivers/regulator/fixed.o
  CC      drivers/rtc/hctosys.o
  CC      drivers/regulator/proxy-consumer.o
  CC      drivers/rtc/systohc.o
  CC      drivers/net/wireless/bcmdhd4358/sbutils.o
  CC      drivers/regulator/max77826.o
  CC      drivers/rtc/class.o
  CC      drivers/net/wireless/bcmdhd4358/siutils.o
  CC      drivers/regulator/s2mpb01.o
  CC      drivers/regulator/stub-regulator.o
  CC      drivers/net/wireless/bcmdhd4358/wl_android.o
  CC      drivers/scsi/hosts.o
  CC      drivers/rtc/interface.o
  CC      drivers/net/wireless/bcmdhd4358/wl_cfg80211.o
  CC      drivers/net/wireless/bcmdhd4358/wl_cfgp2p.o
  CC      drivers/regulator/rpm-smd-regulator.o
  CC      drivers/net/wireless/bcmdhd4358/wl_cfg_btcoex.o
  CC      drivers/rtc/rtc-dev.o
  CC      drivers/scsi/scsi_ioctl.o
  CC      drivers/rtc/rtc-proc.o
  CC      drivers/net/wireless/bcmdhd4358/wldev_common.o
  CC      drivers/rtc/rtc-sysfs.o
  CC      drivers/regulator/qpnp-regulator.o
  CC      drivers/net/wireless/bcmdhd4358/wl_linux_mon.o
  CC      drivers/rtc/qpnp-rtc.o
  LD      drivers/rtc/rtc-core.o
  CC      drivers/net/wireless/bcmdhd4358/wl_roam.o
  LD      drivers/rtc/built-in.o
  CC      drivers/scsi/constants.o
  CC      drivers/scsi/scsicam.o
  CC      drivers/net/wireless/bcmdhd4358/dhd_linux_platdev.o
  LD      drivers/regulator/built-in.o
  CC      drivers/sensorhub/atmel/ssp_dev.o
  CC      drivers/net/wireless/bcmdhd4358/hnd_pktq.o
  CC      drivers/net/wireless/bcmdhd4358/hnd_pktpool.o
  CC      drivers/sensors/sensors_ssc.o
  CC      drivers/scsi/scsi_error.o
  LD      drivers/sensors/built-in.o
  CC      drivers/net/wireless/bcmdhd4358/dhd_pcie.o
  CC      drivers/sensorhub/atmel/ssp_spi.o
  CC      drivers/net/wireless/bcmdhd4358/dhd_pcie_linux.o
  CC      drivers/sensorhub/atmel/ssp_data.o
  CC      drivers/sensorhub/atmel/ssp_sysfs.o
  CC      drivers/sensorhub/atmel/ssp_input.o
  CC      drivers/net/wireless/bcmdhd4358/pcie_core.o
  CC      drivers/scsi/scsi_lib.o
  CC      drivers/sensorhub/atmel/ssp_firmware.o
  CC      drivers/net/wireless/bcmdhd4358/dhd_flowring.o
  CC      drivers/net/wireless/bcmdhd4358/dhd_msgbuf.o
  CC      drivers/sensorhub/atmel/ssp_debug.o
  CC      drivers/sensorhub/atmel/sensors_core.o
  CC      drivers/scsi/scsi_lib_dma.o
  LD      drivers/net/wireless/bcmdhd4358/dhd.o
  LD      drivers/net/wireless/bcmdhd4358/built-in.o
  CC      drivers/slimbus/slimbus.o
  LD      drivers/net/wireless/built-in.o
  CC      drivers/sensorhub/atmel/ssp_iio_ring.o
  LD      drivers/net/built-in.o
  CC      drivers/sensorhub/atmel/ssp_iio_trigger.o
  CC      drivers/scsi/scsi_scan.o
  CC      drivers/sensorhub/atmel/ssp_sensorhub.o
  CC      drivers/slimbus/slim-msm.o
  CC      drivers/soc/qcom/qdsp6v2/apr.o
  CC      drivers/sensorhub/atmel/ssp_misc.o
  CC      drivers/slimbus/slim-msm-ngd.o
  CC      drivers/scsi/scsi_sysfs.o
  LD      drivers/slimbus/built-in.o
  CC      drivers/sensorhub/atmel/factory/accel_icm20610.o
  CC      drivers/soc/qcom/qdsp6v2/apr_v2.o
  CC      drivers/sensorhub/atmel/factory/gyro_icm20610.o
  CC      drivers/scsi/scsi_devinfo.o
  CC      drivers/soc/qcom/qdsp6v2/apr_tal.o
  CC      drivers/sensorhub/atmel/factory/magnetic_ak09911c.o
  CC      drivers/soc/qcom/qdsp6v2/dsp_debug.o
  CC      drivers/soc/qcom/qdsp6v2/voice_svc.o
  CC      drivers/sensorhub/atmel/factory/light_tmg399x.o
  CC      drivers/soc/qcom/qdsp6v2/msm_audio_ion.o
  CC      drivers/soc/qcom/mct.o
  CC      drivers/sensorhub/atmel/factory/prox_tmg399x.o
  CC      drivers/soc/qcom/qdsp6v2/adsp-loader.o
  CC      drivers/spi/spi.o
  LD      drivers/soc/qcom/qdsp6v2/built-in.o
  CC      drivers/sensorhub/atmel/factory/gesture_tmg399x.o
  CC      drivers/scsi/scsi_sysctl.o
  CC      drivers/soc/qcom/ipc_router_hsic_xprt.o
  CC      drivers/sensorhub/atmel/factory/pressure_lps25h.o
  CC      drivers/scsi/scsi_proc.o
  CC      drivers/soc/qcom/ipc_router_smd_xprt.o
  CC      drivers/sensorhub/atmel/factory/mcu_atuc128l5har.o
  CC      drivers/scsi/scsi_trace.o
  CC      drivers/spi/spi_qsd.o
  CC      drivers/sensorhub/atmel/factory/barcode_emul_tmg3992.o
  CC      drivers/scsi/scsi_pm.o
  LD      drivers/sensorhub/atmel/factory/built-in.o
  CC      drivers/sensorhub/atmel/max_notchfilter/downsample.o
  CC      drivers/soc/qcom/memory_dump.o
  CC      drivers/sensorhub/atmel/max_notchfilter/fixed_fir_filter.o
  CC      drivers/sensorhub/atmel/max_notchfilter/fixed_iir_filter.o
  LD      drivers/sensorhub/atmel/max_notchfilter/built-in.o
  CC      drivers/sensorhub/atmel/max86902.o
  CC      drivers/scsi/scsi_tgt_lib.o
  CC      drivers/sensorhub/atmel/adpd142.o
  CC      drivers/soc/qcom/qmi_interface.o
  LD      drivers/spi/built-in.o
  CC      drivers/soc/qcom/scm.o
  LD      drivers/sensorhub/atmel/built-in.o
  LD      drivers/sensorhub/built-in.o
  CC      drivers/soc/qcom/smem.o
  CC      drivers/scsi/scsi_tgt_if.o
  CC      drivers/spmi/spmi.o
  CC      drivers/scsi/sd.o
  CC      drivers/spmi/spmi-resources.o
  CC      drivers/soc/qcom/smem_debug.o
  LD      drivers/scsi/arm/built-in.o
  CC      drivers/soc/qcom/smem_log.o
  CC      drivers/scsi/ufs/ufs-msm.o
  CC      drivers/soc/qcom/watchdog_v2.o
  CC      drivers/soc/qcom/socinfo.o
  CC      drivers/spmi/spmi-pmic-arb.o
  CC      drivers/spmi/qpnp-int.o
  LD      drivers/scsi/sd_mod.o
  CC      drivers/scsi/sg.o
  CC      drivers/scsi/ufs/ufshcd.o
  LD      drivers/soc/qcom/built-in.o
  CC      drivers/scsi/ch.o
  LD      drivers/soc/built-in.o
  CC      drivers/spmi/spmi-dbgfs.o
  CC      drivers/staging/staging.o
  CC      drivers/switch/switch_class.o
  LD      drivers/spmi/built-in.o
  CC      drivers/thermal/thermal_core.o
  CC      drivers/staging/android/ion/ion.o
  LD      drivers/switch/built-in.o
  CC      drivers/staging/android/binder.o
  CC      drivers/scsi/ufs/ufshcd-pltfrm.o
  CC      drivers/thermal/step_wise.o
  CC      drivers/scsi/ufs/ufs_test.o
  CC      drivers/staging/android/ion/ion_heap.o
  CC      drivers/tty/tty_io.o
  CC      drivers/thermal/msm_thermal.o
  CC      drivers/staging/android/ion/ion_page_pool.o
  CC      drivers/thermal/msm_thermal-dev.o
  CC      drivers/staging/android/ion/ion_system_heap.o
  CC      drivers/thermal/msm8974-tsens.o
  CC      drivers/staging/android/ion/ion_iommu_heap.o
  CC      drivers/scsi/ufs/debugfs.o
  CC      drivers/staging/android/ion/ion_carveout_heap.o
  LD      drivers/scsi/ufs/built-in.o
  CC      drivers/tty/n_tty.o
  LD      drivers/scsi/scsi_mod.o
  CC      drivers/staging/android/ion/ion_chunk_heap.o
  LD      drivers/scsi/scsi_tgt.o
  LD      drivers/scsi/built-in.o
  CC      drivers/tty/tty_ioctl.o
  CC      drivers/staging/android/ion/ion_cma_heap.o
  CC      drivers/thermal/qpnp-temp-alarm.o
  CC      drivers/staging/android/ion/ion_cma_secure_heap.o
  CC      drivers/thermal/qpnp-adc-tm.o
  CC      drivers/staging/android/ashmem.o
  CC      drivers/staging/android/ion/ion_removed_heap.o
  CC      drivers/staging/android/ion/msm/msm_ion.o
  CC      drivers/tty/tty_ldisc.o
  LD      drivers/thermal/thermal_sys.o
  LD      drivers/thermal/built-in.o
  CC      drivers/staging/android/ion/msm/ion_iommu_map.o
  CC      drivers/tty/tty_buffer.o
  CC      drivers/uio/uio.o
  CC      drivers/uio/msm_sharedmem.o
  CC      drivers/staging/android/logger.o
  CC      drivers/staging/android/ion/msm/secure_buffer.o
  CC      drivers/tty/tty_port.o
  CC      drivers/usb/class/cdc-acm.o
  LD      drivers/uio/built-in.o
  LD      drivers/usb/class/built-in.o
  CC      drivers/usb/core/usb.o
  CC      drivers/tty/tty_mutex.o
  LD      drivers/staging/android/ion/msm/built-in.o
  LD      drivers/staging/android/ion/built-in.o
  CC      drivers/staging/android/timed_output.o
  CC      drivers/staging/android/timed_gpio.o
  CC      drivers/usb/dwc3/core.o
  CC      drivers/usb/core/hub.o
  CC      drivers/tty/tty_ldsem.o
  CC      drivers/staging/android/lowmemorykiller.o
  CC      drivers/tty/pty.o
  CC      drivers/staging/android/alarm-dev.o
  CC      drivers/tty/tty_audit.o
  CC      drivers/usb/dwc3/host.o
  CC      drivers/staging/android/sync.o
  CC      drivers/tty/sysrq.o
  CC      drivers/usb/core/hcd.o
  CC      drivers/usb/dwc3/gadget.o
  CC      drivers/staging/android/sw_sync.o
  CC      drivers/usb/dwc3/ep0.o
  CC      drivers/usb/core/urb.o
  LD      drivers/tty/ipwireless/built-in.o
  CC      drivers/usb/dwc3/dwc3_otg.o
  CC      drivers/tty/serial/serial_core.o
  CC      drivers/usb/dwc3/debugfs.o
  LD      drivers/staging/android/built-in.o
  CC      drivers/usb/dwc3/dbm-1_4.o
  LD      drivers/staging/iio/accel/built-in.o
  LD      drivers/staging/iio/adc/built-in.o
  LD      drivers/staging/iio/addac/built-in.o
  CC      drivers/usb/dwc3/dbm-1_5.o
  LD      drivers/staging/iio/cdc/built-in.o
  LD      drivers/staging/iio/frequency/built-in.o
  LD      drivers/staging/iio/gyro/built-in.o
  LD      drivers/staging/iio/impedance-analyzer/built-in.o
  CC      drivers/usb/core/message.o
  LD      drivers/staging/iio/light/built-in.o
  LD      drivers/staging/iio/magnetometer/built-in.o
  LD      drivers/staging/iio/meter/built-in.o
  CC      drivers/usb/dwc3/dwc3-msm.o
  LD      drivers/staging/iio/resolver/built-in.o
  LD      drivers/staging/iio/trigger/built-in.o
  CC      drivers/tty/serial/msm_serial_hs.o
  LD      drivers/staging/iio/built-in.o
  LD      drivers/staging/media/built-in.o
  LD      drivers/staging/silicom/built-in.o
  CC      drivers/staging/vnswap/vnswap.o
  CC      drivers/staging/vnswap/vnswap_sysfs.o
  LD      drivers/staging/vnswap/built-in.o
  LD      drivers/staging/built-in.o
  CC      drivers/usb/core/driver.o
  CC      drivers/tty/serial/msm_serial_hs_lite.o
  CC      drivers/usb/dwc3/dbm.o
  CC      drivers/video/fb_notify.o
  CC      drivers/tty/serial/msm_smd_tty.o
  LD      drivers/tty/serial/built-in.o
  CC      drivers/usb/core/config.o
  LD      drivers/tty/vt/built-in.o
  LD      drivers/tty/built-in.o
  CC      drivers/w1/w1.o
  CC      drivers/usb/core/file.o
  CC      drivers/usb/dwc3/dwc3-pci.o
  CC      drivers/video/fbmem.o
  LD      drivers/usb/dwc3/dwc3.o
  LD      drivers/usb/dwc3/built-in.o
  CC      drivers/w1/w1_int.o
  CC      drivers/usb/core/buffer.o
  CC      drivers/usb/core/sysfs.o
  CC      drivers/usb/core/endpoint.o
  CC      drivers/w1/w1_family.o
  CC      drivers/video/fbmon.o
  CC      drivers/usb/core/devio.o
  CC      drivers/w1/w1_netlink.o
  CC      drivers/usb/core/notify.o
  CC      drivers/usb/gadget/udc-core.o
  CC      drivers/w1/w1_io.o
  CC      drivers/video/fbcmap.o
  CC      drivers/w1/masters/w1-gpio-msm.o
  CC      drivers/usb/core/generic.o
  CC      drivers/usb/gadget/android.o
  LD      drivers/w1/masters/built-in.o
  CC      drivers/w1/slaves/w1_ds28el35.o
  CC      drivers/usb/core/quirks.o
  CC      drivers/w1/slaves/w1_ds28el35/ecdsa_software_gmp.o
  CC      drivers/usb/core/devices.o
  CC      drivers/video/fbsysfs.o
  CC      drivers/usb/core/port.o
  CC      drivers/usb/core/hcd-pci.o
  CC      drivers/w1/slaves/w1_ds28el35/gnu_modular_sqrt.o
  CC      drivers/video/modedb.o
  CC      drivers/w1/slaves/w1_ds28el35/sha256_software.o
  LD      drivers/usb/core/usbcore.o
  LD      drivers/usb/core/built-in.o
  CC      drivers/w1/slaves/w1_ds28el35/mini-gmp.o
  CC      drivers/video/fbcvt.o
  CC      drivers/video/backlight/lcd.o
  CC      drivers/usb/gadget/usbstring.o
  CC      drivers/usb/gadget/config.o
  LD      drivers/w1/slaves/w1_ds28el35/built-in.o
  LD      drivers/w1/slaves/built-in.o
  LD      drivers/w1/wire.o
  LD      drivers/w1/built-in.o
  CC      drivers/usb/host/pci-quirks.o
  CC      drivers/usb/misc/ehset.o
  CC      drivers/video/backlight/backlight.o
  CC      drivers/usb/gadget/epautoconf.o
  CC      drivers/usb/misc/diag_bridge.o
  CC      drivers/usb/host/ehci-hcd.o
  CC      drivers/usb/gadget/composite.o
  LD      drivers/video/backlight/built-in.o
  CC      drivers/usb/misc/mdm_ctrl_bridge.o
  CC      drivers/video/msm/mdss/mdss_dsi.o
  CC      drivers/video/msm/mdss/mdss_dsi_host.o
  CC      drivers/usb/host/ehci-pci.o
  CC      drivers/video/msm/mdss/mdss_dsi_cmd.o
  CC      drivers/usb/gadget/functions.o
  CC      drivers/usb/host/xhci.o
  CC      drivers/video/msm/mdss/mdss_dsi_panel.o
  CC      drivers/usb/host/xhci-mem.o
  CC      drivers/video/msm/mdss/msm_mdss_io_8974.o
  CC      drivers/usb/misc/mdm_data_bridge.o
  CC      drivers/usb/host/xhci-ring.o
  CC      drivers/video/msm/mdss/mdss_mdp.o
  CC      drivers/usb/gadget/configfs.o
  CC      drivers/usb/gadget/u_serial.o
  CC      drivers/usb/host/xhci-hub.o
  CC      drivers/usb/host/xhci-dbg.o
  CC      drivers/usb/misc/ks_bridge.o
  CC      drivers/usb/misc/ipc_bridge.o
  CC      drivers/video/msm/mdss/mdss_mdp_ctl.o
  LD      drivers/usb/gadget/g_android.o
  CC      drivers/usb/gadget/multi_config.o
  LD      drivers/usb/misc/mdm_bridge.o
  CC      drivers/video/msm/mdss/mdss_mdp_pipe.o
  LD      drivers/usb/misc/built-in.o
  CC      drivers/usb/host/xhci-pci.o
  LD      drivers/usb/gadget/libcomposite.o
  LD      drivers/usb/gadget/built-in.o
  CC      drivers/video/msm/mdss/mdss_mdp_util.o
  CC      drivers/video/msm/mdss/mdss_mdp_pp.o
  CC      drivers/video/msm/mdss/mdss_mdp_pp_debug.o
  CC      drivers/usb/host/xhci-plat.o
  CC      drivers/usb/host/xhci-msm-hsic.o
  CC      drivers/video/msm/mdss/mdss_mdp_intf_video.o
  CC      drivers/video/msm/mhl_v3/sii8620/platform.o
  LD      drivers/video/omap2/displays/built-in.o
  LD      drivers/video/omap2/built-in.o
  CC      drivers/video/msm/mhl_v3/sii8620/mhl_linux_tx.o
  CC      drivers/video/msm/mdss/mdss_mdp_intf_cmd.o
  LD      drivers/usb/host/xhci-hcd.o
  LD      drivers/usb/host/built-in.o
  CC      drivers/usb/notify/host_notify_class.o
  CC      drivers/video/msm/mdss/mdss_mdp_intf_writeback.o
  CC      drivers/video/msm/mdss/mdss_mdp_rotator.o
  CC      drivers/video/msm/mdss/mdss_mdp_overlay.o
  CC      drivers/usb/phy/phy.o
  CC      drivers/video/msm/mhl_v3/sii8620/mhl_rcp_inputdev.o
  CC      drivers/video/msm/mdss/mdss_mdp_splash_logo.o
  CC      drivers/usb/notify/external_notify.o
  CC      drivers/video/msm/mhl_v3/sii8620/mhl_rbp_inputdev.o
  CC      drivers/video/msm/mdss/mdss_mdp_wb.o
  CC      drivers/usb/notify/usb_notify.o
  CC      drivers/video/msm/mhl_v3/sii8620/mhl_supp.o
  CC      drivers/usb/phy/of.o
  CC      drivers/video/msm/mhl_v3/sii8620/si_8620_drv.o
  CC      drivers/video/msm/mhl_v3/sii8620/si_mhl2_edid_3d.o
  CC      drivers/video/msm/mdss/mdss_debug.o
  CC      drivers/usb/notify/usb_notify_sysfs.o
  CC      drivers/video/msm/mhl_v3/sii8620/si_mdt_inputdev.o
  CC      drivers/usb/phy/phy-msm-hsusb.o
  CC      drivers/video/msm/mdss/mdss_debug_xlog.o
  CC      drivers/video/msm/mhl_v3/sii8620/si_emsc_hid.o
  CC      drivers/usb/phy/phy-msm-ssusb.o
  LD      drivers/video/msm/mdss/mdss-dsi.o
  CC      drivers/video/msm/mdss/mdss_io_util.o
  CC      drivers/usb/notify/usb_notifier_qcom.o
  LD      drivers/usb/phy/built-in.o
  CC      drivers/video/msm/mhl_v3/sii8620/si_emsc_hid-mt.o
  CC      drivers/usb/serial/usb-serial.o
  LD      drivers/usb/notify/built-in.o
  CC      drivers/video/msm/mdss/mdss_hdmi_tx.o
  CC      drivers/video/msm/mhl_v3/sii8620/mhl_test_case.o
  LD      drivers/video/msm/mhl_v3/sii8620/built-in.o
  LD      drivers/video/msm/mhl_v3/built-in.o
  CC      drivers/usb/serial/generic.o
  CC      drivers/video/cfbfillrect.o
  CC      drivers/usb/serial/bus.o
  CC      drivers/video/msm/mdss/mdss_hdmi_util.o
  CC      drivers/usb/storage/alauda.o
  CC      drivers/usb/usb-common.o
  CC      drivers/video/msm/mdss/mdss_hdmi_edid.o
  CC      drivers/usb/storage/cypress_atacb.o
  CC      drivers/usb/serial/csvt.o
  CC      drivers/video/msm/mdss/mdss_hdmi_hdcp.o
  CC      drivers/usb/storage/datafab.o
  CC      drivers/usb/serial/pl2303.o
  CC      drivers/usb/storage/ene_ub6250.o
  LD      drivers/usb/serial/usbserial.o
  LD      drivers/usb/serial/built-in.o
  CC      drivers/video/msm/mdss/mdss_hdmi_cec.o
  CC      drivers/video/cfbcopyarea.o
  CC      drivers/usb/storage/freecom.o
  CC      drivers/video/cfbimgblt.o
  CC      drivers/video/msm/mdss/mdss_wb.o
  CC      drivers/usb/storage/isd200.o
  CC      drivers/video/msm/mdss/mdss_fb.o
  CC      drivers/usb/storage/jumpshot.o
  CC      drivers/video/msm/mdss/xlog_fence.o
  CC      drivers/usb/storage/karma.o
  CC      drivers/usb/storage/onetouch.o
  CC      drivers/video/msm/mdss/samsung/ss_dsi_panel_common.o
  CC      drivers/video/sysfillrect.o
  CC      drivers/usb/storage/sddr09.o
  CC      drivers/usb/storage/sddr55.o
  CC      drivers/video/syscopyarea.o
  CC      drivers/usb/storage/shuttle_usbat.o
  CC      drivers/usb/storage/scsiglue.o
  LD      drivers/video/msm/mdss/mdss-mdp.o
  CC      drivers/video/sysimgblt.o
  CC      drivers/video/msm/mdss/samsung/ss_dsi_mdnie_lite_common.o
  CC      drivers/video/msm/mdss/samsung/ss_dsi_smart_dimming_common.o
  CC      drivers/usb/storage/protocol.o
  CC      drivers/video/msm/mdss/samsung/S6E3HA2_AMS567DJ01/ss_dsi_panel_S6E3HA2_AMS567DJ01.o
  CC      drivers/video/msm/mdss/samsung/S6E3HA2_AMS567DJ01/ss_dsi_smart_dimming_S6E3HA2_AMS567DJ01.o
  CC      drivers/video/fb_sys_fops.o
  CC      drivers/usb/storage/transport.o
  CC      drivers/video/vfb.o
  LD      drivers/video/fb.o
  CC      drivers/usb/storage/usb.o
  LD      drivers/video/msm/mdss/samsung/S6E3HA2_AMS567DJ01/built-in.o
  LD      drivers/video/msm/mdss/samsung/built-in.o
  CC      drivers/usb/storage/initializers.o
  LD      drivers/video/msm/mdss/built-in.o
  LD      drivers/video/msm/built-in.o
  CC      drivers/usb/storage/sierra_ms.o
  CC      drivers/usb/storage/option_ms.o
  LD      drivers/video/built-in.o
  CC      drivers/usb/storage/usual-tables.o
  LD      drivers/usb/storage/usb-storage.o
  LD      drivers/usb/storage/ums-alauda.o
  LD      drivers/usb/storage/ums-cypress.o
  LD      drivers/usb/storage/ums-datafab.o
  LD      drivers/usb/storage/ums-eneub6250.o
  LD      drivers/usb/storage/ums-freecom.o
  LD      drivers/usb/storage/ums-isd200.o
  LD      drivers/usb/storage/ums-jumpshot.o
  LD      drivers/usb/storage/ums-karma.o
  LD      drivers/usb/storage/ums-onetouch.o
  LD      drivers/usb/storage/ums-sddr09.o
  LD      drivers/usb/storage/ums-sddr55.o
  LD      drivers/usb/storage/ums-usbat.o
  LD      drivers/usb/storage/built-in.o
  LD      drivers/usb/built-in.o
  LD      drivers/built-in.o
  LINK    vmlinux
  LD      vmlinux.o
  MODPOST vmlinux.o
  GEN     .version
  CHK     include/generated/compile.h
  UPD     include/generated/compile.h
  CC      init/version.o
  LD      init/built-in.o
  KSYM    .tmp_kallsyms1.o
  KSYM    .tmp_kallsyms2.o
  LD      vmlinux
  SORTEX  vmlinux
  SYSMAP  System.map
  FIPS : Generating hmac of crypto and updating vmlinux... 
HMAC-SHA256(builtime_bytes.bin)= 482f61d29569b5a7f16de9f165b33d789ec9a135460b9d7aff41cb6c24ae85b4
  OBJCOPY arch/arm/boot/Image
  Kernel: arch/arm/boot/Image is ready
  AS      arch/arm/boot/compressed/head.o
  LZO     arch/arm/boot/compressed/piggy.lzo
  CC      arch/arm/boot/compressed/misc.o
  CC      arch/arm/boot/compressed/decompress.o
  CC      arch/arm/boot/compressed/string.o
  SHIPPED arch/arm/boot/compressed/hyp-stub.S
  SHIPPED arch/arm/boot/compressed/lib1funcs.S
  SHIPPED arch/arm/boot/compressed/ashldi3.S
  AS      arch/arm/boot/compressed/hyp-stub.o
  AS      arch/arm/boot/compressed/lib1funcs.o
  AS      arch/arm/boot/compressed/ashldi3.o
  AS      arch/arm/boot/compressed/piggy.lzo.o
  LD      arch/arm/boot/compressed/vmlinux
  OBJCOPY arch/arm/boot/zImage
  Kernel: arch/arm/boot/zImage is ready
make[1]: Leaving directory `/builds/omni-5.1/kernel/samsung/trlteduoszh'
make  -C kernel/samsung/trlteduoszh O=/builds/out/target/product/trlteduoszh/obj/KERNEL_OBJ ARCH=arm CROSS_COMPILE="/builds/omni-5.1/prebuilts/misc/linux-x86/ccache/ccache arm-eabi-" dtbs
make[1]: Entering directory `/builds/omni-5.1/kernel/samsung/trlteduoszh'
  CC      scripts/mod/devicetable-offsets.s
  GEN     scripts/mod/devicetable-offsets.h
  HOSTCC  scripts/mod/file2alias.o
  HOSTLD  scripts/mod/modpost
  DTC     arch/arm/boot/dts/qcom/../apq8084-sec-trlte-chnduos-r00.dtb
  DTC     arch/arm/boot/dts/qcom/../apq8084-sec-trlte-chnduos-r02.dtb
  DTC     arch/arm/boot/dts/qcom/../apq8084-sec-trlte-chnduos-r04.dtb
  DTC     arch/arm/boot/dts/qcom/../apq8084-sec-trlte-chnduos-r06.dtb
  DTC     arch/arm/boot/dts/qcom/../apq8084-sec-trlte-chnduos-r07.dtb
  DTC     arch/arm/boot/dts/qcom/../apq8084-sec-trlte-chnduos-r08.dtb
  DTC     arch/arm/boot/dts/qcom/../apq8084-sec-trlte-chnduos-r09.dtb
  DTC     arch/arm/boot/dts/qcom/../apq8084-sec-trlte-chnduos-r10.dtb
  DTC     arch/arm/boot/dts/qcom/../apq8084-sec-trlte-chnduos-r12.dtb
  DTC     arch/arm/boot/dts/qcom/../apq8084-sec-trlte-chnduos-r13.dtb
  DTC     arch/arm/boot/dts/qcom/../apq8084-sec-trlte-chnduos-r14.dtb
make[1]: Leaving directory `/builds/omni-5.1/kernel/samsung/trlteduoszh'
make  -C kernel/samsung/trlteduoszh O=/builds/out/target/product/trlteduoszh/obj/KERNEL_OBJ ARCH=arm CROSS_COMPILE="/builds/omni-5.1/prebuilts/misc/linux-x86/ccache/ccache arm-eabi-" modules
make[1]: Entering directory `/builds/omni-5.1/kernel/samsung/trlteduoszh'
  GEN     /builds/out/target/product/trlteduoszh/obj/KERNEL_OBJ/Makefile
  CHK     include/generated/uapi/linux/version.h
  CHK     include/generated/utsrelease.h
/builds/omni-5.1/kernel/samsung/trlteduoszh/drivers/gpu/gpu_sysfs/Kbuild:29: **** Make sure target file is defined. Check the TARGET and GPU configs in Makefile and Kernel Config. Module won't work without target file. ****
  Using /builds/omni-5.1/kernel/samsung/trlteduoszh as source for kernel
  CC      scripts/mod/devicetable-offsets.s
  GEN     scripts/mod/devicetable-offsets.h
  HOSTCC  scripts/mod/file2alias.o
make[3]: `include/generated/mach-types.h' is up to date.
  CALL    /builds/omni-5.1/kernel/samsung/trlteduoszh/scripts/checksyscalls.sh
  HOSTLD  scripts/mod/modpost
  CC [M]  arch/arm/mach-msm/dma_test.o
  CC [M]  drivers/input/evbug.o
  CC [M]  drivers/misc/eeprom/eeprom_93cx6.o
  CC [M]  drivers/mmc/card/mmc_test.o
  CC [M]  drivers/media/platform/msm/broadcast/tspp.o
  CC [M]  drivers/media/platform/msm/dvb/adapter/mpq_adapter.o
  CC [M]  drivers/media/platform/msm/dvb/demux/mpq_dmx_plugin_common.o
  CC [M]  drivers/media/platform/msm/dvb/demux/mpq_sdmx.o
  CC [M]  drivers/media/platform/msm/dvb/demux/mpq_dmx_plugin_tspp_v1.o
  CC [M]  drivers/media/platform/msm/dvb/adapter/mpq_stream_buffer.o
  LD [M]  drivers/media/platform/msm/dvb/demux/mpq-dmx-hw-plugin.o
  LD [M]  drivers/media/platform/msm/dvb/adapter/mpq-adapter.o
  CC [M]  drivers/net/ethernet/atheros/atl1c/atl1c_main.o
  CC [M]  drivers/media/usb/gspca/gspca.o
  CC [M]  drivers/net/ethernet/atheros/atl1c/atl1c_hw.o
  CC [M]  drivers/net/ethernet/atheros/atl1c/atl1c_ethtool.o
  CC [M]  drivers/media/usb/gspca/autogain_functions.o
  LD [M]  drivers/net/ethernet/atheros/atl1c/atl1c.o
  LD [M]  drivers/media/usb/gspca/gspca_main.o
  CC [M]  drivers/net/ethernet/micrel/ks8851.o
  CC [M]  drivers/spi/spidev.o
  Building modules, stage 2.
  MODPOST 11 modules
  CC      arch/arm/mach-msm/dma_test.mod.o
  CC      drivers/input/evbug.mod.o
  CC      drivers/media/platform/msm/broadcast/tspp.mod.o
  CC      drivers/media/platform/msm/dvb/adapter/mpq-adapter.mod.o
  CC      drivers/media/platform/msm/dvb/demux/mpq-dmx-hw-plugin.mod.o
  CC      drivers/misc/eeprom/eeprom_93cx6.mod.o
  CC      drivers/media/usb/gspca/gspca_main.mod.o
  CC      drivers/mmc/card/mmc_test.mod.o
  CC      drivers/net/ethernet/atheros/atl1c/atl1c.mod.o
  CC      drivers/net/ethernet/micrel/ks8851.mod.o
  CC      drivers/spi/spidev.mod.o
  LD [M]  arch/arm/mach-msm/dma_test.ko
  LD [M]  drivers/input/evbug.ko
  LD [M]  drivers/media/platform/msm/broadcast/tspp.ko
  LD [M]  drivers/media/platform/msm/dvb/adapter/mpq-adapter.ko
  LD [M]  drivers/media/platform/msm/dvb/demux/mpq-dmx-hw-plugin.ko
  LD [M]  drivers/media/usb/gspca/gspca_main.ko
  LD [M]  drivers/mmc/card/mmc_test.ko
  LD [M]  drivers/misc/eeprom/eeprom_93cx6.ko
  LD [M]  drivers/net/ethernet/atheros/atl1c/atl1c.ko
  LD [M]  drivers/net/ethernet/micrel/ks8851.ko
  LD [M]  drivers/spi/spidev.ko
/builds/omni-5.1/kernel/samsung/trlteduoszh/scripts/Makefile.fwinst:45: target `/lib/firmware/ssp_at_tr.fw' given more than once in the same rule.
/builds/omni-5.1/kernel/samsung/trlteduoszh/scripts/Makefile.fwinst:45: target `/lib/firmware/ssp_at.fw' given more than once in the same rule.
make[1]: Leaving directory `/builds/omni-5.1/kernel/samsung/trlteduoszh'
make  -C kernel/samsung/trlteduoszh O=/builds/out/target/product/trlteduoszh/obj/KERNEL_OBJ INSTALL_MOD_PATH=../../system ARCH=arm CROSS_COMPILE="/builds/omni-5.1/prebuilts/misc/linux-x86/ccache/ccache arm-eabi-" modules_install
make[1]: Entering directory `/builds/omni-5.1/kernel/samsung/trlteduoszh'
  INSTALL arch/arm/mach-msm/dma_test.ko
  INSTALL drivers/input/evbug.ko
  INSTALL drivers/media/platform/msm/broadcast/tspp.ko
  INSTALL drivers/media/platform/msm/dvb/adapter/mpq-adapter.ko
  INSTALL drivers/media/platform/msm/dvb/demux/mpq-dmx-hw-plugin.ko
  INSTALL drivers/media/usb/gspca/gspca_main.ko
  INSTALL drivers/misc/eeprom/eeprom_93cx6.ko
  INSTALL drivers/mmc/card/mmc_test.ko
  INSTALL drivers/net/ethernet/atheros/atl1c/atl1c.ko
  INSTALL drivers/spi/spidev.ko
  INSTALL drivers/net/ethernet/micrel/ks8851.ko
/builds/omni-5.1/kernel/samsung/trlteduoszh/scripts/Makefile.fwinst:45: target `../../system/lib/firmware/ssp_at_tr.fw' given more than once in the same rule.
/builds/omni-5.1/kernel/samsung/trlteduoszh/scripts/Makefile.fwinst:45: target `../../system/lib/firmware/ssp_at.fw' given more than once in the same rule.
  DEPMOD  3.10.40
make[1]: Leaving directory `/builds/omni-5.1/kernel/samsung/trlteduoszh'
mdpath=`find /builds/out/target/product/trlteduoszh/system/lib/modules -type f -name modules.order`; if [ "$mdpath" != "" ];then mpath=`dirname $mdpath`; ko=`find $mpath/kernel -type f -name *.ko`; for i in $ko; do arm-eabi-strip --strip-unneeded $i; mv $i /builds/out/target/product/trlteduoszh/system/lib/modules/; done; fi
mdpath=`find /builds/out/target/product/trlteduoszh/system/lib/modules -type f -name modules.order`; if [ "$mdpath" != "" ];then mpath=`dirname $mdpath`; rm -rf $mpath; fi
mdpath=`find /builds/out/target/product/trlteduoszh/system/lib/modules -type f -name modules.order`; if [ "$mdpath" != "" ];then mpath=`dirname $mdpath`; ko=`find $mpath/kernel -type f -name *.ko`; for i in $ko; do arm-eabi-strip --strip-unneeded $i; mv $i /builds/out/target/product/trlteduoszh/system/lib/modules/; done; fi
mdpath=`find /builds/out/target/product/trlteduoszh/system/lib/modules -type f -name modules.order`; if [ "$mdpath" != "" ];then mpath=`dirname $mdpath`; rm -rf $mpath; fi
target [32mPrebuilt:[0m  (/builds/out/target/product/trlteduoszh/kernel)
Target boot image: /builds/out/target/product/trlteduoszh/boot.img
/builds/out/target/product/trlteduoszh/boot.img maxsize=20275200 blocksize=135168 total=13377536 reserve=270336
[36mMade boot image: /builds/out/target/product/trlteduoszh/boot.img[0m
[32m----- Making recovery filesystem ------[0m
[32mCopying baseline ramdisk...[0m
[32mModifying ramdisk contents...[0m
sed -i 's/ro.build.date.utc=.*/ro.build.date.utc=0/g' /builds/out/target/product/trlteduoszh/recovery/root/default.prop
sed -i 's/ro.adb.secure=1/ro.adb.secure=0/g' /builds/out/target/product/trlteduoszh/recovery/root/default.prop
[32m----- Made recovery filesystem -------- /builds/out/target/product/trlteduoszh/recovery/root[0m
[32m----- Making uncompressed recovery ramdisk ------[0m
/builds/omni-5.1/out/host/linux-x86/bin/mkbootfs /builds/out/target/product/trlteduoszh/recovery/root > /builds/out/target/product/trlteduoszh/ramdisk-recovery.cpio
[32m----- Making recovery ramdisk ------[0m
/builds/omni-5.1/out/host/linux-x86/bin/minigzip < /builds/out/target/product/trlteduoszh/ramdisk-recovery.cpio > /builds/out/target/product/trlteduoszh/ramdisk-recovery.img
[36m----- Making recovery image ------[0m
/builds/out/target/product/trlteduoszh/recovery.img maxsize=20275200 blocksize=135168 total=16642048 reserve=270336
[36mMade recovery image: /builds/out/target/product/trlteduoszh/recovery.img[0m

#### make completed successfully (02:41 (mm:ss)) ####


real	2m41.649s
user	4m47.518s
sys	1m34.485s
src: /builds/out/target/product/trlteduoszh/recovery.img
dst: /builds/twrp/twrp-3.0.2-0-trlteduoszh.img
cache image is /builds/omni-5.1/device/samsung/trlteduoszh/cache.img
creating odin tar for img: /builds/twrp/twrp-3.0.2-0-trlteduoszh.img


/builds/twrp/twrp-3.0.2-0-trlteduoszh.img.tar
cache image is /builds/omni-5.1/device/samsung/trlteduoszh/cache.img
